[0.888s] Invoking command in '/home/noah/mren_ws/src/trover_state_estimation': PYTHONPATH=/home/noah/mren_ws/build/trover_state_estimation/prefix_override:/usr/lib/python3/dist-packages/colcon_core/task/python/colcon_distutils_commands:/home/noah/mren_ws/install/trover_state_estimation/lib/python3.10/site-packages:${PYTHONPATH} /usr/bin/python3 -W ignore:setup.py install is deprecated -W ignore:easy_install command is deprecated setup.py egg_info --egg-base ../../build/trover_state_estimation build --build-base /home/noah/mren_ws/build/trover_state_estimation/build install --record /home/noah/mren_ws/build/trover_state_estimation/install.log --single-version-externally-managed install_data
[1.025s] running egg_info
[1.026s] writing ../../build/trover_state_estimation/trover_state_estimation.egg-info/PKG-INFO
[1.026s] writing dependency_links to ../../build/trover_state_estimation/trover_state_estimation.egg-info/dependency_links.txt
[1.026s] writing entry points to ../../build/trover_state_estimation/trover_state_estimation.egg-info/entry_points.txt
[1.026s] writing requirements to ../../build/trover_state_estimation/trover_state_estimation.egg-info/requires.txt
[1.026s] writing top-level names to ../../build/trover_state_estimation/trover_state_estimation.egg-info/top_level.txt
[1.027s] reading manifest file '../../build/trover_state_estimation/trover_state_estimation.egg-info/SOURCES.txt'
[1.033s] writing manifest file '../../build/trover_state_estimation/trover_state_estimation.egg-info/SOURCES.txt'
[1.033s] running build
[1.033s] running build_py
[1.033s] running install
[1.033s] running install_lib
[1.033s] running install_data
[1.033s] running install_egg_info
[1.034s] removing '/home/noah/mren_ws/install/trover_state_estimation/lib/python3.10/site-packages/trover_state_estimation-0.0.0-py3.10.egg-info' (and everything under it)
[1.035s] Copying ../../build/trover_state_estimation/trover_state_estimation.egg-info to /home/noah/mren_ws/install/trover_state_estimation/lib/python3.10/site-packages/trover_state_estimation-0.0.0-py3.10.egg-info
[1.035s] running install_scripts
[1.049s] writing list of installed files to '/home/noah/mren_ws/build/trover_state_estimation/install.log'
[1.074s] Invoked command in '/home/noah/mren_ws/src/trover_state_estimation' returned '0': PYTHONPATH=/home/noah/mren_ws/build/trover_state_estimation/prefix_override:/usr/lib/python3/dist-packages/colcon_core/task/python/colcon_distutils_commands:/home/noah/mren_ws/install/trover_state_estimation/lib/python3.10/site-packages:${PYTHONPATH} /usr/bin/python3 -W ignore:setup.py install is deprecated -W ignore:easy_install command is deprecated setup.py egg_info --egg-base ../../build/trover_state_estimation build --build-base /home/noah/mren_ws/build/trover_state_estimation/build install --record /home/noah/mren_ws/build/trover_state_estimation/install.log --single-version-externally-managed install_data
