[1.595s] Invoking command in '/home/elizabeth/MREN203_Trover/src/trover_communication': PYTHONPATH=/home/elizabeth/MREN203_Trover/build/trover_communication/prefix_override:/usr/lib/python3/dist-packages/colcon_core/task/python/colcon_distutils_commands:/home/elizabeth/MREN203_Trover/install/trover_communication/lib/python3.10/site-packages:${PYTHONPATH} /usr/bin/python3 -W ignore:setup.py install is deprecated -W ignore:easy_install command is deprecated setup.py egg_info --egg-base ../../build/trover_communication build --build-base /home/elizabeth/MREN203_Trover/build/trover_communication/build install --record /home/elizabeth/MREN203_Trover/build/trover_communication/install.log --single-version-externally-managed install_data
[2.311s] running egg_info
[2.313s] writing ../../build/trover_communication/trover_communication.egg-info/PKG-INFO
[2.316s] writing dependency_links to ../../build/trover_communication/trover_communication.egg-info/dependency_links.txt
[2.319s] writing entry points to ../../build/trover_communication/trover_communication.egg-info/entry_points.txt
[2.326s] writing requirements to ../../build/trover_communication/trover_communication.egg-info/requires.txt
[2.326s] writing top-level names to ../../build/trover_communication/trover_communication.egg-info/top_level.txt
[2.333s] reading manifest file '../../build/trover_communication/trover_communication.egg-info/SOURCES.txt'
[2.338s] writing manifest file '../../build/trover_communication/trover_communication.egg-info/SOURCES.txt'
[2.340s] running build
[2.340s] running build_py
[2.341s] running install
[2.344s] running install_lib
[2.345s] running install_data
[2.345s] running install_egg_info
[2.354s] removing '/home/elizabeth/MREN203_Trover/install/trover_communication/lib/python3.10/site-packages/trover_communication-0.0.0-py3.10.egg-info' (and everything under it)
[2.356s] Copying ../../build/trover_communication/trover_communication.egg-info to /home/elizabeth/MREN203_Trover/install/trover_communication/lib/python3.10/site-packages/trover_communication-0.0.0-py3.10.egg-info
[2.381s] running install_scripts
[2.527s] Installing trover_serial_comm script to /home/elizabeth/MREN203_Trover/install/trover_communication/lib/trover_communication
[2.538s] writing list of installed files to '/home/elizabeth/MREN203_Trover/build/trover_communication/install.log'
[2.615s] Invoked command in '/home/elizabeth/MREN203_Trover/src/trover_communication' returned '0': PYTHONPATH=/home/elizabeth/MREN203_Trover/build/trover_communication/prefix_override:/usr/lib/python3/dist-packages/colcon_core/task/python/colcon_distutils_commands:/home/elizabeth/MREN203_Trover/install/trover_communication/lib/python3.10/site-packages:${PYTHONPATH} /usr/bin/python3 -W ignore:setup.py install is deprecated -W ignore:easy_install command is deprecated setup.py egg_info --egg-base ../../build/trover_communication build --build-base /home/elizabeth/MREN203_Trover/build/trover_communication/build install --record /home/elizabeth/MREN203_Trover/build/trover_communication/install.log --single-version-externally-managed install_data
