[2.558s] Invoking command in '/home/elizabeth/MREN203_Trover/src/trover_navigation': PYTHONPATH=/home/elizabeth/MREN203_Trover/build/trover_navigation/prefix_override:/usr/lib/python3/dist-packages/colcon_core/task/python/colcon_distutils_commands:/home/elizabeth/MREN203_Trover/install/trover_navigation/lib/python3.10/site-packages:${PYTHONPATH} /usr/bin/python3 -W ignore:setup.py install is deprecated -W ignore:easy_install command is deprecated setup.py egg_info --egg-base ../../build/trover_navigation build --build-base /home/elizabeth/MREN203_Trover/build/trover_navigation/build install --record /home/elizabeth/MREN203_Trover/build/trover_navigation/install.log --single-version-externally-managed install_data
[3.048s] running egg_info
[3.052s] writing ../../build/trover_navigation/trover_navigation.egg-info/PKG-INFO
[3.089s] writing dependency_links to ../../build/trover_navigation/trover_navigation.egg-info/dependency_links.txt
[3.091s] writing entry points to ../../build/trover_navigation/trover_navigation.egg-info/entry_points.txt
[3.094s] writing requirements to ../../build/trover_navigation/trover_navigation.egg-info/requires.txt
[3.111s] writing top-level names to ../../build/trover_navigation/trover_navigation.egg-info/top_level.txt
[3.121s] reading manifest file '../../build/trover_navigation/trover_navigation.egg-info/SOURCES.txt'
[3.166s] writing manifest file '../../build/trover_navigation/trover_navigation.egg-info/SOURCES.txt'
[3.191s] running build
[3.195s] running build_py
[3.196s] running install
[3.203s] running install_lib
[3.245s] running install_data
[3.253s] copying behavior_tree/simple_navigation.xml -> /home/elizabeth/MREN203_Trover/install/trover_navigation/share/trover_navigation/behavior_tree
[3.254s] running install_egg_info
[3.266s] removing '/home/elizabeth/MREN203_Trover/install/trover_navigation/lib/python3.10/site-packages/trover_navigation-0.0.0-py3.10.egg-info' (and everything under it)
[3.269s] Copying ../../build/trover_navigation/trover_navigation.egg-info to /home/elizabeth/MREN203_Trover/install/trover_navigation/lib/python3.10/site-packages/trover_navigation-0.0.0-py3.10.egg-info
[3.292s] running install_scripts
[3.340s] writing list of installed files to '/home/elizabeth/MREN203_Trover/build/trover_navigation/install.log'
[3.457s] Invoked command in '/home/elizabeth/MREN203_Trover/src/trover_navigation' returned '0': PYTHONPATH=/home/elizabeth/MREN203_Trover/build/trover_navigation/prefix_override:/usr/lib/python3/dist-packages/colcon_core/task/python/colcon_distutils_commands:/home/elizabeth/MREN203_Trover/install/trover_navigation/lib/python3.10/site-packages:${PYTHONPATH} /usr/bin/python3 -W ignore:setup.py install is deprecated -W ignore:easy_install command is deprecated setup.py egg_info --egg-base ../../build/trover_navigation build --build-base /home/elizabeth/MREN203_Trover/build/trover_navigation/build install --record /home/elizabeth/MREN203_Trover/build/trover_navigation/install.log --single-version-externally-managed install_data
