[1.505s] Invoking command in '/home/elizabeth/MREN203_Trover/src/trover_navigation': PYTHONPATH=/home/elizabeth/MREN203_Trover/build/trover_navigation/prefix_override:/usr/lib/python3/dist-packages/colcon_core/task/python/colcon_distutils_commands:/home/elizabeth/MREN203_Trover/install/trover_navigation/lib/python3.10/site-packages:${PYTHONPATH} /usr/bin/python3 -W ignore:setup.py install is deprecated -W ignore:easy_install command is deprecated setup.py egg_info --egg-base ../../build/trover_navigation build --build-base /home/elizabeth/MREN203_Trover/build/trover_navigation/build install --record /home/elizabeth/MREN203_Trover/build/trover_navigation/install.log --single-version-externally-managed install_data
[1.843s] running egg_info
[1.862s] writing ../../build/trover_navigation/trover_navigation.egg-info/PKG-INFO
[1.867s] writing dependency_links to ../../build/trover_navigation/trover_navigation.egg-info/dependency_links.txt
[1.867s] writing entry points to ../../build/trover_navigation/trover_navigation.egg-info/entry_points.txt
[1.867s] writing requirements to ../../build/trover_navigation/trover_navigation.egg-info/requires.txt
[1.867s] writing top-level names to ../../build/trover_navigation/trover_navigation.egg-info/top_level.txt
[1.867s] reading manifest file '../../build/trover_navigation/trover_navigation.egg-info/SOURCES.txt'
[1.867s] writing manifest file '../../build/trover_navigation/trover_navigation.egg-info/SOURCES.txt'
[1.867s] running build
[1.867s] running build_py
[1.867s] running install
[1.871s] running install_lib
[1.871s] running install_data
[1.872s] running install_egg_info
[1.876s] removing '/home/elizabeth/MREN203_Trover/install/trover_navigation/lib/python3.10/site-packages/trover_navigation-0.0.0-py3.10.egg-info' (and everything under it)
[1.877s] Copying ../../build/trover_navigation/trover_navigation.egg-info to /home/elizabeth/MREN203_Trover/install/trover_navigation/lib/python3.10/site-packages/trover_navigation-0.0.0-py3.10.egg-info
[1.896s] running install_scripts
[1.932s] writing list of installed files to '/home/elizabeth/MREN203_Trover/build/trover_navigation/install.log'
[2.023s] Invoked command in '/home/elizabeth/MREN203_Trover/src/trover_navigation' returned '0': PYTHONPATH=/home/elizabeth/MREN203_Trover/build/trover_navigation/prefix_override:/usr/lib/python3/dist-packages/colcon_core/task/python/colcon_distutils_commands:/home/elizabeth/MREN203_Trover/install/trover_navigation/lib/python3.10/site-packages:${PYTHONPATH} /usr/bin/python3 -W ignore:setup.py install is deprecated -W ignore:easy_install command is deprecated setup.py egg_info --egg-base ../../build/trover_navigation build --build-base /home/elizabeth/MREN203_Trover/build/trover_navigation/build install --record /home/elizabeth/MREN203_Trover/build/trover_navigation/install.log --single-version-externally-managed install_data
