[1.790s] Invoking command in '/home/elizabeth/MREN203_Trover/src/trover_communication': PYTHONPATH=/home/elizabeth/MREN203_Trover/build/trover_communication/prefix_override:/usr/lib/python3/dist-packages/colcon_core/task/python/colcon_distutils_commands:/home/elizabeth/MREN203_Trover/install/trover_communication/lib/python3.10/site-packages:${PYTHONPATH} /usr/bin/python3 -W ignore:setup.py install is deprecated -W ignore:easy_install command is deprecated setup.py egg_info --egg-base ../../build/trover_communication build --build-base /home/elizabeth/MREN203_Trover/build/trover_communication/build install --record /home/elizabeth/MREN203_Trover/build/trover_communication/install.log --single-version-externally-managed install_data
[1.845s] running egg_info
[1.851s] creating ../../build/trover_communication/trover_communication.egg-info
[1.852s] writing ../../build/trover_communication/trover_communication.egg-info/PKG-INFO
[1.853s] writing dependency_links to ../../build/trover_communication/trover_communication.egg-info/dependency_links.txt
[1.855s] writing entry points to ../../build/trover_communication/trover_communication.egg-info/entry_points.txt
[1.856s] writing requirements to ../../build/trover_communication/trover_communication.egg-info/requires.txt
[1.857s] writing top-level names to ../../build/trover_communication/trover_communication.egg-info/top_level.txt
[1.858s] writing manifest file '../../build/trover_communication/trover_communication.egg-info/SOURCES.txt'
[1.861s] reading manifest file '../../build/trover_communication/trover_communication.egg-info/SOURCES.txt'
[1.863s] writing manifest file '../../build/trover_communication/trover_communication.egg-info/SOURCES.txt'
[1.865s] running build
[1.868s] running build_py
[1.869s] creating /home/elizabeth/MREN203_Trover/build/trover_communication/build
[1.869s] creating /home/elizabeth/MREN203_Trover/build/trover_communication/build/lib
[1.870s] creating /home/elizabeth/MREN203_Trover/build/trover_communication/build/lib/trover_communication
[1.871s] copying trover_communication/trover_serial_comm.py -> /home/elizabeth/MREN203_Trover/build/trover_communication/build/lib/trover_communication
[1.871s] copying trover_communication/__init__.py -> /home/elizabeth/MREN203_Trover/build/trover_communication/build/lib/trover_communication
[1.873s] running install
[1.873s] running install_lib
[1.875s] creating /home/elizabeth/MREN203_Trover/install/trover_communication/lib/python3.10/site-packages/trover_communication
[1.877s] copying /home/elizabeth/MREN203_Trover/build/trover_communication/build/lib/trover_communication/trover_serial_comm.py -> /home/elizabeth/MREN203_Trover/install/trover_communication/lib/python3.10/site-packages/trover_communication
[1.879s] copying /home/elizabeth/MREN203_Trover/build/trover_communication/build/lib/trover_communication/__init__.py -> /home/elizabeth/MREN203_Trover/install/trover_communication/lib/python3.10/site-packages/trover_communication
[1.879s] byte-compiling /home/elizabeth/MREN203_Trover/install/trover_communication/lib/python3.10/site-packages/trover_communication/trover_serial_comm.py to trover_serial_comm.cpython-310.pyc
[1.882s] byte-compiling /home/elizabeth/MREN203_Trover/install/trover_communication/lib/python3.10/site-packages/trover_communication/__init__.py to __init__.cpython-310.pyc
[1.883s] running install_data
[1.884s] creating /home/elizabeth/MREN203_Trover/install/trover_communication/share/ament_index
[1.884s] creating /home/elizabeth/MREN203_Trover/install/trover_communication/share/ament_index/resource_index
[1.885s] creating /home/elizabeth/MREN203_Trover/install/trover_communication/share/ament_index/resource_index/packages
[1.885s] copying resource/trover_communication -> /home/elizabeth/MREN203_Trover/install/trover_communication/share/ament_index/resource_index/packages
[1.885s] copying package.xml -> /home/elizabeth/MREN203_Trover/install/trover_communication/share/trover_communication
[1.886s] running install_egg_info
[1.893s] Copying ../../build/trover_communication/trover_communication.egg-info to /home/elizabeth/MREN203_Trover/install/trover_communication/lib/python3.10/site-packages/trover_communication-0.0.0-py3.10.egg-info
[1.896s] running install_scripts
[1.981s] writing list of installed files to '/home/elizabeth/MREN203_Trover/build/trover_communication/install.log'
[2.074s] Invoked command in '/home/elizabeth/MREN203_Trover/src/trover_communication' returned '0': PYTHONPATH=/home/elizabeth/MREN203_Trover/build/trover_communication/prefix_override:/usr/lib/python3/dist-packages/colcon_core/task/python/colcon_distutils_commands:/home/elizabeth/MREN203_Trover/install/trover_communication/lib/python3.10/site-packages:${PYTHONPATH} /usr/bin/python3 -W ignore:setup.py install is deprecated -W ignore:easy_install command is deprecated setup.py egg_info --egg-base ../../build/trover_communication build --build-base /home/elizabeth/MREN203_Trover/build/trover_communication/build install --record /home/elizabeth/MREN203_Trover/build/trover_communication/install.log --single-version-externally-managed install_data
