[0.899s] Invoking command in '/home/noah/mren_ws/src/trover_navigation': PYTHONPATH=/home/noah/mren_ws/build/trover_navigation/prefix_override:/usr/lib/python3/dist-packages/colcon_core/task/python/colcon_distutils_commands:/home/noah/mren_ws/install/trover_navigation/lib/python3.10/site-packages:${PYTHONPATH} /usr/bin/python3 -W ignore:setup.py install is deprecated -W ignore:easy_install command is deprecated setup.py egg_info --egg-base ../../build/trover_navigation build --build-base /home/noah/mren_ws/build/trover_navigation/build install --record /home/noah/mren_ws/build/trover_navigation/install.log --single-version-externally-managed install_data
[1.035s] running egg_info
[1.035s] writing ../../build/trover_navigation/trover_navigation.egg-info/PKG-INFO
[1.035s] writing dependency_links to ../../build/trover_navigation/trover_navigation.egg-info/dependency_links.txt
[1.035s] writing entry points to ../../build/trover_navigation/trover_navigation.egg-info/entry_points.txt
[1.035s] writing requirements to ../../build/trover_navigation/trover_navigation.egg-info/requires.txt
[1.036s] writing top-level names to ../../build/trover_navigation/trover_navigation.egg-info/top_level.txt
[1.038s] reading manifest file '../../build/trover_navigation/trover_navigation.egg-info/SOURCES.txt'
[1.039s] writing manifest file '../../build/trover_navigation/trover_navigation.egg-info/SOURCES.txt'
[1.039s] running build
[1.039s] running build_py
[1.039s] running install
[1.039s] running install_lib
[1.040s] running install_data
[1.040s] running install_egg_info
[1.040s] removing '/home/noah/mren_ws/install/trover_navigation/lib/python3.10/site-packages/trover_navigation-0.0.0-py3.10.egg-info' (and everything under it)
[1.040s] Copying ../../build/trover_navigation/trover_navigation.egg-info to /home/noah/mren_ws/install/trover_navigation/lib/python3.10/site-packages/trover_navigation-0.0.0-py3.10.egg-info
[1.040s] running install_scripts
[1.051s] writing list of installed files to '/home/noah/mren_ws/build/trover_navigation/install.log'
[1.075s] Invoked command in '/home/noah/mren_ws/src/trover_navigation' returned '0': PYTHONPATH=/home/noah/mren_ws/build/trover_navigation/prefix_override:/usr/lib/python3/dist-packages/colcon_core/task/python/colcon_distutils_commands:/home/noah/mren_ws/install/trover_navigation/lib/python3.10/site-packages:${PYTHONPATH} /usr/bin/python3 -W ignore:setup.py install is deprecated -W ignore:easy_install command is deprecated setup.py egg_info --egg-base ../../build/trover_navigation build --build-base /home/noah/mren_ws/build/trover_navigation/build install --record /home/noah/mren_ws/build/trover_navigation/install.log --single-version-externally-managed install_data
