[2.038s] Invoking command in '/home/elizabeth/MREN203_Trover/src/trover_slam': PYTHONPATH=/home/elizabeth/MREN203_Trover/build/trover_slam/prefix_override:/usr/lib/python3/dist-packages/colcon_core/task/python/colcon_distutils_commands:/home/elizabeth/MREN203_Trover/install/trover_slam/lib/python3.10/site-packages:${PYTHONPATH} /usr/bin/python3 -W ignore:setup.py install is deprecated -W ignore:easy_install command is deprecated setup.py egg_info --egg-base ../../build/trover_slam build --build-base /home/elizabeth/MREN203_Trover/build/trover_slam/build install --record /home/elizabeth/MREN203_Trover/build/trover_slam/install.log --single-version-externally-managed install_data
[2.748s] running egg_info
[2.752s] creating ../../build/trover_slam/trover_slam.egg-info
[2.752s] writing ../../build/trover_slam/trover_slam.egg-info/PKG-INFO
[2.752s] writing dependency_links to ../../build/trover_slam/trover_slam.egg-info/dependency_links.txt
[2.752s] writing entry points to ../../build/trover_slam/trover_slam.egg-info/entry_points.txt
[2.752s] writing requirements to ../../build/trover_slam/trover_slam.egg-info/requires.txt
[2.753s] writing top-level names to ../../build/trover_slam/trover_slam.egg-info/top_level.txt
[2.753s] writing manifest file '../../build/trover_slam/trover_slam.egg-info/SOURCES.txt'
[2.759s] reading manifest file '../../build/trover_slam/trover_slam.egg-info/SOURCES.txt'
[2.762s] writing manifest file '../../build/trover_slam/trover_slam.egg-info/SOURCES.txt'
[2.762s] running build
[2.762s] running build_py
[2.762s] creating /home/elizabeth/MREN203_Trover/build/trover_slam/build
[2.762s] creating /home/elizabeth/MREN203_Trover/build/trover_slam/build/lib
[2.763s] creating /home/elizabeth/MREN203_Trover/build/trover_slam/build/lib/trover_slam
[2.763s] copying trover_slam/__init__.py -> /home/elizabeth/MREN203_Trover/build/trover_slam/build/lib/trover_slam
[2.764s] running install
[2.765s] running install_lib
[2.770s] creating /home/elizabeth/MREN203_Trover/install/trover_slam/lib/python3.10/site-packages/trover_slam
[2.771s] copying /home/elizabeth/MREN203_Trover/build/trover_slam/build/lib/trover_slam/__init__.py -> /home/elizabeth/MREN203_Trover/install/trover_slam/lib/python3.10/site-packages/trover_slam
[2.771s] byte-compiling /home/elizabeth/MREN203_Trover/install/trover_slam/lib/python3.10/site-packages/trover_slam/__init__.py to __init__.cpython-310.pyc
[2.772s] running install_data
[2.774s] creating /home/elizabeth/MREN203_Trover/install/trover_slam/share/ament_index
[2.775s] creating /home/elizabeth/MREN203_Trover/install/trover_slam/share/ament_index/resource_index
[2.775s] creating /home/elizabeth/MREN203_Trover/install/trover_slam/share/ament_index/resource_index/packages
[2.775s] copying resource/trover_slam -> /home/elizabeth/MREN203_Trover/install/trover_slam/share/ament_index/resource_index/packages
[2.775s] copying package.xml -> /home/elizabeth/MREN203_Trover/install/trover_slam/share/trover_slam
[2.775s] creating /home/elizabeth/MREN203_Trover/install/trover_slam/share/trover_slam/launch
[2.775s] copying launch/slam.launch.py -> /home/elizabeth/MREN203_Trover/install/trover_slam/share/trover_slam/launch
[2.778s] creating /home/elizabeth/MREN203_Trover/install/trover_slam/share/trover_slam/config
[2.779s] copying config/slam_toolbox.yaml -> /home/elizabeth/MREN203_Trover/install/trover_slam/share/trover_slam/config
[2.786s] running install_egg_info
[2.794s] Copying ../../build/trover_slam/trover_slam.egg-info to /home/elizabeth/MREN203_Trover/install/trover_slam/lib/python3.10/site-packages/trover_slam-0.0.0-py3.10.egg-info
[2.801s] running install_scripts
[2.887s] writing list of installed files to '/home/elizabeth/MREN203_Trover/build/trover_slam/install.log'
[2.974s] Invoked command in '/home/elizabeth/MREN203_Trover/src/trover_slam' returned '0': PYTHONPATH=/home/elizabeth/MREN203_Trover/build/trover_slam/prefix_override:/usr/lib/python3/dist-packages/colcon_core/task/python/colcon_distutils_commands:/home/elizabeth/MREN203_Trover/install/trover_slam/lib/python3.10/site-packages:${PYTHONPATH} /usr/bin/python3 -W ignore:setup.py install is deprecated -W ignore:easy_install command is deprecated setup.py egg_info --egg-base ../../build/trover_slam build --build-base /home/elizabeth/MREN203_Trover/build/trover_slam/build install --record /home/elizabeth/MREN203_Trover/build/trover_slam/install.log --single-version-externally-managed install_data
