[1.536s] Invoking command in '/home/elizabeth/MREN203_Trover/src/trover_slam': PYTHONPATH=/home/elizabeth/MREN203_Trover/build/trover_slam/prefix_override:/usr/lib/python3/dist-packages/colcon_core/task/python/colcon_distutils_commands:/home/elizabeth/MREN203_Trover/install/trover_slam/lib/python3.10/site-packages:${PYTHONPATH} /usr/bin/python3 -W ignore:setup.py install is deprecated -W ignore:easy_install command is deprecated setup.py egg_info --egg-base ../../build/trover_slam build --build-base /home/elizabeth/MREN203_Trover/build/trover_slam/build install --record /home/elizabeth/MREN203_Trover/build/trover_slam/install.log --single-version-externally-managed install_data
[1.834s] running egg_info
[1.849s] writing ../../build/trover_slam/trover_slam.egg-info/PKG-INFO
[1.850s] writing dependency_links to ../../build/trover_slam/trover_slam.egg-info/dependency_links.txt
[1.875s] writing entry points to ../../build/trover_slam/trover_slam.egg-info/entry_points.txt
[1.876s] writing requirements to ../../build/trover_slam/trover_slam.egg-info/requires.txt
[1.876s] writing top-level names to ../../build/trover_slam/trover_slam.egg-info/top_level.txt
[1.876s] reading manifest file '../../build/trover_slam/trover_slam.egg-info/SOURCES.txt'
[1.883s] writing manifest file '../../build/trover_slam/trover_slam.egg-info/SOURCES.txt'
[1.884s] running build
[1.884s] running build_py
[1.890s] running install
[1.913s] running install_lib
[1.922s] running install_data
[1.922s] running install_egg_info
[1.922s] removing '/home/elizabeth/MREN203_Trover/install/trover_slam/lib/python3.10/site-packages/trover_slam-0.0.0-py3.10.egg-info' (and everything under it)
[1.933s] Copying ../../build/trover_slam/trover_slam.egg-info to /home/elizabeth/MREN203_Trover/install/trover_slam/lib/python3.10/site-packages/trover_slam-0.0.0-py3.10.egg-info
[1.978s] running install_scripts
[1.982s] writing list of installed files to '/home/elizabeth/MREN203_Trover/build/trover_slam/install.log'
[2.060s] Invoked command in '/home/elizabeth/MREN203_Trover/src/trover_slam' returned '0': PYTHONPATH=/home/elizabeth/MREN203_Trover/build/trover_slam/prefix_override:/usr/lib/python3/dist-packages/colcon_core/task/python/colcon_distutils_commands:/home/elizabeth/MREN203_Trover/install/trover_slam/lib/python3.10/site-packages:${PYTHONPATH} /usr/bin/python3 -W ignore:setup.py install is deprecated -W ignore:easy_install command is deprecated setup.py egg_info --egg-base ../../build/trover_slam build --build-base /home/elizabeth/MREN203_Trover/build/trover_slam/build install --record /home/elizabeth/MREN203_Trover/build/trover_slam/install.log --single-version-externally-managed install_data
