running egg_info
creating ../../build/trover_navigation/trover_navigation.egg-info
writing ../../build/trover_navigation/trover_navigation.egg-info/PKG-INFO
writing dependency_links to ../../build/trover_navigation/trover_navigation.egg-info/dependency_links.txt
writing entry points to ../../build/trover_navigation/trover_navigation.egg-info/entry_points.txt
writing requirements to ../../build/trover_navigation/trover_navigation.egg-info/requires.txt
writing top-level names to ../../build/trover_navigation/trover_navigation.egg-info/top_level.txt
writing manifest file '../../build/trover_navigation/trover_navigation.egg-info/SOURCES.txt'
reading manifest file '../../build/trover_navigation/trover_navigation.egg-info/SOURCES.txt'
writing manifest file '../../build/trover_navigation/trover_navigation.egg-info/SOURCES.txt'
running build
running build_py
creating /home/elizabeth/MREN203_Trover/build/trover_navigation/build
creating /home/elizabeth/MREN203_Trover/build/trover_navigation/build/lib
creating /home/elizabeth/MREN203_Trover/build/trover_navigation/build/lib/trover_navigation
copying trover_navigation/nav2_action_proxy.py -> /home/elizabeth/MREN203_Trover/build/trover_navigation/build/lib/trover_navigation
copying trover_navigation/__init__.py -> /home/elizabeth/MREN203_Trover/build/trover_navigation/build/lib/trover_navigation
running install
running install_lib
creating /home/elizabeth/MREN203_Trover/install/trover_navigation/lib/python3.10/site-packages/trover_navigation
copying /home/elizabeth/MREN203_Trover/build/trover_navigation/build/lib/trover_navigation/nav2_action_proxy.py -> /home/elizabeth/MREN203_Trover/install/trover_navigation/lib/python3.10/site-packages/trover_navigation
copying /home/elizabeth/MREN203_Trover/build/trover_navigation/build/lib/trover_navigation/__init__.py -> /home/elizabeth/MREN203_Trover/install/trover_navigation/lib/python3.10/site-packages/trover_navigation
byte-compiling /home/elizabeth/MREN203_Trover/install/trover_navigation/lib/python3.10/site-packages/trover_navigation/nav2_action_proxy.py to nav2_action_proxy.cpython-310.pyc
byte-compiling /home/elizabeth/MREN203_Trover/install/trover_navigation/lib/python3.10/site-packages/trover_navigation/__init__.py to __init__.cpython-310.pyc
running install_data
creating /home/elizabeth/MREN203_Trover/install/trover_navigation/share/ament_index
creating /home/elizabeth/MREN203_Trover/install/trover_navigation/share/ament_index/resource_index
creating /home/elizabeth/MREN203_Trover/install/trover_navigation/share/ament_index/resource_index/packages
copying resource/trover_navigation -> /home/elizabeth/MREN203_Trover/install/trover_navigation/share/ament_index/resource_index/packages
copying package.xml -> /home/elizabeth/MREN203_Trover/install/trover_navigation/share/trover_navigation
creating /home/elizabeth/MREN203_Trover/install/trover_navigation/share/trover_navigation/launch
copying launch/navigation.launch.py -> /home/elizabeth/MREN203_Trover/install/trover_navigation/share/trover_navigation/launch
creating /home/elizabeth/MREN203_Trover/install/trover_navigation/share/trover_navigation/config
copying config/behavior_server.yaml -> /home/elizabeth/MREN203_Trover/install/trover_navigation/share/trover_navigation/config
copying config/controller_server.yaml -> /home/elizabeth/MREN203_Trover/install/trover_navigation/share/trover_navigation/config
copying config/planner_server.yaml -> /home/elizabeth/MREN203_Trover/install/trover_navigation/share/trover_navigation/config
copying config/bt_navigator.yaml -> /home/elizabeth/MREN203_Trover/install/trover_navigation/share/trover_navigation/config
copying config/smoother_server.yaml -> /home/elizabeth/MREN203_Trover/install/trover_navigation/share/trover_navigation/config
creating /home/elizabeth/MREN203_Trover/install/trover_navigation/share/trover_navigation/behavior_tree
copying behavior_tree/simple_navigation.xml -> /home/elizabeth/MREN203_Trover/install/trover_navigation/share/trover_navigation/behavior_tree
running install_egg_info
Copying ../../build/trover_navigation/trover_navigation.egg-info to /home/elizabeth/MREN203_Trover/install/trover_navigation/lib/python3.10/site-packages/trover_navigation-0.0.0-py3.10.egg-info
running install_scripts
writing list of installed files to '/home/elizabeth/MREN203_Trover/build/trover_navigation/install.log'
