[1.929s] Invoking command in '/home/elizabeth/MREN203_Trover/src/trover_navigation': PYTHONPATH=/home/elizabeth/MREN203_Trover/build/trover_navigation/prefix_override:/usr/lib/python3/dist-packages/colcon_core/task/python/colcon_distutils_commands:/home/elizabeth/MREN203_Trover/install/trover_navigation/lib/python3.10/site-packages:${PYTHONPATH} /usr/bin/python3 -W ignore:setup.py install is deprecated -W ignore:easy_install command is deprecated setup.py egg_info --egg-base ../../build/trover_navigation build --build-base /home/elizabeth/MREN203_Trover/build/trover_navigation/build install --record /home/elizabeth/MREN203_Trover/build/trover_navigation/install.log --single-version-externally-managed install_data
[2.438s] running egg_info
[2.452s] creating ../../build/trover_navigation/trover_navigation.egg-info
[2.452s] writing ../../build/trover_navigation/trover_navigation.egg-info/PKG-INFO
[2.452s] writing dependency_links to ../../build/trover_navigation/trover_navigation.egg-info/dependency_links.txt
[2.452s] writing entry points to ../../build/trover_navigation/trover_navigation.egg-info/entry_points.txt
[2.452s] writing requirements to ../../build/trover_navigation/trover_navigation.egg-info/requires.txt
[2.452s] writing top-level names to ../../build/trover_navigation/trover_navigation.egg-info/top_level.txt
[2.452s] writing manifest file '../../build/trover_navigation/trover_navigation.egg-info/SOURCES.txt'
[2.452s] reading manifest file '../../build/trover_navigation/trover_navigation.egg-info/SOURCES.txt'
[2.452s] writing manifest file '../../build/trover_navigation/trover_navigation.egg-info/SOURCES.txt'
[2.453s] running build
[2.453s] running build_py
[2.453s] creating /home/elizabeth/MREN203_Trover/build/trover_navigation/build
[2.453s] creating /home/elizabeth/MREN203_Trover/build/trover_navigation/build/lib
[2.453s] creating /home/elizabeth/MREN203_Trover/build/trover_navigation/build/lib/trover_navigation
[2.453s] copying trover_navigation/nav2_action_proxy.py -> /home/elizabeth/MREN203_Trover/build/trover_navigation/build/lib/trover_navigation
[2.453s] copying trover_navigation/__init__.py -> /home/elizabeth/MREN203_Trover/build/trover_navigation/build/lib/trover_navigation
[2.453s] running install
[2.454s] running install_lib
[2.456s] creating /home/elizabeth/MREN203_Trover/install/trover_navigation/lib/python3.10/site-packages/trover_navigation
[2.456s] copying /home/elizabeth/MREN203_Trover/build/trover_navigation/build/lib/trover_navigation/nav2_action_proxy.py -> /home/elizabeth/MREN203_Trover/install/trover_navigation/lib/python3.10/site-packages/trover_navigation
[2.458s] copying /home/elizabeth/MREN203_Trover/build/trover_navigation/build/lib/trover_navigation/__init__.py -> /home/elizabeth/MREN203_Trover/install/trover_navigation/lib/python3.10/site-packages/trover_navigation
[2.460s] byte-compiling /home/elizabeth/MREN203_Trover/install/trover_navigation/lib/python3.10/site-packages/trover_navigation/nav2_action_proxy.py to nav2_action_proxy.cpython-310.pyc
[2.465s] byte-compiling /home/elizabeth/MREN203_Trover/install/trover_navigation/lib/python3.10/site-packages/trover_navigation/__init__.py to __init__.cpython-310.pyc
[2.465s] running install_data
[2.465s] creating /home/elizabeth/MREN203_Trover/install/trover_navigation/share/ament_index
[2.465s] creating /home/elizabeth/MREN203_Trover/install/trover_navigation/share/ament_index/resource_index
[2.465s] creating /home/elizabeth/MREN203_Trover/install/trover_navigation/share/ament_index/resource_index/packages
[2.465s] copying resource/trover_navigation -> /home/elizabeth/MREN203_Trover/install/trover_navigation/share/ament_index/resource_index/packages
[2.466s] copying package.xml -> /home/elizabeth/MREN203_Trover/install/trover_navigation/share/trover_navigation
[2.466s] creating /home/elizabeth/MREN203_Trover/install/trover_navigation/share/trover_navigation/launch
[2.466s] copying launch/navigation.launch.py -> /home/elizabeth/MREN203_Trover/install/trover_navigation/share/trover_navigation/launch
[2.466s] creating /home/elizabeth/MREN203_Trover/install/trover_navigation/share/trover_navigation/config
[2.466s] copying config/behavior_server.yaml -> /home/elizabeth/MREN203_Trover/install/trover_navigation/share/trover_navigation/config
[2.466s] copying config/controller_server.yaml -> /home/elizabeth/MREN203_Trover/install/trover_navigation/share/trover_navigation/config
[2.466s] copying config/planner_server.yaml -> /home/elizabeth/MREN203_Trover/install/trover_navigation/share/trover_navigation/config
[2.466s] copying config/bt_navigator.yaml -> /home/elizabeth/MREN203_Trover/install/trover_navigation/share/trover_navigation/config
[2.467s] copying config/smoother_server.yaml -> /home/elizabeth/MREN203_Trover/install/trover_navigation/share/trover_navigation/config
[2.472s] creating /home/elizabeth/MREN203_Trover/install/trover_navigation/share/trover_navigation/behavior_tree
[2.472s] copying behavior_tree/simple_navigation.xml -> /home/elizabeth/MREN203_Trover/install/trover_navigation/share/trover_navigation/behavior_tree
[2.472s] running install_egg_info
[2.478s] Copying ../../build/trover_navigation/trover_navigation.egg-info to /home/elizabeth/MREN203_Trover/install/trover_navigation/lib/python3.10/site-packages/trover_navigation-0.0.0-py3.10.egg-info
[2.485s] running install_scripts
[2.537s] writing list of installed files to '/home/elizabeth/MREN203_Trover/build/trover_navigation/install.log'
[2.655s] Invoked command in '/home/elizabeth/MREN203_Trover/src/trover_navigation' returned '0': PYTHONPATH=/home/elizabeth/MREN203_Trover/build/trover_navigation/prefix_override:/usr/lib/python3/dist-packages/colcon_core/task/python/colcon_distutils_commands:/home/elizabeth/MREN203_Trover/install/trover_navigation/lib/python3.10/site-packages:${PYTHONPATH} /usr/bin/python3 -W ignore:setup.py install is deprecated -W ignore:easy_install command is deprecated setup.py egg_info --egg-base ../../build/trover_navigation build --build-base /home/elizabeth/MREN203_Trover/build/trover_navigation/build install --record /home/elizabeth/MREN203_Trover/build/trover_navigation/install.log --single-version-externally-managed install_data
