[0.077s] DEBUG:colcon:Command line arguments: ['/usr/bin/colcon', 'build']
[0.077s] DEBUG:colcon:Parsed command line arguments: Namespace(log_base=None, log_level=None, verb_name='build', build_base='build', install_base='install', merge_install=False, symlink_install=False, test_result_base=None, continue_on_error=False, executor='parallel', parallel_workers=22, event_handlers=None, ignore_user_meta=False, metas=['./colcon.meta'], base_paths=['.'], packages_ignore=None, packages_ignore_regex=None, paths=None, packages_up_to=None, packages_up_to_regex=None, packages_above=None, packages_above_and_dependencies=None, packages_above_depth=None, packages_select_by_dep=None, packages_skip_by_dep=None, packages_skip_up_to=None, packages_select_build_failed=False, packages_skip_build_finished=False, packages_select_test_failures=False, packages_skip_test_passed=False, packages_select=None, packages_skip=None, packages_select_regex=None, packages_skip_regex=None, packages_start=None, packages_end=None, allow_overriding=[], cmake_args=None, cmake_target=None, cmake_target_skip_unavailable=False, cmake_clean_cache=False, cmake_clean_first=False, cmake_force_configure=False, ament_cmake_args=None, catkin_cmake_args=None, catkin_skip_building_tests=False, mixin_files=None, mixin=None, verb_parser=<colcon_mixin.mixin.mixin_argument.MixinArgumentDecorator object at 0x79f33d05e7a0>, verb_extension=<colcon_core.verb.build.BuildVerb object at 0x79f33d05e140>, main=<bound method BuildVerb.main of <colcon_core.verb.build.BuildVerb object at 0x79f33d05e140>>, mixin_verb=('build',))
[0.205s] Level 1:colcon.colcon_core.package_discovery:discover_packages(colcon_meta) check parameters
[0.205s] Level 1:colcon.colcon_core.package_discovery:discover_packages(recursive) check parameters
[0.205s] Level 1:colcon.colcon_core.package_discovery:discover_packages(ignore) check parameters
[0.205s] Level 1:colcon.colcon_core.package_discovery:discover_packages(path) check parameters
[0.205s] Level 1:colcon.colcon_core.package_discovery:discover_packages(colcon_meta) discover
[0.205s] Level 1:colcon.colcon_core.package_discovery:discover_packages(recursive) discover
[0.205s] INFO:colcon.colcon_core.package_discovery:Crawling recursively for packages in '/home/noah/mren_ws'
[0.205s] Level 1:colcon.colcon_core.package_identification:_identify(.) by extensions ['ignore', 'ignore_ament_install']
[0.205s] Level 1:colcon.colcon_core.package_identification:_identify(.) by extension 'ignore'
[0.205s] Level 1:colcon.colcon_core.package_identification:_identify(.) by extension 'ignore_ament_install'
[0.205s] Level 1:colcon.colcon_core.package_identification:_identify(.) by extensions ['colcon_pkg']
[0.205s] Level 1:colcon.colcon_core.package_identification:_identify(.) by extension 'colcon_pkg'
[0.205s] Level 1:colcon.colcon_core.package_identification:_identify(.) by extensions ['colcon_meta']
[0.205s] Level 1:colcon.colcon_core.package_identification:_identify(.) by extension 'colcon_meta'
[0.205s] Level 1:colcon.colcon_core.package_identification:_identify(.) by extensions ['ros']
[0.205s] Level 1:colcon.colcon_core.package_identification:_identify(.) by extension 'ros'
[0.211s] Level 1:colcon.colcon_core.package_identification:_identify(.) by extensions ['cmake', 'python']
[0.211s] Level 1:colcon.colcon_core.package_identification:_identify(.) by extension 'cmake'
[0.211s] Level 1:colcon.colcon_core.package_identification:_identify(.) by extension 'python'
[0.211s] Level 1:colcon.colcon_core.package_identification:_identify(.) by extensions ['python_setup_py']
[0.211s] Level 1:colcon.colcon_core.package_identification:_identify(.) by extension 'python_setup_py'
[0.211s] Level 1:colcon.colcon_core.package_identification:_identify(MREN203_week4activities) by extensions ['ignore', 'ignore_ament_install']
[0.211s] Level 1:colcon.colcon_core.package_identification:_identify(MREN203_week4activities) by extension 'ignore'
[0.211s] Level 1:colcon.colcon_core.package_identification:_identify(MREN203_week4activities) by extension 'ignore_ament_install'
[0.211s] Level 1:colcon.colcon_core.package_identification:_identify(MREN203_week4activities) by extensions ['colcon_pkg']
[0.211s] Level 1:colcon.colcon_core.package_identification:_identify(MREN203_week4activities) by extension 'colcon_pkg'
[0.211s] Level 1:colcon.colcon_core.package_identification:_identify(MREN203_week4activities) by extensions ['colcon_meta']
[0.211s] Level 1:colcon.colcon_core.package_identification:_identify(MREN203_week4activities) by extension 'colcon_meta'
[0.211s] Level 1:colcon.colcon_core.package_identification:_identify(MREN203_week4activities) by extensions ['ros']
[0.211s] Level 1:colcon.colcon_core.package_identification:_identify(MREN203_week4activities) by extension 'ros'
[0.211s] Level 1:colcon.colcon_core.package_identification:_identify(MREN203_week4activities) by extensions ['cmake', 'python']
[0.211s] Level 1:colcon.colcon_core.package_identification:_identify(MREN203_week4activities) by extension 'cmake'
[0.211s] Level 1:colcon.colcon_core.package_identification:_identify(MREN203_week4activities) by extension 'python'
[0.211s] Level 1:colcon.colcon_core.package_identification:_identify(MREN203_week4activities) by extensions ['python_setup_py']
[0.211s] Level 1:colcon.colcon_core.package_identification:_identify(MREN203_week4activities) by extension 'python_setup_py'
[0.211s] Level 1:colcon.colcon_core.package_identification:_identify(MREN203_week4activities/MREN203_week4activites) by extensions ['ignore', 'ignore_ament_install']
[0.211s] Level 1:colcon.colcon_core.package_identification:_identify(MREN203_week4activities/MREN203_week4activites) by extension 'ignore'
[0.211s] Level 1:colcon.colcon_core.package_identification:_identify(MREN203_week4activities/MREN203_week4activites) by extension 'ignore_ament_install'
[0.211s] Level 1:colcon.colcon_core.package_identification:_identify(MREN203_week4activities/MREN203_week4activites) by extensions ['colcon_pkg']
[0.211s] Level 1:colcon.colcon_core.package_identification:_identify(MREN203_week4activities/MREN203_week4activites) by extension 'colcon_pkg'
[0.211s] Level 1:colcon.colcon_core.package_identification:_identify(MREN203_week4activities/MREN203_week4activites) by extensions ['colcon_meta']
[0.211s] Level 1:colcon.colcon_core.package_identification:_identify(MREN203_week4activities/MREN203_week4activites) by extension 'colcon_meta'
[0.211s] Level 1:colcon.colcon_core.package_identification:_identify(MREN203_week4activities/MREN203_week4activites) by extensions ['ros']
[0.211s] Level 1:colcon.colcon_core.package_identification:_identify(MREN203_week4activities/MREN203_week4activites) by extension 'ros'
[0.211s] Level 1:colcon.colcon_core.package_identification:_identify(MREN203_week4activities/MREN203_week4activites) by extensions ['cmake', 'python']
[0.211s] Level 1:colcon.colcon_core.package_identification:_identify(MREN203_week4activities/MREN203_week4activites) by extension 'cmake'
[0.211s] Level 1:colcon.colcon_core.package_identification:_identify(MREN203_week4activities/MREN203_week4activites) by extension 'python'
[0.211s] Level 1:colcon.colcon_core.package_identification:_identify(MREN203_week4activities/MREN203_week4activites) by extensions ['python_setup_py']
[0.211s] Level 1:colcon.colcon_core.package_identification:_identify(MREN203_week4activities/MREN203_week4activites) by extension 'python_setup_py'
[0.212s] Level 1:colcon.colcon_core.package_identification:_identify(MREN203_week4activities/trover_controls) by extensions ['ignore', 'ignore_ament_install']
[0.212s] Level 1:colcon.colcon_core.package_identification:_identify(MREN203_week4activities/trover_controls) by extension 'ignore'
[0.212s] Level 1:colcon.colcon_core.package_identification:_identify(MREN203_week4activities/trover_controls) by extension 'ignore_ament_install'
[0.212s] Level 1:colcon.colcon_core.package_identification:_identify(MREN203_week4activities/trover_controls) by extensions ['colcon_pkg']
[0.212s] Level 1:colcon.colcon_core.package_identification:_identify(MREN203_week4activities/trover_controls) by extension 'colcon_pkg'
[0.212s] Level 1:colcon.colcon_core.package_identification:_identify(MREN203_week4activities/trover_controls) by extensions ['colcon_meta']
[0.212s] Level 1:colcon.colcon_core.package_identification:_identify(MREN203_week4activities/trover_controls) by extension 'colcon_meta'
[0.212s] Level 1:colcon.colcon_core.package_identification:_identify(MREN203_week4activities/trover_controls) by extensions ['ros']
[0.212s] Level 1:colcon.colcon_core.package_identification:_identify(MREN203_week4activities/trover_controls) by extension 'ros'
[0.212s] Level 1:colcon.colcon_core.package_identification:_identify(MREN203_week4activities/trover_controls) by extensions ['cmake', 'python']
[0.212s] Level 1:colcon.colcon_core.package_identification:_identify(MREN203_week4activities/trover_controls) by extension 'cmake'
[0.212s] Level 1:colcon.colcon_core.package_identification:_identify(MREN203_week4activities/trover_controls) by extension 'python'
[0.212s] Level 1:colcon.colcon_core.package_identification:_identify(MREN203_week4activities/trover_controls) by extensions ['python_setup_py']
[0.212s] Level 1:colcon.colcon_core.package_identification:_identify(MREN203_week4activities/trover_controls) by extension 'python_setup_py'
[0.212s] Level 1:colcon.colcon_core.package_identification:_identify(MREN203_week4activities/trover_controls/include) by extensions ['ignore', 'ignore_ament_install']
[0.212s] Level 1:colcon.colcon_core.package_identification:_identify(MREN203_week4activities/trover_controls/include) by extension 'ignore'
[0.212s] Level 1:colcon.colcon_core.package_identification:_identify(MREN203_week4activities/trover_controls/include) by extension 'ignore_ament_install'
[0.212s] Level 1:colcon.colcon_core.package_identification:_identify(MREN203_week4activities/trover_controls/include) by extensions ['colcon_pkg']
[0.212s] Level 1:colcon.colcon_core.package_identification:_identify(MREN203_week4activities/trover_controls/include) by extension 'colcon_pkg'
[0.212s] Level 1:colcon.colcon_core.package_identification:_identify(MREN203_week4activities/trover_controls/include) by extensions ['colcon_meta']
[0.212s] Level 1:colcon.colcon_core.package_identification:_identify(MREN203_week4activities/trover_controls/include) by extension 'colcon_meta'
[0.212s] Level 1:colcon.colcon_core.package_identification:_identify(MREN203_week4activities/trover_controls/include) by extensions ['ros']
[0.212s] Level 1:colcon.colcon_core.package_identification:_identify(MREN203_week4activities/trover_controls/include) by extension 'ros'
[0.212s] Level 1:colcon.colcon_core.package_identification:_identify(MREN203_week4activities/trover_controls/include) by extensions ['cmake', 'python']
[0.212s] Level 1:colcon.colcon_core.package_identification:_identify(MREN203_week4activities/trover_controls/include) by extension 'cmake'
[0.212s] Level 1:colcon.colcon_core.package_identification:_identify(MREN203_week4activities/trover_controls/include) by extension 'python'
[0.212s] Level 1:colcon.colcon_core.package_identification:_identify(MREN203_week4activities/trover_controls/include) by extensions ['python_setup_py']
[0.212s] Level 1:colcon.colcon_core.package_identification:_identify(MREN203_week4activities/trover_controls/include) by extension 'python_setup_py'
[0.212s] Level 1:colcon.colcon_core.package_identification:_identify(MREN203_week4activities/trover_controls/lib) by extensions ['ignore', 'ignore_ament_install']
[0.212s] Level 1:colcon.colcon_core.package_identification:_identify(MREN203_week4activities/trover_controls/lib) by extension 'ignore'
[0.212s] Level 1:colcon.colcon_core.package_identification:_identify(MREN203_week4activities/trover_controls/lib) by extension 'ignore_ament_install'
[0.212s] Level 1:colcon.colcon_core.package_identification:_identify(MREN203_week4activities/trover_controls/lib) by extensions ['colcon_pkg']
[0.212s] Level 1:colcon.colcon_core.package_identification:_identify(MREN203_week4activities/trover_controls/lib) by extension 'colcon_pkg'
[0.212s] Level 1:colcon.colcon_core.package_identification:_identify(MREN203_week4activities/trover_controls/lib) by extensions ['colcon_meta']
[0.212s] Level 1:colcon.colcon_core.package_identification:_identify(MREN203_week4activities/trover_controls/lib) by extension 'colcon_meta'
[0.212s] Level 1:colcon.colcon_core.package_identification:_identify(MREN203_week4activities/trover_controls/lib) by extensions ['ros']
[0.212s] Level 1:colcon.colcon_core.package_identification:_identify(MREN203_week4activities/trover_controls/lib) by extension 'ros'
[0.212s] Level 1:colcon.colcon_core.package_identification:_identify(MREN203_week4activities/trover_controls/lib) by extensions ['cmake', 'python']
[0.212s] Level 1:colcon.colcon_core.package_identification:_identify(MREN203_week4activities/trover_controls/lib) by extension 'cmake'
[0.212s] Level 1:colcon.colcon_core.package_identification:_identify(MREN203_week4activities/trover_controls/lib) by extension 'python'
[0.212s] Level 1:colcon.colcon_core.package_identification:_identify(MREN203_week4activities/trover_controls/lib) by extensions ['python_setup_py']
[0.212s] Level 1:colcon.colcon_core.package_identification:_identify(MREN203_week4activities/trover_controls/lib) by extension 'python_setup_py'
[0.212s] Level 1:colcon.colcon_core.package_identification:_identify(MREN203_week4activities/trover_controls/src) by extensions ['ignore', 'ignore_ament_install']
[0.212s] Level 1:colcon.colcon_core.package_identification:_identify(MREN203_week4activities/trover_controls/src) by extension 'ignore'
[0.212s] Level 1:colcon.colcon_core.package_identification:_identify(MREN203_week4activities/trover_controls/src) by extension 'ignore_ament_install'
[0.213s] Level 1:colcon.colcon_core.package_identification:_identify(MREN203_week4activities/trover_controls/src) by extensions ['colcon_pkg']
[0.213s] Level 1:colcon.colcon_core.package_identification:_identify(MREN203_week4activities/trover_controls/src) by extension 'colcon_pkg'
[0.213s] Level 1:colcon.colcon_core.package_identification:_identify(MREN203_week4activities/trover_controls/src) by extensions ['colcon_meta']
[0.213s] Level 1:colcon.colcon_core.package_identification:_identify(MREN203_week4activities/trover_controls/src) by extension 'colcon_meta'
[0.213s] Level 1:colcon.colcon_core.package_identification:_identify(MREN203_week4activities/trover_controls/src) by extensions ['ros']
[0.213s] Level 1:colcon.colcon_core.package_identification:_identify(MREN203_week4activities/trover_controls/src) by extension 'ros'
[0.213s] Level 1:colcon.colcon_core.package_identification:_identify(MREN203_week4activities/trover_controls/src) by extensions ['cmake', 'python']
[0.213s] Level 1:colcon.colcon_core.package_identification:_identify(MREN203_week4activities/trover_controls/src) by extension 'cmake'
[0.213s] Level 1:colcon.colcon_core.package_identification:_identify(MREN203_week4activities/trover_controls/src) by extension 'python'
[0.213s] Level 1:colcon.colcon_core.package_identification:_identify(MREN203_week4activities/trover_controls/src) by extensions ['python_setup_py']
[0.213s] Level 1:colcon.colcon_core.package_identification:_identify(MREN203_week4activities/trover_controls/src) by extension 'python_setup_py'
[0.213s] Level 1:colcon.colcon_core.package_identification:_identify(MREN203_week4activities/trover_controls/test) by extensions ['ignore', 'ignore_ament_install']
[0.213s] Level 1:colcon.colcon_core.package_identification:_identify(MREN203_week4activities/trover_controls/test) by extension 'ignore'
[0.213s] Level 1:colcon.colcon_core.package_identification:_identify(MREN203_week4activities/trover_controls/test) by extension 'ignore_ament_install'
[0.213s] Level 1:colcon.colcon_core.package_identification:_identify(MREN203_week4activities/trover_controls/test) by extensions ['colcon_pkg']
[0.213s] Level 1:colcon.colcon_core.package_identification:_identify(MREN203_week4activities/trover_controls/test) by extension 'colcon_pkg'
[0.213s] Level 1:colcon.colcon_core.package_identification:_identify(MREN203_week4activities/trover_controls/test) by extensions ['colcon_meta']
[0.213s] Level 1:colcon.colcon_core.package_identification:_identify(MREN203_week4activities/trover_controls/test) by extension 'colcon_meta'
[0.213s] Level 1:colcon.colcon_core.package_identification:_identify(MREN203_week4activities/trover_controls/test) by extensions ['ros']
[0.213s] Level 1:colcon.colcon_core.package_identification:_identify(MREN203_week4activities/trover_controls/test) by extension 'ros'
[0.213s] Level 1:colcon.colcon_core.package_identification:_identify(MREN203_week4activities/trover_controls/test) by extensions ['cmake', 'python']
[0.213s] Level 1:colcon.colcon_core.package_identification:_identify(MREN203_week4activities/trover_controls/test) by extension 'cmake'
[0.213s] Level 1:colcon.colcon_core.package_identification:_identify(MREN203_week4activities/trover_controls/test) by extension 'python'
[0.213s] Level 1:colcon.colcon_core.package_identification:_identify(MREN203_week4activities/trover_controls/test) by extensions ['python_setup_py']
[0.213s] Level 1:colcon.colcon_core.package_identification:_identify(MREN203_week4activities/trover_controls/test) by extension 'python_setup_py'
[0.213s] Level 1:colcon.colcon_core.package_identification:_identify(MREN203_week4activities/trover_controls/unused) by extensions ['ignore', 'ignore_ament_install']
[0.213s] Level 1:colcon.colcon_core.package_identification:_identify(MREN203_week4activities/trover_controls/unused) by extension 'ignore'
[0.213s] Level 1:colcon.colcon_core.package_identification:_identify(MREN203_week4activities/trover_controls/unused) by extension 'ignore_ament_install'
[0.213s] Level 1:colcon.colcon_core.package_identification:_identify(MREN203_week4activities/trover_controls/unused) by extensions ['colcon_pkg']
[0.213s] Level 1:colcon.colcon_core.package_identification:_identify(MREN203_week4activities/trover_controls/unused) by extension 'colcon_pkg'
[0.213s] Level 1:colcon.colcon_core.package_identification:_identify(MREN203_week4activities/trover_controls/unused) by extensions ['colcon_meta']
[0.213s] Level 1:colcon.colcon_core.package_identification:_identify(MREN203_week4activities/trover_controls/unused) by extension 'colcon_meta'
[0.213s] Level 1:colcon.colcon_core.package_identification:_identify(MREN203_week4activities/trover_controls/unused) by extensions ['ros']
[0.213s] Level 1:colcon.colcon_core.package_identification:_identify(MREN203_week4activities/trover_controls/unused) by extension 'ros'
[0.213s] Level 1:colcon.colcon_core.package_identification:_identify(MREN203_week4activities/trover_controls/unused) by extensions ['cmake', 'python']
[0.213s] Level 1:colcon.colcon_core.package_identification:_identify(MREN203_week4activities/trover_controls/unused) by extension 'cmake'
[0.213s] Level 1:colcon.colcon_core.package_identification:_identify(MREN203_week4activities/trover_controls/unused) by extension 'python'
[0.213s] Level 1:colcon.colcon_core.package_identification:_identify(MREN203_week4activities/trover_controls/unused) by extensions ['python_setup_py']
[0.213s] Level 1:colcon.colcon_core.package_identification:_identify(MREN203_week4activities/trover_controls/unused) by extension 'python_setup_py'
[0.213s] Level 1:colcon.colcon_core.package_identification:_identify(build) by extensions ['ignore', 'ignore_ament_install']
[0.213s] Level 1:colcon.colcon_core.package_identification:_identify(build) by extension 'ignore'
[0.213s] Level 1:colcon.colcon_core.package_identification:_identify(build) ignored
[0.213s] Level 1:colcon.colcon_core.package_identification:_identify(install) by extensions ['ignore', 'ignore_ament_install']
[0.213s] Level 1:colcon.colcon_core.package_identification:_identify(install) by extension 'ignore'
[0.213s] Level 1:colcon.colcon_core.package_identification:_identify(install) ignored
[0.214s] Level 1:colcon.colcon_core.package_identification:_identify(log) by extensions ['ignore', 'ignore_ament_install']
[0.214s] Level 1:colcon.colcon_core.package_identification:_identify(log) by extension 'ignore'
[0.214s] Level 1:colcon.colcon_core.package_identification:_identify(log) ignored
[0.214s] Level 1:colcon.colcon_core.package_identification:_identify(src) by extensions ['ignore', 'ignore_ament_install']
[0.214s] Level 1:colcon.colcon_core.package_identification:_identify(src) by extension 'ignore'
[0.214s] Level 1:colcon.colcon_core.package_identification:_identify(src) by extension 'ignore_ament_install'
[0.214s] Level 1:colcon.colcon_core.package_identification:_identify(src) by extensions ['colcon_pkg']
[0.214s] Level 1:colcon.colcon_core.package_identification:_identify(src) by extension 'colcon_pkg'
[0.214s] Level 1:colcon.colcon_core.package_identification:_identify(src) by extensions ['colcon_meta']
[0.214s] Level 1:colcon.colcon_core.package_identification:_identify(src) by extension 'colcon_meta'
[0.214s] Level 1:colcon.colcon_core.package_identification:_identify(src) by extensions ['ros']
[0.214s] Level 1:colcon.colcon_core.package_identification:_identify(src) by extension 'ros'
[0.214s] Level 1:colcon.colcon_core.package_identification:_identify(src) by extensions ['cmake', 'python']
[0.214s] Level 1:colcon.colcon_core.package_identification:_identify(src) by extension 'cmake'
[0.214s] Level 1:colcon.colcon_core.package_identification:_identify(src) by extension 'python'
[0.214s] Level 1:colcon.colcon_core.package_identification:_identify(src) by extensions ['python_setup_py']
[0.214s] Level 1:colcon.colcon_core.package_identification:_identify(src) by extension 'python_setup_py'
[0.214s] Level 1:colcon.colcon_core.package_identification:_identify(src/trover_bringup) by extensions ['ignore', 'ignore_ament_install']
[0.214s] Level 1:colcon.colcon_core.package_identification:_identify(src/trover_bringup) by extension 'ignore'
[0.214s] Level 1:colcon.colcon_core.package_identification:_identify(src/trover_bringup) by extension 'ignore_ament_install'
[0.214s] Level 1:colcon.colcon_core.package_identification:_identify(src/trover_bringup) by extensions ['colcon_pkg']
[0.214s] Level 1:colcon.colcon_core.package_identification:_identify(src/trover_bringup) by extension 'colcon_pkg'
[0.214s] Level 1:colcon.colcon_core.package_identification:_identify(src/trover_bringup) by extensions ['colcon_meta']
[0.214s] Level 1:colcon.colcon_core.package_identification:_identify(src/trover_bringup) by extension 'colcon_meta'
[0.214s] Level 1:colcon.colcon_core.package_identification:_identify(src/trover_bringup) by extensions ['ros']
[0.214s] Level 1:colcon.colcon_core.package_identification:_identify(src/trover_bringup) by extension 'ros'
[0.215s] DEBUG:colcon.colcon_core.package_identification:Package 'src/trover_bringup' with type 'ros.ament_cmake' and name 'trover_bringup'
[0.215s] Level 1:colcon.colcon_core.package_identification:_identify(src/trover_communication) by extensions ['ignore', 'ignore_ament_install']
[0.215s] Level 1:colcon.colcon_core.package_identification:_identify(src/trover_communication) by extension 'ignore'
[0.215s] Level 1:colcon.colcon_core.package_identification:_identify(src/trover_communication) by extension 'ignore_ament_install'
[0.215s] Level 1:colcon.colcon_core.package_identification:_identify(src/trover_communication) by extensions ['colcon_pkg']
[0.215s] Level 1:colcon.colcon_core.package_identification:_identify(src/trover_communication) by extension 'colcon_pkg'
[0.215s] Level 1:colcon.colcon_core.package_identification:_identify(src/trover_communication) by extensions ['colcon_meta']
[0.216s] Level 1:colcon.colcon_core.package_identification:_identify(src/trover_communication) by extension 'colcon_meta'
[0.216s] Level 1:colcon.colcon_core.package_identification:_identify(src/trover_communication) by extensions ['ros']
[0.216s] Level 1:colcon.colcon_core.package_identification:_identify(src/trover_communication) by extension 'ros'
[0.216s] DEBUG:colcon.colcon_core.package_identification:Package 'src/trover_communication' with type 'ros.ament_python' and name 'trover_communication'
[0.216s] Level 1:colcon.colcon_core.package_identification:_identify(src/trover_description) by extensions ['ignore', 'ignore_ament_install']
[0.216s] Level 1:colcon.colcon_core.package_identification:_identify(src/trover_description) by extension 'ignore'
[0.216s] Level 1:colcon.colcon_core.package_identification:_identify(src/trover_description) by extension 'ignore_ament_install'
[0.216s] Level 1:colcon.colcon_core.package_identification:_identify(src/trover_description) by extensions ['colcon_pkg']
[0.216s] Level 1:colcon.colcon_core.package_identification:_identify(src/trover_description) by extension 'colcon_pkg'
[0.216s] Level 1:colcon.colcon_core.package_identification:_identify(src/trover_description) by extensions ['colcon_meta']
[0.216s] Level 1:colcon.colcon_core.package_identification:_identify(src/trover_description) by extension 'colcon_meta'
[0.216s] Level 1:colcon.colcon_core.package_identification:_identify(src/trover_description) by extensions ['ros']
[0.216s] Level 1:colcon.colcon_core.package_identification:_identify(src/trover_description) by extension 'ros'
[0.217s] DEBUG:colcon.colcon_core.package_identification:Package 'src/trover_description' with type 'ros.ament_cmake' and name 'trover_description'
[0.217s] Level 1:colcon.colcon_core.package_identification:_identify(src/trover_drivers) by extensions ['ignore', 'ignore_ament_install']
[0.217s] Level 1:colcon.colcon_core.package_identification:_identify(src/trover_drivers) by extension 'ignore'
[0.217s] Level 1:colcon.colcon_core.package_identification:_identify(src/trover_drivers) by extension 'ignore_ament_install'
[0.217s] Level 1:colcon.colcon_core.package_identification:_identify(src/trover_drivers) by extensions ['colcon_pkg']
[0.217s] Level 1:colcon.colcon_core.package_identification:_identify(src/trover_drivers) by extension 'colcon_pkg'
[0.217s] Level 1:colcon.colcon_core.package_identification:_identify(src/trover_drivers) by extensions ['colcon_meta']
[0.217s] Level 1:colcon.colcon_core.package_identification:_identify(src/trover_drivers) by extension 'colcon_meta'
[0.217s] Level 1:colcon.colcon_core.package_identification:_identify(src/trover_drivers) by extensions ['ros']
[0.217s] Level 1:colcon.colcon_core.package_identification:_identify(src/trover_drivers) by extension 'ros'
[0.217s] DEBUG:colcon.colcon_core.package_identification:Package 'src/trover_drivers' with type 'ros.ament_cmake' and name 'trover_drivers'
[0.217s] Level 1:colcon.colcon_core.package_identification:_identify(src/trover_navigation) by extensions ['ignore', 'ignore_ament_install']
[0.218s] Level 1:colcon.colcon_core.package_identification:_identify(src/trover_navigation) by extension 'ignore'
[0.218s] Level 1:colcon.colcon_core.package_identification:_identify(src/trover_navigation) by extension 'ignore_ament_install'
[0.218s] Level 1:colcon.colcon_core.package_identification:_identify(src/trover_navigation) by extensions ['colcon_pkg']
[0.218s] Level 1:colcon.colcon_core.package_identification:_identify(src/trover_navigation) by extension 'colcon_pkg'
[0.218s] Level 1:colcon.colcon_core.package_identification:_identify(src/trover_navigation) by extensions ['colcon_meta']
[0.218s] Level 1:colcon.colcon_core.package_identification:_identify(src/trover_navigation) by extension 'colcon_meta'
[0.218s] Level 1:colcon.colcon_core.package_identification:_identify(src/trover_navigation) by extensions ['ros']
[0.218s] Level 1:colcon.colcon_core.package_identification:_identify(src/trover_navigation) by extension 'ros'
[0.218s] DEBUG:colcon.colcon_core.package_identification:Package 'src/trover_navigation' with type 'ros.ament_python' and name 'trover_navigation'
[0.218s] Level 1:colcon.colcon_core.package_identification:_identify(src/trover_slam) by extensions ['ignore', 'ignore_ament_install']
[0.218s] Level 1:colcon.colcon_core.package_identification:_identify(src/trover_slam) by extension 'ignore'
[0.218s] Level 1:colcon.colcon_core.package_identification:_identify(src/trover_slam) by extension 'ignore_ament_install'
[0.218s] Level 1:colcon.colcon_core.package_identification:_identify(src/trover_slam) by extensions ['colcon_pkg']
[0.218s] Level 1:colcon.colcon_core.package_identification:_identify(src/trover_slam) by extension 'colcon_pkg'
[0.218s] Level 1:colcon.colcon_core.package_identification:_identify(src/trover_slam) by extensions ['colcon_meta']
[0.218s] Level 1:colcon.colcon_core.package_identification:_identify(src/trover_slam) by extension 'colcon_meta'
[0.218s] Level 1:colcon.colcon_core.package_identification:_identify(src/trover_slam) by extensions ['ros']
[0.218s] Level 1:colcon.colcon_core.package_identification:_identify(src/trover_slam) by extension 'ros'
[0.219s] DEBUG:colcon.colcon_core.package_identification:Package 'src/trover_slam' with type 'ros.ament_python' and name 'trover_slam'
[0.219s] Level 1:colcon.colcon_core.package_identification:_identify(src/trover_state_estimation) by extensions ['ignore', 'ignore_ament_install']
[0.219s] Level 1:colcon.colcon_core.package_identification:_identify(src/trover_state_estimation) by extension 'ignore'
[0.219s] Level 1:colcon.colcon_core.package_identification:_identify(src/trover_state_estimation) by extension 'ignore_ament_install'
[0.219s] Level 1:colcon.colcon_core.package_identification:_identify(src/trover_state_estimation) by extensions ['colcon_pkg']
[0.219s] Level 1:colcon.colcon_core.package_identification:_identify(src/trover_state_estimation) by extension 'colcon_pkg'
[0.219s] Level 1:colcon.colcon_core.package_identification:_identify(src/trover_state_estimation) by extensions ['colcon_meta']
[0.219s] Level 1:colcon.colcon_core.package_identification:_identify(src/trover_state_estimation) by extension 'colcon_meta'
[0.219s] Level 1:colcon.colcon_core.package_identification:_identify(src/trover_state_estimation) by extensions ['ros']
[0.219s] Level 1:colcon.colcon_core.package_identification:_identify(src/trover_state_estimation) by extension 'ros'
[0.219s] DEBUG:colcon.colcon_core.package_identification:Package 'src/trover_state_estimation' with type 'ros.ament_python' and name 'trover_state_estimation'
[0.219s] Level 1:colcon.colcon_core.package_discovery:discover_packages(recursive) using defaults
[0.219s] Level 1:colcon.colcon_core.package_discovery:discover_packages(ignore) discover
[0.219s] Level 1:colcon.colcon_core.package_discovery:discover_packages(ignore) using defaults
[0.219s] Level 1:colcon.colcon_core.package_discovery:discover_packages(path) discover
[0.219s] Level 1:colcon.colcon_core.package_discovery:discover_packages(path) using defaults
[0.237s] Level 1:colcon.colcon_core.package_discovery:discover_packages(prefix_path) check parameters
[0.237s] Level 1:colcon.colcon_core.package_discovery:discover_packages(prefix_path) discover
[0.239s] DEBUG:colcon.colcon_installed_package_information.package_discovery:Found 426 installed packages in /opt/ros/humble
[0.240s] Level 1:colcon.colcon_core.package_discovery:discover_packages(prefix_path) using defaults
[0.265s] Level 5:colcon.colcon_core.verb:set package 'trover_communication' build argument 'cmake_args' from command line to 'None'
[0.265s] Level 5:colcon.colcon_core.verb:set package 'trover_communication' build argument 'cmake_target' from command line to 'None'
[0.265s] Level 5:colcon.colcon_core.verb:set package 'trover_communication' build argument 'cmake_target_skip_unavailable' from command line to 'False'
[0.265s] Level 5:colcon.colcon_core.verb:set package 'trover_communication' build argument 'cmake_clean_cache' from command line to 'False'
[0.265s] Level 5:colcon.colcon_core.verb:set package 'trover_communication' build argument 'cmake_clean_first' from command line to 'False'
[0.265s] Level 5:colcon.colcon_core.verb:set package 'trover_communication' build argument 'cmake_force_configure' from command line to 'False'
[0.265s] Level 5:colcon.colcon_core.verb:set package 'trover_communication' build argument 'ament_cmake_args' from command line to 'None'
[0.265s] Level 5:colcon.colcon_core.verb:set package 'trover_communication' build argument 'catkin_cmake_args' from command line to 'None'
[0.265s] Level 5:colcon.colcon_core.verb:set package 'trover_communication' build argument 'catkin_skip_building_tests' from command line to 'False'
[0.265s] DEBUG:colcon.colcon_core.verb:Building package 'trover_communication' with the following arguments: {'ament_cmake_args': None, 'build_base': '/home/noah/mren_ws/build/trover_communication', 'catkin_cmake_args': None, 'catkin_skip_building_tests': False, 'cmake_args': None, 'cmake_clean_cache': False, 'cmake_clean_first': False, 'cmake_force_configure': False, 'cmake_target': None, 'cmake_target_skip_unavailable': False, 'install_base': '/home/noah/mren_ws/install/trover_communication', 'merge_install': False, 'path': '/home/noah/mren_ws/src/trover_communication', 'symlink_install': False, 'test_result_base': None}
[0.265s] Level 5:colcon.colcon_core.verb:set package 'trover_description' build argument 'cmake_args' from command line to 'None'
[0.265s] Level 5:colcon.colcon_core.verb:set package 'trover_description' build argument 'cmake_target' from command line to 'None'
[0.265s] Level 5:colcon.colcon_core.verb:set package 'trover_description' build argument 'cmake_target_skip_unavailable' from command line to 'False'
[0.265s] Level 5:colcon.colcon_core.verb:set package 'trover_description' build argument 'cmake_clean_cache' from command line to 'False'
[0.265s] Level 5:colcon.colcon_core.verb:set package 'trover_description' build argument 'cmake_clean_first' from command line to 'False'
[0.265s] Level 5:colcon.colcon_core.verb:set package 'trover_description' build argument 'cmake_force_configure' from command line to 'False'
[0.265s] Level 5:colcon.colcon_core.verb:set package 'trover_description' build argument 'ament_cmake_args' from command line to 'None'
[0.265s] Level 5:colcon.colcon_core.verb:set package 'trover_description' build argument 'catkin_cmake_args' from command line to 'None'
[0.265s] Level 5:colcon.colcon_core.verb:set package 'trover_description' build argument 'catkin_skip_building_tests' from command line to 'False'
[0.265s] DEBUG:colcon.colcon_core.verb:Building package 'trover_description' with the following arguments: {'ament_cmake_args': None, 'build_base': '/home/noah/mren_ws/build/trover_description', 'catkin_cmake_args': None, 'catkin_skip_building_tests': False, 'cmake_args': None, 'cmake_clean_cache': False, 'cmake_clean_first': False, 'cmake_force_configure': False, 'cmake_target': None, 'cmake_target_skip_unavailable': False, 'install_base': '/home/noah/mren_ws/install/trover_description', 'merge_install': False, 'path': '/home/noah/mren_ws/src/trover_description', 'symlink_install': False, 'test_result_base': None}
[0.265s] Level 5:colcon.colcon_core.verb:set package 'trover_drivers' build argument 'cmake_args' from command line to 'None'
[0.265s] Level 5:colcon.colcon_core.verb:set package 'trover_drivers' build argument 'cmake_target' from command line to 'None'
[0.265s] Level 5:colcon.colcon_core.verb:set package 'trover_drivers' build argument 'cmake_target_skip_unavailable' from command line to 'False'
[0.265s] Level 5:colcon.colcon_core.verb:set package 'trover_drivers' build argument 'cmake_clean_cache' from command line to 'False'
[0.265s] Level 5:colcon.colcon_core.verb:set package 'trover_drivers' build argument 'cmake_clean_first' from command line to 'False'
[0.265s] Level 5:colcon.colcon_core.verb:set package 'trover_drivers' build argument 'cmake_force_configure' from command line to 'False'
[0.265s] Level 5:colcon.colcon_core.verb:set package 'trover_drivers' build argument 'ament_cmake_args' from command line to 'None'
[0.265s] Level 5:colcon.colcon_core.verb:set package 'trover_drivers' build argument 'catkin_cmake_args' from command line to 'None'
[0.265s] Level 5:colcon.colcon_core.verb:set package 'trover_drivers' build argument 'catkin_skip_building_tests' from command line to 'False'
[0.265s] DEBUG:colcon.colcon_core.verb:Building package 'trover_drivers' with the following arguments: {'ament_cmake_args': None, 'build_base': '/home/noah/mren_ws/build/trover_drivers', 'catkin_cmake_args': None, 'catkin_skip_building_tests': False, 'cmake_args': None, 'cmake_clean_cache': False, 'cmake_clean_first': False, 'cmake_force_configure': False, 'cmake_target': None, 'cmake_target_skip_unavailable': False, 'install_base': '/home/noah/mren_ws/install/trover_drivers', 'merge_install': False, 'path': '/home/noah/mren_ws/src/trover_drivers', 'symlink_install': False, 'test_result_base': None}
[0.266s] Level 5:colcon.colcon_core.verb:set package 'trover_navigation' build argument 'cmake_args' from command line to 'None'
[0.266s] Level 5:colcon.colcon_core.verb:set package 'trover_navigation' build argument 'cmake_target' from command line to 'None'
[0.266s] Level 5:colcon.colcon_core.verb:set package 'trover_navigation' build argument 'cmake_target_skip_unavailable' from command line to 'False'
[0.266s] Level 5:colcon.colcon_core.verb:set package 'trover_navigation' build argument 'cmake_clean_cache' from command line to 'False'
[0.266s] Level 5:colcon.colcon_core.verb:set package 'trover_navigation' build argument 'cmake_clean_first' from command line to 'False'
[0.266s] Level 5:colcon.colcon_core.verb:set package 'trover_navigation' build argument 'cmake_force_configure' from command line to 'False'
[0.266s] Level 5:colcon.colcon_core.verb:set package 'trover_navigation' build argument 'ament_cmake_args' from command line to 'None'
[0.266s] Level 5:colcon.colcon_core.verb:set package 'trover_navigation' build argument 'catkin_cmake_args' from command line to 'None'
[0.266s] Level 5:colcon.colcon_core.verb:set package 'trover_navigation' build argument 'catkin_skip_building_tests' from command line to 'False'
[0.266s] DEBUG:colcon.colcon_core.verb:Building package 'trover_navigation' with the following arguments: {'ament_cmake_args': None, 'build_base': '/home/noah/mren_ws/build/trover_navigation', 'catkin_cmake_args': None, 'catkin_skip_building_tests': False, 'cmake_args': None, 'cmake_clean_cache': False, 'cmake_clean_first': False, 'cmake_force_configure': False, 'cmake_target': None, 'cmake_target_skip_unavailable': False, 'install_base': '/home/noah/mren_ws/install/trover_navigation', 'merge_install': False, 'path': '/home/noah/mren_ws/src/trover_navigation', 'symlink_install': False, 'test_result_base': None}
[0.266s] Level 5:colcon.colcon_core.verb:set package 'trover_slam' build argument 'cmake_args' from command line to 'None'
[0.266s] Level 5:colcon.colcon_core.verb:set package 'trover_slam' build argument 'cmake_target' from command line to 'None'
[0.266s] Level 5:colcon.colcon_core.verb:set package 'trover_slam' build argument 'cmake_target_skip_unavailable' from command line to 'False'
[0.266s] Level 5:colcon.colcon_core.verb:set package 'trover_slam' build argument 'cmake_clean_cache' from command line to 'False'
[0.266s] Level 5:colcon.colcon_core.verb:set package 'trover_slam' build argument 'cmake_clean_first' from command line to 'False'
[0.266s] Level 5:colcon.colcon_core.verb:set package 'trover_slam' build argument 'cmake_force_configure' from command line to 'False'
[0.266s] Level 5:colcon.colcon_core.verb:set package 'trover_slam' build argument 'ament_cmake_args' from command line to 'None'
[0.266s] Level 5:colcon.colcon_core.verb:set package 'trover_slam' build argument 'catkin_cmake_args' from command line to 'None'
[0.266s] Level 5:colcon.colcon_core.verb:set package 'trover_slam' build argument 'catkin_skip_building_tests' from command line to 'False'
[0.266s] DEBUG:colcon.colcon_core.verb:Building package 'trover_slam' with the following arguments: {'ament_cmake_args': None, 'build_base': '/home/noah/mren_ws/build/trover_slam', 'catkin_cmake_args': None, 'catkin_skip_building_tests': False, 'cmake_args': None, 'cmake_clean_cache': False, 'cmake_clean_first': False, 'cmake_force_configure': False, 'cmake_target': None, 'cmake_target_skip_unavailable': False, 'install_base': '/home/noah/mren_ws/install/trover_slam', 'merge_install': False, 'path': '/home/noah/mren_ws/src/trover_slam', 'symlink_install': False, 'test_result_base': None}
[0.266s] Level 5:colcon.colcon_core.verb:set package 'trover_state_estimation' build argument 'cmake_args' from command line to 'None'
[0.266s] Level 5:colcon.colcon_core.verb:set package 'trover_state_estimation' build argument 'cmake_target' from command line to 'None'
[0.266s] Level 5:colcon.colcon_core.verb:set package 'trover_state_estimation' build argument 'cmake_target_skip_unavailable' from command line to 'False'
[0.266s] Level 5:colcon.colcon_core.verb:set package 'trover_state_estimation' build argument 'cmake_clean_cache' from command line to 'False'
[0.266s] Level 5:colcon.colcon_core.verb:set package 'trover_state_estimation' build argument 'cmake_clean_first' from command line to 'False'
[0.266s] Level 5:colcon.colcon_core.verb:set package 'trover_state_estimation' build argument 'cmake_force_configure' from command line to 'False'
[0.266s] Level 5:colcon.colcon_core.verb:set package 'trover_state_estimation' build argument 'ament_cmake_args' from command line to 'None'
[0.266s] Level 5:colcon.colcon_core.verb:set package 'trover_state_estimation' build argument 'catkin_cmake_args' from command line to 'None'
[0.266s] Level 5:colcon.colcon_core.verb:set package 'trover_state_estimation' build argument 'catkin_skip_building_tests' from command line to 'False'
[0.266s] DEBUG:colcon.colcon_core.verb:Building package 'trover_state_estimation' with the following arguments: {'ament_cmake_args': None, 'build_base': '/home/noah/mren_ws/build/trover_state_estimation', 'catkin_cmake_args': None, 'catkin_skip_building_tests': False, 'cmake_args': None, 'cmake_clean_cache': False, 'cmake_clean_first': False, 'cmake_force_configure': False, 'cmake_target': None, 'cmake_target_skip_unavailable': False, 'install_base': '/home/noah/mren_ws/install/trover_state_estimation', 'merge_install': False, 'path': '/home/noah/mren_ws/src/trover_state_estimation', 'symlink_install': False, 'test_result_base': None}
[0.266s] Level 5:colcon.colcon_core.verb:set package 'trover_bringup' build argument 'cmake_args' from command line to 'None'
[0.266s] Level 5:colcon.colcon_core.verb:set package 'trover_bringup' build argument 'cmake_target' from command line to 'None'
[0.266s] Level 5:colcon.colcon_core.verb:set package 'trover_bringup' build argument 'cmake_target_skip_unavailable' from command line to 'False'
[0.266s] Level 5:colcon.colcon_core.verb:set package 'trover_bringup' build argument 'cmake_clean_cache' from command line to 'False'
[0.266s] Level 5:colcon.colcon_core.verb:set package 'trover_bringup' build argument 'cmake_clean_first' from command line to 'False'
[0.266s] Level 5:colcon.colcon_core.verb:set package 'trover_bringup' build argument 'cmake_force_configure' from command line to 'False'
[0.266s] Level 5:colcon.colcon_core.verb:set package 'trover_bringup' build argument 'ament_cmake_args' from command line to 'None'
[0.266s] Level 5:colcon.colcon_core.verb:set package 'trover_bringup' build argument 'catkin_cmake_args' from command line to 'None'
[0.266s] Level 5:colcon.colcon_core.verb:set package 'trover_bringup' build argument 'catkin_skip_building_tests' from command line to 'False'
[0.266s] DEBUG:colcon.colcon_core.verb:Building package 'trover_bringup' with the following arguments: {'ament_cmake_args': None, 'build_base': '/home/noah/mren_ws/build/trover_bringup', 'catkin_cmake_args': None, 'catkin_skip_building_tests': False, 'cmake_args': None, 'cmake_clean_cache': False, 'cmake_clean_first': False, 'cmake_force_configure': False, 'cmake_target': None, 'cmake_target_skip_unavailable': False, 'install_base': '/home/noah/mren_ws/install/trover_bringup', 'merge_install': False, 'path': '/home/noah/mren_ws/src/trover_bringup', 'symlink_install': False, 'test_result_base': None}
[0.267s] INFO:colcon.colcon_core.executor:Executing jobs using 'parallel' executor
[0.267s] DEBUG:colcon.colcon_parallel_executor.executor.parallel:run_until_complete
[0.268s] INFO:colcon.colcon_ros.task.ament_python.build:Building ROS package in '/home/noah/mren_ws/src/trover_communication' with build type 'ament_python'
[0.268s] Level 1:colcon.colcon_core.shell:create_environment_hook('trover_communication', 'ament_prefix_path')
[0.272s] INFO:colcon.colcon_core.plugin_system:Skipping extension 'colcon_core.shell.bat': Not used on non-Windows systems
[0.272s] INFO:colcon.colcon_core.shell:Creating environment hook '/home/noah/mren_ws/install/trover_communication/share/trover_communication/hook/ament_prefix_path.ps1'
[0.273s] INFO:colcon.colcon_core.shell:Creating environment descriptor '/home/noah/mren_ws/install/trover_communication/share/trover_communication/hook/ament_prefix_path.dsv'
[0.273s] INFO:colcon.colcon_core.shell:Creating environment hook '/home/noah/mren_ws/install/trover_communication/share/trover_communication/hook/ament_prefix_path.sh'
[0.274s] INFO:colcon.colcon_core.shell:Skip shell extension 'powershell' for command environment: Not usable outside of PowerShell
[0.274s] DEBUG:colcon.colcon_core.shell:Skip shell extension 'dsv' for command environment
[0.276s] INFO:colcon.colcon_ros.task.ament_cmake.build:Building ROS package in '/home/noah/mren_ws/src/trover_description' with build type 'ament_cmake'
[0.276s] INFO:colcon.colcon_cmake.task.cmake.build:Building CMake package in '/home/noah/mren_ws/src/trover_description'
[0.276s] INFO:colcon.colcon_core.shell:Skip shell extension 'powershell' for command environment: Not usable outside of PowerShell
[0.276s] DEBUG:colcon.colcon_core.shell:Skip shell extension 'dsv' for command environment
[0.278s] INFO:colcon.colcon_ros.task.ament_python.build:Building ROS package in '/home/noah/mren_ws/src/trover_navigation' with build type 'ament_python'
[0.278s] Level 1:colcon.colcon_core.shell:create_environment_hook('trover_navigation', 'ament_prefix_path')
[0.278s] INFO:colcon.colcon_core.shell:Creating environment hook '/home/noah/mren_ws/install/trover_navigation/share/trover_navigation/hook/ament_prefix_path.ps1'
[0.279s] INFO:colcon.colcon_core.shell:Creating environment descriptor '/home/noah/mren_ws/install/trover_navigation/share/trover_navigation/hook/ament_prefix_path.dsv'
[0.279s] INFO:colcon.colcon_core.shell:Creating environment hook '/home/noah/mren_ws/install/trover_navigation/share/trover_navigation/hook/ament_prefix_path.sh'
[0.279s] INFO:colcon.colcon_core.shell:Skip shell extension 'powershell' for command environment: Not usable outside of PowerShell
[0.279s] DEBUG:colcon.colcon_core.shell:Skip shell extension 'dsv' for command environment
[0.280s] INFO:colcon.colcon_ros.task.ament_python.build:Building ROS package in '/home/noah/mren_ws/src/trover_slam' with build type 'ament_python'
[0.281s] Level 1:colcon.colcon_core.shell:create_environment_hook('trover_slam', 'ament_prefix_path')
[0.281s] INFO:colcon.colcon_core.shell:Creating environment hook '/home/noah/mren_ws/install/trover_slam/share/trover_slam/hook/ament_prefix_path.ps1'
[0.281s] INFO:colcon.colcon_core.shell:Creating environment descriptor '/home/noah/mren_ws/install/trover_slam/share/trover_slam/hook/ament_prefix_path.dsv'
[0.281s] INFO:colcon.colcon_core.shell:Creating environment hook '/home/noah/mren_ws/install/trover_slam/share/trover_slam/hook/ament_prefix_path.sh'
[0.282s] INFO:colcon.colcon_core.shell:Skip shell extension 'powershell' for command environment: Not usable outside of PowerShell
[0.282s] DEBUG:colcon.colcon_core.shell:Skip shell extension 'dsv' for command environment
[0.283s] INFO:colcon.colcon_ros.task.ament_python.build:Building ROS package in '/home/noah/mren_ws/src/trover_state_estimation' with build type 'ament_python'
[0.283s] Level 1:colcon.colcon_core.shell:create_environment_hook('trover_state_estimation', 'ament_prefix_path')
[0.283s] INFO:colcon.colcon_core.shell:Creating environment hook '/home/noah/mren_ws/install/trover_state_estimation/share/trover_state_estimation/hook/ament_prefix_path.ps1'
[0.284s] INFO:colcon.colcon_core.shell:Creating environment descriptor '/home/noah/mren_ws/install/trover_state_estimation/share/trover_state_estimation/hook/ament_prefix_path.dsv'
[0.284s] INFO:colcon.colcon_core.shell:Creating environment hook '/home/noah/mren_ws/install/trover_state_estimation/share/trover_state_estimation/hook/ament_prefix_path.sh'
[0.284s] INFO:colcon.colcon_core.shell:Skip shell extension 'powershell' for command environment: Not usable outside of PowerShell
[0.284s] DEBUG:colcon.colcon_core.shell:Skip shell extension 'dsv' for command environment
[0.286s] INFO:colcon.colcon_ros.task.ament_cmake.build:Building ROS package in '/home/noah/mren_ws/src/trover_drivers' with build type 'ament_cmake'
[0.286s] INFO:colcon.colcon_cmake.task.cmake.build:Building CMake package in '/home/noah/mren_ws/src/trover_drivers'
[0.286s] INFO:colcon.colcon_core.shell:Skip shell extension 'powershell' for command environment: Not usable outside of PowerShell
[0.286s] DEBUG:colcon.colcon_core.shell:Skip shell extension 'dsv' for command environment
[0.438s] INFO:colcon.colcon_core.task.python.build:Building Python package in '/home/noah/mren_ws/src/trover_communication'
[0.438s] INFO:colcon.colcon_core.shell:Skip shell extension 'powershell' for command environment: Not usable outside of PowerShell
[0.438s] DEBUG:colcon.colcon_core.shell:Skip shell extension 'dsv' for command environment
[0.445s] DEBUG:colcon.colcon_core.event_handler.log_command:Invoking command in '/home/noah/mren_ws/build/trover_description': CMAKE_PREFIX_PATH=/opt/ros/humble /usr/bin/cmake --build /home/noah/mren_ws/build/trover_description -- -j22 -l22
[0.581s] INFO:colcon.colcon_core.task.python.build:Building Python package in '/home/noah/mren_ws/src/trover_navigation'
[0.581s] INFO:colcon.colcon_core.shell:Skip shell extension 'powershell' for command environment: Not usable outside of PowerShell
[0.581s] DEBUG:colcon.colcon_core.shell:Skip shell extension 'dsv' for command environment
[0.739s] INFO:colcon.colcon_core.task.python.build:Building Python package in '/home/noah/mren_ws/src/trover_slam'
[0.739s] INFO:colcon.colcon_core.shell:Skip shell extension 'powershell' for command environment: Not usable outside of PowerShell
[0.739s] DEBUG:colcon.colcon_core.shell:Skip shell extension 'dsv' for command environment
[0.881s] INFO:colcon.colcon_core.task.python.build:Building Python package in '/home/noah/mren_ws/src/trover_state_estimation'
[0.882s] INFO:colcon.colcon_core.shell:Skip shell extension 'powershell' for command environment: Not usable outside of PowerShell
[0.882s] DEBUG:colcon.colcon_core.shell:Skip shell extension 'dsv' for command environment
[0.889s] DEBUG:colcon.colcon_core.event_handler.log_command:Invoking command in '/home/noah/mren_ws/build/trover_drivers': CMAKE_PREFIX_PATH=/opt/ros/humble /usr/bin/cmake --build /home/noah/mren_ws/build/trover_drivers -- -j22 -l22
[0.890s] DEBUG:colcon.colcon_core.event_handler.log_command:Invoked command in '/home/noah/mren_ws/build/trover_description' returned '0': CMAKE_PREFIX_PATH=/opt/ros/humble /usr/bin/cmake --build /home/noah/mren_ws/build/trover_description -- -j22 -l22
[0.899s] DEBUG:colcon.colcon_core.event_handler.log_command:Invoking command in '/home/noah/mren_ws/build/trover_description': CMAKE_PREFIX_PATH=/opt/ros/humble /usr/bin/cmake --install /home/noah/mren_ws/build/trover_description
[0.920s] Level 1:colcon.colcon_core.environment:create_environment_scripts_only(trover_description)
[0.931s] Level 1:colcon.colcon_core.environment:checking '/home/noah/mren_ws/install/trover_description' for CMake module files
[0.935s] Level 1:colcon.colcon_core.environment:checking '/home/noah/mren_ws/install/trover_description' for CMake config files
[0.963s] DEBUG:colcon.colcon_core.event_handler.log_command:Invoked command in '/home/noah/mren_ws/build/trover_description' returned '0': CMAKE_PREFIX_PATH=/opt/ros/humble /usr/bin/cmake --install /home/noah/mren_ws/build/trover_description
[0.967s] Level 1:colcon.colcon_core.shell:create_environment_hook('trover_description', 'cmake_prefix_path')
[0.968s] INFO:colcon.colcon_core.shell:Creating environment hook '/home/noah/mren_ws/install/trover_description/share/trover_description/hook/cmake_prefix_path.ps1'
[0.968s] INFO:colcon.colcon_core.shell:Creating environment descriptor '/home/noah/mren_ws/install/trover_description/share/trover_description/hook/cmake_prefix_path.dsv'
[0.969s] INFO:colcon.colcon_core.shell:Creating environment hook '/home/noah/mren_ws/install/trover_description/share/trover_description/hook/cmake_prefix_path.sh'
[0.970s] Level 1:colcon.colcon_core.environment:checking '/home/noah/mren_ws/install/trover_description/bin'
[0.970s] Level 1:colcon.colcon_core.environment:checking '/home/noah/mren_ws/install/trover_description/lib/pkgconfig/trover_description.pc'
[0.970s] Level 1:colcon.colcon_core.environment:checking '/home/noah/mren_ws/install/trover_description/lib/python3.10/site-packages'
[0.971s] Level 1:colcon.colcon_core.environment:checking '/home/noah/mren_ws/install/trover_description/bin'
[0.971s] INFO:colcon.colcon_core.shell:Creating package script '/home/noah/mren_ws/install/trover_description/share/trover_description/package.ps1'
[0.971s] INFO:colcon.colcon_core.shell:Creating package descriptor '/home/noah/mren_ws/install/trover_description/share/trover_description/package.dsv'
[0.972s] INFO:colcon.colcon_core.shell:Creating package script '/home/noah/mren_ws/install/trover_description/share/trover_description/package.sh'
[0.972s] INFO:colcon.colcon_core.shell:Creating package script '/home/noah/mren_ws/install/trover_description/share/trover_description/package.bash'
[0.973s] INFO:colcon.colcon_core.shell:Creating package script '/home/noah/mren_ws/install/trover_description/share/trover_description/package.zsh'
[0.974s] Level 1:colcon.colcon_core.environment:create_file_with_runtime_dependencies(/home/noah/mren_ws/install/trover_description/share/colcon-core/packages/trover_description)
[0.974s] Level 1:colcon.colcon_core.environment:create_environment_scripts_only(trover_description)
[0.974s] Level 1:colcon.colcon_core.environment:checking '/home/noah/mren_ws/install/trover_description' for CMake module files
[0.975s] Level 1:colcon.colcon_core.environment:checking '/home/noah/mren_ws/install/trover_description' for CMake config files
[0.977s] Level 1:colcon.colcon_core.shell:create_environment_hook('trover_description', 'cmake_prefix_path')
[0.977s] INFO:colcon.colcon_core.shell:Creating environment hook '/home/noah/mren_ws/install/trover_description/share/trover_description/hook/cmake_prefix_path.ps1'
[0.977s] INFO:colcon.colcon_core.shell:Creating environment descriptor '/home/noah/mren_ws/install/trover_description/share/trover_description/hook/cmake_prefix_path.dsv'
[0.978s] INFO:colcon.colcon_core.shell:Creating environment hook '/home/noah/mren_ws/install/trover_description/share/trover_description/hook/cmake_prefix_path.sh'
[0.978s] Level 1:colcon.colcon_core.environment:checking '/home/noah/mren_ws/install/trover_description/bin'
[0.978s] Level 1:colcon.colcon_core.environment:checking '/home/noah/mren_ws/install/trover_description/lib/pkgconfig/trover_description.pc'
[0.978s] Level 1:colcon.colcon_core.environment:checking '/home/noah/mren_ws/install/trover_description/lib/python3.10/site-packages'
[0.978s] Level 1:colcon.colcon_core.environment:checking '/home/noah/mren_ws/install/trover_description/bin'
[0.979s] INFO:colcon.colcon_core.shell:Creating package script '/home/noah/mren_ws/install/trover_description/share/trover_description/package.ps1'
[0.979s] INFO:colcon.colcon_core.shell:Creating package descriptor '/home/noah/mren_ws/install/trover_description/share/trover_description/package.dsv'
[0.979s] INFO:colcon.colcon_core.shell:Creating package script '/home/noah/mren_ws/install/trover_description/share/trover_description/package.sh'
[0.980s] INFO:colcon.colcon_core.shell:Creating package script '/home/noah/mren_ws/install/trover_description/share/trover_description/package.bash'
[0.980s] INFO:colcon.colcon_core.shell:Creating package script '/home/noah/mren_ws/install/trover_description/share/trover_description/package.zsh'
[0.980s] Level 1:colcon.colcon_core.environment:create_file_with_runtime_dependencies(/home/noah/mren_ws/install/trover_description/share/colcon-core/packages/trover_description)
[0.981s] DEBUG:colcon.colcon_core.event_handler.log_command:Invoked command in '/home/noah/mren_ws/build/trover_drivers' returned '0': CMAKE_PREFIX_PATH=/opt/ros/humble /usr/bin/cmake --build /home/noah/mren_ws/build/trover_drivers -- -j22 -l22
[0.983s] DEBUG:colcon.colcon_core.event_handler.log_command:Invoking command in '/home/noah/mren_ws/build/trover_drivers': CMAKE_PREFIX_PATH=/opt/ros/humble /usr/bin/cmake --install /home/noah/mren_ws/build/trover_drivers
[0.993s] Level 1:colcon.colcon_core.environment:create_environment_scripts_only(trover_drivers)
[0.994s] Level 1:colcon.colcon_core.environment:checking '/home/noah/mren_ws/install/trover_drivers' for CMake module files
[0.994s] DEBUG:colcon.colcon_core.event_handler.log_command:Invoked command in '/home/noah/mren_ws/build/trover_drivers' returned '0': CMAKE_PREFIX_PATH=/opt/ros/humble /usr/bin/cmake --install /home/noah/mren_ws/build/trover_drivers
[0.994s] Level 1:colcon.colcon_core.environment:checking '/home/noah/mren_ws/install/trover_drivers' for CMake config files
[0.995s] Level 1:colcon.colcon_core.shell:create_environment_hook('trover_drivers', 'cmake_prefix_path')
[0.995s] INFO:colcon.colcon_core.shell:Creating environment hook '/home/noah/mren_ws/install/trover_drivers/share/trover_drivers/hook/cmake_prefix_path.ps1'
[0.995s] INFO:colcon.colcon_core.shell:Creating environment descriptor '/home/noah/mren_ws/install/trover_drivers/share/trover_drivers/hook/cmake_prefix_path.dsv'
[0.996s] INFO:colcon.colcon_core.shell:Creating environment hook '/home/noah/mren_ws/install/trover_drivers/share/trover_drivers/hook/cmake_prefix_path.sh'
[0.996s] Level 1:colcon.colcon_core.environment:checking '/home/noah/mren_ws/install/trover_drivers/bin'
[0.996s] Level 1:colcon.colcon_core.environment:checking '/home/noah/mren_ws/install/trover_drivers/lib/pkgconfig/trover_drivers.pc'
[0.997s] Level 1:colcon.colcon_core.environment:checking '/home/noah/mren_ws/install/trover_drivers/lib/python3.10/site-packages'
[0.997s] Level 1:colcon.colcon_core.environment:checking '/home/noah/mren_ws/install/trover_drivers/bin'
[0.997s] INFO:colcon.colcon_core.shell:Creating package script '/home/noah/mren_ws/install/trover_drivers/share/trover_drivers/package.ps1'
[0.998s] INFO:colcon.colcon_core.shell:Creating package descriptor '/home/noah/mren_ws/install/trover_drivers/share/trover_drivers/package.dsv'
[0.998s] INFO:colcon.colcon_core.shell:Creating package script '/home/noah/mren_ws/install/trover_drivers/share/trover_drivers/package.sh'
[0.999s] INFO:colcon.colcon_core.shell:Creating package script '/home/noah/mren_ws/install/trover_drivers/share/trover_drivers/package.bash'
[0.999s] INFO:colcon.colcon_core.shell:Creating package script '/home/noah/mren_ws/install/trover_drivers/share/trover_drivers/package.zsh'
[0.999s] Level 1:colcon.colcon_core.environment:create_file_with_runtime_dependencies(/home/noah/mren_ws/install/trover_drivers/share/colcon-core/packages/trover_drivers)
[1.000s] Level 1:colcon.colcon_core.environment:create_environment_scripts_only(trover_drivers)
[1.000s] Level 1:colcon.colcon_core.environment:checking '/home/noah/mren_ws/install/trover_drivers' for CMake module files
[1.001s] Level 1:colcon.colcon_core.environment:checking '/home/noah/mren_ws/install/trover_drivers' for CMake config files
[1.001s] Level 1:colcon.colcon_core.shell:create_environment_hook('trover_drivers', 'cmake_prefix_path')
[1.001s] INFO:colcon.colcon_core.shell:Creating environment hook '/home/noah/mren_ws/install/trover_drivers/share/trover_drivers/hook/cmake_prefix_path.ps1'
[1.001s] INFO:colcon.colcon_core.shell:Creating environment descriptor '/home/noah/mren_ws/install/trover_drivers/share/trover_drivers/hook/cmake_prefix_path.dsv'
[1.002s] INFO:colcon.colcon_core.shell:Creating environment hook '/home/noah/mren_ws/install/trover_drivers/share/trover_drivers/hook/cmake_prefix_path.sh'
[1.002s] Level 1:colcon.colcon_core.environment:checking '/home/noah/mren_ws/install/trover_drivers/bin'
[1.002s] Level 1:colcon.colcon_core.environment:checking '/home/noah/mren_ws/install/trover_drivers/lib/pkgconfig/trover_drivers.pc'
[1.003s] Level 1:colcon.colcon_core.environment:checking '/home/noah/mren_ws/install/trover_drivers/lib/python3.10/site-packages'
[1.003s] Level 1:colcon.colcon_core.environment:checking '/home/noah/mren_ws/install/trover_drivers/bin'
[1.003s] INFO:colcon.colcon_core.shell:Creating package script '/home/noah/mren_ws/install/trover_drivers/share/trover_drivers/package.ps1'
[1.004s] INFO:colcon.colcon_core.shell:Creating package descriptor '/home/noah/mren_ws/install/trover_drivers/share/trover_drivers/package.dsv'
[1.004s] INFO:colcon.colcon_core.shell:Creating package script '/home/noah/mren_ws/install/trover_drivers/share/trover_drivers/package.sh'
[1.005s] INFO:colcon.colcon_core.shell:Creating package script '/home/noah/mren_ws/install/trover_drivers/share/trover_drivers/package.bash'
[1.005s] INFO:colcon.colcon_core.shell:Creating package script '/home/noah/mren_ws/install/trover_drivers/share/trover_drivers/package.zsh'
[1.005s] Level 1:colcon.colcon_core.environment:create_file_with_runtime_dependencies(/home/noah/mren_ws/install/trover_drivers/share/colcon-core/packages/trover_drivers)
[1.172s] DEBUG:colcon.colcon_core.event_handler.log_command:Invoking command in '/home/noah/mren_ws/src/trover_state_estimation': PYTHONPATH=/home/noah/mren_ws/build/trover_state_estimation/prefix_override:/usr/lib/python3/dist-packages/colcon_core/task/python/colcon_distutils_commands:/home/noah/mren_ws/install/trover_state_estimation/lib/python3.10/site-packages:${PYTHONPATH} /usr/bin/python3 -W ignore:setup.py install is deprecated -W ignore:easy_install command is deprecated setup.py egg_info --egg-base ../../build/trover_state_estimation build --build-base /home/noah/mren_ws/build/trover_state_estimation/build install --record /home/noah/mren_ws/build/trover_state_estimation/install.log --single-version-externally-managed install_data
[1.177s] DEBUG:colcon.colcon_core.event_handler.log_command:Invoking command in '/home/noah/mren_ws/src/trover_communication': PYTHONPATH=/home/noah/mren_ws/build/trover_communication/prefix_override:/usr/lib/python3/dist-packages/colcon_core/task/python/colcon_distutils_commands:/home/noah/mren_ws/install/trover_communication/lib/python3.10/site-packages:${PYTHONPATH} /usr/bin/python3 -W ignore:setup.py install is deprecated -W ignore:easy_install command is deprecated setup.py egg_info --egg-base ../../build/trover_communication build --build-base /home/noah/mren_ws/build/trover_communication/build install --record /home/noah/mren_ws/build/trover_communication/install.log --single-version-externally-managed install_data
[1.177s] DEBUG:colcon.colcon_core.event_handler.log_command:Invoking command in '/home/noah/mren_ws/src/trover_slam': PYTHONPATH=/home/noah/mren_ws/build/trover_slam/prefix_override:/usr/lib/python3/dist-packages/colcon_core/task/python/colcon_distutils_commands:/home/noah/mren_ws/install/trover_slam/lib/python3.10/site-packages:${PYTHONPATH} /usr/bin/python3 -W ignore:setup.py install is deprecated -W ignore:easy_install command is deprecated setup.py egg_info --egg-base ../../build/trover_slam build --build-base /home/noah/mren_ws/build/trover_slam/build install --record /home/noah/mren_ws/build/trover_slam/install.log --single-version-externally-managed install_data
[1.178s] DEBUG:colcon.colcon_core.event_handler.log_command:Invoking command in '/home/noah/mren_ws/src/trover_navigation': PYTHONPATH=/home/noah/mren_ws/build/trover_navigation/prefix_override:/usr/lib/python3/dist-packages/colcon_core/task/python/colcon_distutils_commands:/home/noah/mren_ws/install/trover_navigation/lib/python3.10/site-packages:${PYTHONPATH} /usr/bin/python3 -W ignore:setup.py install is deprecated -W ignore:easy_install command is deprecated setup.py egg_info --egg-base ../../build/trover_navigation build --build-base /home/noah/mren_ws/build/trover_navigation/build install --record /home/noah/mren_ws/build/trover_navigation/install.log --single-version-externally-managed install_data
[1.343s] Level 1:colcon.colcon_core.environment:checking '/home/noah/mren_ws/install/trover_communication' for CMake module files
[1.343s] Level 1:colcon.colcon_core.environment:checking '/home/noah/mren_ws/install/trover_communication' for CMake config files
[1.343s] Level 1:colcon.colcon_core.environment:checking '/home/noah/mren_ws/install/trover_communication/lib'
[1.344s] Level 1:colcon.colcon_core.environment:checking '/home/noah/mren_ws/install/trover_communication/bin'
[1.344s] Level 1:colcon.colcon_core.environment:checking '/home/noah/mren_ws/install/trover_communication/lib/pkgconfig/trover_communication.pc'
[1.344s] Level 1:colcon.colcon_core.environment:checking '/home/noah/mren_ws/install/trover_communication/lib/python3.10/site-packages'
[1.344s] Level 1:colcon.colcon_core.shell:create_environment_hook('trover_communication', 'pythonpath')
[1.344s] INFO:colcon.colcon_core.shell:Creating environment hook '/home/noah/mren_ws/install/trover_communication/share/trover_communication/hook/pythonpath.ps1'
[1.344s] INFO:colcon.colcon_core.shell:Creating environment descriptor '/home/noah/mren_ws/install/trover_communication/share/trover_communication/hook/pythonpath.dsv'
[1.345s] DEBUG:colcon.colcon_core.event_handler.log_command:Invoked command in '/home/noah/mren_ws/src/trover_communication' returned '0': PYTHONPATH=/home/noah/mren_ws/build/trover_communication/prefix_override:/usr/lib/python3/dist-packages/colcon_core/task/python/colcon_distutils_commands:/home/noah/mren_ws/install/trover_communication/lib/python3.10/site-packages:${PYTHONPATH} /usr/bin/python3 -W ignore:setup.py install is deprecated -W ignore:easy_install command is deprecated setup.py egg_info --egg-base ../../build/trover_communication build --build-base /home/noah/mren_ws/build/trover_communication/build install --record /home/noah/mren_ws/build/trover_communication/install.log --single-version-externally-managed install_data
[1.346s] INFO:colcon.colcon_core.shell:Creating environment hook '/home/noah/mren_ws/install/trover_communication/share/trover_communication/hook/pythonpath.sh'
[1.347s] Level 1:colcon.colcon_core.environment:checking '/home/noah/mren_ws/install/trover_communication/bin'
[1.347s] Level 1:colcon.colcon_core.environment:create_environment_scripts_only(trover_communication)
[1.347s] INFO:colcon.colcon_core.shell:Creating package script '/home/noah/mren_ws/install/trover_communication/share/trover_communication/package.ps1'
[1.347s] INFO:colcon.colcon_core.shell:Creating package descriptor '/home/noah/mren_ws/install/trover_communication/share/trover_communication/package.dsv'
[1.347s] INFO:colcon.colcon_core.shell:Creating package script '/home/noah/mren_ws/install/trover_communication/share/trover_communication/package.sh'
[1.348s] INFO:colcon.colcon_core.shell:Creating package script '/home/noah/mren_ws/install/trover_communication/share/trover_communication/package.bash'
[1.348s] INFO:colcon.colcon_core.shell:Creating package script '/home/noah/mren_ws/install/trover_communication/share/trover_communication/package.zsh'
[1.348s] Level 1:colcon.colcon_core.environment:create_file_with_runtime_dependencies(/home/noah/mren_ws/install/trover_communication/share/colcon-core/packages/trover_communication)
[1.350s] Level 1:colcon.colcon_core.environment:checking '/home/noah/mren_ws/install/trover_slam' for CMake module files
[1.350s] DEBUG:colcon.colcon_core.event_handler.log_command:Invoked command in '/home/noah/mren_ws/src/trover_slam' returned '0': PYTHONPATH=/home/noah/mren_ws/build/trover_slam/prefix_override:/usr/lib/python3/dist-packages/colcon_core/task/python/colcon_distutils_commands:/home/noah/mren_ws/install/trover_slam/lib/python3.10/site-packages:${PYTHONPATH} /usr/bin/python3 -W ignore:setup.py install is deprecated -W ignore:easy_install command is deprecated setup.py egg_info --egg-base ../../build/trover_slam build --build-base /home/noah/mren_ws/build/trover_slam/build install --record /home/noah/mren_ws/build/trover_slam/install.log --single-version-externally-managed install_data
[1.350s] Level 1:colcon.colcon_core.environment:checking '/home/noah/mren_ws/install/trover_slam' for CMake config files
[1.351s] Level 1:colcon.colcon_core.environment:checking '/home/noah/mren_ws/install/trover_slam/lib'
[1.351s] Level 1:colcon.colcon_core.environment:checking '/home/noah/mren_ws/install/trover_slam/bin'
[1.351s] Level 1:colcon.colcon_core.environment:checking '/home/noah/mren_ws/install/trover_slam/lib/pkgconfig/trover_slam.pc'
[1.351s] Level 1:colcon.colcon_core.environment:checking '/home/noah/mren_ws/install/trover_slam/lib/python3.10/site-packages'
[1.351s] Level 1:colcon.colcon_core.shell:create_environment_hook('trover_slam', 'pythonpath')
[1.351s] INFO:colcon.colcon_core.shell:Creating environment hook '/home/noah/mren_ws/install/trover_slam/share/trover_slam/hook/pythonpath.ps1'
[1.351s] INFO:colcon.colcon_core.shell:Creating environment descriptor '/home/noah/mren_ws/install/trover_slam/share/trover_slam/hook/pythonpath.dsv'
[1.351s] INFO:colcon.colcon_core.shell:Creating environment hook '/home/noah/mren_ws/install/trover_slam/share/trover_slam/hook/pythonpath.sh'
[1.352s] Level 1:colcon.colcon_core.environment:checking '/home/noah/mren_ws/install/trover_slam/bin'
[1.352s] Level 1:colcon.colcon_core.environment:create_environment_scripts_only(trover_slam)
[1.352s] INFO:colcon.colcon_core.shell:Creating package script '/home/noah/mren_ws/install/trover_slam/share/trover_slam/package.ps1'
[1.352s] INFO:colcon.colcon_core.shell:Creating package descriptor '/home/noah/mren_ws/install/trover_slam/share/trover_slam/package.dsv'
[1.352s] INFO:colcon.colcon_core.shell:Creating package script '/home/noah/mren_ws/install/trover_slam/share/trover_slam/package.sh'
[1.353s] INFO:colcon.colcon_core.shell:Creating package script '/home/noah/mren_ws/install/trover_slam/share/trover_slam/package.bash'
[1.353s] INFO:colcon.colcon_core.shell:Creating package script '/home/noah/mren_ws/install/trover_slam/share/trover_slam/package.zsh'
[1.353s] Level 1:colcon.colcon_core.environment:create_file_with_runtime_dependencies(/home/noah/mren_ws/install/trover_slam/share/colcon-core/packages/trover_slam)
[1.353s] Level 1:colcon.colcon_core.environment:checking '/home/noah/mren_ws/install/trover_navigation' for CMake module files
[1.354s] Level 1:colcon.colcon_core.environment:checking '/home/noah/mren_ws/install/trover_navigation' for CMake config files
[1.354s] DEBUG:colcon.colcon_core.event_handler.log_command:Invoked command in '/home/noah/mren_ws/src/trover_navigation' returned '0': PYTHONPATH=/home/noah/mren_ws/build/trover_navigation/prefix_override:/usr/lib/python3/dist-packages/colcon_core/task/python/colcon_distutils_commands:/home/noah/mren_ws/install/trover_navigation/lib/python3.10/site-packages:${PYTHONPATH} /usr/bin/python3 -W ignore:setup.py install is deprecated -W ignore:easy_install command is deprecated setup.py egg_info --egg-base ../../build/trover_navigation build --build-base /home/noah/mren_ws/build/trover_navigation/build install --record /home/noah/mren_ws/build/trover_navigation/install.log --single-version-externally-managed install_data
[1.354s] Level 1:colcon.colcon_core.environment:checking '/home/noah/mren_ws/install/trover_navigation/lib'
[1.354s] Level 1:colcon.colcon_core.environment:checking '/home/noah/mren_ws/install/trover_navigation/bin'
[1.354s] Level 1:colcon.colcon_core.environment:checking '/home/noah/mren_ws/install/trover_navigation/lib/pkgconfig/trover_navigation.pc'
[1.354s] Level 1:colcon.colcon_core.environment:checking '/home/noah/mren_ws/install/trover_navigation/lib/python3.10/site-packages'
[1.354s] Level 1:colcon.colcon_core.shell:create_environment_hook('trover_navigation', 'pythonpath')
[1.354s] INFO:colcon.colcon_core.shell:Creating environment hook '/home/noah/mren_ws/install/trover_navigation/share/trover_navigation/hook/pythonpath.ps1'
[1.355s] INFO:colcon.colcon_core.shell:Creating environment descriptor '/home/noah/mren_ws/install/trover_navigation/share/trover_navigation/hook/pythonpath.dsv'
[1.355s] INFO:colcon.colcon_core.shell:Creating environment hook '/home/noah/mren_ws/install/trover_navigation/share/trover_navigation/hook/pythonpath.sh'
[1.355s] Level 1:colcon.colcon_core.environment:checking '/home/noah/mren_ws/install/trover_navigation/bin'
[1.355s] Level 1:colcon.colcon_core.environment:create_environment_scripts_only(trover_navigation)
[1.355s] INFO:colcon.colcon_core.shell:Creating package script '/home/noah/mren_ws/install/trover_navigation/share/trover_navigation/package.ps1'
[1.356s] INFO:colcon.colcon_core.shell:Creating package descriptor '/home/noah/mren_ws/install/trover_navigation/share/trover_navigation/package.dsv'
[1.356s] INFO:colcon.colcon_core.shell:Creating package script '/home/noah/mren_ws/install/trover_navigation/share/trover_navigation/package.sh'
[1.356s] INFO:colcon.colcon_core.shell:Creating package script '/home/noah/mren_ws/install/trover_navigation/share/trover_navigation/package.bash'
[1.356s] INFO:colcon.colcon_core.shell:Creating package script '/home/noah/mren_ws/install/trover_navigation/share/trover_navigation/package.zsh'
[1.356s] Level 1:colcon.colcon_core.environment:create_file_with_runtime_dependencies(/home/noah/mren_ws/install/trover_navigation/share/colcon-core/packages/trover_navigation)
[1.357s] Level 1:colcon.colcon_core.environment:checking '/home/noah/mren_ws/install/trover_state_estimation' for CMake module files
[1.357s] DEBUG:colcon.colcon_core.event_handler.log_command:Invoked command in '/home/noah/mren_ws/src/trover_state_estimation' returned '0': PYTHONPATH=/home/noah/mren_ws/build/trover_state_estimation/prefix_override:/usr/lib/python3/dist-packages/colcon_core/task/python/colcon_distutils_commands:/home/noah/mren_ws/install/trover_state_estimation/lib/python3.10/site-packages:${PYTHONPATH} /usr/bin/python3 -W ignore:setup.py install is deprecated -W ignore:easy_install command is deprecated setup.py egg_info --egg-base ../../build/trover_state_estimation build --build-base /home/noah/mren_ws/build/trover_state_estimation/build install --record /home/noah/mren_ws/build/trover_state_estimation/install.log --single-version-externally-managed install_data
[1.357s] Level 1:colcon.colcon_core.environment:checking '/home/noah/mren_ws/install/trover_state_estimation' for CMake config files
[1.357s] Level 1:colcon.colcon_core.environment:checking '/home/noah/mren_ws/install/trover_state_estimation/lib'
[1.358s] Level 1:colcon.colcon_core.environment:checking '/home/noah/mren_ws/install/trover_state_estimation/bin'
[1.358s] Level 1:colcon.colcon_core.environment:checking '/home/noah/mren_ws/install/trover_state_estimation/lib/pkgconfig/trover_state_estimation.pc'
[1.358s] Level 1:colcon.colcon_core.environment:checking '/home/noah/mren_ws/install/trover_state_estimation/lib/python3.10/site-packages'
[1.358s] Level 1:colcon.colcon_core.shell:create_environment_hook('trover_state_estimation', 'pythonpath')
[1.358s] INFO:colcon.colcon_core.shell:Creating environment hook '/home/noah/mren_ws/install/trover_state_estimation/share/trover_state_estimation/hook/pythonpath.ps1'
[1.358s] INFO:colcon.colcon_core.shell:Creating environment descriptor '/home/noah/mren_ws/install/trover_state_estimation/share/trover_state_estimation/hook/pythonpath.dsv'
[1.358s] INFO:colcon.colcon_core.shell:Creating environment hook '/home/noah/mren_ws/install/trover_state_estimation/share/trover_state_estimation/hook/pythonpath.sh'
[1.359s] Level 1:colcon.colcon_core.environment:checking '/home/noah/mren_ws/install/trover_state_estimation/bin'
[1.359s] Level 1:colcon.colcon_core.environment:create_environment_scripts_only(trover_state_estimation)
[1.359s] INFO:colcon.colcon_core.shell:Creating package script '/home/noah/mren_ws/install/trover_state_estimation/share/trover_state_estimation/package.ps1'
[1.359s] INFO:colcon.colcon_core.shell:Creating package descriptor '/home/noah/mren_ws/install/trover_state_estimation/share/trover_state_estimation/package.dsv'
[1.359s] INFO:colcon.colcon_core.shell:Creating package script '/home/noah/mren_ws/install/trover_state_estimation/share/trover_state_estimation/package.sh'
[1.359s] INFO:colcon.colcon_core.shell:Creating package script '/home/noah/mren_ws/install/trover_state_estimation/share/trover_state_estimation/package.bash'
[1.360s] INFO:colcon.colcon_core.shell:Creating package script '/home/noah/mren_ws/install/trover_state_estimation/share/trover_state_estimation/package.zsh'
[1.360s] Level 1:colcon.colcon_core.environment:create_file_with_runtime_dependencies(/home/noah/mren_ws/install/trover_state_estimation/share/colcon-core/packages/trover_state_estimation)
[1.360s] INFO:colcon.colcon_ros.task.ament_cmake.build:Building ROS package in '/home/noah/mren_ws/src/trover_bringup' with build type 'ament_cmake'
[1.360s] INFO:colcon.colcon_cmake.task.cmake.build:Building CMake package in '/home/noah/mren_ws/src/trover_bringup'
[1.360s] INFO:colcon.colcon_core.shell:Skip shell extension 'powershell' for command environment: Not usable outside of PowerShell
[1.360s] DEBUG:colcon.colcon_core.shell:Skip shell extension 'dsv' for command environment
[1.370s] DEBUG:colcon.colcon_core.event_handler.log_command:Invoking command in '/home/noah/mren_ws/build/trover_bringup': AMENT_PREFIX_PATH=/home/noah/mren_ws/install/trover_state_estimation:/home/noah/mren_ws/install/trover_slam:/home/noah/mren_ws/install/trover_navigation:/home/noah/mren_ws/install/trover_description:/home/noah/mren_ws/install/trover_communication:${AMENT_PREFIX_PATH} CMAKE_PREFIX_PATH=/home/noah/mren_ws/install/trover_description:/opt/ros/humble PYTHONPATH=/home/noah/mren_ws/install/trover_state_estimation/lib/python3.10/site-packages:/home/noah/mren_ws/install/trover_slam/lib/python3.10/site-packages:/home/noah/mren_ws/install/trover_navigation/lib/python3.10/site-packages:/home/noah/mren_ws/install/trover_communication/lib/python3.10/site-packages:${PYTHONPATH} /usr/bin/cmake --build /home/noah/mren_ws/build/trover_bringup -- -j22 -l22
[1.521s] DEBUG:colcon.colcon_core.event_handler.log_command:Invoked command in '/home/noah/mren_ws/build/trover_bringup' returned '0': AMENT_PREFIX_PATH=/home/noah/mren_ws/install/trover_state_estimation:/home/noah/mren_ws/install/trover_slam:/home/noah/mren_ws/install/trover_navigation:/home/noah/mren_ws/install/trover_description:/home/noah/mren_ws/install/trover_communication:${AMENT_PREFIX_PATH} CMAKE_PREFIX_PATH=/home/noah/mren_ws/install/trover_description:/opt/ros/humble PYTHONPATH=/home/noah/mren_ws/install/trover_state_estimation/lib/python3.10/site-packages:/home/noah/mren_ws/install/trover_slam/lib/python3.10/site-packages:/home/noah/mren_ws/install/trover_navigation/lib/python3.10/site-packages:/home/noah/mren_ws/install/trover_communication/lib/python3.10/site-packages:${PYTHONPATH} /usr/bin/cmake --build /home/noah/mren_ws/build/trover_bringup -- -j22 -l22
[1.523s] DEBUG:colcon.colcon_core.event_handler.log_command:Invoking command in '/home/noah/mren_ws/build/trover_bringup': AMENT_PREFIX_PATH=/home/noah/mren_ws/install/trover_state_estimation:/home/noah/mren_ws/install/trover_slam:/home/noah/mren_ws/install/trover_navigation:/home/noah/mren_ws/install/trover_description:/home/noah/mren_ws/install/trover_communication:${AMENT_PREFIX_PATH} CMAKE_PREFIX_PATH=/home/noah/mren_ws/install/trover_description:/opt/ros/humble PYTHONPATH=/home/noah/mren_ws/install/trover_state_estimation/lib/python3.10/site-packages:/home/noah/mren_ws/install/trover_slam/lib/python3.10/site-packages:/home/noah/mren_ws/install/trover_navigation/lib/python3.10/site-packages:/home/noah/mren_ws/install/trover_communication/lib/python3.10/site-packages:${PYTHONPATH} /usr/bin/cmake --install /home/noah/mren_ws/build/trover_bringup
[1.529s] Level 1:colcon.colcon_core.environment:create_environment_scripts_only(trover_bringup)
[1.530s] DEBUG:colcon.colcon_core.event_handler.log_command:Invoked command in '/home/noah/mren_ws/build/trover_bringup' returned '0': AMENT_PREFIX_PATH=/home/noah/mren_ws/install/trover_state_estimation:/home/noah/mren_ws/install/trover_slam:/home/noah/mren_ws/install/trover_navigation:/home/noah/mren_ws/install/trover_description:/home/noah/mren_ws/install/trover_communication:${AMENT_PREFIX_PATH} CMAKE_PREFIX_PATH=/home/noah/mren_ws/install/trover_description:/opt/ros/humble PYTHONPATH=/home/noah/mren_ws/install/trover_state_estimation/lib/python3.10/site-packages:/home/noah/mren_ws/install/trover_slam/lib/python3.10/site-packages:/home/noah/mren_ws/install/trover_navigation/lib/python3.10/site-packages:/home/noah/mren_ws/install/trover_communication/lib/python3.10/site-packages:${PYTHONPATH} /usr/bin/cmake --install /home/noah/mren_ws/build/trover_bringup
[1.530s] Level 1:colcon.colcon_core.environment:checking '/home/noah/mren_ws/install/trover_bringup' for CMake module files
[1.531s] Level 1:colcon.colcon_core.environment:checking '/home/noah/mren_ws/install/trover_bringup' for CMake config files
[1.531s] Level 1:colcon.colcon_core.shell:create_environment_hook('trover_bringup', 'cmake_prefix_path')
[1.531s] INFO:colcon.colcon_core.shell:Creating environment hook '/home/noah/mren_ws/install/trover_bringup/share/trover_bringup/hook/cmake_prefix_path.ps1'
[1.532s] INFO:colcon.colcon_core.shell:Creating environment descriptor '/home/noah/mren_ws/install/trover_bringup/share/trover_bringup/hook/cmake_prefix_path.dsv'
[1.532s] INFO:colcon.colcon_core.shell:Creating environment hook '/home/noah/mren_ws/install/trover_bringup/share/trover_bringup/hook/cmake_prefix_path.sh'
[1.533s] Level 1:colcon.colcon_core.environment:checking '/home/noah/mren_ws/install/trover_bringup/bin'
[1.533s] Level 1:colcon.colcon_core.environment:checking '/home/noah/mren_ws/install/trover_bringup/lib/pkgconfig/trover_bringup.pc'
[1.533s] Level 1:colcon.colcon_core.environment:checking '/home/noah/mren_ws/install/trover_bringup/lib/python3.10/site-packages'
[1.534s] Level 1:colcon.colcon_core.environment:checking '/home/noah/mren_ws/install/trover_bringup/bin'
[1.534s] INFO:colcon.colcon_core.shell:Creating package script '/home/noah/mren_ws/install/trover_bringup/share/trover_bringup/package.ps1'
[1.534s] INFO:colcon.colcon_core.shell:Creating package descriptor '/home/noah/mren_ws/install/trover_bringup/share/trover_bringup/package.dsv'
[1.534s] INFO:colcon.colcon_core.shell:Creating package script '/home/noah/mren_ws/install/trover_bringup/share/trover_bringup/package.sh'
[1.535s] INFO:colcon.colcon_core.shell:Creating package script '/home/noah/mren_ws/install/trover_bringup/share/trover_bringup/package.bash'
[1.535s] INFO:colcon.colcon_core.shell:Creating package script '/home/noah/mren_ws/install/trover_bringup/share/trover_bringup/package.zsh'
[1.535s] Level 1:colcon.colcon_core.environment:create_file_with_runtime_dependencies(/home/noah/mren_ws/install/trover_bringup/share/colcon-core/packages/trover_bringup)
[1.535s] Level 1:colcon.colcon_core.environment:create_environment_scripts_only(trover_bringup)
[1.536s] Level 1:colcon.colcon_core.environment:checking '/home/noah/mren_ws/install/trover_bringup' for CMake module files
[1.536s] Level 1:colcon.colcon_core.environment:checking '/home/noah/mren_ws/install/trover_bringup' for CMake config files
[1.536s] Level 1:colcon.colcon_core.shell:create_environment_hook('trover_bringup', 'cmake_prefix_path')
[1.536s] INFO:colcon.colcon_core.shell:Creating environment hook '/home/noah/mren_ws/install/trover_bringup/share/trover_bringup/hook/cmake_prefix_path.ps1'
[1.536s] INFO:colcon.colcon_core.shell:Creating environment descriptor '/home/noah/mren_ws/install/trover_bringup/share/trover_bringup/hook/cmake_prefix_path.dsv'
[1.536s] INFO:colcon.colcon_core.shell:Creating environment hook '/home/noah/mren_ws/install/trover_bringup/share/trover_bringup/hook/cmake_prefix_path.sh'
[1.537s] Level 1:colcon.colcon_core.environment:checking '/home/noah/mren_ws/install/trover_bringup/bin'
[1.537s] Level 1:colcon.colcon_core.environment:checking '/home/noah/mren_ws/install/trover_bringup/lib/pkgconfig/trover_bringup.pc'
[1.537s] Level 1:colcon.colcon_core.environment:checking '/home/noah/mren_ws/install/trover_bringup/lib/python3.10/site-packages'
[1.537s] Level 1:colcon.colcon_core.environment:checking '/home/noah/mren_ws/install/trover_bringup/bin'
[1.537s] INFO:colcon.colcon_core.shell:Creating package script '/home/noah/mren_ws/install/trover_bringup/share/trover_bringup/package.ps1'
[1.537s] INFO:colcon.colcon_core.shell:Creating package descriptor '/home/noah/mren_ws/install/trover_bringup/share/trover_bringup/package.dsv'
[1.538s] INFO:colcon.colcon_core.shell:Creating package script '/home/noah/mren_ws/install/trover_bringup/share/trover_bringup/package.sh'
[1.538s] INFO:colcon.colcon_core.shell:Creating package script '/home/noah/mren_ws/install/trover_bringup/share/trover_bringup/package.bash'
[1.538s] INFO:colcon.colcon_core.shell:Creating package script '/home/noah/mren_ws/install/trover_bringup/share/trover_bringup/package.zsh'
[1.538s] Level 1:colcon.colcon_core.environment:create_file_with_runtime_dependencies(/home/noah/mren_ws/install/trover_bringup/share/colcon-core/packages/trover_bringup)
[1.538s] DEBUG:colcon.colcon_parallel_executor.executor.parallel:closing loop
[1.539s] DEBUG:colcon.colcon_parallel_executor.executor.parallel:loop closed
[1.539s] DEBUG:colcon.colcon_parallel_executor.executor.parallel:run_until_complete finished with '0'
[1.539s] DEBUG:colcon.colcon_core.event_reactor:joining thread
[1.543s] INFO:colcon.colcon_core.plugin_system:Skipping extension 'colcon_notification.desktop_notification.terminal_notifier': Not used on non-Darwin systems
[1.543s] INFO:colcon.colcon_core.plugin_system:Skipping extension 'colcon_notification.desktop_notification.win32': Not used on non-Windows systems
[1.543s] INFO:colcon.colcon_notification.desktop_notification:Sending desktop notification using 'notify2'
[1.558s] DEBUG:colcon.colcon_core.event_reactor:joined thread
[1.558s] INFO:colcon.colcon_core.shell:Creating prefix script '/home/noah/mren_ws/install/local_setup.ps1'
[1.559s] INFO:colcon.colcon_core.shell:Creating prefix util module '/home/noah/mren_ws/install/_local_setup_util_ps1.py'
[1.560s] INFO:colcon.colcon_core.shell:Creating prefix chain script '/home/noah/mren_ws/install/setup.ps1'
[1.560s] INFO:colcon.colcon_core.shell:Creating prefix script '/home/noah/mren_ws/install/local_setup.sh'
[1.561s] INFO:colcon.colcon_core.shell:Creating prefix util module '/home/noah/mren_ws/install/_local_setup_util_sh.py'
[1.561s] INFO:colcon.colcon_core.shell:Creating prefix chain script '/home/noah/mren_ws/install/setup.sh'
[1.562s] INFO:colcon.colcon_core.shell:Creating prefix script '/home/noah/mren_ws/install/local_setup.bash'
[1.563s] INFO:colcon.colcon_core.shell:Creating prefix chain script '/home/noah/mren_ws/install/setup.bash'
[1.563s] INFO:colcon.colcon_core.shell:Creating prefix script '/home/noah/mren_ws/install/local_setup.zsh'
[1.564s] INFO:colcon.colcon_core.shell:Creating prefix chain script '/home/noah/mren_ws/install/setup.zsh'
