[0.602s] Invoking command in '/home/noah/mren_ws/build/trover_drivers': CMAKE_PREFIX_PATH=/opt/ros/humble /usr/bin/cmake /home/noah/mren_ws/src/trover_drivers -DCMAKE_INSTALL_PREFIX=/home/noah/mren_ws/install/trover_drivers
[0.646s] -- The C compiler identification is GNU 11.4.0
[0.693s] -- The CXX compiler identification is GNU 11.4.0
[0.698s] -- Detecting C compiler ABI info
[0.755s] -- Detecting C compiler ABI info - done
[0.761s] -- Check for working C compiler: /usr/bin/cc - skipped
[0.761s] -- Detecting C compile features
[0.761s] -- Detecting C compile features - done
[0.763s] -- Detecting CXX compiler ABI info
[0.825s] -- Detecting CXX compiler ABI info - done
[0.831s] -- Check for working CXX compiler: /usr/bin/c++ - skipped
[0.831s] -- Detecting CXX compile features
[0.832s] -- Detecting CXX compile features - done
[0.833s] -- Found ament_cmake: 1.3.12 (/opt/ros/humble/share/ament_cmake/cmake)
[0.948s] -- Found Python3: /usr/bin/python3 (found version "3.10.12") found components: Interpreter 
[1.015s] -- Found ament_lint_auto: 0.12.14 (/opt/ros/humble/share/ament_lint_auto/cmake)
[1.070s] -- Added test 'lint_cmake' to check CMake code style
[1.071s] -- Added test 'xmllint' to check XML markup files
[1.071s] -- Configuring done
[1.073s] -- Generating done
[1.075s] -- Build files have been written to: /home/noah/mren_ws/build/trover_drivers
[1.084s] Invoked command in '/home/noah/mren_ws/build/trover_drivers' returned '0': CMAKE_PREFIX_PATH=/opt/ros/humble /usr/bin/cmake /home/noah/mren_ws/src/trover_drivers -DCMAKE_INSTALL_PREFIX=/home/noah/mren_ws/install/trover_drivers
[1.085s] Invoking command in '/home/noah/mren_ws/build/trover_drivers': CMAKE_PREFIX_PATH=/opt/ros/humble /usr/bin/cmake --build /home/noah/mren_ws/build/trover_drivers -- -j22 -l22
[1.112s] Invoked command in '/home/noah/mren_ws/build/trover_drivers' returned '0': CMAKE_PREFIX_PATH=/opt/ros/humble /usr/bin/cmake --build /home/noah/mren_ws/build/trover_drivers -- -j22 -l22
[1.113s] Invoking command in '/home/noah/mren_ws/build/trover_drivers': CMAKE_PREFIX_PATH=/opt/ros/humble /usr/bin/cmake --install /home/noah/mren_ws/build/trover_drivers
[1.117s] -- Install configuration: ""
[1.117s] -- Installing: /home/noah/mren_ws/install/trover_drivers/share/ament_index/resource_index/package_run_dependencies/trover_drivers
[1.117s] -- Installing: /home/noah/mren_ws/install/trover_drivers/share/ament_index/resource_index/parent_prefix_path/trover_drivers
[1.117s] -- Installing: /home/noah/mren_ws/install/trover_drivers/share/trover_drivers/environment/ament_prefix_path.sh
[1.117s] -- Installing: /home/noah/mren_ws/install/trover_drivers/share/trover_drivers/environment/ament_prefix_path.dsv
[1.117s] -- Installing: /home/noah/mren_ws/install/trover_drivers/share/trover_drivers/environment/path.sh
[1.117s] -- Installing: /home/noah/mren_ws/install/trover_drivers/share/trover_drivers/environment/path.dsv
[1.117s] -- Installing: /home/noah/mren_ws/install/trover_drivers/share/trover_drivers/local_setup.bash
[1.117s] -- Installing: /home/noah/mren_ws/install/trover_drivers/share/trover_drivers/local_setup.sh
[1.117s] -- Installing: /home/noah/mren_ws/install/trover_drivers/share/trover_drivers/local_setup.zsh
[1.117s] -- Installing: /home/noah/mren_ws/install/trover_drivers/share/trover_drivers/local_setup.dsv
[1.117s] -- Installing: /home/noah/mren_ws/install/trover_drivers/share/trover_drivers/package.dsv
[1.117s] -- Installing: /home/noah/mren_ws/install/trover_drivers/share/ament_index/resource_index/packages/trover_drivers
[1.118s] -- Installing: /home/noah/mren_ws/install/trover_drivers/share/trover_drivers/cmake/trover_driversConfig.cmake
[1.118s] -- Installing: /home/noah/mren_ws/install/trover_drivers/share/trover_drivers/cmake/trover_driversConfig-version.cmake
[1.118s] -- Installing: /home/noah/mren_ws/install/trover_drivers/share/trover_drivers/package.xml
[1.119s] Invoked command in '/home/noah/mren_ws/build/trover_drivers' returned '0': CMAKE_PREFIX_PATH=/opt/ros/humble /usr/bin/cmake --install /home/noah/mren_ws/build/trover_drivers
