[2.275s] Invoking command in '/home/elizabeth/MREN203_Trover/src/trover_navigation': PYTHONPATH=/home/elizabeth/MREN203_Trover/build/trover_navigation/prefix_override:/usr/lib/python3/dist-packages/colcon_core/task/python/colcon_distutils_commands:/home/elizabeth/MREN203_Trover/install/trover_navigation/lib/python3.10/site-packages:${PYTHONPATH} /usr/bin/python3 -W ignore:setup.py install is deprecated -W ignore:easy_install command is deprecated setup.py egg_info --egg-base ../../build/trover_navigation build --build-base /home/elizabeth/MREN203_Trover/build/trover_navigation/build install --record /home/elizabeth/MREN203_Trover/build/trover_navigation/install.log --single-version-externally-managed install_data
[2.846s] running egg_info
[2.886s] writing ../../build/trover_navigation/trover_navigation.egg-info/PKG-INFO
[2.886s] writing dependency_links to ../../build/trover_navigation/trover_navigation.egg-info/dependency_links.txt
[2.887s] writing entry points to ../../build/trover_navigation/trover_navigation.egg-info/entry_points.txt
[2.898s] writing requirements to ../../build/trover_navigation/trover_navigation.egg-info/requires.txt
[2.904s] writing top-level names to ../../build/trover_navigation/trover_navigation.egg-info/top_level.txt
[2.920s] reading manifest file '../../build/trover_navigation/trover_navigation.egg-info/SOURCES.txt'
[2.924s] writing manifest file '../../build/trover_navigation/trover_navigation.egg-info/SOURCES.txt'
[2.946s] running build
[2.946s] running build_py
[2.946s] running install
[2.976s] running install_lib
[2.983s] running install_data
[3.004s] running install_egg_info
[3.008s] removing '/home/elizabeth/MREN203_Trover/install/trover_navigation/lib/python3.10/site-packages/trover_navigation-0.0.0-py3.10.egg-info' (and everything under it)
[3.021s] Copying ../../build/trover_navigation/trover_navigation.egg-info to /home/elizabeth/MREN203_Trover/install/trover_navigation/lib/python3.10/site-packages/trover_navigation-0.0.0-py3.10.egg-info
[3.057s] running install_scripts
[3.185s] writing list of installed files to '/home/elizabeth/MREN203_Trover/build/trover_navigation/install.log'
[3.269s] Invoked command in '/home/elizabeth/MREN203_Trover/src/trover_navigation' returned '0': PYTHONPATH=/home/elizabeth/MREN203_Trover/build/trover_navigation/prefix_override:/usr/lib/python3/dist-packages/colcon_core/task/python/colcon_distutils_commands:/home/elizabeth/MREN203_Trover/install/trover_navigation/lib/python3.10/site-packages:${PYTHONPATH} /usr/bin/python3 -W ignore:setup.py install is deprecated -W ignore:easy_install command is deprecated setup.py egg_info --egg-base ../../build/trover_navigation build --build-base /home/elizabeth/MREN203_Trover/build/trover_navigation/build install --record /home/elizabeth/MREN203_Trover/build/trover_navigation/install.log --single-version-externally-managed install_data
