[2.829s] Invoking command in '/home/elizabeth/MREN203_Trover/src/trover_slam': PYTHONPATH=/home/elizabeth/MREN203_Trover/build/trover_slam/prefix_override:/usr/lib/python3/dist-packages/colcon_core/task/python/colcon_distutils_commands:/home/elizabeth/MREN203_Trover/install/trover_slam/lib/python3.10/site-packages:${PYTHONPATH} /usr/bin/python3 -W ignore:setup.py install is deprecated -W ignore:easy_install command is deprecated setup.py egg_info --egg-base ../../build/trover_slam build --build-base /home/elizabeth/MREN203_Trover/build/trover_slam/build install --record /home/elizabeth/MREN203_Trover/build/trover_slam/install.log --single-version-externally-managed install_data
[3.390s] running egg_info
[3.390s] writing ../../build/trover_slam/trover_slam.egg-info/PKG-INFO
[3.390s] writing dependency_links to ../../build/trover_slam/trover_slam.egg-info/dependency_links.txt
[3.390s] writing entry points to ../../build/trover_slam/trover_slam.egg-info/entry_points.txt
[3.391s] writing requirements to ../../build/trover_slam/trover_slam.egg-info/requires.txt
[3.391s] writing top-level names to ../../build/trover_slam/trover_slam.egg-info/top_level.txt
[3.408s] reading manifest file '../../build/trover_slam/trover_slam.egg-info/SOURCES.txt'
[3.419s] writing manifest file '../../build/trover_slam/trover_slam.egg-info/SOURCES.txt'
[3.428s] running build
[3.442s] running build_py
[3.442s] running install
[3.443s] running install_lib
[3.443s] running install_data
[3.446s] running install_egg_info
[3.472s] removing '/home/elizabeth/MREN203_Trover/install/trover_slam/lib/python3.10/site-packages/trover_slam-0.0.0-py3.10.egg-info' (and everything under it)
[3.472s] Copying ../../build/trover_slam/trover_slam.egg-info to /home/elizabeth/MREN203_Trover/install/trover_slam/lib/python3.10/site-packages/trover_slam-0.0.0-py3.10.egg-info
[3.516s] running install_scripts
[3.516s] writing list of installed files to '/home/elizabeth/MREN203_Trover/build/trover_slam/install.log'
[3.599s] Invoked command in '/home/elizabeth/MREN203_Trover/src/trover_slam' returned '0': PYTHONPATH=/home/elizabeth/MREN203_Trover/build/trover_slam/prefix_override:/usr/lib/python3/dist-packages/colcon_core/task/python/colcon_distutils_commands:/home/elizabeth/MREN203_Trover/install/trover_slam/lib/python3.10/site-packages:${PYTHONPATH} /usr/bin/python3 -W ignore:setup.py install is deprecated -W ignore:easy_install command is deprecated setup.py egg_info --egg-base ../../build/trover_slam build --build-base /home/elizabeth/MREN203_Trover/build/trover_slam/build install --record /home/elizabeth/MREN203_Trover/build/trover_slam/install.log --single-version-externally-managed install_data
