[2.070s] Invoking command in '/home/elizabeth/MREN203_Trover/src/trover_navigation': PYTHONPATH=/home/elizabeth/MREN203_Trover/build/trover_navigation/prefix_override:/usr/lib/python3/dist-packages/colcon_core/task/python/colcon_distutils_commands:/home/elizabeth/MREN203_Trover/install/trover_navigation/lib/python3.10/site-packages:${PYTHONPATH} /usr/bin/python3 -W ignore:setup.py install is deprecated -W ignore:easy_install command is deprecated setup.py egg_info --egg-base ../../build/trover_navigation build --build-base /home/elizabeth/MREN203_Trover/build/trover_navigation/build install --record /home/elizabeth/MREN203_Trover/build/trover_navigation/install.log --single-version-externally-managed install_data
[2.517s] running egg_info
[2.533s] writing ../../build/trover_navigation/trover_navigation.egg-info/PKG-INFO
[2.534s] writing dependency_links to ../../build/trover_navigation/trover_navigation.egg-info/dependency_links.txt
[2.536s] writing entry points to ../../build/trover_navigation/trover_navigation.egg-info/entry_points.txt
[2.572s] writing requirements to ../../build/trover_navigation/trover_navigation.egg-info/requires.txt
[2.572s] writing top-level names to ../../build/trover_navigation/trover_navigation.egg-info/top_level.txt
[2.593s] reading manifest file '../../build/trover_navigation/trover_navigation.egg-info/SOURCES.txt'
[2.598s] writing manifest file '../../build/trover_navigation/trover_navigation.egg-info/SOURCES.txt'
[2.601s] running build
[2.601s] running build_py
[2.607s] running install
[2.608s] running install_lib
[2.615s] running install_data
[2.629s] copying launch/navigation.launch.py -> /home/elizabeth/MREN203_Trover/install/trover_navigation/share/trover_navigation/launch
[2.634s] copying config/behavior_server.yaml -> /home/elizabeth/MREN203_Trover/install/trover_navigation/share/trover_navigation/config
[2.639s] copying behavior_tree/simple_navigation.xml -> /home/elizabeth/MREN203_Trover/install/trover_navigation/share/trover_navigation/behavior_tree
[2.639s] running install_egg_info
[2.643s] removing '/home/elizabeth/MREN203_Trover/install/trover_navigation/lib/python3.10/site-packages/trover_navigation-0.0.0-py3.10.egg-info' (and everything under it)
[2.646s] Copying ../../build/trover_navigation/trover_navigation.egg-info to /home/elizabeth/MREN203_Trover/install/trover_navigation/lib/python3.10/site-packages/trover_navigation-0.0.0-py3.10.egg-info
[2.716s] running install_scripts
[2.717s] writing list of installed files to '/home/elizabeth/MREN203_Trover/build/trover_navigation/install.log'
[2.873s] Invoked command in '/home/elizabeth/MREN203_Trover/src/trover_navigation' returned '0': PYTHONPATH=/home/elizabeth/MREN203_Trover/build/trover_navigation/prefix_override:/usr/lib/python3/dist-packages/colcon_core/task/python/colcon_distutils_commands:/home/elizabeth/MREN203_Trover/install/trover_navigation/lib/python3.10/site-packages:${PYTHONPATH} /usr/bin/python3 -W ignore:setup.py install is deprecated -W ignore:easy_install command is deprecated setup.py egg_info --egg-base ../../build/trover_navigation build --build-base /home/elizabeth/MREN203_Trover/build/trover_navigation/build install --record /home/elizabeth/MREN203_Trover/build/trover_navigation/install.log --single-version-externally-managed install_data
