[2.378s] Invoking command in '/home/elizabeth/MREN203_Trover/src/trover_navigation': PYTHONPATH=/home/elizabeth/MREN203_Trover/build/trover_navigation/prefix_override:/usr/lib/python3/dist-packages/colcon_core/task/python/colcon_distutils_commands:/home/elizabeth/MREN203_Trover/install/trover_navigation/lib/python3.10/site-packages:${PYTHONPATH} /usr/bin/python3 -W ignore:setup.py install is deprecated -W ignore:easy_install command is deprecated setup.py egg_info --egg-base ../../build/trover_navigation build --build-base /home/elizabeth/MREN203_Trover/build/trover_navigation/build install --record /home/elizabeth/MREN203_Trover/build/trover_navigation/install.log --single-version-externally-managed install_data
[2.725s] running egg_info
[2.725s] writing ../../build/trover_navigation/trover_navigation.egg-info/PKG-INFO
[2.733s] writing dependency_links to ../../build/trover_navigation/trover_navigation.egg-info/dependency_links.txt
[2.748s] writing entry points to ../../build/trover_navigation/trover_navigation.egg-info/entry_points.txt
[2.752s] writing requirements to ../../build/trover_navigation/trover_navigation.egg-info/requires.txt
[2.752s] writing top-level names to ../../build/trover_navigation/trover_navigation.egg-info/top_level.txt
[2.752s] reading manifest file '../../build/trover_navigation/trover_navigation.egg-info/SOURCES.txt'
[2.752s] writing manifest file '../../build/trover_navigation/trover_navigation.egg-info/SOURCES.txt'
[2.753s] running build
[2.757s] running build_py
[2.757s] running install
[2.757s] running install_lib
[2.770s] running install_data
[2.770s] copying config/controller_server.yaml -> /home/elizabeth/MREN203_Trover/install/trover_navigation/share/trover_navigation/config
[2.775s] running install_egg_info
[2.782s] removing '/home/elizabeth/MREN203_Trover/install/trover_navigation/lib/python3.10/site-packages/trover_navigation-0.0.0-py3.10.egg-info' (and everything under it)
[2.783s] Copying ../../build/trover_navigation/trover_navigation.egg-info to /home/elizabeth/MREN203_Trover/install/trover_navigation/lib/python3.10/site-packages/trover_navigation-0.0.0-py3.10.egg-info
[2.785s] running install_scripts
[2.819s] writing list of installed files to '/home/elizabeth/MREN203_Trover/build/trover_navigation/install.log'
[2.928s] Invoked command in '/home/elizabeth/MREN203_Trover/src/trover_navigation' returned '0': PYTHONPATH=/home/elizabeth/MREN203_Trover/build/trover_navigation/prefix_override:/usr/lib/python3/dist-packages/colcon_core/task/python/colcon_distutils_commands:/home/elizabeth/MREN203_Trover/install/trover_navigation/lib/python3.10/site-packages:${PYTHONPATH} /usr/bin/python3 -W ignore:setup.py install is deprecated -W ignore:easy_install command is deprecated setup.py egg_info --egg-base ../../build/trover_navigation build --build-base /home/elizabeth/MREN203_Trover/build/trover_navigation/build install --record /home/elizabeth/MREN203_Trover/build/trover_navigation/install.log --single-version-externally-managed install_data
