[0.908s] Invoking command in '/home/noah/mren_ws/src/trover_communication': PYTHONPATH=/home/noah/mren_ws/build/trover_communication/prefix_override:/usr/lib/python3/dist-packages/colcon_core/task/python/colcon_distutils_commands:/home/noah/mren_ws/install/trover_communication/lib/python3.10/site-packages:${PYTHONPATH} /usr/bin/python3 -W ignore:setup.py install is deprecated -W ignore:easy_install command is deprecated setup.py egg_info --egg-base ../../build/trover_communication build --build-base /home/noah/mren_ws/build/trover_communication/build install --record /home/noah/mren_ws/build/trover_communication/install.log --single-version-externally-managed install_data
[1.033s] running egg_info
[1.034s] writing ../../build/trover_communication/trover_communication.egg-info/PKG-INFO
[1.034s] writing dependency_links to ../../build/trover_communication/trover_communication.egg-info/dependency_links.txt
[1.034s] writing entry points to ../../build/trover_communication/trover_communication.egg-info/entry_points.txt
[1.034s] writing requirements to ../../build/trover_communication/trover_communication.egg-info/requires.txt
[1.034s] writing top-level names to ../../build/trover_communication/trover_communication.egg-info/top_level.txt
[1.035s] reading manifest file '../../build/trover_communication/trover_communication.egg-info/SOURCES.txt'
[1.042s] writing manifest file '../../build/trover_communication/trover_communication.egg-info/SOURCES.txt'
[1.042s] running build
[1.042s] running build_py
[1.042s] running install
[1.043s] running install_lib
[1.043s] running install_data
[1.044s] running install_egg_info
[1.048s] removing '/home/noah/mren_ws/install/trover_communication/lib/python3.10/site-packages/trover_communication-0.0.0-py3.10.egg-info' (and everything under it)
[1.048s] Copying ../../build/trover_communication/trover_communication.egg-info to /home/noah/mren_ws/install/trover_communication/lib/python3.10/site-packages/trover_communication-0.0.0-py3.10.egg-info
[1.048s] running install_scripts
[1.057s] Installing trover_serial_comm script to /home/noah/mren_ws/install/trover_communication/lib/trover_communication
[1.057s] writing list of installed files to '/home/noah/mren_ws/build/trover_communication/install.log'
[1.076s] Invoked command in '/home/noah/mren_ws/src/trover_communication' returned '0': PYTHONPATH=/home/noah/mren_ws/build/trover_communication/prefix_override:/usr/lib/python3/dist-packages/colcon_core/task/python/colcon_distutils_commands:/home/noah/mren_ws/install/trover_communication/lib/python3.10/site-packages:${PYTHONPATH} /usr/bin/python3 -W ignore:setup.py install is deprecated -W ignore:easy_install command is deprecated setup.py egg_info --egg-base ../../build/trover_communication build --build-base /home/noah/mren_ws/build/trover_communication/build install --record /home/noah/mren_ws/build/trover_communication/install.log --single-version-externally-managed install_data
