[1.716s] DEBUG:colcon:Command line arguments: ['/usr/bin/colcon', 'build']
[1.717s] DEBUG:colcon:Parsed command line arguments: Namespace(log_base=None, log_level=None, verb_name='build', build_base='build', install_base='install', merge_install=False, symlink_install=False, test_result_base=None, continue_on_error=False, executor='parallel', parallel_workers=2, event_handlers=None, ignore_user_meta=False, metas=['./colcon.meta'], base_paths=['.'], packages_ignore=None, packages_ignore_regex=None, paths=None, packages_up_to=None, packages_up_to_regex=None, packages_above=None, packages_above_and_dependencies=None, packages_above_depth=None, packages_select_by_dep=None, packages_skip_by_dep=None, packages_skip_up_to=None, packages_select_build_failed=False, packages_skip_build_finished=False, packages_select_test_failures=False, packages_skip_test_passed=False, packages_select=None, packages_skip=None, packages_select_regex=None, packages_skip_regex=None, packages_start=None, packages_end=None, allow_overriding=[], cmake_args=None, cmake_target=None, cmake_target_skip_unavailable=False, cmake_clean_cache=False, cmake_clean_first=False, cmake_force_configure=False, ament_cmake_args=None, catkin_cmake_args=None, catkin_skip_building_tests=False, verb_parser=<colcon_defaults.argument_parser.defaults.DefaultArgumentsDecorator object at 0x7c5d71b544f0>, verb_extension=<colcon_core.verb.build.BuildVerb object at 0x7c5d71b1fee0>, main=<bound method BuildVerb.main of <colcon_core.verb.build.BuildVerb object at 0x7c5d71b1fee0>>)
[3.319s] Level 1:colcon.colcon_core.package_discovery:discover_packages(colcon_meta) check parameters
[3.320s] Level 1:colcon.colcon_core.package_discovery:discover_packages(recursive) check parameters
[3.320s] Level 1:colcon.colcon_core.package_discovery:discover_packages(ignore) check parameters
[3.321s] Level 1:colcon.colcon_core.package_discovery:discover_packages(path) check parameters
[3.321s] Level 1:colcon.colcon_core.package_discovery:discover_packages(colcon_meta) discover
[3.321s] Level 1:colcon.colcon_core.package_discovery:discover_packages(recursive) discover
[3.321s] INFO:colcon.colcon_core.package_discovery:Crawling recursively for packages in '/home/elizabeth/MREN203_Trover'
[3.321s] Level 1:colcon.colcon_core.package_identification:_identify(.) by extensions ['ignore', 'ignore_ament_install']
[3.322s] Level 1:colcon.colcon_core.package_identification:_identify(.) by extension 'ignore'
[3.322s] Level 1:colcon.colcon_core.package_identification:_identify(.) by extension 'ignore_ament_install'
[3.322s] Level 1:colcon.colcon_core.package_identification:_identify(.) by extensions ['colcon_pkg']
[3.322s] Level 1:colcon.colcon_core.package_identification:_identify(.) by extension 'colcon_pkg'
[3.322s] Level 1:colcon.colcon_core.package_identification:_identify(.) by extensions ['colcon_meta']
[3.322s] Level 1:colcon.colcon_core.package_identification:_identify(.) by extension 'colcon_meta'
[3.323s] Level 1:colcon.colcon_core.package_identification:_identify(.) by extensions ['ros']
[3.323s] Level 1:colcon.colcon_core.package_identification:_identify(.) by extension 'ros'
[3.391s] Level 1:colcon.colcon_core.package_identification:_identify(.) by extensions ['cmake', 'python']
[3.392s] Level 1:colcon.colcon_core.package_identification:_identify(.) by extension 'cmake'
[3.392s] Level 1:colcon.colcon_core.package_identification:_identify(.) by extension 'python'
[3.392s] Level 1:colcon.colcon_core.package_identification:_identify(.) by extensions ['python_setup_py']
[3.392s] Level 1:colcon.colcon_core.package_identification:_identify(.) by extension 'python_setup_py'
[3.393s] Level 1:colcon.colcon_core.package_identification:_identify(MREN203_week4activities) by extensions ['ignore', 'ignore_ament_install']
[3.395s] Level 1:colcon.colcon_core.package_identification:_identify(MREN203_week4activities) by extension 'ignore'
[3.395s] Level 1:colcon.colcon_core.package_identification:_identify(MREN203_week4activities) by extension 'ignore_ament_install'
[3.395s] Level 1:colcon.colcon_core.package_identification:_identify(MREN203_week4activities) by extensions ['colcon_pkg']
[3.395s] Level 1:colcon.colcon_core.package_identification:_identify(MREN203_week4activities) by extension 'colcon_pkg'
[3.395s] Level 1:colcon.colcon_core.package_identification:_identify(MREN203_week4activities) by extensions ['colcon_meta']
[3.395s] Level 1:colcon.colcon_core.package_identification:_identify(MREN203_week4activities) by extension 'colcon_meta'
[3.395s] Level 1:colcon.colcon_core.package_identification:_identify(MREN203_week4activities) by extensions ['ros']
[3.395s] Level 1:colcon.colcon_core.package_identification:_identify(MREN203_week4activities) by extension 'ros'
[3.396s] Level 1:colcon.colcon_core.package_identification:_identify(MREN203_week4activities) by extensions ['cmake', 'python']
[3.396s] Level 1:colcon.colcon_core.package_identification:_identify(MREN203_week4activities) by extension 'cmake'
[3.396s] Level 1:colcon.colcon_core.package_identification:_identify(MREN203_week4activities) by extension 'python'
[3.396s] Level 1:colcon.colcon_core.package_identification:_identify(MREN203_week4activities) by extensions ['python_setup_py']
[3.396s] Level 1:colcon.colcon_core.package_identification:_identify(MREN203_week4activities) by extension 'python_setup_py'
[3.396s] Level 1:colcon.colcon_core.package_identification:_identify(MREN203_week4activities/trover_controls) by extensions ['ignore', 'ignore_ament_install']
[3.397s] Level 1:colcon.colcon_core.package_identification:_identify(MREN203_week4activities/trover_controls) by extension 'ignore'
[3.397s] Level 1:colcon.colcon_core.package_identification:_identify(MREN203_week4activities/trover_controls) by extension 'ignore_ament_install'
[3.398s] Level 1:colcon.colcon_core.package_identification:_identify(MREN203_week4activities/trover_controls) by extensions ['colcon_pkg']
[3.398s] Level 1:colcon.colcon_core.package_identification:_identify(MREN203_week4activities/trover_controls) by extension 'colcon_pkg'
[3.398s] Level 1:colcon.colcon_core.package_identification:_identify(MREN203_week4activities/trover_controls) by extensions ['colcon_meta']
[3.398s] Level 1:colcon.colcon_core.package_identification:_identify(MREN203_week4activities/trover_controls) by extension 'colcon_meta'
[3.398s] Level 1:colcon.colcon_core.package_identification:_identify(MREN203_week4activities/trover_controls) by extensions ['ros']
[3.398s] Level 1:colcon.colcon_core.package_identification:_identify(MREN203_week4activities/trover_controls) by extension 'ros'
[3.398s] Level 1:colcon.colcon_core.package_identification:_identify(MREN203_week4activities/trover_controls) by extensions ['cmake', 'python']
[3.398s] Level 1:colcon.colcon_core.package_identification:_identify(MREN203_week4activities/trover_controls) by extension 'cmake'
[3.398s] Level 1:colcon.colcon_core.package_identification:_identify(MREN203_week4activities/trover_controls) by extension 'python'
[3.399s] Level 1:colcon.colcon_core.package_identification:_identify(MREN203_week4activities/trover_controls) by extensions ['python_setup_py']
[3.399s] Level 1:colcon.colcon_core.package_identification:_identify(MREN203_week4activities/trover_controls) by extension 'python_setup_py'
[3.399s] Level 1:colcon.colcon_core.package_identification:_identify(MREN203_week4activities/trover_controls/include) by extensions ['ignore', 'ignore_ament_install']
[3.399s] Level 1:colcon.colcon_core.package_identification:_identify(MREN203_week4activities/trover_controls/include) by extension 'ignore'
[3.400s] Level 1:colcon.colcon_core.package_identification:_identify(MREN203_week4activities/trover_controls/include) by extension 'ignore_ament_install'
[3.400s] Level 1:colcon.colcon_core.package_identification:_identify(MREN203_week4activities/trover_controls/include) by extensions ['colcon_pkg']
[3.400s] Level 1:colcon.colcon_core.package_identification:_identify(MREN203_week4activities/trover_controls/include) by extension 'colcon_pkg'
[3.400s] Level 1:colcon.colcon_core.package_identification:_identify(MREN203_week4activities/trover_controls/include) by extensions ['colcon_meta']
[3.401s] Level 1:colcon.colcon_core.package_identification:_identify(MREN203_week4activities/trover_controls/include) by extension 'colcon_meta'
[3.401s] Level 1:colcon.colcon_core.package_identification:_identify(MREN203_week4activities/trover_controls/include) by extensions ['ros']
[3.401s] Level 1:colcon.colcon_core.package_identification:_identify(MREN203_week4activities/trover_controls/include) by extension 'ros'
[3.401s] Level 1:colcon.colcon_core.package_identification:_identify(MREN203_week4activities/trover_controls/include) by extensions ['cmake', 'python']
[3.401s] Level 1:colcon.colcon_core.package_identification:_identify(MREN203_week4activities/trover_controls/include) by extension 'cmake'
[3.401s] Level 1:colcon.colcon_core.package_identification:_identify(MREN203_week4activities/trover_controls/include) by extension 'python'
[3.401s] Level 1:colcon.colcon_core.package_identification:_identify(MREN203_week4activities/trover_controls/include) by extensions ['python_setup_py']
[3.401s] Level 1:colcon.colcon_core.package_identification:_identify(MREN203_week4activities/trover_controls/include) by extension 'python_setup_py'
[3.402s] Level 1:colcon.colcon_core.package_identification:_identify(MREN203_week4activities/trover_controls/src) by extensions ['ignore', 'ignore_ament_install']
[3.402s] Level 1:colcon.colcon_core.package_identification:_identify(MREN203_week4activities/trover_controls/src) by extension 'ignore'
[3.402s] Level 1:colcon.colcon_core.package_identification:_identify(MREN203_week4activities/trover_controls/src) by extension 'ignore_ament_install'
[3.402s] Level 1:colcon.colcon_core.package_identification:_identify(MREN203_week4activities/trover_controls/src) by extensions ['colcon_pkg']
[3.402s] Level 1:colcon.colcon_core.package_identification:_identify(MREN203_week4activities/trover_controls/src) by extension 'colcon_pkg'
[3.402s] Level 1:colcon.colcon_core.package_identification:_identify(MREN203_week4activities/trover_controls/src) by extensions ['colcon_meta']
[3.402s] Level 1:colcon.colcon_core.package_identification:_identify(MREN203_week4activities/trover_controls/src) by extension 'colcon_meta'
[3.402s] Level 1:colcon.colcon_core.package_identification:_identify(MREN203_week4activities/trover_controls/src) by extensions ['ros']
[3.402s] Level 1:colcon.colcon_core.package_identification:_identify(MREN203_week4activities/trover_controls/src) by extension 'ros'
[3.402s] Level 1:colcon.colcon_core.package_identification:_identify(MREN203_week4activities/trover_controls/src) by extensions ['cmake', 'python']
[3.402s] Level 1:colcon.colcon_core.package_identification:_identify(MREN203_week4activities/trover_controls/src) by extension 'cmake'
[3.402s] Level 1:colcon.colcon_core.package_identification:_identify(MREN203_week4activities/trover_controls/src) by extension 'python'
[3.402s] Level 1:colcon.colcon_core.package_identification:_identify(MREN203_week4activities/trover_controls/src) by extensions ['python_setup_py']
[3.402s] Level 1:colcon.colcon_core.package_identification:_identify(MREN203_week4activities/trover_controls/src) by extension 'python_setup_py'
[3.403s] Level 1:colcon.colcon_core.package_identification:_identify(MREN203_week4activities/trover_controls/test) by extensions ['ignore', 'ignore_ament_install']
[3.403s] Level 1:colcon.colcon_core.package_identification:_identify(MREN203_week4activities/trover_controls/test) by extension 'ignore'
[3.403s] Level 1:colcon.colcon_core.package_identification:_identify(MREN203_week4activities/trover_controls/test) by extension 'ignore_ament_install'
[3.403s] Level 1:colcon.colcon_core.package_identification:_identify(MREN203_week4activities/trover_controls/test) by extensions ['colcon_pkg']
[3.403s] Level 1:colcon.colcon_core.package_identification:_identify(MREN203_week4activities/trover_controls/test) by extension 'colcon_pkg'
[3.403s] Level 1:colcon.colcon_core.package_identification:_identify(MREN203_week4activities/trover_controls/test) by extensions ['colcon_meta']
[3.403s] Level 1:colcon.colcon_core.package_identification:_identify(MREN203_week4activities/trover_controls/test) by extension 'colcon_meta'
[3.404s] Level 1:colcon.colcon_core.package_identification:_identify(MREN203_week4activities/trover_controls/test) by extensions ['ros']
[3.404s] Level 1:colcon.colcon_core.package_identification:_identify(MREN203_week4activities/trover_controls/test) by extension 'ros'
[3.404s] Level 1:colcon.colcon_core.package_identification:_identify(MREN203_week4activities/trover_controls/test) by extensions ['cmake', 'python']
[3.404s] Level 1:colcon.colcon_core.package_identification:_identify(MREN203_week4activities/trover_controls/test) by extension 'cmake'
[3.404s] Level 1:colcon.colcon_core.package_identification:_identify(MREN203_week4activities/trover_controls/test) by extension 'python'
[3.405s] Level 1:colcon.colcon_core.package_identification:_identify(MREN203_week4activities/trover_controls/test) by extensions ['python_setup_py']
[3.405s] Level 1:colcon.colcon_core.package_identification:_identify(MREN203_week4activities/trover_controls/test) by extension 'python_setup_py'
[3.405s] Level 1:colcon.colcon_core.package_identification:_identify(MREN203_week4activities/trover_controls/unused) by extensions ['ignore', 'ignore_ament_install']
[3.405s] Level 1:colcon.colcon_core.package_identification:_identify(MREN203_week4activities/trover_controls/unused) by extension 'ignore'
[3.405s] Level 1:colcon.colcon_core.package_identification:_identify(MREN203_week4activities/trover_controls/unused) by extension 'ignore_ament_install'
[3.405s] Level 1:colcon.colcon_core.package_identification:_identify(MREN203_week4activities/trover_controls/unused) by extensions ['colcon_pkg']
[3.405s] Level 1:colcon.colcon_core.package_identification:_identify(MREN203_week4activities/trover_controls/unused) by extension 'colcon_pkg'
[3.405s] Level 1:colcon.colcon_core.package_identification:_identify(MREN203_week4activities/trover_controls/unused) by extensions ['colcon_meta']
[3.405s] Level 1:colcon.colcon_core.package_identification:_identify(MREN203_week4activities/trover_controls/unused) by extension 'colcon_meta'
[3.405s] Level 1:colcon.colcon_core.package_identification:_identify(MREN203_week4activities/trover_controls/unused) by extensions ['ros']
[3.405s] Level 1:colcon.colcon_core.package_identification:_identify(MREN203_week4activities/trover_controls/unused) by extension 'ros'
[3.407s] Level 1:colcon.colcon_core.package_identification:_identify(MREN203_week4activities/trover_controls/unused) by extensions ['cmake', 'python']
[3.407s] Level 1:colcon.colcon_core.package_identification:_identify(MREN203_week4activities/trover_controls/unused) by extension 'cmake'
[3.407s] Level 1:colcon.colcon_core.package_identification:_identify(MREN203_week4activities/trover_controls/unused) by extension 'python'
[3.407s] Level 1:colcon.colcon_core.package_identification:_identify(MREN203_week4activities/trover_controls/unused) by extensions ['python_setup_py']
[3.407s] Level 1:colcon.colcon_core.package_identification:_identify(MREN203_week4activities/trover_controls/unused) by extension 'python_setup_py'
[3.407s] Level 1:colcon.colcon_core.package_identification:_identify(build) by extensions ['ignore', 'ignore_ament_install']
[3.410s] Level 1:colcon.colcon_core.package_identification:_identify(build) by extension 'ignore'
[3.410s] Level 1:colcon.colcon_core.package_identification:_identify(build) ignored
[3.410s] Level 1:colcon.colcon_core.package_identification:_identify(install) by extensions ['ignore', 'ignore_ament_install']
[3.410s] Level 1:colcon.colcon_core.package_identification:_identify(install) by extension 'ignore'
[3.410s] Level 1:colcon.colcon_core.package_identification:_identify(install) ignored
[3.411s] Level 1:colcon.colcon_core.package_identification:_identify(log) by extensions ['ignore', 'ignore_ament_install']
[3.411s] Level 1:colcon.colcon_core.package_identification:_identify(log) by extension 'ignore'
[3.411s] Level 1:colcon.colcon_core.package_identification:_identify(log) ignored
[3.411s] Level 1:colcon.colcon_core.package_identification:_identify(src) by extensions ['ignore', 'ignore_ament_install']
[3.411s] Level 1:colcon.colcon_core.package_identification:_identify(src) by extension 'ignore'
[3.412s] Level 1:colcon.colcon_core.package_identification:_identify(src) by extension 'ignore_ament_install'
[3.412s] Level 1:colcon.colcon_core.package_identification:_identify(src) by extensions ['colcon_pkg']
[3.412s] Level 1:colcon.colcon_core.package_identification:_identify(src) by extension 'colcon_pkg'
[3.412s] Level 1:colcon.colcon_core.package_identification:_identify(src) by extensions ['colcon_meta']
[3.412s] Level 1:colcon.colcon_core.package_identification:_identify(src) by extension 'colcon_meta'
[3.412s] Level 1:colcon.colcon_core.package_identification:_identify(src) by extensions ['ros']
[3.412s] Level 1:colcon.colcon_core.package_identification:_identify(src) by extension 'ros'
[3.412s] Level 1:colcon.colcon_core.package_identification:_identify(src) by extensions ['cmake', 'python']
[3.412s] Level 1:colcon.colcon_core.package_identification:_identify(src) by extension 'cmake'
[3.412s] Level 1:colcon.colcon_core.package_identification:_identify(src) by extension 'python'
[3.413s] Level 1:colcon.colcon_core.package_identification:_identify(src) by extensions ['python_setup_py']
[3.413s] Level 1:colcon.colcon_core.package_identification:_identify(src) by extension 'python_setup_py'
[3.413s] Level 1:colcon.colcon_core.package_identification:_identify(src/trover_bringup) by extensions ['ignore', 'ignore_ament_install']
[3.413s] Level 1:colcon.colcon_core.package_identification:_identify(src/trover_bringup) by extension 'ignore'
[3.413s] Level 1:colcon.colcon_core.package_identification:_identify(src/trover_bringup) by extension 'ignore_ament_install'
[3.413s] Level 1:colcon.colcon_core.package_identification:_identify(src/trover_bringup) by extensions ['colcon_pkg']
[3.413s] Level 1:colcon.colcon_core.package_identification:_identify(src/trover_bringup) by extension 'colcon_pkg'
[3.413s] Level 1:colcon.colcon_core.package_identification:_identify(src/trover_bringup) by extensions ['colcon_meta']
[3.413s] Level 1:colcon.colcon_core.package_identification:_identify(src/trover_bringup) by extension 'colcon_meta'
[3.413s] Level 1:colcon.colcon_core.package_identification:_identify(src/trover_bringup) by extensions ['ros']
[3.413s] Level 1:colcon.colcon_core.package_identification:_identify(src/trover_bringup) by extension 'ros'
[3.427s] DEBUG:colcon.colcon_core.package_identification:Package 'src/trover_bringup' with type 'ros.ament_cmake' and name 'trover_bringup'
[3.430s] Level 1:colcon.colcon_core.package_identification:_identify(src/trover_communication) by extensions ['ignore', 'ignore_ament_install']
[3.430s] Level 1:colcon.colcon_core.package_identification:_identify(src/trover_communication) by extension 'ignore'
[3.430s] Level 1:colcon.colcon_core.package_identification:_identify(src/trover_communication) by extension 'ignore_ament_install'
[3.430s] Level 1:colcon.colcon_core.package_identification:_identify(src/trover_communication) by extensions ['colcon_pkg']
[3.430s] Level 1:colcon.colcon_core.package_identification:_identify(src/trover_communication) by extension 'colcon_pkg'
[3.430s] Level 1:colcon.colcon_core.package_identification:_identify(src/trover_communication) by extensions ['colcon_meta']
[3.430s] Level 1:colcon.colcon_core.package_identification:_identify(src/trover_communication) by extension 'colcon_meta'
[3.430s] Level 1:colcon.colcon_core.package_identification:_identify(src/trover_communication) by extensions ['ros']
[3.431s] Level 1:colcon.colcon_core.package_identification:_identify(src/trover_communication) by extension 'ros'
[3.434s] DEBUG:colcon.colcon_core.package_identification:Package 'src/trover_communication' with type 'ros.ament_python' and name 'trover_communication'
[3.434s] Level 1:colcon.colcon_core.package_identification:_identify(src/trover_description) by extensions ['ignore', 'ignore_ament_install']
[3.436s] Level 1:colcon.colcon_core.package_identification:_identify(src/trover_description) by extension 'ignore'
[3.437s] Level 1:colcon.colcon_core.package_identification:_identify(src/trover_description) by extension 'ignore_ament_install'
[3.437s] Level 1:colcon.colcon_core.package_identification:_identify(src/trover_description) by extensions ['colcon_pkg']
[3.437s] Level 1:colcon.colcon_core.package_identification:_identify(src/trover_description) by extension 'colcon_pkg'
[3.437s] Level 1:colcon.colcon_core.package_identification:_identify(src/trover_description) by extensions ['colcon_meta']
[3.437s] Level 1:colcon.colcon_core.package_identification:_identify(src/trover_description) by extension 'colcon_meta'
[3.437s] Level 1:colcon.colcon_core.package_identification:_identify(src/trover_description) by extensions ['ros']
[3.437s] Level 1:colcon.colcon_core.package_identification:_identify(src/trover_description) by extension 'ros'
[3.441s] DEBUG:colcon.colcon_core.package_identification:Package 'src/trover_description' with type 'ros.ament_cmake' and name 'trover_description'
[3.442s] Level 1:colcon.colcon_core.package_identification:_identify(src/trover_drivers) by extensions ['ignore', 'ignore_ament_install']
[3.442s] Level 1:colcon.colcon_core.package_identification:_identify(src/trover_drivers) by extension 'ignore'
[3.442s] Level 1:colcon.colcon_core.package_identification:_identify(src/trover_drivers) by extension 'ignore_ament_install'
[3.442s] Level 1:colcon.colcon_core.package_identification:_identify(src/trover_drivers) by extensions ['colcon_pkg']
[3.443s] Level 1:colcon.colcon_core.package_identification:_identify(src/trover_drivers) by extension 'colcon_pkg'
[3.443s] Level 1:colcon.colcon_core.package_identification:_identify(src/trover_drivers) by extensions ['colcon_meta']
[3.443s] Level 1:colcon.colcon_core.package_identification:_identify(src/trover_drivers) by extension 'colcon_meta'
[3.443s] Level 1:colcon.colcon_core.package_identification:_identify(src/trover_drivers) by extensions ['ros']
[3.443s] Level 1:colcon.colcon_core.package_identification:_identify(src/trover_drivers) by extension 'ros'
[3.446s] DEBUG:colcon.colcon_core.package_identification:Package 'src/trover_drivers' with type 'ros.ament_cmake' and name 'trover_drivers'
[3.446s] Level 1:colcon.colcon_core.package_identification:_identify(src/trover_navigation) by extensions ['ignore', 'ignore_ament_install']
[3.447s] Level 1:colcon.colcon_core.package_identification:_identify(src/trover_navigation) by extension 'ignore'
[3.450s] Level 1:colcon.colcon_core.package_identification:_identify(src/trover_navigation) by extension 'ignore_ament_install'
[3.450s] Level 1:colcon.colcon_core.package_identification:_identify(src/trover_navigation) by extensions ['colcon_pkg']
[3.450s] Level 1:colcon.colcon_core.package_identification:_identify(src/trover_navigation) by extension 'colcon_pkg'
[3.450s] Level 1:colcon.colcon_core.package_identification:_identify(src/trover_navigation) by extensions ['colcon_meta']
[3.450s] Level 1:colcon.colcon_core.package_identification:_identify(src/trover_navigation) by extension 'colcon_meta'
[3.451s] Level 1:colcon.colcon_core.package_identification:_identify(src/trover_navigation) by extensions ['ros']
[3.451s] Level 1:colcon.colcon_core.package_identification:_identify(src/trover_navigation) by extension 'ros'
[3.454s] DEBUG:colcon.colcon_core.package_identification:Package 'src/trover_navigation' with type 'ros.ament_python' and name 'trover_navigation'
[3.454s] Level 1:colcon.colcon_core.package_identification:_identify(src/trover_slam) by extensions ['ignore', 'ignore_ament_install']
[3.455s] Level 1:colcon.colcon_core.package_identification:_identify(src/trover_slam) by extension 'ignore'
[3.455s] Level 1:colcon.colcon_core.package_identification:_identify(src/trover_slam) by extension 'ignore_ament_install'
[3.455s] Level 1:colcon.colcon_core.package_identification:_identify(src/trover_slam) by extensions ['colcon_pkg']
[3.455s] Level 1:colcon.colcon_core.package_identification:_identify(src/trover_slam) by extension 'colcon_pkg'
[3.455s] Level 1:colcon.colcon_core.package_identification:_identify(src/trover_slam) by extensions ['colcon_meta']
[3.455s] Level 1:colcon.colcon_core.package_identification:_identify(src/trover_slam) by extension 'colcon_meta'
[3.455s] Level 1:colcon.colcon_core.package_identification:_identify(src/trover_slam) by extensions ['ros']
[3.455s] Level 1:colcon.colcon_core.package_identification:_identify(src/trover_slam) by extension 'ros'
[3.458s] DEBUG:colcon.colcon_core.package_identification:Package 'src/trover_slam' with type 'ros.ament_python' and name 'trover_slam'
[3.459s] Level 1:colcon.colcon_core.package_identification:_identify(src/trover_state_estimation) by extensions ['ignore', 'ignore_ament_install']
[3.460s] Level 1:colcon.colcon_core.package_identification:_identify(src/trover_state_estimation) by extension 'ignore'
[3.461s] Level 1:colcon.colcon_core.package_identification:_identify(src/trover_state_estimation) by extension 'ignore_ament_install'
[3.461s] Level 1:colcon.colcon_core.package_identification:_identify(src/trover_state_estimation) by extensions ['colcon_pkg']
[3.461s] Level 1:colcon.colcon_core.package_identification:_identify(src/trover_state_estimation) by extension 'colcon_pkg'
[3.461s] Level 1:colcon.colcon_core.package_identification:_identify(src/trover_state_estimation) by extensions ['colcon_meta']
[3.461s] Level 1:colcon.colcon_core.package_identification:_identify(src/trover_state_estimation) by extension 'colcon_meta'
[3.461s] Level 1:colcon.colcon_core.package_identification:_identify(src/trover_state_estimation) by extensions ['ros']
[3.461s] Level 1:colcon.colcon_core.package_identification:_identify(src/trover_state_estimation) by extension 'ros'
[3.464s] DEBUG:colcon.colcon_core.package_identification:Package 'src/trover_state_estimation' with type 'ros.ament_python' and name 'trover_state_estimation'
[3.464s] Level 1:colcon.colcon_core.package_discovery:discover_packages(recursive) using defaults
[3.464s] Level 1:colcon.colcon_core.package_discovery:discover_packages(ignore) discover
[3.464s] Level 1:colcon.colcon_core.package_discovery:discover_packages(ignore) using defaults
[3.464s] Level 1:colcon.colcon_core.package_discovery:discover_packages(path) discover
[3.464s] Level 1:colcon.colcon_core.package_discovery:discover_packages(path) using defaults
[3.637s] Level 1:colcon.colcon_core.package_discovery:discover_packages(prefix_path) check parameters
[3.639s] Level 1:colcon.colcon_core.package_discovery:discover_packages(prefix_path) discover
[3.663s] DEBUG:colcon.colcon_installed_package_information.package_discovery:Found 7 installed packages in /home/elizabeth/MREN203_Trover/install
[3.675s] DEBUG:colcon.colcon_installed_package_information.package_discovery:Found 327 installed packages in /opt/ros/humble
[3.695s] Level 1:colcon.colcon_core.package_discovery:discover_packages(prefix_path) using defaults
[4.402s] Level 5:colcon.colcon_core.verb:set package 'trover_communication' build argument 'cmake_args' from command line to 'None'
[4.402s] Level 5:colcon.colcon_core.verb:set package 'trover_communication' build argument 'cmake_target' from command line to 'None'
[4.402s] Level 5:colcon.colcon_core.verb:set package 'trover_communication' build argument 'cmake_target_skip_unavailable' from command line to 'False'
[4.402s] Level 5:colcon.colcon_core.verb:set package 'trover_communication' build argument 'cmake_clean_cache' from command line to 'False'
[4.402s] Level 5:colcon.colcon_core.verb:set package 'trover_communication' build argument 'cmake_clean_first' from command line to 'False'
[4.402s] Level 5:colcon.colcon_core.verb:set package 'trover_communication' build argument 'cmake_force_configure' from command line to 'False'
[4.402s] Level 5:colcon.colcon_core.verb:set package 'trover_communication' build argument 'ament_cmake_args' from command line to 'None'
[4.402s] Level 5:colcon.colcon_core.verb:set package 'trover_communication' build argument 'catkin_cmake_args' from command line to 'None'
[4.402s] Level 5:colcon.colcon_core.verb:set package 'trover_communication' build argument 'catkin_skip_building_tests' from command line to 'False'
[4.402s] DEBUG:colcon.colcon_core.verb:Building package 'trover_communication' with the following arguments: {'ament_cmake_args': None, 'build_base': '/home/elizabeth/MREN203_Trover/build/trover_communication', 'catkin_cmake_args': None, 'catkin_skip_building_tests': False, 'cmake_args': None, 'cmake_clean_cache': False, 'cmake_clean_first': False, 'cmake_force_configure': False, 'cmake_target': None, 'cmake_target_skip_unavailable': False, 'install_base': '/home/elizabeth/MREN203_Trover/install/trover_communication', 'merge_install': False, 'path': '/home/elizabeth/MREN203_Trover/src/trover_communication', 'symlink_install': False, 'test_result_base': None}
[4.403s] Level 5:colcon.colcon_core.verb:set package 'trover_description' build argument 'cmake_args' from command line to 'None'
[4.403s] Level 5:colcon.colcon_core.verb:set package 'trover_description' build argument 'cmake_target' from command line to 'None'
[4.403s] Level 5:colcon.colcon_core.verb:set package 'trover_description' build argument 'cmake_target_skip_unavailable' from command line to 'False'
[4.403s] Level 5:colcon.colcon_core.verb:set package 'trover_description' build argument 'cmake_clean_cache' from command line to 'False'
[4.403s] Level 5:colcon.colcon_core.verb:set package 'trover_description' build argument 'cmake_clean_first' from command line to 'False'
[4.403s] Level 5:colcon.colcon_core.verb:set package 'trover_description' build argument 'cmake_force_configure' from command line to 'False'
[4.403s] Level 5:colcon.colcon_core.verb:set package 'trover_description' build argument 'ament_cmake_args' from command line to 'None'
[4.404s] Level 5:colcon.colcon_core.verb:set package 'trover_description' build argument 'catkin_cmake_args' from command line to 'None'
[4.404s] Level 5:colcon.colcon_core.verb:set package 'trover_description' build argument 'catkin_skip_building_tests' from command line to 'False'
[4.404s] DEBUG:colcon.colcon_core.verb:Building package 'trover_description' with the following arguments: {'ament_cmake_args': None, 'build_base': '/home/elizabeth/MREN203_Trover/build/trover_description', 'catkin_cmake_args': None, 'catkin_skip_building_tests': False, 'cmake_args': None, 'cmake_clean_cache': False, 'cmake_clean_first': False, 'cmake_force_configure': False, 'cmake_target': None, 'cmake_target_skip_unavailable': False, 'install_base': '/home/elizabeth/MREN203_Trover/install/trover_description', 'merge_install': False, 'path': '/home/elizabeth/MREN203_Trover/src/trover_description', 'symlink_install': False, 'test_result_base': None}
[4.405s] Level 5:colcon.colcon_core.verb:set package 'trover_drivers' build argument 'cmake_args' from command line to 'None'
[4.406s] Level 5:colcon.colcon_core.verb:set package 'trover_drivers' build argument 'cmake_target' from command line to 'None'
[4.406s] Level 5:colcon.colcon_core.verb:set package 'trover_drivers' build argument 'cmake_target_skip_unavailable' from command line to 'False'
[4.406s] Level 5:colcon.colcon_core.verb:set package 'trover_drivers' build argument 'cmake_clean_cache' from command line to 'False'
[4.406s] Level 5:colcon.colcon_core.verb:set package 'trover_drivers' build argument 'cmake_clean_first' from command line to 'False'
[4.406s] Level 5:colcon.colcon_core.verb:set package 'trover_drivers' build argument 'cmake_force_configure' from command line to 'False'
[4.406s] Level 5:colcon.colcon_core.verb:set package 'trover_drivers' build argument 'ament_cmake_args' from command line to 'None'
[4.406s] Level 5:colcon.colcon_core.verb:set package 'trover_drivers' build argument 'catkin_cmake_args' from command line to 'None'
[4.406s] Level 5:colcon.colcon_core.verb:set package 'trover_drivers' build argument 'catkin_skip_building_tests' from command line to 'False'
[4.406s] DEBUG:colcon.colcon_core.verb:Building package 'trover_drivers' with the following arguments: {'ament_cmake_args': None, 'build_base': '/home/elizabeth/MREN203_Trover/build/trover_drivers', 'catkin_cmake_args': None, 'catkin_skip_building_tests': False, 'cmake_args': None, 'cmake_clean_cache': False, 'cmake_clean_first': False, 'cmake_force_configure': False, 'cmake_target': None, 'cmake_target_skip_unavailable': False, 'install_base': '/home/elizabeth/MREN203_Trover/install/trover_drivers', 'merge_install': False, 'path': '/home/elizabeth/MREN203_Trover/src/trover_drivers', 'symlink_install': False, 'test_result_base': None}
[4.408s] Level 5:colcon.colcon_core.verb:set package 'trover_navigation' build argument 'cmake_args' from command line to 'None'
[4.408s] Level 5:colcon.colcon_core.verb:set package 'trover_navigation' build argument 'cmake_target' from command line to 'None'
[4.410s] Level 5:colcon.colcon_core.verb:set package 'trover_navigation' build argument 'cmake_target_skip_unavailable' from command line to 'False'
[4.410s] Level 5:colcon.colcon_core.verb:set package 'trover_navigation' build argument 'cmake_clean_cache' from command line to 'False'
[4.410s] Level 5:colcon.colcon_core.verb:set package 'trover_navigation' build argument 'cmake_clean_first' from command line to 'False'
[4.410s] Level 5:colcon.colcon_core.verb:set package 'trover_navigation' build argument 'cmake_force_configure' from command line to 'False'
[4.410s] Level 5:colcon.colcon_core.verb:set package 'trover_navigation' build argument 'ament_cmake_args' from command line to 'None'
[4.410s] Level 5:colcon.colcon_core.verb:set package 'trover_navigation' build argument 'catkin_cmake_args' from command line to 'None'
[4.410s] Level 5:colcon.colcon_core.verb:set package 'trover_navigation' build argument 'catkin_skip_building_tests' from command line to 'False'
[4.411s] DEBUG:colcon.colcon_core.verb:Building package 'trover_navigation' with the following arguments: {'ament_cmake_args': None, 'build_base': '/home/elizabeth/MREN203_Trover/build/trover_navigation', 'catkin_cmake_args': None, 'catkin_skip_building_tests': False, 'cmake_args': None, 'cmake_clean_cache': False, 'cmake_clean_first': False, 'cmake_force_configure': False, 'cmake_target': None, 'cmake_target_skip_unavailable': False, 'install_base': '/home/elizabeth/MREN203_Trover/install/trover_navigation', 'merge_install': False, 'path': '/home/elizabeth/MREN203_Trover/src/trover_navigation', 'symlink_install': False, 'test_result_base': None}
[4.411s] Level 5:colcon.colcon_core.verb:set package 'trover_slam' build argument 'cmake_args' from command line to 'None'
[4.412s] Level 5:colcon.colcon_core.verb:set package 'trover_slam' build argument 'cmake_target' from command line to 'None'
[4.412s] Level 5:colcon.colcon_core.verb:set package 'trover_slam' build argument 'cmake_target_skip_unavailable' from command line to 'False'
[4.412s] Level 5:colcon.colcon_core.verb:set package 'trover_slam' build argument 'cmake_clean_cache' from command line to 'False'
[4.412s] Level 5:colcon.colcon_core.verb:set package 'trover_slam' build argument 'cmake_clean_first' from command line to 'False'
[4.412s] Level 5:colcon.colcon_core.verb:set package 'trover_slam' build argument 'cmake_force_configure' from command line to 'False'
[4.412s] Level 5:colcon.colcon_core.verb:set package 'trover_slam' build argument 'ament_cmake_args' from command line to 'None'
[4.412s] Level 5:colcon.colcon_core.verb:set package 'trover_slam' build argument 'catkin_cmake_args' from command line to 'None'
[4.412s] Level 5:colcon.colcon_core.verb:set package 'trover_slam' build argument 'catkin_skip_building_tests' from command line to 'False'
[4.412s] DEBUG:colcon.colcon_core.verb:Building package 'trover_slam' with the following arguments: {'ament_cmake_args': None, 'build_base': '/home/elizabeth/MREN203_Trover/build/trover_slam', 'catkin_cmake_args': None, 'catkin_skip_building_tests': False, 'cmake_args': None, 'cmake_clean_cache': False, 'cmake_clean_first': False, 'cmake_force_configure': False, 'cmake_target': None, 'cmake_target_skip_unavailable': False, 'install_base': '/home/elizabeth/MREN203_Trover/install/trover_slam', 'merge_install': False, 'path': '/home/elizabeth/MREN203_Trover/src/trover_slam', 'symlink_install': False, 'test_result_base': None}
[4.412s] Level 5:colcon.colcon_core.verb:set package 'trover_state_estimation' build argument 'cmake_args' from command line to 'None'
[4.412s] Level 5:colcon.colcon_core.verb:set package 'trover_state_estimation' build argument 'cmake_target' from command line to 'None'
[4.412s] Level 5:colcon.colcon_core.verb:set package 'trover_state_estimation' build argument 'cmake_target_skip_unavailable' from command line to 'False'
[4.412s] Level 5:colcon.colcon_core.verb:set package 'trover_state_estimation' build argument 'cmake_clean_cache' from command line to 'False'
[4.412s] Level 5:colcon.colcon_core.verb:set package 'trover_state_estimation' build argument 'cmake_clean_first' from command line to 'False'
[4.412s] Level 5:colcon.colcon_core.verb:set package 'trover_state_estimation' build argument 'cmake_force_configure' from command line to 'False'
[4.412s] Level 5:colcon.colcon_core.verb:set package 'trover_state_estimation' build argument 'ament_cmake_args' from command line to 'None'
[4.412s] Level 5:colcon.colcon_core.verb:set package 'trover_state_estimation' build argument 'catkin_cmake_args' from command line to 'None'
[4.413s] Level 5:colcon.colcon_core.verb:set package 'trover_state_estimation' build argument 'catkin_skip_building_tests' from command line to 'False'
[4.413s] DEBUG:colcon.colcon_core.verb:Building package 'trover_state_estimation' with the following arguments: {'ament_cmake_args': None, 'build_base': '/home/elizabeth/MREN203_Trover/build/trover_state_estimation', 'catkin_cmake_args': None, 'catkin_skip_building_tests': False, 'cmake_args': None, 'cmake_clean_cache': False, 'cmake_clean_first': False, 'cmake_force_configure': False, 'cmake_target': None, 'cmake_target_skip_unavailable': False, 'install_base': '/home/elizabeth/MREN203_Trover/install/trover_state_estimation', 'merge_install': False, 'path': '/home/elizabeth/MREN203_Trover/src/trover_state_estimation', 'symlink_install': False, 'test_result_base': None}
[4.414s] Level 5:colcon.colcon_core.verb:set package 'trover_bringup' build argument 'cmake_args' from command line to 'None'
[4.414s] Level 5:colcon.colcon_core.verb:set package 'trover_bringup' build argument 'cmake_target' from command line to 'None'
[4.414s] Level 5:colcon.colcon_core.verb:set package 'trover_bringup' build argument 'cmake_target_skip_unavailable' from command line to 'False'
[4.414s] Level 5:colcon.colcon_core.verb:set package 'trover_bringup' build argument 'cmake_clean_cache' from command line to 'False'
[4.414s] Level 5:colcon.colcon_core.verb:set package 'trover_bringup' build argument 'cmake_clean_first' from command line to 'False'
[4.414s] Level 5:colcon.colcon_core.verb:set package 'trover_bringup' build argument 'cmake_force_configure' from command line to 'False'
[4.414s] Level 5:colcon.colcon_core.verb:set package 'trover_bringup' build argument 'ament_cmake_args' from command line to 'None'
[4.414s] Level 5:colcon.colcon_core.verb:set package 'trover_bringup' build argument 'catkin_cmake_args' from command line to 'None'
[4.415s] Level 5:colcon.colcon_core.verb:set package 'trover_bringup' build argument 'catkin_skip_building_tests' from command line to 'False'
[4.415s] DEBUG:colcon.colcon_core.verb:Building package 'trover_bringup' with the following arguments: {'ament_cmake_args': None, 'build_base': '/home/elizabeth/MREN203_Trover/build/trover_bringup', 'catkin_cmake_args': None, 'catkin_skip_building_tests': False, 'cmake_args': None, 'cmake_clean_cache': False, 'cmake_clean_first': False, 'cmake_force_configure': False, 'cmake_target': None, 'cmake_target_skip_unavailable': False, 'install_base': '/home/elizabeth/MREN203_Trover/install/trover_bringup', 'merge_install': False, 'path': '/home/elizabeth/MREN203_Trover/src/trover_bringup', 'symlink_install': False, 'test_result_base': None}
[4.415s] INFO:colcon.colcon_core.executor:Executing jobs using 'parallel' executor
[4.417s] DEBUG:colcon.colcon_parallel_executor.executor.parallel:run_until_complete
[4.418s] INFO:colcon.colcon_ros.task.ament_cmake.build:Building ROS package in '/home/elizabeth/MREN203_Trover/src/trover_description' with build type 'ament_cmake'
[4.418s] INFO:colcon.colcon_cmake.task.cmake.build:Building CMake package in '/home/elizabeth/MREN203_Trover/src/trover_description'
[4.484s] INFO:colcon.colcon_core.plugin_system:Skipping extension 'colcon_core.shell.bat': Not used on non-Windows systems
[4.484s] INFO:colcon.colcon_core.shell:Skip shell extension 'powershell' for command environment: Not usable outside of PowerShell
[4.484s] DEBUG:colcon.colcon_core.shell:Skip shell extension 'dsv' for command environment
[4.501s] INFO:colcon.colcon_ros.task.ament_python.build:Building ROS package in '/home/elizabeth/MREN203_Trover/src/trover_navigation' with build type 'ament_python'
[4.501s] Level 1:colcon.colcon_core.shell:create_environment_hook('trover_navigation', 'ament_prefix_path')
[4.502s] INFO:colcon.colcon_core.shell:Creating environment hook '/home/elizabeth/MREN203_Trover/install/trover_navigation/share/trover_navigation/hook/ament_prefix_path.ps1'
[4.516s] INFO:colcon.colcon_core.shell:Creating environment descriptor '/home/elizabeth/MREN203_Trover/install/trover_navigation/share/trover_navigation/hook/ament_prefix_path.dsv'
[4.530s] INFO:colcon.colcon_core.shell:Creating environment hook '/home/elizabeth/MREN203_Trover/install/trover_navigation/share/trover_navigation/hook/ament_prefix_path.sh'
[4.539s] INFO:colcon.colcon_core.shell:Skip shell extension 'powershell' for command environment: Not usable outside of PowerShell
[4.540s] DEBUG:colcon.colcon_core.shell:Skip shell extension 'dsv' for command environment
[4.584s] DEBUG:colcon.colcon_core.event_handler.log_command:Invoking command in '/home/elizabeth/MREN203_Trover/build/trover_description': CMAKE_PREFIX_PATH=${CMAKE_PREFIX_PATH}:/home/elizabeth/MREN203_Trover/install/trover_state_estimation:/home/elizabeth/MREN203_Trover/install/trover_slam:/home/elizabeth/MREN203_Trover/install/trover_navigation:/home/elizabeth/MREN203_Trover/install/trover_communication:/opt/ros/humble /usr/bin/cmake --build /home/elizabeth/MREN203_Trover/build/trover_description -- -j2 -l2
[5.654s] INFO:colcon.colcon_core.task.python.build:Building Python package in '/home/elizabeth/MREN203_Trover/src/trover_navigation'
[5.654s] INFO:colcon.colcon_core.shell:Skip shell extension 'powershell' for command environment: Not usable outside of PowerShell
[5.655s] DEBUG:colcon.colcon_core.shell:Skip shell extension 'dsv' for command environment
[5.690s] DEBUG:colcon.colcon_core.event_handler.log_command:Invoked command in '/home/elizabeth/MREN203_Trover/build/trover_description' returned '0': CMAKE_PREFIX_PATH=${CMAKE_PREFIX_PATH}:/home/elizabeth/MREN203_Trover/install/trover_state_estimation:/home/elizabeth/MREN203_Trover/install/trover_slam:/home/elizabeth/MREN203_Trover/install/trover_navigation:/home/elizabeth/MREN203_Trover/install/trover_communication:/opt/ros/humble /usr/bin/cmake --build /home/elizabeth/MREN203_Trover/build/trover_description -- -j2 -l2
[5.767s] DEBUG:colcon.colcon_core.event_handler.log_command:Invoking command in '/home/elizabeth/MREN203_Trover/build/trover_description': CMAKE_PREFIX_PATH=${CMAKE_PREFIX_PATH}:/home/elizabeth/MREN203_Trover/install/trover_state_estimation:/home/elizabeth/MREN203_Trover/install/trover_slam:/home/elizabeth/MREN203_Trover/install/trover_navigation:/home/elizabeth/MREN203_Trover/install/trover_communication:/opt/ros/humble /usr/bin/cmake --install /home/elizabeth/MREN203_Trover/build/trover_description
[6.037s] Level 1:colcon.colcon_core.environment:create_environment_scripts_only(trover_description)
[6.038s] DEBUG:colcon.colcon_core.event_handler.log_command:Invoked command in '/home/elizabeth/MREN203_Trover/build/trover_description' returned '0': CMAKE_PREFIX_PATH=${CMAKE_PREFIX_PATH}:/home/elizabeth/MREN203_Trover/install/trover_state_estimation:/home/elizabeth/MREN203_Trover/install/trover_slam:/home/elizabeth/MREN203_Trover/install/trover_navigation:/home/elizabeth/MREN203_Trover/install/trover_communication:/opt/ros/humble /usr/bin/cmake --install /home/elizabeth/MREN203_Trover/build/trover_description
[6.100s] Level 1:colcon.colcon_core.environment:checking '/home/elizabeth/MREN203_Trover/install/trover_description' for CMake module files
[6.103s] Level 1:colcon.colcon_core.environment:checking '/home/elizabeth/MREN203_Trover/install/trover_description' for CMake config files
[6.122s] Level 1:colcon.colcon_core.shell:create_environment_hook('trover_description', 'cmake_prefix_path')
[6.123s] INFO:colcon.colcon_core.shell:Creating environment hook '/home/elizabeth/MREN203_Trover/install/trover_description/share/trover_description/hook/cmake_prefix_path.ps1'
[6.125s] INFO:colcon.colcon_core.shell:Creating environment descriptor '/home/elizabeth/MREN203_Trover/install/trover_description/share/trover_description/hook/cmake_prefix_path.dsv'
[6.127s] INFO:colcon.colcon_core.shell:Creating environment hook '/home/elizabeth/MREN203_Trover/install/trover_description/share/trover_description/hook/cmake_prefix_path.sh'
[6.131s] Level 1:colcon.colcon_core.environment:checking '/home/elizabeth/MREN203_Trover/install/trover_description/bin'
[6.131s] Level 1:colcon.colcon_core.environment:checking '/home/elizabeth/MREN203_Trover/install/trover_description/lib/pkgconfig/trover_description.pc'
[6.131s] Level 1:colcon.colcon_core.environment:checking '/home/elizabeth/MREN203_Trover/install/trover_description/lib/python3.10/site-packages'
[6.132s] Level 1:colcon.colcon_core.environment:checking '/home/elizabeth/MREN203_Trover/install/trover_description/bin'
[6.132s] INFO:colcon.colcon_core.shell:Creating package script '/home/elizabeth/MREN203_Trover/install/trover_description/share/trover_description/package.ps1'
[6.138s] INFO:colcon.colcon_core.shell:Creating package descriptor '/home/elizabeth/MREN203_Trover/install/trover_description/share/trover_description/package.dsv'
[6.145s] INFO:colcon.colcon_core.shell:Creating package script '/home/elizabeth/MREN203_Trover/install/trover_description/share/trover_description/package.sh'
[6.150s] INFO:colcon.colcon_core.shell:Creating package script '/home/elizabeth/MREN203_Trover/install/trover_description/share/trover_description/package.bash'
[6.154s] INFO:colcon.colcon_core.shell:Creating package script '/home/elizabeth/MREN203_Trover/install/trover_description/share/trover_description/package.zsh'
[6.161s] Level 1:colcon.colcon_core.environment:create_file_with_runtime_dependencies(/home/elizabeth/MREN203_Trover/install/trover_description/share/colcon-core/packages/trover_description)
[6.170s] Level 1:colcon.colcon_core.environment:create_environment_scripts_only(trover_description)
[6.171s] Level 1:colcon.colcon_core.environment:checking '/home/elizabeth/MREN203_Trover/install/trover_description' for CMake module files
[6.172s] Level 1:colcon.colcon_core.environment:checking '/home/elizabeth/MREN203_Trover/install/trover_description' for CMake config files
[6.178s] Level 1:colcon.colcon_core.shell:create_environment_hook('trover_description', 'cmake_prefix_path')
[6.179s] INFO:colcon.colcon_core.shell:Creating environment hook '/home/elizabeth/MREN203_Trover/install/trover_description/share/trover_description/hook/cmake_prefix_path.ps1'
[6.181s] INFO:colcon.colcon_core.shell:Creating environment descriptor '/home/elizabeth/MREN203_Trover/install/trover_description/share/trover_description/hook/cmake_prefix_path.dsv'
[6.184s] INFO:colcon.colcon_core.shell:Creating environment hook '/home/elizabeth/MREN203_Trover/install/trover_description/share/trover_description/hook/cmake_prefix_path.sh'
[6.187s] Level 1:colcon.colcon_core.environment:checking '/home/elizabeth/MREN203_Trover/install/trover_description/bin'
[6.188s] Level 1:colcon.colcon_core.environment:checking '/home/elizabeth/MREN203_Trover/install/trover_description/lib/pkgconfig/trover_description.pc'
[6.188s] Level 1:colcon.colcon_core.environment:checking '/home/elizabeth/MREN203_Trover/install/trover_description/lib/python3.10/site-packages'
[6.188s] Level 1:colcon.colcon_core.environment:checking '/home/elizabeth/MREN203_Trover/install/trover_description/bin'
[6.189s] INFO:colcon.colcon_core.shell:Creating package script '/home/elizabeth/MREN203_Trover/install/trover_description/share/trover_description/package.ps1'
[6.192s] INFO:colcon.colcon_core.shell:Creating package descriptor '/home/elizabeth/MREN203_Trover/install/trover_description/share/trover_description/package.dsv'
[6.195s] INFO:colcon.colcon_core.shell:Creating package script '/home/elizabeth/MREN203_Trover/install/trover_description/share/trover_description/package.sh'
[6.197s] INFO:colcon.colcon_core.shell:Creating package script '/home/elizabeth/MREN203_Trover/install/trover_description/share/trover_description/package.bash'
[6.212s] INFO:colcon.colcon_core.shell:Creating package script '/home/elizabeth/MREN203_Trover/install/trover_description/share/trover_description/package.zsh'
[6.216s] Level 1:colcon.colcon_core.environment:create_file_with_runtime_dependencies(/home/elizabeth/MREN203_Trover/install/trover_description/share/colcon-core/packages/trover_description)
[6.220s] INFO:colcon.colcon_ros.task.ament_python.build:Building ROS package in '/home/elizabeth/MREN203_Trover/src/trover_slam' with build type 'ament_python'
[6.220s] Level 1:colcon.colcon_core.shell:create_environment_hook('trover_slam', 'ament_prefix_path')
[6.220s] INFO:colcon.colcon_core.shell:Creating environment hook '/home/elizabeth/MREN203_Trover/install/trover_slam/share/trover_slam/hook/ament_prefix_path.ps1'
[6.226s] INFO:colcon.colcon_core.shell:Creating environment descriptor '/home/elizabeth/MREN203_Trover/install/trover_slam/share/trover_slam/hook/ament_prefix_path.dsv'
[6.227s] INFO:colcon.colcon_core.shell:Creating environment hook '/home/elizabeth/MREN203_Trover/install/trover_slam/share/trover_slam/hook/ament_prefix_path.sh'
[6.250s] INFO:colcon.colcon_core.shell:Skip shell extension 'powershell' for command environment: Not usable outside of PowerShell
[6.250s] DEBUG:colcon.colcon_core.shell:Skip shell extension 'dsv' for command environment
[7.068s] INFO:colcon.colcon_core.task.python.build:Building Python package in '/home/elizabeth/MREN203_Trover/src/trover_slam'
[7.069s] INFO:colcon.colcon_core.shell:Skip shell extension 'powershell' for command environment: Not usable outside of PowerShell
[7.069s] DEBUG:colcon.colcon_core.shell:Skip shell extension 'dsv' for command environment
[7.134s] DEBUG:colcon.colcon_core.event_handler.log_command:Invoking command in '/home/elizabeth/MREN203_Trover/src/trover_navigation': PYTHONPATH=/home/elizabeth/MREN203_Trover/build/trover_navigation/prefix_override:/usr/lib/python3/dist-packages/colcon_core/task/python/colcon_distutils_commands:/home/elizabeth/MREN203_Trover/install/trover_navigation/lib/python3.10/site-packages:${PYTHONPATH} /usr/bin/python3 -W ignore:setup.py install is deprecated -W ignore:easy_install command is deprecated setup.py egg_info --egg-base ../../build/trover_navigation build --build-base /home/elizabeth/MREN203_Trover/build/trover_navigation/build install --record /home/elizabeth/MREN203_Trover/build/trover_navigation/install.log --single-version-externally-managed install_data
[7.818s] DEBUG:colcon.colcon_core.event_handler.log_command:Invoking command in '/home/elizabeth/MREN203_Trover/src/trover_slam': PYTHONPATH=/home/elizabeth/MREN203_Trover/build/trover_slam/prefix_override:/usr/lib/python3/dist-packages/colcon_core/task/python/colcon_distutils_commands:/home/elizabeth/MREN203_Trover/install/trover_slam/lib/python3.10/site-packages:${PYTHONPATH} /usr/bin/python3 -W ignore:setup.py install is deprecated -W ignore:easy_install command is deprecated setup.py egg_info --egg-base ../../build/trover_slam build --build-base /home/elizabeth/MREN203_Trover/build/trover_slam/build install --record /home/elizabeth/MREN203_Trover/build/trover_slam/install.log --single-version-externally-managed install_data
[7.820s] Level 1:colcon.colcon_core.environment:checking '/home/elizabeth/MREN203_Trover/install/trover_navigation' for CMake module files
[7.831s] Level 1:colcon.colcon_core.environment:checking '/home/elizabeth/MREN203_Trover/install/trover_navigation' for CMake config files
[7.835s] DEBUG:colcon.colcon_core.event_handler.log_command:Invoked command in '/home/elizabeth/MREN203_Trover/src/trover_navigation' returned '0': PYTHONPATH=/home/elizabeth/MREN203_Trover/build/trover_navigation/prefix_override:/usr/lib/python3/dist-packages/colcon_core/task/python/colcon_distutils_commands:/home/elizabeth/MREN203_Trover/install/trover_navigation/lib/python3.10/site-packages:${PYTHONPATH} /usr/bin/python3 -W ignore:setup.py install is deprecated -W ignore:easy_install command is deprecated setup.py egg_info --egg-base ../../build/trover_navigation build --build-base /home/elizabeth/MREN203_Trover/build/trover_navigation/build install --record /home/elizabeth/MREN203_Trover/build/trover_navigation/install.log --single-version-externally-managed install_data
[7.847s] Level 1:colcon.colcon_core.environment:checking '/home/elizabeth/MREN203_Trover/install/trover_navigation/lib'
[7.847s] Level 1:colcon.colcon_core.environment:checking '/home/elizabeth/MREN203_Trover/install/trover_navigation/bin'
[7.847s] Level 1:colcon.colcon_core.environment:checking '/home/elizabeth/MREN203_Trover/install/trover_navigation/lib/pkgconfig/trover_navigation.pc'
[7.847s] Level 1:colcon.colcon_core.environment:checking '/home/elizabeth/MREN203_Trover/install/trover_navigation/lib/python3.10/site-packages'
[7.847s] Level 1:colcon.colcon_core.shell:create_environment_hook('trover_navigation', 'pythonpath')
[7.848s] INFO:colcon.colcon_core.shell:Creating environment hook '/home/elizabeth/MREN203_Trover/install/trover_navigation/share/trover_navigation/hook/pythonpath.ps1'
[7.854s] INFO:colcon.colcon_core.shell:Creating environment descriptor '/home/elizabeth/MREN203_Trover/install/trover_navigation/share/trover_navigation/hook/pythonpath.dsv'
[7.863s] INFO:colcon.colcon_core.shell:Creating environment hook '/home/elizabeth/MREN203_Trover/install/trover_navigation/share/trover_navigation/hook/pythonpath.sh'
[7.875s] Level 1:colcon.colcon_core.environment:checking '/home/elizabeth/MREN203_Trover/install/trover_navigation/bin'
[7.876s] Level 1:colcon.colcon_core.environment:create_environment_scripts_only(trover_navigation)
[7.876s] INFO:colcon.colcon_core.shell:Creating package script '/home/elizabeth/MREN203_Trover/install/trover_navigation/share/trover_navigation/package.ps1'
[7.879s] INFO:colcon.colcon_core.shell:Creating package descriptor '/home/elizabeth/MREN203_Trover/install/trover_navigation/share/trover_navigation/package.dsv'
[7.883s] INFO:colcon.colcon_core.shell:Creating package script '/home/elizabeth/MREN203_Trover/install/trover_navigation/share/trover_navigation/package.sh'
[7.884s] INFO:colcon.colcon_core.shell:Creating package script '/home/elizabeth/MREN203_Trover/install/trover_navigation/share/trover_navigation/package.bash'
[7.888s] INFO:colcon.colcon_core.shell:Creating package script '/home/elizabeth/MREN203_Trover/install/trover_navigation/share/trover_navigation/package.zsh'
[7.892s] Level 1:colcon.colcon_core.environment:create_file_with_runtime_dependencies(/home/elizabeth/MREN203_Trover/install/trover_navigation/share/colcon-core/packages/trover_navigation)
[7.900s] INFO:colcon.colcon_ros.task.ament_python.build:Building ROS package in '/home/elizabeth/MREN203_Trover/src/trover_state_estimation' with build type 'ament_python'
[7.900s] Level 1:colcon.colcon_core.shell:create_environment_hook('trover_state_estimation', 'ament_prefix_path')
[7.900s] INFO:colcon.colcon_core.shell:Creating environment hook '/home/elizabeth/MREN203_Trover/install/trover_state_estimation/share/trover_state_estimation/hook/ament_prefix_path.ps1'
[7.901s] INFO:colcon.colcon_core.shell:Creating environment descriptor '/home/elizabeth/MREN203_Trover/install/trover_state_estimation/share/trover_state_estimation/hook/ament_prefix_path.dsv'
[7.915s] INFO:colcon.colcon_core.shell:Creating environment hook '/home/elizabeth/MREN203_Trover/install/trover_state_estimation/share/trover_state_estimation/hook/ament_prefix_path.sh'
[7.929s] INFO:colcon.colcon_core.shell:Skip shell extension 'powershell' for command environment: Not usable outside of PowerShell
[7.929s] DEBUG:colcon.colcon_core.shell:Skip shell extension 'dsv' for command environment
[8.513s] INFO:colcon.colcon_core.task.python.build:Building Python package in '/home/elizabeth/MREN203_Trover/src/trover_state_estimation'
[8.513s] INFO:colcon.colcon_core.shell:Skip shell extension 'powershell' for command environment: Not usable outside of PowerShell
[8.513s] DEBUG:colcon.colcon_core.shell:Skip shell extension 'dsv' for command environment
[8.566s] Level 1:colcon.colcon_core.environment:checking '/home/elizabeth/MREN203_Trover/install/trover_slam' for CMake module files
[8.568s] DEBUG:colcon.colcon_core.event_handler.log_command:Invoked command in '/home/elizabeth/MREN203_Trover/src/trover_slam' returned '0': PYTHONPATH=/home/elizabeth/MREN203_Trover/build/trover_slam/prefix_override:/usr/lib/python3/dist-packages/colcon_core/task/python/colcon_distutils_commands:/home/elizabeth/MREN203_Trover/install/trover_slam/lib/python3.10/site-packages:${PYTHONPATH} /usr/bin/python3 -W ignore:setup.py install is deprecated -W ignore:easy_install command is deprecated setup.py egg_info --egg-base ../../build/trover_slam build --build-base /home/elizabeth/MREN203_Trover/build/trover_slam/build install --record /home/elizabeth/MREN203_Trover/build/trover_slam/install.log --single-version-externally-managed install_data
[8.576s] Level 1:colcon.colcon_core.environment:checking '/home/elizabeth/MREN203_Trover/install/trover_slam' for CMake config files
[8.582s] Level 1:colcon.colcon_core.environment:checking '/home/elizabeth/MREN203_Trover/install/trover_slam/lib'
[8.582s] Level 1:colcon.colcon_core.environment:checking '/home/elizabeth/MREN203_Trover/install/trover_slam/bin'
[8.582s] Level 1:colcon.colcon_core.environment:checking '/home/elizabeth/MREN203_Trover/install/trover_slam/lib/pkgconfig/trover_slam.pc'
[8.583s] Level 1:colcon.colcon_core.environment:checking '/home/elizabeth/MREN203_Trover/install/trover_slam/lib/python3.10/site-packages'
[8.583s] Level 1:colcon.colcon_core.shell:create_environment_hook('trover_slam', 'pythonpath')
[8.583s] INFO:colcon.colcon_core.shell:Creating environment hook '/home/elizabeth/MREN203_Trover/install/trover_slam/share/trover_slam/hook/pythonpath.ps1'
[8.585s] INFO:colcon.colcon_core.shell:Creating environment descriptor '/home/elizabeth/MREN203_Trover/install/trover_slam/share/trover_slam/hook/pythonpath.dsv'
[8.588s] INFO:colcon.colcon_core.shell:Creating environment hook '/home/elizabeth/MREN203_Trover/install/trover_slam/share/trover_slam/hook/pythonpath.sh'
[8.591s] Level 1:colcon.colcon_core.environment:checking '/home/elizabeth/MREN203_Trover/install/trover_slam/bin'
[8.591s] Level 1:colcon.colcon_core.environment:create_environment_scripts_only(trover_slam)
[8.592s] INFO:colcon.colcon_core.shell:Creating package script '/home/elizabeth/MREN203_Trover/install/trover_slam/share/trover_slam/package.ps1'
[8.596s] INFO:colcon.colcon_core.shell:Creating package descriptor '/home/elizabeth/MREN203_Trover/install/trover_slam/share/trover_slam/package.dsv'
[8.599s] INFO:colcon.colcon_core.shell:Creating package script '/home/elizabeth/MREN203_Trover/install/trover_slam/share/trover_slam/package.sh'
[8.602s] INFO:colcon.colcon_core.shell:Creating package script '/home/elizabeth/MREN203_Trover/install/trover_slam/share/trover_slam/package.bash'
[8.604s] INFO:colcon.colcon_core.shell:Creating package script '/home/elizabeth/MREN203_Trover/install/trover_slam/share/trover_slam/package.zsh'
[8.608s] Level 1:colcon.colcon_core.environment:create_file_with_runtime_dependencies(/home/elizabeth/MREN203_Trover/install/trover_slam/share/colcon-core/packages/trover_slam)
[8.611s] INFO:colcon.colcon_ros.task.ament_python.build:Building ROS package in '/home/elizabeth/MREN203_Trover/src/trover_communication' with build type 'ament_python'
[8.612s] Level 1:colcon.colcon_core.shell:create_environment_hook('trover_communication', 'ament_prefix_path')
[8.612s] INFO:colcon.colcon_core.shell:Creating environment hook '/home/elizabeth/MREN203_Trover/install/trover_communication/share/trover_communication/hook/ament_prefix_path.ps1'
[8.615s] INFO:colcon.colcon_core.shell:Creating environment descriptor '/home/elizabeth/MREN203_Trover/install/trover_communication/share/trover_communication/hook/ament_prefix_path.dsv'
[8.624s] INFO:colcon.colcon_core.shell:Creating environment hook '/home/elizabeth/MREN203_Trover/install/trover_communication/share/trover_communication/hook/ament_prefix_path.sh'
[8.629s] INFO:colcon.colcon_core.shell:Skip shell extension 'powershell' for command environment: Not usable outside of PowerShell
[8.630s] DEBUG:colcon.colcon_core.shell:Skip shell extension 'dsv' for command environment
[9.256s] INFO:colcon.colcon_core.task.python.build:Building Python package in '/home/elizabeth/MREN203_Trover/src/trover_communication'
[9.256s] INFO:colcon.colcon_core.shell:Skip shell extension 'powershell' for command environment: Not usable outside of PowerShell
[9.256s] DEBUG:colcon.colcon_core.shell:Skip shell extension 'dsv' for command environment
[9.464s] DEBUG:colcon.colcon_core.event_handler.log_command:Invoking command in '/home/elizabeth/MREN203_Trover/src/trover_state_estimation': PYTHONPATH=/home/elizabeth/MREN203_Trover/build/trover_state_estimation/prefix_override:/usr/lib/python3/dist-packages/colcon_core/task/python/colcon_distutils_commands:/home/elizabeth/MREN203_Trover/install/trover_state_estimation/lib/python3.10/site-packages:${PYTHONPATH} /usr/bin/python3 -W ignore:setup.py install is deprecated -W ignore:easy_install command is deprecated setup.py egg_info --egg-base ../../build/trover_state_estimation build --build-base /home/elizabeth/MREN203_Trover/build/trover_state_estimation/build install --record /home/elizabeth/MREN203_Trover/build/trover_state_estimation/install.log --single-version-externally-managed install_data
[9.991s] DEBUG:colcon.colcon_core.event_handler.log_command:Invoking command in '/home/elizabeth/MREN203_Trover/src/trover_communication': PYTHONPATH=/home/elizabeth/MREN203_Trover/build/trover_communication/prefix_override:/usr/lib/python3/dist-packages/colcon_core/task/python/colcon_distutils_commands:/home/elizabeth/MREN203_Trover/install/trover_communication/lib/python3.10/site-packages:${PYTHONPATH} /usr/bin/python3 -W ignore:setup.py install is deprecated -W ignore:easy_install command is deprecated setup.py egg_info --egg-base ../../build/trover_communication build --build-base /home/elizabeth/MREN203_Trover/build/trover_communication/build install --record /home/elizabeth/MREN203_Trover/build/trover_communication/install.log --single-version-externally-managed install_data
[10.108s] Level 1:colcon.colcon_core.environment:checking '/home/elizabeth/MREN203_Trover/install/trover_state_estimation' for CMake module files
[10.135s] DEBUG:colcon.colcon_core.event_handler.log_command:Invoked command in '/home/elizabeth/MREN203_Trover/src/trover_state_estimation' returned '0': PYTHONPATH=/home/elizabeth/MREN203_Trover/build/trover_state_estimation/prefix_override:/usr/lib/python3/dist-packages/colcon_core/task/python/colcon_distutils_commands:/home/elizabeth/MREN203_Trover/install/trover_state_estimation/lib/python3.10/site-packages:${PYTHONPATH} /usr/bin/python3 -W ignore:setup.py install is deprecated -W ignore:easy_install command is deprecated setup.py egg_info --egg-base ../../build/trover_state_estimation build --build-base /home/elizabeth/MREN203_Trover/build/trover_state_estimation/build install --record /home/elizabeth/MREN203_Trover/build/trover_state_estimation/install.log --single-version-externally-managed install_data
[10.137s] Level 1:colcon.colcon_core.environment:checking '/home/elizabeth/MREN203_Trover/install/trover_state_estimation' for CMake config files
[10.149s] Level 1:colcon.colcon_core.environment:checking '/home/elizabeth/MREN203_Trover/install/trover_state_estimation/lib'
[10.159s] Level 1:colcon.colcon_core.environment:checking '/home/elizabeth/MREN203_Trover/install/trover_state_estimation/bin'
[10.159s] Level 1:colcon.colcon_core.environment:checking '/home/elizabeth/MREN203_Trover/install/trover_state_estimation/lib/pkgconfig/trover_state_estimation.pc'
[10.159s] Level 1:colcon.colcon_core.environment:checking '/home/elizabeth/MREN203_Trover/install/trover_state_estimation/lib/python3.10/site-packages'
[10.160s] Level 1:colcon.colcon_core.shell:create_environment_hook('trover_state_estimation', 'pythonpath')
[10.160s] INFO:colcon.colcon_core.shell:Creating environment hook '/home/elizabeth/MREN203_Trover/install/trover_state_estimation/share/trover_state_estimation/hook/pythonpath.ps1'
[10.164s] INFO:colcon.colcon_core.shell:Creating environment descriptor '/home/elizabeth/MREN203_Trover/install/trover_state_estimation/share/trover_state_estimation/hook/pythonpath.dsv'
[10.168s] INFO:colcon.colcon_core.shell:Creating environment hook '/home/elizabeth/MREN203_Trover/install/trover_state_estimation/share/trover_state_estimation/hook/pythonpath.sh'
[10.172s] Level 1:colcon.colcon_core.environment:checking '/home/elizabeth/MREN203_Trover/install/trover_state_estimation/bin'
[10.172s] Level 1:colcon.colcon_core.environment:create_environment_scripts_only(trover_state_estimation)
[10.173s] INFO:colcon.colcon_core.shell:Creating package script '/home/elizabeth/MREN203_Trover/install/trover_state_estimation/share/trover_state_estimation/package.ps1'
[10.175s] INFO:colcon.colcon_core.shell:Creating package descriptor '/home/elizabeth/MREN203_Trover/install/trover_state_estimation/share/trover_state_estimation/package.dsv'
[10.179s] INFO:colcon.colcon_core.shell:Creating package script '/home/elizabeth/MREN203_Trover/install/trover_state_estimation/share/trover_state_estimation/package.sh'
[10.183s] INFO:colcon.colcon_core.shell:Creating package script '/home/elizabeth/MREN203_Trover/install/trover_state_estimation/share/trover_state_estimation/package.bash'
[10.194s] INFO:colcon.colcon_core.shell:Creating package script '/home/elizabeth/MREN203_Trover/install/trover_state_estimation/share/trover_state_estimation/package.zsh'
[10.196s] Level 1:colcon.colcon_core.environment:create_file_with_runtime_dependencies(/home/elizabeth/MREN203_Trover/install/trover_state_estimation/share/colcon-core/packages/trover_state_estimation)
[10.199s] INFO:colcon.colcon_ros.task.ament_cmake.build:Building ROS package in '/home/elizabeth/MREN203_Trover/src/trover_drivers' with build type 'ament_cmake'
[10.199s] INFO:colcon.colcon_cmake.task.cmake.build:Building CMake package in '/home/elizabeth/MREN203_Trover/src/trover_drivers'
[10.201s] INFO:colcon.colcon_core.shell:Skip shell extension 'powershell' for command environment: Not usable outside of PowerShell
[10.201s] DEBUG:colcon.colcon_core.shell:Skip shell extension 'dsv' for command environment
[10.265s] DEBUG:colcon.colcon_core.event_handler.log_command:Invoking command in '/home/elizabeth/MREN203_Trover/build/trover_drivers': CMAKE_PREFIX_PATH=${CMAKE_PREFIX_PATH}:/home/elizabeth/MREN203_Trover/install/trover_state_estimation:/home/elizabeth/MREN203_Trover/install/trover_slam:/home/elizabeth/MREN203_Trover/install/trover_navigation:/home/elizabeth/MREN203_Trover/install/trover_communication:/opt/ros/humble /usr/bin/cmake --build /home/elizabeth/MREN203_Trover/build/trover_drivers -- -j2 -l2
[10.460s] DEBUG:colcon.colcon_core.event_handler.log_command:Invoked command in '/home/elizabeth/MREN203_Trover/build/trover_drivers' returned '0': CMAKE_PREFIX_PATH=${CMAKE_PREFIX_PATH}:/home/elizabeth/MREN203_Trover/install/trover_state_estimation:/home/elizabeth/MREN203_Trover/install/trover_slam:/home/elizabeth/MREN203_Trover/install/trover_navigation:/home/elizabeth/MREN203_Trover/install/trover_communication:/opt/ros/humble /usr/bin/cmake --build /home/elizabeth/MREN203_Trover/build/trover_drivers -- -j2 -l2
[10.477s] DEBUG:colcon.colcon_core.event_handler.log_command:Invoking command in '/home/elizabeth/MREN203_Trover/build/trover_drivers': CMAKE_PREFIX_PATH=${CMAKE_PREFIX_PATH}:/home/elizabeth/MREN203_Trover/install/trover_state_estimation:/home/elizabeth/MREN203_Trover/install/trover_slam:/home/elizabeth/MREN203_Trover/install/trover_navigation:/home/elizabeth/MREN203_Trover/install/trover_communication:/opt/ros/humble /usr/bin/cmake --install /home/elizabeth/MREN203_Trover/build/trover_drivers
[10.511s] Level 1:colcon.colcon_core.environment:create_environment_scripts_only(trover_drivers)
[10.511s] Level 1:colcon.colcon_core.environment:checking '/home/elizabeth/MREN203_Trover/install/trover_drivers' for CMake module files
[10.512s] Level 1:colcon.colcon_core.environment:checking '/home/elizabeth/MREN203_Trover/install/trover_drivers' for CMake config files
[10.512s] Level 1:colcon.colcon_core.shell:create_environment_hook('trover_drivers', 'cmake_prefix_path')
[10.512s] INFO:colcon.colcon_core.shell:Creating environment hook '/home/elizabeth/MREN203_Trover/install/trover_drivers/share/trover_drivers/hook/cmake_prefix_path.ps1'
[10.513s] INFO:colcon.colcon_core.shell:Creating environment descriptor '/home/elizabeth/MREN203_Trover/install/trover_drivers/share/trover_drivers/hook/cmake_prefix_path.dsv'
[10.511s] DEBUG:colcon.colcon_core.event_handler.log_command:Invoked command in '/home/elizabeth/MREN203_Trover/build/trover_drivers' returned '0': CMAKE_PREFIX_PATH=${CMAKE_PREFIX_PATH}:/home/elizabeth/MREN203_Trover/install/trover_state_estimation:/home/elizabeth/MREN203_Trover/install/trover_slam:/home/elizabeth/MREN203_Trover/install/trover_navigation:/home/elizabeth/MREN203_Trover/install/trover_communication:/opt/ros/humble /usr/bin/cmake --install /home/elizabeth/MREN203_Trover/build/trover_drivers
[10.519s] INFO:colcon.colcon_core.shell:Creating environment hook '/home/elizabeth/MREN203_Trover/install/trover_drivers/share/trover_drivers/hook/cmake_prefix_path.sh'
[10.531s] Level 1:colcon.colcon_core.environment:checking '/home/elizabeth/MREN203_Trover/install/trover_drivers/bin'
[10.531s] Level 1:colcon.colcon_core.environment:checking '/home/elizabeth/MREN203_Trover/install/trover_drivers/lib/pkgconfig/trover_drivers.pc'
[10.532s] Level 1:colcon.colcon_core.environment:checking '/home/elizabeth/MREN203_Trover/install/trover_drivers/lib/python3.10/site-packages'
[10.532s] Level 1:colcon.colcon_core.environment:checking '/home/elizabeth/MREN203_Trover/install/trover_drivers/bin'
[10.533s] INFO:colcon.colcon_core.shell:Creating package script '/home/elizabeth/MREN203_Trover/install/trover_drivers/share/trover_drivers/package.ps1'
[10.538s] INFO:colcon.colcon_core.shell:Creating package descriptor '/home/elizabeth/MREN203_Trover/install/trover_drivers/share/trover_drivers/package.dsv'
[10.544s] INFO:colcon.colcon_core.shell:Creating package script '/home/elizabeth/MREN203_Trover/install/trover_drivers/share/trover_drivers/package.sh'
[10.548s] INFO:colcon.colcon_core.shell:Creating package script '/home/elizabeth/MREN203_Trover/install/trover_drivers/share/trover_drivers/package.bash'
[10.552s] INFO:colcon.colcon_core.shell:Creating package script '/home/elizabeth/MREN203_Trover/install/trover_drivers/share/trover_drivers/package.zsh'
[10.555s] Level 1:colcon.colcon_core.environment:create_file_with_runtime_dependencies(/home/elizabeth/MREN203_Trover/install/trover_drivers/share/colcon-core/packages/trover_drivers)
[10.556s] Level 1:colcon.colcon_core.environment:create_environment_scripts_only(trover_drivers)
[10.556s] Level 1:colcon.colcon_core.environment:checking '/home/elizabeth/MREN203_Trover/install/trover_drivers' for CMake module files
[10.557s] Level 1:colcon.colcon_core.environment:checking '/home/elizabeth/MREN203_Trover/install/trover_drivers' for CMake config files
[10.557s] Level 1:colcon.colcon_core.shell:create_environment_hook('trover_drivers', 'cmake_prefix_path')
[10.557s] INFO:colcon.colcon_core.shell:Creating environment hook '/home/elizabeth/MREN203_Trover/install/trover_drivers/share/trover_drivers/hook/cmake_prefix_path.ps1'
[10.560s] INFO:colcon.colcon_core.shell:Creating environment descriptor '/home/elizabeth/MREN203_Trover/install/trover_drivers/share/trover_drivers/hook/cmake_prefix_path.dsv'
[10.565s] INFO:colcon.colcon_core.shell:Creating environment hook '/home/elizabeth/MREN203_Trover/install/trover_drivers/share/trover_drivers/hook/cmake_prefix_path.sh'
[10.574s] Level 1:colcon.colcon_core.environment:checking '/home/elizabeth/MREN203_Trover/install/trover_drivers/bin'
[10.574s] Level 1:colcon.colcon_core.environment:checking '/home/elizabeth/MREN203_Trover/install/trover_drivers/lib/pkgconfig/trover_drivers.pc'
[10.575s] Level 1:colcon.colcon_core.environment:checking '/home/elizabeth/MREN203_Trover/install/trover_drivers/lib/python3.10/site-packages'
[10.575s] Level 1:colcon.colcon_core.environment:checking '/home/elizabeth/MREN203_Trover/install/trover_drivers/bin'
[10.575s] INFO:colcon.colcon_core.shell:Creating package script '/home/elizabeth/MREN203_Trover/install/trover_drivers/share/trover_drivers/package.ps1'
[10.579s] INFO:colcon.colcon_core.shell:Creating package descriptor '/home/elizabeth/MREN203_Trover/install/trover_drivers/share/trover_drivers/package.dsv'
[10.584s] INFO:colcon.colcon_core.shell:Creating package script '/home/elizabeth/MREN203_Trover/install/trover_drivers/share/trover_drivers/package.sh'
[10.587s] INFO:colcon.colcon_core.shell:Creating package script '/home/elizabeth/MREN203_Trover/install/trover_drivers/share/trover_drivers/package.bash'
[10.593s] INFO:colcon.colcon_core.shell:Creating package script '/home/elizabeth/MREN203_Trover/install/trover_drivers/share/trover_drivers/package.zsh'
[10.598s] Level 1:colcon.colcon_core.environment:create_file_with_runtime_dependencies(/home/elizabeth/MREN203_Trover/install/trover_drivers/share/colcon-core/packages/trover_drivers)
[10.599s] INFO:colcon.colcon_ros.task.ament_cmake.build:Building ROS package in '/home/elizabeth/MREN203_Trover/src/trover_bringup' with build type 'ament_cmake'
[10.599s] INFO:colcon.colcon_cmake.task.cmake.build:Building CMake package in '/home/elizabeth/MREN203_Trover/src/trover_bringup'
[10.599s] INFO:colcon.colcon_core.shell:Skip shell extension 'powershell' for command environment: Not usable outside of PowerShell
[10.601s] DEBUG:colcon.colcon_core.shell:Skip shell extension 'dsv' for command environment
[10.727s] DEBUG:colcon.colcon_core.event_handler.log_command:Invoking command in '/home/elizabeth/MREN203_Trover/build/trover_bringup': AMENT_PREFIX_PATH=/home/elizabeth/MREN203_Trover/install/trover_state_estimation:/home/elizabeth/MREN203_Trover/install/trover_slam:/home/elizabeth/MREN203_Trover/install/trover_navigation:/home/elizabeth/MREN203_Trover/install/trover_bringup:/home/elizabeth/MREN203_Trover/install/trover_drivers:/home/elizabeth/MREN203_Trover/install/trover_description:/home/elizabeth/MREN203_Trover/install/trover_communication:/opt/ros/humble CMAKE_PREFIX_PATH=/home/elizabeth/MREN203_Trover/install/trover_description:/home/elizabeth/MREN203_Trover/install/trover_bringup:/home/elizabeth/MREN203_Trover/install/trover_drivers:/home/elizabeth/MREN203_Trover/install/trover_state_estimation:/home/elizabeth/MREN203_Trover/install/trover_slam:/home/elizabeth/MREN203_Trover/install/trover_navigation:/home/elizabeth/MREN203_Trover/install/trover_communication:/opt/ros/humble /usr/bin/cmake --build /home/elizabeth/MREN203_Trover/build/trover_bringup -- -j2 -l2
[10.983s] DEBUG:colcon.colcon_core.event_handler.log_command:Invoked command in '/home/elizabeth/MREN203_Trover/build/trover_bringup' returned '0': AMENT_PREFIX_PATH=/home/elizabeth/MREN203_Trover/install/trover_state_estimation:/home/elizabeth/MREN203_Trover/install/trover_slam:/home/elizabeth/MREN203_Trover/install/trover_navigation:/home/elizabeth/MREN203_Trover/install/trover_bringup:/home/elizabeth/MREN203_Trover/install/trover_drivers:/home/elizabeth/MREN203_Trover/install/trover_description:/home/elizabeth/MREN203_Trover/install/trover_communication:/opt/ros/humble CMAKE_PREFIX_PATH=/home/elizabeth/MREN203_Trover/install/trover_description:/home/elizabeth/MREN203_Trover/install/trover_bringup:/home/elizabeth/MREN203_Trover/install/trover_drivers:/home/elizabeth/MREN203_Trover/install/trover_state_estimation:/home/elizabeth/MREN203_Trover/install/trover_slam:/home/elizabeth/MREN203_Trover/install/trover_navigation:/home/elizabeth/MREN203_Trover/install/trover_communication:/opt/ros/humble /usr/bin/cmake --build /home/elizabeth/MREN203_Trover/build/trover_bringup -- -j2 -l2
[10.992s] DEBUG:colcon.colcon_core.event_handler.log_command:Invoking command in '/home/elizabeth/MREN203_Trover/build/trover_bringup': AMENT_PREFIX_PATH=/home/elizabeth/MREN203_Trover/install/trover_state_estimation:/home/elizabeth/MREN203_Trover/install/trover_slam:/home/elizabeth/MREN203_Trover/install/trover_navigation:/home/elizabeth/MREN203_Trover/install/trover_bringup:/home/elizabeth/MREN203_Trover/install/trover_drivers:/home/elizabeth/MREN203_Trover/install/trover_description:/home/elizabeth/MREN203_Trover/install/trover_communication:/opt/ros/humble CMAKE_PREFIX_PATH=/home/elizabeth/MREN203_Trover/install/trover_description:/home/elizabeth/MREN203_Trover/install/trover_bringup:/home/elizabeth/MREN203_Trover/install/trover_drivers:/home/elizabeth/MREN203_Trover/install/trover_state_estimation:/home/elizabeth/MREN203_Trover/install/trover_slam:/home/elizabeth/MREN203_Trover/install/trover_navigation:/home/elizabeth/MREN203_Trover/install/trover_communication:/opt/ros/humble /usr/bin/cmake --install /home/elizabeth/MREN203_Trover/build/trover_bringup
[11.098s] Level 1:colcon.colcon_core.environment:create_environment_scripts_only(trover_bringup)
[11.099s] Level 1:colcon.colcon_core.environment:checking '/home/elizabeth/MREN203_Trover/install/trover_bringup' for CMake module files
[11.099s] Level 1:colcon.colcon_core.environment:checking '/home/elizabeth/MREN203_Trover/install/trover_bringup' for CMake config files
[11.099s] Level 1:colcon.colcon_core.shell:create_environment_hook('trover_bringup', 'cmake_prefix_path')
[11.100s] INFO:colcon.colcon_core.shell:Creating environment hook '/home/elizabeth/MREN203_Trover/install/trover_bringup/share/trover_bringup/hook/cmake_prefix_path.ps1'
[11.101s] INFO:colcon.colcon_core.shell:Creating environment descriptor '/home/elizabeth/MREN203_Trover/install/trover_bringup/share/trover_bringup/hook/cmake_prefix_path.dsv'
[11.098s] DEBUG:colcon.colcon_core.event_handler.log_command:Invoked command in '/home/elizabeth/MREN203_Trover/build/trover_bringup' returned '0': AMENT_PREFIX_PATH=/home/elizabeth/MREN203_Trover/install/trover_state_estimation:/home/elizabeth/MREN203_Trover/install/trover_slam:/home/elizabeth/MREN203_Trover/install/trover_navigation:/home/elizabeth/MREN203_Trover/install/trover_bringup:/home/elizabeth/MREN203_Trover/install/trover_drivers:/home/elizabeth/MREN203_Trover/install/trover_description:/home/elizabeth/MREN203_Trover/install/trover_communication:/opt/ros/humble CMAKE_PREFIX_PATH=/home/elizabeth/MREN203_Trover/install/trover_description:/home/elizabeth/MREN203_Trover/install/trover_bringup:/home/elizabeth/MREN203_Trover/install/trover_drivers:/home/elizabeth/MREN203_Trover/install/trover_state_estimation:/home/elizabeth/MREN203_Trover/install/trover_slam:/home/elizabeth/MREN203_Trover/install/trover_navigation:/home/elizabeth/MREN203_Trover/install/trover_communication:/opt/ros/humble /usr/bin/cmake --install /home/elizabeth/MREN203_Trover/build/trover_bringup
[11.107s] INFO:colcon.colcon_core.shell:Creating environment hook '/home/elizabeth/MREN203_Trover/install/trover_bringup/share/trover_bringup/hook/cmake_prefix_path.sh'
[11.111s] Level 1:colcon.colcon_core.environment:checking '/home/elizabeth/MREN203_Trover/install/trover_bringup/bin'
[11.123s] Level 1:colcon.colcon_core.environment:checking '/home/elizabeth/MREN203_Trover/install/trover_bringup/lib/pkgconfig/trover_bringup.pc'
[11.130s] Level 1:colcon.colcon_core.environment:checking '/home/elizabeth/MREN203_Trover/install/trover_bringup/lib/python3.10/site-packages'
[11.131s] Level 1:colcon.colcon_core.environment:checking '/home/elizabeth/MREN203_Trover/install/trover_bringup/bin'
[11.132s] INFO:colcon.colcon_core.shell:Creating package script '/home/elizabeth/MREN203_Trover/install/trover_bringup/share/trover_bringup/package.ps1'
[11.142s] INFO:colcon.colcon_core.shell:Creating package descriptor '/home/elizabeth/MREN203_Trover/install/trover_bringup/share/trover_bringup/package.dsv'
[11.145s] INFO:colcon.colcon_core.shell:Creating package script '/home/elizabeth/MREN203_Trover/install/trover_bringup/share/trover_bringup/package.sh'
[11.153s] INFO:colcon.colcon_core.shell:Creating package script '/home/elizabeth/MREN203_Trover/install/trover_bringup/share/trover_bringup/package.bash'
[11.165s] INFO:colcon.colcon_core.shell:Creating package script '/home/elizabeth/MREN203_Trover/install/trover_bringup/share/trover_bringup/package.zsh'
[11.168s] Level 1:colcon.colcon_core.environment:create_file_with_runtime_dependencies(/home/elizabeth/MREN203_Trover/install/trover_bringup/share/colcon-core/packages/trover_bringup)
[11.178s] Level 1:colcon.colcon_core.environment:create_environment_scripts_only(trover_bringup)
[11.180s] Level 1:colcon.colcon_core.environment:checking '/home/elizabeth/MREN203_Trover/install/trover_bringup' for CMake module files
[11.181s] Level 1:colcon.colcon_core.environment:checking '/home/elizabeth/MREN203_Trover/install/trover_bringup' for CMake config files
[11.181s] Level 1:colcon.colcon_core.shell:create_environment_hook('trover_bringup', 'cmake_prefix_path')
[11.181s] INFO:colcon.colcon_core.shell:Creating environment hook '/home/elizabeth/MREN203_Trover/install/trover_bringup/share/trover_bringup/hook/cmake_prefix_path.ps1'
[11.189s] INFO:colcon.colcon_core.shell:Creating environment descriptor '/home/elizabeth/MREN203_Trover/install/trover_bringup/share/trover_bringup/hook/cmake_prefix_path.dsv'
[11.208s] INFO:colcon.colcon_core.shell:Creating environment hook '/home/elizabeth/MREN203_Trover/install/trover_bringup/share/trover_bringup/hook/cmake_prefix_path.sh'
[11.210s] Level 1:colcon.colcon_core.environment:checking '/home/elizabeth/MREN203_Trover/install/trover_bringup/bin'
[11.210s] Level 1:colcon.colcon_core.environment:checking '/home/elizabeth/MREN203_Trover/install/trover_bringup/lib/pkgconfig/trover_bringup.pc'
[11.212s] Level 1:colcon.colcon_core.environment:checking '/home/elizabeth/MREN203_Trover/install/trover_bringup/lib/python3.10/site-packages'
[11.213s] Level 1:colcon.colcon_core.environment:checking '/home/elizabeth/MREN203_Trover/install/trover_bringup/bin'
[11.213s] INFO:colcon.colcon_core.shell:Creating package script '/home/elizabeth/MREN203_Trover/install/trover_bringup/share/trover_bringup/package.ps1'
[11.216s] INFO:colcon.colcon_core.shell:Creating package descriptor '/home/elizabeth/MREN203_Trover/install/trover_bringup/share/trover_bringup/package.dsv'
[11.217s] INFO:colcon.colcon_core.shell:Creating package script '/home/elizabeth/MREN203_Trover/install/trover_bringup/share/trover_bringup/package.sh'
[11.228s] INFO:colcon.colcon_core.shell:Creating package script '/home/elizabeth/MREN203_Trover/install/trover_bringup/share/trover_bringup/package.bash'
[11.233s] INFO:colcon.colcon_core.shell:Creating package script '/home/elizabeth/MREN203_Trover/install/trover_bringup/share/trover_bringup/package.zsh'
[11.242s] Level 1:colcon.colcon_core.environment:create_file_with_runtime_dependencies(/home/elizabeth/MREN203_Trover/install/trover_bringup/share/colcon-core/packages/trover_bringup)
[11.272s] Level 1:colcon.colcon_core.environment:checking '/home/elizabeth/MREN203_Trover/install/trover_communication' for CMake module files
[11.279s] DEBUG:colcon.colcon_core.event_handler.log_command:Invoked command in '/home/elizabeth/MREN203_Trover/src/trover_communication' returned '0': PYTHONPATH=/home/elizabeth/MREN203_Trover/build/trover_communication/prefix_override:/usr/lib/python3/dist-packages/colcon_core/task/python/colcon_distutils_commands:/home/elizabeth/MREN203_Trover/install/trover_communication/lib/python3.10/site-packages:${PYTHONPATH} /usr/bin/python3 -W ignore:setup.py install is deprecated -W ignore:easy_install command is deprecated setup.py egg_info --egg-base ../../build/trover_communication build --build-base /home/elizabeth/MREN203_Trover/build/trover_communication/build install --record /home/elizabeth/MREN203_Trover/build/trover_communication/install.log --single-version-externally-managed install_data
[11.282s] Level 1:colcon.colcon_core.environment:checking '/home/elizabeth/MREN203_Trover/install/trover_communication' for CMake config files
[11.297s] Level 1:colcon.colcon_core.environment:checking '/home/elizabeth/MREN203_Trover/install/trover_communication/lib'
[11.297s] Level 1:colcon.colcon_core.environment:checking '/home/elizabeth/MREN203_Trover/install/trover_communication/bin'
[11.298s] Level 1:colcon.colcon_core.environment:checking '/home/elizabeth/MREN203_Trover/install/trover_communication/lib/pkgconfig/trover_communication.pc'
[11.299s] Level 1:colcon.colcon_core.environment:checking '/home/elizabeth/MREN203_Trover/install/trover_communication/lib/python3.10/site-packages'
[11.299s] Level 1:colcon.colcon_core.shell:create_environment_hook('trover_communication', 'pythonpath')
[11.300s] INFO:colcon.colcon_core.shell:Creating environment hook '/home/elizabeth/MREN203_Trover/install/trover_communication/share/trover_communication/hook/pythonpath.ps1'
[11.304s] INFO:colcon.colcon_core.shell:Creating environment descriptor '/home/elizabeth/MREN203_Trover/install/trover_communication/share/trover_communication/hook/pythonpath.dsv'
[11.306s] INFO:colcon.colcon_core.shell:Creating environment hook '/home/elizabeth/MREN203_Trover/install/trover_communication/share/trover_communication/hook/pythonpath.sh'
[11.312s] Level 1:colcon.colcon_core.environment:checking '/home/elizabeth/MREN203_Trover/install/trover_communication/bin'
[11.312s] Level 1:colcon.colcon_core.environment:create_environment_scripts_only(trover_communication)
[11.313s] INFO:colcon.colcon_core.shell:Creating package script '/home/elizabeth/MREN203_Trover/install/trover_communication/share/trover_communication/package.ps1'
[11.315s] INFO:colcon.colcon_core.shell:Creating package descriptor '/home/elizabeth/MREN203_Trover/install/trover_communication/share/trover_communication/package.dsv'
[11.318s] INFO:colcon.colcon_core.shell:Creating package script '/home/elizabeth/MREN203_Trover/install/trover_communication/share/trover_communication/package.sh'
[11.321s] INFO:colcon.colcon_core.shell:Creating package script '/home/elizabeth/MREN203_Trover/install/trover_communication/share/trover_communication/package.bash'
[11.330s] INFO:colcon.colcon_core.shell:Creating package script '/home/elizabeth/MREN203_Trover/install/trover_communication/share/trover_communication/package.zsh'
[11.333s] Level 1:colcon.colcon_core.environment:create_file_with_runtime_dependencies(/home/elizabeth/MREN203_Trover/install/trover_communication/share/colcon-core/packages/trover_communication)
[11.337s] DEBUG:colcon.colcon_parallel_executor.executor.parallel:closing loop
[11.338s] DEBUG:colcon.colcon_parallel_executor.executor.parallel:loop closed
[11.338s] DEBUG:colcon.colcon_parallel_executor.executor.parallel:run_until_complete finished with '0'
[11.338s] DEBUG:colcon.colcon_core.event_reactor:joining thread
[11.421s] INFO:colcon.colcon_core.plugin_system:Skipping extension 'colcon_notification.desktop_notification.terminal_notifier': Not used on non-Darwin systems
[11.421s] INFO:colcon.colcon_core.plugin_system:Skipping extension 'colcon_notification.desktop_notification.win32': Not used on non-Windows systems
[11.421s] INFO:colcon.colcon_notification.desktop_notification:Sending desktop notification using 'notify2'
[12.165s] DEBUG:colcon.colcon_core.event_reactor:joined thread
[12.168s] INFO:colcon.colcon_core.shell:Creating prefix script '/home/elizabeth/MREN203_Trover/install/local_setup.ps1'
[12.183s] INFO:colcon.colcon_core.shell:Creating prefix util module '/home/elizabeth/MREN203_Trover/install/_local_setup_util_ps1.py'
[12.200s] INFO:colcon.colcon_core.shell:Creating prefix chain script '/home/elizabeth/MREN203_Trover/install/setup.ps1'
[12.210s] INFO:colcon.colcon_core.shell:Creating prefix script '/home/elizabeth/MREN203_Trover/install/local_setup.sh'
[12.219s] INFO:colcon.colcon_core.shell:Creating prefix util module '/home/elizabeth/MREN203_Trover/install/_local_setup_util_sh.py'
[12.223s] INFO:colcon.colcon_core.shell:Creating prefix chain script '/home/elizabeth/MREN203_Trover/install/setup.sh'
[12.236s] INFO:colcon.colcon_core.shell:Creating prefix script '/home/elizabeth/MREN203_Trover/install/local_setup.bash'
[12.244s] INFO:colcon.colcon_core.shell:Creating prefix chain script '/home/elizabeth/MREN203_Trover/install/setup.bash'
[12.254s] INFO:colcon.colcon_core.shell:Creating prefix script '/home/elizabeth/MREN203_Trover/install/local_setup.zsh'
[12.267s] INFO:colcon.colcon_core.shell:Creating prefix chain script '/home/elizabeth/MREN203_Trover/install/setup.zsh'
