[2.627s] Invoking command in '/home/elizabeth/MREN203_Trover/src/trover_navigation': PYTHONPATH=/home/elizabeth/MREN203_Trover/build/trover_navigation/prefix_override:/usr/lib/python3/dist-packages/colcon_core/task/python/colcon_distutils_commands:/home/elizabeth/MREN203_Trover/install/trover_navigation/lib/python3.10/site-packages:${PYTHONPATH} /usr/bin/python3 -W ignore:setup.py install is deprecated -W ignore:easy_install command is deprecated setup.py egg_info --egg-base ../../build/trover_navigation build --build-base /home/elizabeth/MREN203_Trover/build/trover_navigation/build install --record /home/elizabeth/MREN203_Trover/build/trover_navigation/install.log --single-version-externally-managed install_data
[2.977s] running egg_info
[2.986s] writing ../../build/trover_navigation/trover_navigation.egg-info/PKG-INFO
[3.049s] writing dependency_links to ../../build/trover_navigation/trover_navigation.egg-info/dependency_links.txt
[3.055s] writing entry points to ../../build/trover_navigation/trover_navigation.egg-info/entry_points.txt
[3.055s] writing requirements to ../../build/trover_navigation/trover_navigation.egg-info/requires.txt
[3.060s] writing top-level names to ../../build/trover_navigation/trover_navigation.egg-info/top_level.txt
[3.060s] reading manifest file '../../build/trover_navigation/trover_navigation.egg-info/SOURCES.txt'
[3.062s] writing manifest file '../../build/trover_navigation/trover_navigation.egg-info/SOURCES.txt'
[3.067s] running build
[3.067s] running build_py
[3.067s] running install
[3.070s] running install_lib
[3.073s] running install_data
[3.074s] running install_egg_info
[3.084s] removing '/home/elizabeth/MREN203_Trover/install/trover_navigation/lib/python3.10/site-packages/trover_navigation-0.0.0-py3.10.egg-info' (and everything under it)
[3.098s] Copying ../../build/trover_navigation/trover_navigation.egg-info to /home/elizabeth/MREN203_Trover/install/trover_navigation/lib/python3.10/site-packages/trover_navigation-0.0.0-py3.10.egg-info
[3.098s] running install_scripts
[3.179s] writing list of installed files to '/home/elizabeth/MREN203_Trover/build/trover_navigation/install.log'
[3.328s] Invoked command in '/home/elizabeth/MREN203_Trover/src/trover_navigation' returned '0': PYTHONPATH=/home/elizabeth/MREN203_Trover/build/trover_navigation/prefix_override:/usr/lib/python3/dist-packages/colcon_core/task/python/colcon_distutils_commands:/home/elizabeth/MREN203_Trover/install/trover_navigation/lib/python3.10/site-packages:${PYTHONPATH} /usr/bin/python3 -W ignore:setup.py install is deprecated -W ignore:easy_install command is deprecated setup.py egg_info --egg-base ../../build/trover_navigation build --build-base /home/elizabeth/MREN203_Trover/build/trover_navigation/build install --record /home/elizabeth/MREN203_Trover/build/trover_navigation/install.log --single-version-externally-managed install_data
