[0.115s] DEBUG:colcon:Command line arguments: ['/usr/bin/colcon', 'build']
[0.115s] DEBUG:colcon:Parsed command line arguments: Namespace(log_base=None, log_level=None, verb_name='build', build_base='build', install_base='install', merge_install=False, symlink_install=False, test_result_base=None, continue_on_error=False, executor='parallel', parallel_workers=22, event_handlers=None, ignore_user_meta=False, metas=['./colcon.meta'], base_paths=['.'], packages_ignore=None, packages_ignore_regex=None, paths=None, packages_up_to=None, packages_up_to_regex=None, packages_above=None, packages_above_and_dependencies=None, packages_above_depth=None, packages_select_by_dep=None, packages_skip_by_dep=None, packages_skip_up_to=None, packages_select_build_failed=False, packages_skip_build_finished=False, packages_select_test_failures=False, packages_skip_test_passed=False, packages_select=None, packages_skip=None, packages_select_regex=None, packages_skip_regex=None, packages_start=None, packages_end=None, allow_overriding=[], cmake_args=None, cmake_target=None, cmake_target_skip_unavailable=False, cmake_clean_cache=False, cmake_clean_first=False, cmake_force_configure=False, ament_cmake_args=None, catkin_cmake_args=None, catkin_skip_building_tests=False, mixin_files=None, mixin=None, verb_parser=<colcon_mixin.mixin.mixin_argument.MixinArgumentDecorator object at 0x73188f6ca7a0>, verb_extension=<colcon_core.verb.build.BuildVerb object at 0x73188f6ca140>, main=<bound method BuildVerb.main of <colcon_core.verb.build.BuildVerb object at 0x73188f6ca140>>, mixin_verb=('build',))
[0.241s] Level 1:colcon.colcon_core.package_discovery:discover_packages(colcon_meta) check parameters
[0.241s] Level 1:colcon.colcon_core.package_discovery:discover_packages(recursive) check parameters
[0.241s] Level 1:colcon.colcon_core.package_discovery:discover_packages(ignore) check parameters
[0.241s] Level 1:colcon.colcon_core.package_discovery:discover_packages(path) check parameters
[0.241s] Level 1:colcon.colcon_core.package_discovery:discover_packages(colcon_meta) discover
[0.241s] Level 1:colcon.colcon_core.package_discovery:discover_packages(recursive) discover
[0.241s] INFO:colcon.colcon_core.package_discovery:Crawling recursively for packages in '/home/noah/mren_ws'
[0.241s] Level 1:colcon.colcon_core.package_identification:_identify(.) by extensions ['ignore', 'ignore_ament_install']
[0.241s] Level 1:colcon.colcon_core.package_identification:_identify(.) by extension 'ignore'
[0.241s] Level 1:colcon.colcon_core.package_identification:_identify(.) by extension 'ignore_ament_install'
[0.241s] Level 1:colcon.colcon_core.package_identification:_identify(.) by extensions ['colcon_pkg']
[0.241s] Level 1:colcon.colcon_core.package_identification:_identify(.) by extension 'colcon_pkg'
[0.241s] Level 1:colcon.colcon_core.package_identification:_identify(.) by extensions ['colcon_meta']
[0.241s] Level 1:colcon.colcon_core.package_identification:_identify(.) by extension 'colcon_meta'
[0.241s] Level 1:colcon.colcon_core.package_identification:_identify(.) by extensions ['ros']
[0.241s] Level 1:colcon.colcon_core.package_identification:_identify(.) by extension 'ros'
[0.247s] Level 1:colcon.colcon_core.package_identification:_identify(.) by extensions ['cmake', 'python']
[0.247s] Level 1:colcon.colcon_core.package_identification:_identify(.) by extension 'cmake'
[0.247s] Level 1:colcon.colcon_core.package_identification:_identify(.) by extension 'python'
[0.247s] Level 1:colcon.colcon_core.package_identification:_identify(.) by extensions ['python_setup_py']
[0.247s] Level 1:colcon.colcon_core.package_identification:_identify(.) by extension 'python_setup_py'
[0.247s] Level 1:colcon.colcon_core.package_identification:_identify(MREN203_week4activities) by extensions ['ignore', 'ignore_ament_install']
[0.247s] Level 1:colcon.colcon_core.package_identification:_identify(MREN203_week4activities) by extension 'ignore'
[0.247s] Level 1:colcon.colcon_core.package_identification:_identify(MREN203_week4activities) by extension 'ignore_ament_install'
[0.247s] Level 1:colcon.colcon_core.package_identification:_identify(MREN203_week4activities) by extensions ['colcon_pkg']
[0.247s] Level 1:colcon.colcon_core.package_identification:_identify(MREN203_week4activities) by extension 'colcon_pkg'
[0.247s] Level 1:colcon.colcon_core.package_identification:_identify(MREN203_week4activities) by extensions ['colcon_meta']
[0.247s] Level 1:colcon.colcon_core.package_identification:_identify(MREN203_week4activities) by extension 'colcon_meta'
[0.247s] Level 1:colcon.colcon_core.package_identification:_identify(MREN203_week4activities) by extensions ['ros']
[0.247s] Level 1:colcon.colcon_core.package_identification:_identify(MREN203_week4activities) by extension 'ros'
[0.247s] Level 1:colcon.colcon_core.package_identification:_identify(MREN203_week4activities) by extensions ['cmake', 'python']
[0.247s] Level 1:colcon.colcon_core.package_identification:_identify(MREN203_week4activities) by extension 'cmake'
[0.247s] Level 1:colcon.colcon_core.package_identification:_identify(MREN203_week4activities) by extension 'python'
[0.247s] Level 1:colcon.colcon_core.package_identification:_identify(MREN203_week4activities) by extensions ['python_setup_py']
[0.247s] Level 1:colcon.colcon_core.package_identification:_identify(MREN203_week4activities) by extension 'python_setup_py'
[0.247s] Level 1:colcon.colcon_core.package_identification:_identify(MREN203_week4activities/MREN203_week4activites) by extensions ['ignore', 'ignore_ament_install']
[0.248s] Level 1:colcon.colcon_core.package_identification:_identify(MREN203_week4activities/MREN203_week4activites) by extension 'ignore'
[0.248s] Level 1:colcon.colcon_core.package_identification:_identify(MREN203_week4activities/MREN203_week4activites) by extension 'ignore_ament_install'
[0.248s] Level 1:colcon.colcon_core.package_identification:_identify(MREN203_week4activities/MREN203_week4activites) by extensions ['colcon_pkg']
[0.248s] Level 1:colcon.colcon_core.package_identification:_identify(MREN203_week4activities/MREN203_week4activites) by extension 'colcon_pkg'
[0.248s] Level 1:colcon.colcon_core.package_identification:_identify(MREN203_week4activities/MREN203_week4activites) by extensions ['colcon_meta']
[0.248s] Level 1:colcon.colcon_core.package_identification:_identify(MREN203_week4activities/MREN203_week4activites) by extension 'colcon_meta'
[0.248s] Level 1:colcon.colcon_core.package_identification:_identify(MREN203_week4activities/MREN203_week4activites) by extensions ['ros']
[0.248s] Level 1:colcon.colcon_core.package_identification:_identify(MREN203_week4activities/MREN203_week4activites) by extension 'ros'
[0.248s] Level 1:colcon.colcon_core.package_identification:_identify(MREN203_week4activities/MREN203_week4activites) by extensions ['cmake', 'python']
[0.248s] Level 1:colcon.colcon_core.package_identification:_identify(MREN203_week4activities/MREN203_week4activites) by extension 'cmake'
[0.248s] Level 1:colcon.colcon_core.package_identification:_identify(MREN203_week4activities/MREN203_week4activites) by extension 'python'
[0.248s] Level 1:colcon.colcon_core.package_identification:_identify(MREN203_week4activities/MREN203_week4activites) by extensions ['python_setup_py']
[0.248s] Level 1:colcon.colcon_core.package_identification:_identify(MREN203_week4activities/MREN203_week4activites) by extension 'python_setup_py'
[0.248s] Level 1:colcon.colcon_core.package_identification:_identify(MREN203_week4activities/trover_controls) by extensions ['ignore', 'ignore_ament_install']
[0.248s] Level 1:colcon.colcon_core.package_identification:_identify(MREN203_week4activities/trover_controls) by extension 'ignore'
[0.248s] Level 1:colcon.colcon_core.package_identification:_identify(MREN203_week4activities/trover_controls) by extension 'ignore_ament_install'
[0.248s] Level 1:colcon.colcon_core.package_identification:_identify(MREN203_week4activities/trover_controls) by extensions ['colcon_pkg']
[0.248s] Level 1:colcon.colcon_core.package_identification:_identify(MREN203_week4activities/trover_controls) by extension 'colcon_pkg'
[0.248s] Level 1:colcon.colcon_core.package_identification:_identify(MREN203_week4activities/trover_controls) by extensions ['colcon_meta']
[0.248s] Level 1:colcon.colcon_core.package_identification:_identify(MREN203_week4activities/trover_controls) by extension 'colcon_meta'
[0.248s] Level 1:colcon.colcon_core.package_identification:_identify(MREN203_week4activities/trover_controls) by extensions ['ros']
[0.248s] Level 1:colcon.colcon_core.package_identification:_identify(MREN203_week4activities/trover_controls) by extension 'ros'
[0.248s] Level 1:colcon.colcon_core.package_identification:_identify(MREN203_week4activities/trover_controls) by extensions ['cmake', 'python']
[0.248s] Level 1:colcon.colcon_core.package_identification:_identify(MREN203_week4activities/trover_controls) by extension 'cmake'
[0.248s] Level 1:colcon.colcon_core.package_identification:_identify(MREN203_week4activities/trover_controls) by extension 'python'
[0.248s] Level 1:colcon.colcon_core.package_identification:_identify(MREN203_week4activities/trover_controls) by extensions ['python_setup_py']
[0.248s] Level 1:colcon.colcon_core.package_identification:_identify(MREN203_week4activities/trover_controls) by extension 'python_setup_py'
[0.248s] Level 1:colcon.colcon_core.package_identification:_identify(MREN203_week4activities/trover_controls/include) by extensions ['ignore', 'ignore_ament_install']
[0.248s] Level 1:colcon.colcon_core.package_identification:_identify(MREN203_week4activities/trover_controls/include) by extension 'ignore'
[0.248s] Level 1:colcon.colcon_core.package_identification:_identify(MREN203_week4activities/trover_controls/include) by extension 'ignore_ament_install'
[0.248s] Level 1:colcon.colcon_core.package_identification:_identify(MREN203_week4activities/trover_controls/include) by extensions ['colcon_pkg']
[0.248s] Level 1:colcon.colcon_core.package_identification:_identify(MREN203_week4activities/trover_controls/include) by extension 'colcon_pkg'
[0.248s] Level 1:colcon.colcon_core.package_identification:_identify(MREN203_week4activities/trover_controls/include) by extensions ['colcon_meta']
[0.248s] Level 1:colcon.colcon_core.package_identification:_identify(MREN203_week4activities/trover_controls/include) by extension 'colcon_meta'
[0.248s] Level 1:colcon.colcon_core.package_identification:_identify(MREN203_week4activities/trover_controls/include) by extensions ['ros']
[0.248s] Level 1:colcon.colcon_core.package_identification:_identify(MREN203_week4activities/trover_controls/include) by extension 'ros'
[0.248s] Level 1:colcon.colcon_core.package_identification:_identify(MREN203_week4activities/trover_controls/include) by extensions ['cmake', 'python']
[0.248s] Level 1:colcon.colcon_core.package_identification:_identify(MREN203_week4activities/trover_controls/include) by extension 'cmake'
[0.248s] Level 1:colcon.colcon_core.package_identification:_identify(MREN203_week4activities/trover_controls/include) by extension 'python'
[0.248s] Level 1:colcon.colcon_core.package_identification:_identify(MREN203_week4activities/trover_controls/include) by extensions ['python_setup_py']
[0.248s] Level 1:colcon.colcon_core.package_identification:_identify(MREN203_week4activities/trover_controls/include) by extension 'python_setup_py'
[0.248s] Level 1:colcon.colcon_core.package_identification:_identify(MREN203_week4activities/trover_controls/lib) by extensions ['ignore', 'ignore_ament_install']
[0.248s] Level 1:colcon.colcon_core.package_identification:_identify(MREN203_week4activities/trover_controls/lib) by extension 'ignore'
[0.249s] Level 1:colcon.colcon_core.package_identification:_identify(MREN203_week4activities/trover_controls/lib) by extension 'ignore_ament_install'
[0.249s] Level 1:colcon.colcon_core.package_identification:_identify(MREN203_week4activities/trover_controls/lib) by extensions ['colcon_pkg']
[0.249s] Level 1:colcon.colcon_core.package_identification:_identify(MREN203_week4activities/trover_controls/lib) by extension 'colcon_pkg'
[0.249s] Level 1:colcon.colcon_core.package_identification:_identify(MREN203_week4activities/trover_controls/lib) by extensions ['colcon_meta']
[0.249s] Level 1:colcon.colcon_core.package_identification:_identify(MREN203_week4activities/trover_controls/lib) by extension 'colcon_meta'
[0.249s] Level 1:colcon.colcon_core.package_identification:_identify(MREN203_week4activities/trover_controls/lib) by extensions ['ros']
[0.249s] Level 1:colcon.colcon_core.package_identification:_identify(MREN203_week4activities/trover_controls/lib) by extension 'ros'
[0.249s] Level 1:colcon.colcon_core.package_identification:_identify(MREN203_week4activities/trover_controls/lib) by extensions ['cmake', 'python']
[0.249s] Level 1:colcon.colcon_core.package_identification:_identify(MREN203_week4activities/trover_controls/lib) by extension 'cmake'
[0.249s] Level 1:colcon.colcon_core.package_identification:_identify(MREN203_week4activities/trover_controls/lib) by extension 'python'
[0.249s] Level 1:colcon.colcon_core.package_identification:_identify(MREN203_week4activities/trover_controls/lib) by extensions ['python_setup_py']
[0.249s] Level 1:colcon.colcon_core.package_identification:_identify(MREN203_week4activities/trover_controls/lib) by extension 'python_setup_py'
[0.249s] Level 1:colcon.colcon_core.package_identification:_identify(MREN203_week4activities/trover_controls/src) by extensions ['ignore', 'ignore_ament_install']
[0.249s] Level 1:colcon.colcon_core.package_identification:_identify(MREN203_week4activities/trover_controls/src) by extension 'ignore'
[0.249s] Level 1:colcon.colcon_core.package_identification:_identify(MREN203_week4activities/trover_controls/src) by extension 'ignore_ament_install'
[0.249s] Level 1:colcon.colcon_core.package_identification:_identify(MREN203_week4activities/trover_controls/src) by extensions ['colcon_pkg']
[0.249s] Level 1:colcon.colcon_core.package_identification:_identify(MREN203_week4activities/trover_controls/src) by extension 'colcon_pkg'
[0.249s] Level 1:colcon.colcon_core.package_identification:_identify(MREN203_week4activities/trover_controls/src) by extensions ['colcon_meta']
[0.249s] Level 1:colcon.colcon_core.package_identification:_identify(MREN203_week4activities/trover_controls/src) by extension 'colcon_meta'
[0.249s] Level 1:colcon.colcon_core.package_identification:_identify(MREN203_week4activities/trover_controls/src) by extensions ['ros']
[0.249s] Level 1:colcon.colcon_core.package_identification:_identify(MREN203_week4activities/trover_controls/src) by extension 'ros'
[0.249s] Level 1:colcon.colcon_core.package_identification:_identify(MREN203_week4activities/trover_controls/src) by extensions ['cmake', 'python']
[0.249s] Level 1:colcon.colcon_core.package_identification:_identify(MREN203_week4activities/trover_controls/src) by extension 'cmake'
[0.249s] Level 1:colcon.colcon_core.package_identification:_identify(MREN203_week4activities/trover_controls/src) by extension 'python'
[0.249s] Level 1:colcon.colcon_core.package_identification:_identify(MREN203_week4activities/trover_controls/src) by extensions ['python_setup_py']
[0.249s] Level 1:colcon.colcon_core.package_identification:_identify(MREN203_week4activities/trover_controls/src) by extension 'python_setup_py'
[0.249s] Level 1:colcon.colcon_core.package_identification:_identify(MREN203_week4activities/trover_controls/test) by extensions ['ignore', 'ignore_ament_install']
[0.249s] Level 1:colcon.colcon_core.package_identification:_identify(MREN203_week4activities/trover_controls/test) by extension 'ignore'
[0.249s] Level 1:colcon.colcon_core.package_identification:_identify(MREN203_week4activities/trover_controls/test) by extension 'ignore_ament_install'
[0.249s] Level 1:colcon.colcon_core.package_identification:_identify(MREN203_week4activities/trover_controls/test) by extensions ['colcon_pkg']
[0.249s] Level 1:colcon.colcon_core.package_identification:_identify(MREN203_week4activities/trover_controls/test) by extension 'colcon_pkg'
[0.249s] Level 1:colcon.colcon_core.package_identification:_identify(MREN203_week4activities/trover_controls/test) by extensions ['colcon_meta']
[0.249s] Level 1:colcon.colcon_core.package_identification:_identify(MREN203_week4activities/trover_controls/test) by extension 'colcon_meta'
[0.249s] Level 1:colcon.colcon_core.package_identification:_identify(MREN203_week4activities/trover_controls/test) by extensions ['ros']
[0.249s] Level 1:colcon.colcon_core.package_identification:_identify(MREN203_week4activities/trover_controls/test) by extension 'ros'
[0.249s] Level 1:colcon.colcon_core.package_identification:_identify(MREN203_week4activities/trover_controls/test) by extensions ['cmake', 'python']
[0.249s] Level 1:colcon.colcon_core.package_identification:_identify(MREN203_week4activities/trover_controls/test) by extension 'cmake'
[0.249s] Level 1:colcon.colcon_core.package_identification:_identify(MREN203_week4activities/trover_controls/test) by extension 'python'
[0.249s] Level 1:colcon.colcon_core.package_identification:_identify(MREN203_week4activities/trover_controls/test) by extensions ['python_setup_py']
[0.249s] Level 1:colcon.colcon_core.package_identification:_identify(MREN203_week4activities/trover_controls/test) by extension 'python_setup_py'
[0.249s] Level 1:colcon.colcon_core.package_identification:_identify(MREN203_week4activities/trover_controls/unused) by extensions ['ignore', 'ignore_ament_install']
[0.249s] Level 1:colcon.colcon_core.package_identification:_identify(MREN203_week4activities/trover_controls/unused) by extension 'ignore'
[0.249s] Level 1:colcon.colcon_core.package_identification:_identify(MREN203_week4activities/trover_controls/unused) by extension 'ignore_ament_install'
[0.249s] Level 1:colcon.colcon_core.package_identification:_identify(MREN203_week4activities/trover_controls/unused) by extensions ['colcon_pkg']
[0.249s] Level 1:colcon.colcon_core.package_identification:_identify(MREN203_week4activities/trover_controls/unused) by extension 'colcon_pkg'
[0.249s] Level 1:colcon.colcon_core.package_identification:_identify(MREN203_week4activities/trover_controls/unused) by extensions ['colcon_meta']
[0.249s] Level 1:colcon.colcon_core.package_identification:_identify(MREN203_week4activities/trover_controls/unused) by extension 'colcon_meta'
[0.250s] Level 1:colcon.colcon_core.package_identification:_identify(MREN203_week4activities/trover_controls/unused) by extensions ['ros']
[0.250s] Level 1:colcon.colcon_core.package_identification:_identify(MREN203_week4activities/trover_controls/unused) by extension 'ros'
[0.250s] Level 1:colcon.colcon_core.package_identification:_identify(MREN203_week4activities/trover_controls/unused) by extensions ['cmake', 'python']
[0.250s] Level 1:colcon.colcon_core.package_identification:_identify(MREN203_week4activities/trover_controls/unused) by extension 'cmake'
[0.250s] Level 1:colcon.colcon_core.package_identification:_identify(MREN203_week4activities/trover_controls/unused) by extension 'python'
[0.250s] Level 1:colcon.colcon_core.package_identification:_identify(MREN203_week4activities/trover_controls/unused) by extensions ['python_setup_py']
[0.250s] Level 1:colcon.colcon_core.package_identification:_identify(MREN203_week4activities/trover_controls/unused) by extension 'python_setup_py'
[0.250s] Level 1:colcon.colcon_core.package_identification:_identify(build) by extensions ['ignore', 'ignore_ament_install']
[0.250s] Level 1:colcon.colcon_core.package_identification:_identify(build) by extension 'ignore'
[0.250s] Level 1:colcon.colcon_core.package_identification:_identify(build) ignored
[0.250s] Level 1:colcon.colcon_core.package_identification:_identify(install) by extensions ['ignore', 'ignore_ament_install']
[0.250s] Level 1:colcon.colcon_core.package_identification:_identify(install) by extension 'ignore'
[0.250s] Level 1:colcon.colcon_core.package_identification:_identify(install) ignored
[0.250s] Level 1:colcon.colcon_core.package_identification:_identify(log) by extensions ['ignore', 'ignore_ament_install']
[0.250s] Level 1:colcon.colcon_core.package_identification:_identify(log) by extension 'ignore'
[0.250s] Level 1:colcon.colcon_core.package_identification:_identify(log) ignored
[0.250s] Level 1:colcon.colcon_core.package_identification:_identify(src) by extensions ['ignore', 'ignore_ament_install']
[0.250s] Level 1:colcon.colcon_core.package_identification:_identify(src) by extension 'ignore'
[0.250s] Level 1:colcon.colcon_core.package_identification:_identify(src) by extension 'ignore_ament_install'
[0.250s] Level 1:colcon.colcon_core.package_identification:_identify(src) by extensions ['colcon_pkg']
[0.250s] Level 1:colcon.colcon_core.package_identification:_identify(src) by extension 'colcon_pkg'
[0.250s] Level 1:colcon.colcon_core.package_identification:_identify(src) by extensions ['colcon_meta']
[0.250s] Level 1:colcon.colcon_core.package_identification:_identify(src) by extension 'colcon_meta'
[0.250s] Level 1:colcon.colcon_core.package_identification:_identify(src) by extensions ['ros']
[0.250s] Level 1:colcon.colcon_core.package_identification:_identify(src) by extension 'ros'
[0.250s] Level 1:colcon.colcon_core.package_identification:_identify(src) by extensions ['cmake', 'python']
[0.250s] Level 1:colcon.colcon_core.package_identification:_identify(src) by extension 'cmake'
[0.250s] Level 1:colcon.colcon_core.package_identification:_identify(src) by extension 'python'
[0.250s] Level 1:colcon.colcon_core.package_identification:_identify(src) by extensions ['python_setup_py']
[0.250s] Level 1:colcon.colcon_core.package_identification:_identify(src) by extension 'python_setup_py'
[0.250s] Level 1:colcon.colcon_core.package_identification:_identify(src/trover_bringup) by extensions ['ignore', 'ignore_ament_install']
[0.250s] Level 1:colcon.colcon_core.package_identification:_identify(src/trover_bringup) by extension 'ignore'
[0.250s] Level 1:colcon.colcon_core.package_identification:_identify(src/trover_bringup) by extension 'ignore_ament_install'
[0.250s] Level 1:colcon.colcon_core.package_identification:_identify(src/trover_bringup) by extensions ['colcon_pkg']
[0.250s] Level 1:colcon.colcon_core.package_identification:_identify(src/trover_bringup) by extension 'colcon_pkg'
[0.250s] Level 1:colcon.colcon_core.package_identification:_identify(src/trover_bringup) by extensions ['colcon_meta']
[0.250s] Level 1:colcon.colcon_core.package_identification:_identify(src/trover_bringup) by extension 'colcon_meta'
[0.250s] Level 1:colcon.colcon_core.package_identification:_identify(src/trover_bringup) by extensions ['ros']
[0.250s] Level 1:colcon.colcon_core.package_identification:_identify(src/trover_bringup) by extension 'ros'
[0.252s] DEBUG:colcon.colcon_core.package_identification:Package 'src/trover_bringup' with type 'ros.ament_cmake' and name 'trover_bringup'
[0.252s] Level 1:colcon.colcon_core.package_identification:_identify(src/trover_communication) by extensions ['ignore', 'ignore_ament_install']
[0.252s] Level 1:colcon.colcon_core.package_identification:_identify(src/trover_communication) by extension 'ignore'
[0.252s] Level 1:colcon.colcon_core.package_identification:_identify(src/trover_communication) by extension 'ignore_ament_install'
[0.252s] Level 1:colcon.colcon_core.package_identification:_identify(src/trover_communication) by extensions ['colcon_pkg']
[0.252s] Level 1:colcon.colcon_core.package_identification:_identify(src/trover_communication) by extension 'colcon_pkg'
[0.252s] Level 1:colcon.colcon_core.package_identification:_identify(src/trover_communication) by extensions ['colcon_meta']
[0.252s] Level 1:colcon.colcon_core.package_identification:_identify(src/trover_communication) by extension 'colcon_meta'
[0.252s] Level 1:colcon.colcon_core.package_identification:_identify(src/trover_communication) by extensions ['ros']
[0.252s] Level 1:colcon.colcon_core.package_identification:_identify(src/trover_communication) by extension 'ros'
[0.252s] DEBUG:colcon.colcon_core.package_identification:Package 'src/trover_communication' with type 'ros.ament_python' and name 'trover_communication'
[0.252s] Level 1:colcon.colcon_core.package_identification:_identify(src/trover_description) by extensions ['ignore', 'ignore_ament_install']
[0.253s] Level 1:colcon.colcon_core.package_identification:_identify(src/trover_description) by extension 'ignore'
[0.253s] Level 1:colcon.colcon_core.package_identification:_identify(src/trover_description) by extension 'ignore_ament_install'
[0.253s] Level 1:colcon.colcon_core.package_identification:_identify(src/trover_description) by extensions ['colcon_pkg']
[0.253s] Level 1:colcon.colcon_core.package_identification:_identify(src/trover_description) by extension 'colcon_pkg'
[0.253s] Level 1:colcon.colcon_core.package_identification:_identify(src/trover_description) by extensions ['colcon_meta']
[0.253s] Level 1:colcon.colcon_core.package_identification:_identify(src/trover_description) by extension 'colcon_meta'
[0.253s] Level 1:colcon.colcon_core.package_identification:_identify(src/trover_description) by extensions ['ros']
[0.253s] Level 1:colcon.colcon_core.package_identification:_identify(src/trover_description) by extension 'ros'
[0.254s] DEBUG:colcon.colcon_core.package_identification:Package 'src/trover_description' with type 'ros.ament_cmake' and name 'trover_description'
[0.254s] Level 1:colcon.colcon_core.package_identification:_identify(src/trover_drivers) by extensions ['ignore', 'ignore_ament_install']
[0.254s] Level 1:colcon.colcon_core.package_identification:_identify(src/trover_drivers) by extension 'ignore'
[0.254s] Level 1:colcon.colcon_core.package_identification:_identify(src/trover_drivers) by extension 'ignore_ament_install'
[0.254s] Level 1:colcon.colcon_core.package_identification:_identify(src/trover_drivers) by extensions ['colcon_pkg']
[0.254s] Level 1:colcon.colcon_core.package_identification:_identify(src/trover_drivers) by extension 'colcon_pkg'
[0.254s] Level 1:colcon.colcon_core.package_identification:_identify(src/trover_drivers) by extensions ['colcon_meta']
[0.254s] Level 1:colcon.colcon_core.package_identification:_identify(src/trover_drivers) by extension 'colcon_meta'
[0.254s] Level 1:colcon.colcon_core.package_identification:_identify(src/trover_drivers) by extensions ['ros']
[0.254s] Level 1:colcon.colcon_core.package_identification:_identify(src/trover_drivers) by extension 'ros'
[0.254s] DEBUG:colcon.colcon_core.package_identification:Package 'src/trover_drivers' with type 'ros.ament_cmake' and name 'trover_drivers'
[0.254s] Level 1:colcon.colcon_core.package_identification:_identify(src/trover_navigation) by extensions ['ignore', 'ignore_ament_install']
[0.254s] Level 1:colcon.colcon_core.package_identification:_identify(src/trover_navigation) by extension 'ignore'
[0.254s] Level 1:colcon.colcon_core.package_identification:_identify(src/trover_navigation) by extension 'ignore_ament_install'
[0.254s] Level 1:colcon.colcon_core.package_identification:_identify(src/trover_navigation) by extensions ['colcon_pkg']
[0.254s] Level 1:colcon.colcon_core.package_identification:_identify(src/trover_navigation) by extension 'colcon_pkg'
[0.254s] Level 1:colcon.colcon_core.package_identification:_identify(src/trover_navigation) by extensions ['colcon_meta']
[0.254s] Level 1:colcon.colcon_core.package_identification:_identify(src/trover_navigation) by extension 'colcon_meta'
[0.254s] Level 1:colcon.colcon_core.package_identification:_identify(src/trover_navigation) by extensions ['ros']
[0.254s] Level 1:colcon.colcon_core.package_identification:_identify(src/trover_navigation) by extension 'ros'
[0.255s] DEBUG:colcon.colcon_core.package_identification:Package 'src/trover_navigation' with type 'ros.ament_python' and name 'trover_navigation'
[0.255s] Level 1:colcon.colcon_core.package_identification:_identify(src/trover_slam) by extensions ['ignore', 'ignore_ament_install']
[0.255s] Level 1:colcon.colcon_core.package_identification:_identify(src/trover_slam) by extension 'ignore'
[0.255s] Level 1:colcon.colcon_core.package_identification:_identify(src/trover_slam) by extension 'ignore_ament_install'
[0.255s] Level 1:colcon.colcon_core.package_identification:_identify(src/trover_slam) by extensions ['colcon_pkg']
[0.255s] Level 1:colcon.colcon_core.package_identification:_identify(src/trover_slam) by extension 'colcon_pkg'
[0.255s] Level 1:colcon.colcon_core.package_identification:_identify(src/trover_slam) by extensions ['colcon_meta']
[0.255s] Level 1:colcon.colcon_core.package_identification:_identify(src/trover_slam) by extension 'colcon_meta'
[0.255s] Level 1:colcon.colcon_core.package_identification:_identify(src/trover_slam) by extensions ['ros']
[0.255s] Level 1:colcon.colcon_core.package_identification:_identify(src/trover_slam) by extension 'ros'
[0.255s] DEBUG:colcon.colcon_core.package_identification:Package 'src/trover_slam' with type 'ros.ament_python' and name 'trover_slam'
[0.255s] Level 1:colcon.colcon_core.package_identification:_identify(src/trover_state_estimation) by extensions ['ignore', 'ignore_ament_install']
[0.255s] Level 1:colcon.colcon_core.package_identification:_identify(src/trover_state_estimation) by extension 'ignore'
[0.255s] Level 1:colcon.colcon_core.package_identification:_identify(src/trover_state_estimation) by extension 'ignore_ament_install'
[0.255s] Level 1:colcon.colcon_core.package_identification:_identify(src/trover_state_estimation) by extensions ['colcon_pkg']
[0.255s] Level 1:colcon.colcon_core.package_identification:_identify(src/trover_state_estimation) by extension 'colcon_pkg'
[0.255s] Level 1:colcon.colcon_core.package_identification:_identify(src/trover_state_estimation) by extensions ['colcon_meta']
[0.255s] Level 1:colcon.colcon_core.package_identification:_identify(src/trover_state_estimation) by extension 'colcon_meta'
[0.256s] Level 1:colcon.colcon_core.package_identification:_identify(src/trover_state_estimation) by extensions ['ros']
[0.256s] Level 1:colcon.colcon_core.package_identification:_identify(src/trover_state_estimation) by extension 'ros'
[0.256s] DEBUG:colcon.colcon_core.package_identification:Package 'src/trover_state_estimation' with type 'ros.ament_python' and name 'trover_state_estimation'
[0.256s] Level 1:colcon.colcon_core.package_discovery:discover_packages(recursive) using defaults
[0.256s] Level 1:colcon.colcon_core.package_discovery:discover_packages(ignore) discover
[0.256s] Level 1:colcon.colcon_core.package_discovery:discover_packages(ignore) using defaults
[0.256s] Level 1:colcon.colcon_core.package_discovery:discover_packages(path) discover
[0.256s] Level 1:colcon.colcon_core.package_discovery:discover_packages(path) using defaults
[0.276s] Level 1:colcon.colcon_core.package_discovery:discover_packages(prefix_path) check parameters
[0.276s] Level 1:colcon.colcon_core.package_discovery:discover_packages(prefix_path) discover
[0.278s] DEBUG:colcon.colcon_installed_package_information.package_discovery:Found 426 installed packages in /opt/ros/humble
[0.279s] Level 1:colcon.colcon_core.package_discovery:discover_packages(prefix_path) using defaults
[0.304s] Level 5:colcon.colcon_core.verb:set package 'trover_communication' build argument 'cmake_args' from command line to 'None'
[0.304s] Level 5:colcon.colcon_core.verb:set package 'trover_communication' build argument 'cmake_target' from command line to 'None'
[0.304s] Level 5:colcon.colcon_core.verb:set package 'trover_communication' build argument 'cmake_target_skip_unavailable' from command line to 'False'
[0.304s] Level 5:colcon.colcon_core.verb:set package 'trover_communication' build argument 'cmake_clean_cache' from command line to 'False'
[0.304s] Level 5:colcon.colcon_core.verb:set package 'trover_communication' build argument 'cmake_clean_first' from command line to 'False'
[0.304s] Level 5:colcon.colcon_core.verb:set package 'trover_communication' build argument 'cmake_force_configure' from command line to 'False'
[0.304s] Level 5:colcon.colcon_core.verb:set package 'trover_communication' build argument 'ament_cmake_args' from command line to 'None'
[0.304s] Level 5:colcon.colcon_core.verb:set package 'trover_communication' build argument 'catkin_cmake_args' from command line to 'None'
[0.304s] Level 5:colcon.colcon_core.verb:set package 'trover_communication' build argument 'catkin_skip_building_tests' from command line to 'False'
[0.304s] DEBUG:colcon.colcon_core.verb:Building package 'trover_communication' with the following arguments: {'ament_cmake_args': None, 'build_base': '/home/noah/mren_ws/build/trover_communication', 'catkin_cmake_args': None, 'catkin_skip_building_tests': False, 'cmake_args': None, 'cmake_clean_cache': False, 'cmake_clean_first': False, 'cmake_force_configure': False, 'cmake_target': None, 'cmake_target_skip_unavailable': False, 'install_base': '/home/noah/mren_ws/install/trover_communication', 'merge_install': False, 'path': '/home/noah/mren_ws/src/trover_communication', 'symlink_install': False, 'test_result_base': None}
[0.305s] Level 5:colcon.colcon_core.verb:set package 'trover_description' build argument 'cmake_args' from command line to 'None'
[0.305s] Level 5:colcon.colcon_core.verb:set package 'trover_description' build argument 'cmake_target' from command line to 'None'
[0.305s] Level 5:colcon.colcon_core.verb:set package 'trover_description' build argument 'cmake_target_skip_unavailable' from command line to 'False'
[0.305s] Level 5:colcon.colcon_core.verb:set package 'trover_description' build argument 'cmake_clean_cache' from command line to 'False'
[0.305s] Level 5:colcon.colcon_core.verb:set package 'trover_description' build argument 'cmake_clean_first' from command line to 'False'
[0.305s] Level 5:colcon.colcon_core.verb:set package 'trover_description' build argument 'cmake_force_configure' from command line to 'False'
[0.305s] Level 5:colcon.colcon_core.verb:set package 'trover_description' build argument 'ament_cmake_args' from command line to 'None'
[0.305s] Level 5:colcon.colcon_core.verb:set package 'trover_description' build argument 'catkin_cmake_args' from command line to 'None'
[0.305s] Level 5:colcon.colcon_core.verb:set package 'trover_description' build argument 'catkin_skip_building_tests' from command line to 'False'
[0.305s] DEBUG:colcon.colcon_core.verb:Building package 'trover_description' with the following arguments: {'ament_cmake_args': None, 'build_base': '/home/noah/mren_ws/build/trover_description', 'catkin_cmake_args': None, 'catkin_skip_building_tests': False, 'cmake_args': None, 'cmake_clean_cache': False, 'cmake_clean_first': False, 'cmake_force_configure': False, 'cmake_target': None, 'cmake_target_skip_unavailable': False, 'install_base': '/home/noah/mren_ws/install/trover_description', 'merge_install': False, 'path': '/home/noah/mren_ws/src/trover_description', 'symlink_install': False, 'test_result_base': None}
[0.305s] Level 5:colcon.colcon_core.verb:set package 'trover_drivers' build argument 'cmake_args' from command line to 'None'
[0.305s] Level 5:colcon.colcon_core.verb:set package 'trover_drivers' build argument 'cmake_target' from command line to 'None'
[0.305s] Level 5:colcon.colcon_core.verb:set package 'trover_drivers' build argument 'cmake_target_skip_unavailable' from command line to 'False'
[0.305s] Level 5:colcon.colcon_core.verb:set package 'trover_drivers' build argument 'cmake_clean_cache' from command line to 'False'
[0.305s] Level 5:colcon.colcon_core.verb:set package 'trover_drivers' build argument 'cmake_clean_first' from command line to 'False'
[0.305s] Level 5:colcon.colcon_core.verb:set package 'trover_drivers' build argument 'cmake_force_configure' from command line to 'False'
[0.305s] Level 5:colcon.colcon_core.verb:set package 'trover_drivers' build argument 'ament_cmake_args' from command line to 'None'
[0.305s] Level 5:colcon.colcon_core.verb:set package 'trover_drivers' build argument 'catkin_cmake_args' from command line to 'None'
[0.305s] Level 5:colcon.colcon_core.verb:set package 'trover_drivers' build argument 'catkin_skip_building_tests' from command line to 'False'
[0.305s] DEBUG:colcon.colcon_core.verb:Building package 'trover_drivers' with the following arguments: {'ament_cmake_args': None, 'build_base': '/home/noah/mren_ws/build/trover_drivers', 'catkin_cmake_args': None, 'catkin_skip_building_tests': False, 'cmake_args': None, 'cmake_clean_cache': False, 'cmake_clean_first': False, 'cmake_force_configure': False, 'cmake_target': None, 'cmake_target_skip_unavailable': False, 'install_base': '/home/noah/mren_ws/install/trover_drivers', 'merge_install': False, 'path': '/home/noah/mren_ws/src/trover_drivers', 'symlink_install': False, 'test_result_base': None}
[0.305s] Level 5:colcon.colcon_core.verb:set package 'trover_navigation' build argument 'cmake_args' from command line to 'None'
[0.305s] Level 5:colcon.colcon_core.verb:set package 'trover_navigation' build argument 'cmake_target' from command line to 'None'
[0.305s] Level 5:colcon.colcon_core.verb:set package 'trover_navigation' build argument 'cmake_target_skip_unavailable' from command line to 'False'
[0.305s] Level 5:colcon.colcon_core.verb:set package 'trover_navigation' build argument 'cmake_clean_cache' from command line to 'False'
[0.305s] Level 5:colcon.colcon_core.verb:set package 'trover_navigation' build argument 'cmake_clean_first' from command line to 'False'
[0.305s] Level 5:colcon.colcon_core.verb:set package 'trover_navigation' build argument 'cmake_force_configure' from command line to 'False'
[0.305s] Level 5:colcon.colcon_core.verb:set package 'trover_navigation' build argument 'ament_cmake_args' from command line to 'None'
[0.305s] Level 5:colcon.colcon_core.verb:set package 'trover_navigation' build argument 'catkin_cmake_args' from command line to 'None'
[0.305s] Level 5:colcon.colcon_core.verb:set package 'trover_navigation' build argument 'catkin_skip_building_tests' from command line to 'False'
[0.305s] DEBUG:colcon.colcon_core.verb:Building package 'trover_navigation' with the following arguments: {'ament_cmake_args': None, 'build_base': '/home/noah/mren_ws/build/trover_navigation', 'catkin_cmake_args': None, 'catkin_skip_building_tests': False, 'cmake_args': None, 'cmake_clean_cache': False, 'cmake_clean_first': False, 'cmake_force_configure': False, 'cmake_target': None, 'cmake_target_skip_unavailable': False, 'install_base': '/home/noah/mren_ws/install/trover_navigation', 'merge_install': False, 'path': '/home/noah/mren_ws/src/trover_navigation', 'symlink_install': False, 'test_result_base': None}
[0.305s] Level 5:colcon.colcon_core.verb:set package 'trover_slam' build argument 'cmake_args' from command line to 'None'
[0.305s] Level 5:colcon.colcon_core.verb:set package 'trover_slam' build argument 'cmake_target' from command line to 'None'
[0.305s] Level 5:colcon.colcon_core.verb:set package 'trover_slam' build argument 'cmake_target_skip_unavailable' from command line to 'False'
[0.305s] Level 5:colcon.colcon_core.verb:set package 'trover_slam' build argument 'cmake_clean_cache' from command line to 'False'
[0.305s] Level 5:colcon.colcon_core.verb:set package 'trover_slam' build argument 'cmake_clean_first' from command line to 'False'
[0.306s] Level 5:colcon.colcon_core.verb:set package 'trover_slam' build argument 'cmake_force_configure' from command line to 'False'
[0.306s] Level 5:colcon.colcon_core.verb:set package 'trover_slam' build argument 'ament_cmake_args' from command line to 'None'
[0.306s] Level 5:colcon.colcon_core.verb:set package 'trover_slam' build argument 'catkin_cmake_args' from command line to 'None'
[0.306s] Level 5:colcon.colcon_core.verb:set package 'trover_slam' build argument 'catkin_skip_building_tests' from command line to 'False'
[0.306s] DEBUG:colcon.colcon_core.verb:Building package 'trover_slam' with the following arguments: {'ament_cmake_args': None, 'build_base': '/home/noah/mren_ws/build/trover_slam', 'catkin_cmake_args': None, 'catkin_skip_building_tests': False, 'cmake_args': None, 'cmake_clean_cache': False, 'cmake_clean_first': False, 'cmake_force_configure': False, 'cmake_target': None, 'cmake_target_skip_unavailable': False, 'install_base': '/home/noah/mren_ws/install/trover_slam', 'merge_install': False, 'path': '/home/noah/mren_ws/src/trover_slam', 'symlink_install': False, 'test_result_base': None}
[0.306s] Level 5:colcon.colcon_core.verb:set package 'trover_state_estimation' build argument 'cmake_args' from command line to 'None'
[0.306s] Level 5:colcon.colcon_core.verb:set package 'trover_state_estimation' build argument 'cmake_target' from command line to 'None'
[0.306s] Level 5:colcon.colcon_core.verb:set package 'trover_state_estimation' build argument 'cmake_target_skip_unavailable' from command line to 'False'
[0.306s] Level 5:colcon.colcon_core.verb:set package 'trover_state_estimation' build argument 'cmake_clean_cache' from command line to 'False'
[0.306s] Level 5:colcon.colcon_core.verb:set package 'trover_state_estimation' build argument 'cmake_clean_first' from command line to 'False'
[0.306s] Level 5:colcon.colcon_core.verb:set package 'trover_state_estimation' build argument 'cmake_force_configure' from command line to 'False'
[0.306s] Level 5:colcon.colcon_core.verb:set package 'trover_state_estimation' build argument 'ament_cmake_args' from command line to 'None'
[0.306s] Level 5:colcon.colcon_core.verb:set package 'trover_state_estimation' build argument 'catkin_cmake_args' from command line to 'None'
[0.306s] Level 5:colcon.colcon_core.verb:set package 'trover_state_estimation' build argument 'catkin_skip_building_tests' from command line to 'False'
[0.306s] DEBUG:colcon.colcon_core.verb:Building package 'trover_state_estimation' with the following arguments: {'ament_cmake_args': None, 'build_base': '/home/noah/mren_ws/build/trover_state_estimation', 'catkin_cmake_args': None, 'catkin_skip_building_tests': False, 'cmake_args': None, 'cmake_clean_cache': False, 'cmake_clean_first': False, 'cmake_force_configure': False, 'cmake_target': None, 'cmake_target_skip_unavailable': False, 'install_base': '/home/noah/mren_ws/install/trover_state_estimation', 'merge_install': False, 'path': '/home/noah/mren_ws/src/trover_state_estimation', 'symlink_install': False, 'test_result_base': None}
[0.306s] Level 5:colcon.colcon_core.verb:set package 'trover_bringup' build argument 'cmake_args' from command line to 'None'
[0.306s] Level 5:colcon.colcon_core.verb:set package 'trover_bringup' build argument 'cmake_target' from command line to 'None'
[0.306s] Level 5:colcon.colcon_core.verb:set package 'trover_bringup' build argument 'cmake_target_skip_unavailable' from command line to 'False'
[0.306s] Level 5:colcon.colcon_core.verb:set package 'trover_bringup' build argument 'cmake_clean_cache' from command line to 'False'
[0.306s] Level 5:colcon.colcon_core.verb:set package 'trover_bringup' build argument 'cmake_clean_first' from command line to 'False'
[0.306s] Level 5:colcon.colcon_core.verb:set package 'trover_bringup' build argument 'cmake_force_configure' from command line to 'False'
[0.306s] Level 5:colcon.colcon_core.verb:set package 'trover_bringup' build argument 'ament_cmake_args' from command line to 'None'
[0.306s] Level 5:colcon.colcon_core.verb:set package 'trover_bringup' build argument 'catkin_cmake_args' from command line to 'None'
[0.306s] Level 5:colcon.colcon_core.verb:set package 'trover_bringup' build argument 'catkin_skip_building_tests' from command line to 'False'
[0.306s] DEBUG:colcon.colcon_core.verb:Building package 'trover_bringup' with the following arguments: {'ament_cmake_args': None, 'build_base': '/home/noah/mren_ws/build/trover_bringup', 'catkin_cmake_args': None, 'catkin_skip_building_tests': False, 'cmake_args': None, 'cmake_clean_cache': False, 'cmake_clean_first': False, 'cmake_force_configure': False, 'cmake_target': None, 'cmake_target_skip_unavailable': False, 'install_base': '/home/noah/mren_ws/install/trover_bringup', 'merge_install': False, 'path': '/home/noah/mren_ws/src/trover_bringup', 'symlink_install': False, 'test_result_base': None}
[0.306s] INFO:colcon.colcon_core.executor:Executing jobs using 'parallel' executor
[0.307s] DEBUG:colcon.colcon_parallel_executor.executor.parallel:run_until_complete
[0.307s] INFO:colcon.colcon_ros.task.ament_cmake.build:Building ROS package in '/home/noah/mren_ws/src/trover_description' with build type 'ament_cmake'
[0.307s] INFO:colcon.colcon_cmake.task.cmake.build:Building CMake package in '/home/noah/mren_ws/src/trover_description'
[0.309s] INFO:colcon.colcon_core.plugin_system:Skipping extension 'colcon_core.shell.bat': Not used on non-Windows systems
[0.310s] INFO:colcon.colcon_core.shell:Skip shell extension 'powershell' for command environment: Not usable outside of PowerShell
[0.310s] DEBUG:colcon.colcon_core.shell:Skip shell extension 'dsv' for command environment
[0.311s] INFO:colcon.colcon_ros.task.ament_python.build:Building ROS package in '/home/noah/mren_ws/src/trover_navigation' with build type 'ament_python'
[0.311s] Level 1:colcon.colcon_core.shell:create_environment_hook('trover_navigation', 'ament_prefix_path')
[0.312s] INFO:colcon.colcon_core.shell:Creating environment hook '/home/noah/mren_ws/install/trover_navigation/share/trover_navigation/hook/ament_prefix_path.ps1'
[0.312s] INFO:colcon.colcon_core.shell:Creating environment descriptor '/home/noah/mren_ws/install/trover_navigation/share/trover_navigation/hook/ament_prefix_path.dsv'
[0.312s] INFO:colcon.colcon_core.shell:Creating environment hook '/home/noah/mren_ws/install/trover_navigation/share/trover_navigation/hook/ament_prefix_path.sh'
[0.313s] INFO:colcon.colcon_core.shell:Skip shell extension 'powershell' for command environment: Not usable outside of PowerShell
[0.313s] DEBUG:colcon.colcon_core.shell:Skip shell extension 'dsv' for command environment
[0.314s] INFO:colcon.colcon_ros.task.ament_python.build:Building ROS package in '/home/noah/mren_ws/src/trover_slam' with build type 'ament_python'
[0.314s] Level 1:colcon.colcon_core.shell:create_environment_hook('trover_slam', 'ament_prefix_path')
[0.314s] INFO:colcon.colcon_core.shell:Creating environment hook '/home/noah/mren_ws/install/trover_slam/share/trover_slam/hook/ament_prefix_path.ps1'
[0.315s] INFO:colcon.colcon_core.shell:Creating environment descriptor '/home/noah/mren_ws/install/trover_slam/share/trover_slam/hook/ament_prefix_path.dsv'
[0.315s] INFO:colcon.colcon_core.shell:Creating environment hook '/home/noah/mren_ws/install/trover_slam/share/trover_slam/hook/ament_prefix_path.sh'
[0.315s] INFO:colcon.colcon_core.shell:Skip shell extension 'powershell' for command environment: Not usable outside of PowerShell
[0.315s] DEBUG:colcon.colcon_core.shell:Skip shell extension 'dsv' for command environment
[0.317s] INFO:colcon.colcon_ros.task.ament_python.build:Building ROS package in '/home/noah/mren_ws/src/trover_state_estimation' with build type 'ament_python'
[0.317s] Level 1:colcon.colcon_core.shell:create_environment_hook('trover_state_estimation', 'ament_prefix_path')
[0.317s] INFO:colcon.colcon_core.shell:Creating environment hook '/home/noah/mren_ws/install/trover_state_estimation/share/trover_state_estimation/hook/ament_prefix_path.ps1'
[0.317s] INFO:colcon.colcon_core.shell:Creating environment descriptor '/home/noah/mren_ws/install/trover_state_estimation/share/trover_state_estimation/hook/ament_prefix_path.dsv'
[0.317s] INFO:colcon.colcon_core.shell:Creating environment hook '/home/noah/mren_ws/install/trover_state_estimation/share/trover_state_estimation/hook/ament_prefix_path.sh'
[0.317s] INFO:colcon.colcon_core.shell:Skip shell extension 'powershell' for command environment: Not usable outside of PowerShell
[0.318s] DEBUG:colcon.colcon_core.shell:Skip shell extension 'dsv' for command environment
[0.319s] INFO:colcon.colcon_ros.task.ament_python.build:Building ROS package in '/home/noah/mren_ws/src/trover_communication' with build type 'ament_python'
[0.319s] Level 1:colcon.colcon_core.shell:create_environment_hook('trover_communication', 'ament_prefix_path')
[0.319s] INFO:colcon.colcon_core.shell:Creating environment hook '/home/noah/mren_ws/install/trover_communication/share/trover_communication/hook/ament_prefix_path.ps1'
[0.319s] INFO:colcon.colcon_core.shell:Creating environment descriptor '/home/noah/mren_ws/install/trover_communication/share/trover_communication/hook/ament_prefix_path.dsv'
[0.320s] INFO:colcon.colcon_core.shell:Creating environment hook '/home/noah/mren_ws/install/trover_communication/share/trover_communication/hook/ament_prefix_path.sh'
[0.320s] INFO:colcon.colcon_core.shell:Skip shell extension 'powershell' for command environment: Not usable outside of PowerShell
[0.320s] DEBUG:colcon.colcon_core.shell:Skip shell extension 'dsv' for command environment
[0.321s] INFO:colcon.colcon_ros.task.ament_cmake.build:Building ROS package in '/home/noah/mren_ws/src/trover_drivers' with build type 'ament_cmake'
[0.322s] INFO:colcon.colcon_cmake.task.cmake.build:Building CMake package in '/home/noah/mren_ws/src/trover_drivers'
[0.322s] INFO:colcon.colcon_core.shell:Skip shell extension 'powershell' for command environment: Not usable outside of PowerShell
[0.322s] DEBUG:colcon.colcon_core.shell:Skip shell extension 'dsv' for command environment
[0.326s] DEBUG:colcon.colcon_core.event_handler.log_command:Invoking command in '/home/noah/mren_ws/build/trover_description': CMAKE_PREFIX_PATH=/opt/ros/humble /usr/bin/cmake /home/noah/mren_ws/src/trover_description -DCMAKE_INSTALL_PREFIX=/home/noah/mren_ws/install/trover_description
[0.475s] INFO:colcon.colcon_core.task.python.build:Building Python package in '/home/noah/mren_ws/src/trover_navigation'
[0.475s] INFO:colcon.colcon_core.shell:Skip shell extension 'powershell' for command environment: Not usable outside of PowerShell
[0.475s] DEBUG:colcon.colcon_core.shell:Skip shell extension 'dsv' for command environment
[0.626s] INFO:colcon.colcon_core.task.python.build:Building Python package in '/home/noah/mren_ws/src/trover_slam'
[0.626s] INFO:colcon.colcon_core.shell:Skip shell extension 'powershell' for command environment: Not usable outside of PowerShell
[0.626s] DEBUG:colcon.colcon_core.shell:Skip shell extension 'dsv' for command environment
[0.767s] INFO:colcon.colcon_core.task.python.build:Building Python package in '/home/noah/mren_ws/src/trover_state_estimation'
[0.767s] INFO:colcon.colcon_core.shell:Skip shell extension 'powershell' for command environment: Not usable outside of PowerShell
[0.767s] DEBUG:colcon.colcon_core.shell:Skip shell extension 'dsv' for command environment
[0.915s] INFO:colcon.colcon_core.task.python.build:Building Python package in '/home/noah/mren_ws/src/trover_communication'
[0.915s] INFO:colcon.colcon_core.shell:Skip shell extension 'powershell' for command environment: Not usable outside of PowerShell
[0.915s] DEBUG:colcon.colcon_core.shell:Skip shell extension 'dsv' for command environment
[0.924s] DEBUG:colcon.colcon_core.event_handler.log_command:Invoking command in '/home/noah/mren_ws/build/trover_drivers': CMAKE_PREFIX_PATH=/opt/ros/humble /usr/bin/cmake /home/noah/mren_ws/src/trover_drivers -DCMAKE_INSTALL_PREFIX=/home/noah/mren_ws/install/trover_drivers
[0.924s] DEBUG:colcon.colcon_core.event_handler.log_command:Invoked command in '/home/noah/mren_ws/build/trover_description' returned '0': CMAKE_PREFIX_PATH=/opt/ros/humble /usr/bin/cmake /home/noah/mren_ws/src/trover_description -DCMAKE_INSTALL_PREFIX=/home/noah/mren_ws/install/trover_description
[0.926s] DEBUG:colcon.colcon_core.event_handler.log_command:Invoking command in '/home/noah/mren_ws/build/trover_description': CMAKE_PREFIX_PATH=/opt/ros/humble /usr/bin/cmake --build /home/noah/mren_ws/build/trover_description -- -j22 -l22
[0.958s] DEBUG:colcon.colcon_core.event_handler.log_command:Invoked command in '/home/noah/mren_ws/build/trover_description' returned '0': CMAKE_PREFIX_PATH=/opt/ros/humble /usr/bin/cmake --build /home/noah/mren_ws/build/trover_description -- -j22 -l22
[0.967s] DEBUG:colcon.colcon_core.event_handler.log_command:Invoking command in '/home/noah/mren_ws/build/trover_description': CMAKE_PREFIX_PATH=/opt/ros/humble /usr/bin/cmake --install /home/noah/mren_ws/build/trover_description
[1.217s] DEBUG:colcon.colcon_core.event_handler.log_command:Invoking command in '/home/noah/mren_ws/src/trover_communication': PYTHONPATH=/home/noah/mren_ws/build/trover_communication/prefix_override:/usr/lib/python3/dist-packages/colcon_core/task/python/colcon_distutils_commands:/home/noah/mren_ws/install/trover_communication/lib/python3.10/site-packages:${PYTHONPATH} /usr/bin/python3 -W ignore:setup.py install is deprecated -W ignore:easy_install command is deprecated setup.py egg_info --egg-base ../../build/trover_communication build --build-base /home/noah/mren_ws/build/trover_communication/build install --record /home/noah/mren_ws/build/trover_communication/install.log --single-version-externally-managed install_data
[1.218s] DEBUG:colcon.colcon_core.event_handler.log_command:Invoking command in '/home/noah/mren_ws/src/trover_slam': PYTHONPATH=/home/noah/mren_ws/build/trover_slam/prefix_override:/usr/lib/python3/dist-packages/colcon_core/task/python/colcon_distutils_commands:/home/noah/mren_ws/install/trover_slam/lib/python3.10/site-packages:${PYTHONPATH} /usr/bin/python3 -W ignore:setup.py install is deprecated -W ignore:easy_install command is deprecated setup.py egg_info --egg-base ../../build/trover_slam build --build-base /home/noah/mren_ws/build/trover_slam/build install --record /home/noah/mren_ws/build/trover_slam/install.log --single-version-externally-managed install_data
[1.220s] DEBUG:colcon.colcon_core.event_handler.log_command:Invoking command in '/home/noah/mren_ws/src/trover_navigation': PYTHONPATH=/home/noah/mren_ws/build/trover_navigation/prefix_override:/usr/lib/python3/dist-packages/colcon_core/task/python/colcon_distutils_commands:/home/noah/mren_ws/install/trover_navigation/lib/python3.10/site-packages:${PYTHONPATH} /usr/bin/python3 -W ignore:setup.py install is deprecated -W ignore:easy_install command is deprecated setup.py egg_info --egg-base ../../build/trover_navigation build --build-base /home/noah/mren_ws/build/trover_navigation/build install --record /home/noah/mren_ws/build/trover_navigation/install.log --single-version-externally-managed install_data
[1.230s] Level 1:colcon.colcon_core.environment:create_environment_scripts_only(trover_description)
[1.231s] DEBUG:colcon.colcon_core.event_handler.log_command:Invoking command in '/home/noah/mren_ws/src/trover_state_estimation': PYTHONPATH=/home/noah/mren_ws/build/trover_state_estimation/prefix_override:/usr/lib/python3/dist-packages/colcon_core/task/python/colcon_distutils_commands:/home/noah/mren_ws/install/trover_state_estimation/lib/python3.10/site-packages:${PYTHONPATH} /usr/bin/python3 -W ignore:setup.py install is deprecated -W ignore:easy_install command is deprecated setup.py egg_info --egg-base ../../build/trover_state_estimation build --build-base /home/noah/mren_ws/build/trover_state_estimation/build install --record /home/noah/mren_ws/build/trover_state_estimation/install.log --single-version-externally-managed install_data
[1.232s] DEBUG:colcon.colcon_core.event_handler.log_command:Invoked command in '/home/noah/mren_ws/build/trover_description' returned '0': CMAKE_PREFIX_PATH=/opt/ros/humble /usr/bin/cmake --install /home/noah/mren_ws/build/trover_description
[1.234s] Level 1:colcon.colcon_core.environment:checking '/home/noah/mren_ws/install/trover_description' for CMake module files
[1.235s] Level 1:colcon.colcon_core.environment:checking '/home/noah/mren_ws/install/trover_description' for CMake config files
[1.238s] Level 1:colcon.colcon_core.shell:create_environment_hook('trover_description', 'cmake_prefix_path')
[1.238s] INFO:colcon.colcon_core.shell:Creating environment hook '/home/noah/mren_ws/install/trover_description/share/trover_description/hook/cmake_prefix_path.ps1'
[1.238s] INFO:colcon.colcon_core.shell:Creating environment descriptor '/home/noah/mren_ws/install/trover_description/share/trover_description/hook/cmake_prefix_path.dsv'
[1.239s] INFO:colcon.colcon_core.shell:Creating environment hook '/home/noah/mren_ws/install/trover_description/share/trover_description/hook/cmake_prefix_path.sh'
[1.239s] Level 1:colcon.colcon_core.environment:checking '/home/noah/mren_ws/install/trover_description/bin'
[1.239s] Level 1:colcon.colcon_core.environment:checking '/home/noah/mren_ws/install/trover_description/lib/pkgconfig/trover_description.pc'
[1.239s] Level 1:colcon.colcon_core.environment:checking '/home/noah/mren_ws/install/trover_description/lib/python3.10/site-packages'
[1.240s] Level 1:colcon.colcon_core.environment:checking '/home/noah/mren_ws/install/trover_description/bin'
[1.240s] INFO:colcon.colcon_core.shell:Creating package script '/home/noah/mren_ws/install/trover_description/share/trover_description/package.ps1'
[1.240s] INFO:colcon.colcon_core.shell:Creating package descriptor '/home/noah/mren_ws/install/trover_description/share/trover_description/package.dsv'
[1.241s] INFO:colcon.colcon_core.shell:Creating package script '/home/noah/mren_ws/install/trover_description/share/trover_description/package.sh'
[1.241s] INFO:colcon.colcon_core.shell:Creating package script '/home/noah/mren_ws/install/trover_description/share/trover_description/package.bash'
[1.242s] INFO:colcon.colcon_core.shell:Creating package script '/home/noah/mren_ws/install/trover_description/share/trover_description/package.zsh'
[1.243s] Level 1:colcon.colcon_core.environment:create_file_with_runtime_dependencies(/home/noah/mren_ws/install/trover_description/share/colcon-core/packages/trover_description)
[1.243s] Level 1:colcon.colcon_core.environment:create_environment_scripts_only(trover_description)
[1.243s] Level 1:colcon.colcon_core.environment:checking '/home/noah/mren_ws/install/trover_description' for CMake module files
[1.243s] Level 1:colcon.colcon_core.environment:checking '/home/noah/mren_ws/install/trover_description' for CMake config files
[1.246s] Level 1:colcon.colcon_core.shell:create_environment_hook('trover_description', 'cmake_prefix_path')
[1.246s] INFO:colcon.colcon_core.shell:Creating environment hook '/home/noah/mren_ws/install/trover_description/share/trover_description/hook/cmake_prefix_path.ps1'
[1.246s] INFO:colcon.colcon_core.shell:Creating environment descriptor '/home/noah/mren_ws/install/trover_description/share/trover_description/hook/cmake_prefix_path.dsv'
[1.247s] INFO:colcon.colcon_core.shell:Creating environment hook '/home/noah/mren_ws/install/trover_description/share/trover_description/hook/cmake_prefix_path.sh'
[1.247s] Level 1:colcon.colcon_core.environment:checking '/home/noah/mren_ws/install/trover_description/bin'
[1.247s] Level 1:colcon.colcon_core.environment:checking '/home/noah/mren_ws/install/trover_description/lib/pkgconfig/trover_description.pc'
[1.247s] Level 1:colcon.colcon_core.environment:checking '/home/noah/mren_ws/install/trover_description/lib/python3.10/site-packages'
[1.247s] Level 1:colcon.colcon_core.environment:checking '/home/noah/mren_ws/install/trover_description/bin'
[1.248s] INFO:colcon.colcon_core.shell:Creating package script '/home/noah/mren_ws/install/trover_description/share/trover_description/package.ps1'
[1.248s] INFO:colcon.colcon_core.shell:Creating package descriptor '/home/noah/mren_ws/install/trover_description/share/trover_description/package.dsv'
[1.248s] INFO:colcon.colcon_core.shell:Creating package script '/home/noah/mren_ws/install/trover_description/share/trover_description/package.sh'
[1.248s] INFO:colcon.colcon_core.shell:Creating package script '/home/noah/mren_ws/install/trover_description/share/trover_description/package.bash'
[1.249s] INFO:colcon.colcon_core.shell:Creating package script '/home/noah/mren_ws/install/trover_description/share/trover_description/package.zsh'
[1.249s] Level 1:colcon.colcon_core.environment:create_file_with_runtime_dependencies(/home/noah/mren_ws/install/trover_description/share/colcon-core/packages/trover_description)
[1.395s] Level 1:colcon.colcon_core.environment:checking '/home/noah/mren_ws/install/trover_communication' for CMake module files
[1.396s] DEBUG:colcon.colcon_core.event_handler.log_command:Invoked command in '/home/noah/mren_ws/src/trover_communication' returned '0': PYTHONPATH=/home/noah/mren_ws/build/trover_communication/prefix_override:/usr/lib/python3/dist-packages/colcon_core/task/python/colcon_distutils_commands:/home/noah/mren_ws/install/trover_communication/lib/python3.10/site-packages:${PYTHONPATH} /usr/bin/python3 -W ignore:setup.py install is deprecated -W ignore:easy_install command is deprecated setup.py egg_info --egg-base ../../build/trover_communication build --build-base /home/noah/mren_ws/build/trover_communication/build install --record /home/noah/mren_ws/build/trover_communication/install.log --single-version-externally-managed install_data
[1.396s] Level 1:colcon.colcon_core.environment:checking '/home/noah/mren_ws/install/trover_communication' for CMake config files
[1.397s] Level 1:colcon.colcon_core.environment:checking '/home/noah/mren_ws/install/trover_communication/lib'
[1.397s] Level 1:colcon.colcon_core.environment:checking '/home/noah/mren_ws/install/trover_communication/bin'
[1.397s] Level 1:colcon.colcon_core.environment:checking '/home/noah/mren_ws/install/trover_communication/lib/pkgconfig/trover_communication.pc'
[1.397s] Level 1:colcon.colcon_core.environment:checking '/home/noah/mren_ws/install/trover_communication/lib/python3.10/site-packages'
[1.397s] Level 1:colcon.colcon_core.shell:create_environment_hook('trover_communication', 'pythonpath')
[1.397s] INFO:colcon.colcon_core.shell:Creating environment hook '/home/noah/mren_ws/install/trover_communication/share/trover_communication/hook/pythonpath.ps1'
[1.398s] INFO:colcon.colcon_core.shell:Creating environment descriptor '/home/noah/mren_ws/install/trover_communication/share/trover_communication/hook/pythonpath.dsv'
[1.398s] INFO:colcon.colcon_core.shell:Creating environment hook '/home/noah/mren_ws/install/trover_communication/share/trover_communication/hook/pythonpath.sh'
[1.399s] Level 1:colcon.colcon_core.environment:checking '/home/noah/mren_ws/install/trover_communication/bin'
[1.399s] Level 1:colcon.colcon_core.environment:create_environment_scripts_only(trover_communication)
[1.399s] INFO:colcon.colcon_core.shell:Creating package script '/home/noah/mren_ws/install/trover_communication/share/trover_communication/package.ps1'
[1.400s] INFO:colcon.colcon_core.shell:Creating package descriptor '/home/noah/mren_ws/install/trover_communication/share/trover_communication/package.dsv'
[1.400s] INFO:colcon.colcon_core.shell:Creating package script '/home/noah/mren_ws/install/trover_communication/share/trover_communication/package.sh'
[1.400s] INFO:colcon.colcon_core.shell:Creating package script '/home/noah/mren_ws/install/trover_communication/share/trover_communication/package.bash'
[1.401s] INFO:colcon.colcon_core.shell:Creating package script '/home/noah/mren_ws/install/trover_communication/share/trover_communication/package.zsh'
[1.401s] Level 1:colcon.colcon_core.environment:create_file_with_runtime_dependencies(/home/noah/mren_ws/install/trover_communication/share/colcon-core/packages/trover_communication)
[1.406s] DEBUG:colcon.colcon_core.event_handler.log_command:Invoked command in '/home/noah/mren_ws/build/trover_drivers' returned '0': CMAKE_PREFIX_PATH=/opt/ros/humble /usr/bin/cmake /home/noah/mren_ws/src/trover_drivers -DCMAKE_INSTALL_PREFIX=/home/noah/mren_ws/install/trover_drivers
[1.407s] DEBUG:colcon.colcon_core.event_handler.log_command:Invoking command in '/home/noah/mren_ws/build/trover_drivers': CMAKE_PREFIX_PATH=/opt/ros/humble /usr/bin/cmake --build /home/noah/mren_ws/build/trover_drivers -- -j22 -l22
[1.412s] Level 1:colcon.colcon_core.environment:checking '/home/noah/mren_ws/install/trover_navigation' for CMake module files
[1.413s] DEBUG:colcon.colcon_core.event_handler.log_command:Invoked command in '/home/noah/mren_ws/src/trover_navigation' returned '0': PYTHONPATH=/home/noah/mren_ws/build/trover_navigation/prefix_override:/usr/lib/python3/dist-packages/colcon_core/task/python/colcon_distutils_commands:/home/noah/mren_ws/install/trover_navigation/lib/python3.10/site-packages:${PYTHONPATH} /usr/bin/python3 -W ignore:setup.py install is deprecated -W ignore:easy_install command is deprecated setup.py egg_info --egg-base ../../build/trover_navigation build --build-base /home/noah/mren_ws/build/trover_navigation/build install --record /home/noah/mren_ws/build/trover_navigation/install.log --single-version-externally-managed install_data
[1.413s] Level 1:colcon.colcon_core.environment:checking '/home/noah/mren_ws/install/trover_navigation' for CMake config files
[1.413s] Level 1:colcon.colcon_core.environment:checking '/home/noah/mren_ws/install/trover_navigation/lib'
[1.413s] Level 1:colcon.colcon_core.environment:checking '/home/noah/mren_ws/install/trover_navigation/bin'
[1.413s] Level 1:colcon.colcon_core.environment:checking '/home/noah/mren_ws/install/trover_navigation/lib/pkgconfig/trover_navigation.pc'
[1.414s] Level 1:colcon.colcon_core.environment:checking '/home/noah/mren_ws/install/trover_navigation/lib/python3.10/site-packages'
[1.414s] Level 1:colcon.colcon_core.shell:create_environment_hook('trover_navigation', 'pythonpath')
[1.414s] INFO:colcon.colcon_core.shell:Creating environment hook '/home/noah/mren_ws/install/trover_navigation/share/trover_navigation/hook/pythonpath.ps1'
[1.414s] INFO:colcon.colcon_core.shell:Creating environment descriptor '/home/noah/mren_ws/install/trover_navigation/share/trover_navigation/hook/pythonpath.dsv'
[1.414s] INFO:colcon.colcon_core.shell:Creating environment hook '/home/noah/mren_ws/install/trover_navigation/share/trover_navigation/hook/pythonpath.sh'
[1.415s] Level 1:colcon.colcon_core.environment:checking '/home/noah/mren_ws/install/trover_navigation/bin'
[1.415s] Level 1:colcon.colcon_core.environment:create_environment_scripts_only(trover_navigation)
[1.415s] INFO:colcon.colcon_core.shell:Creating package script '/home/noah/mren_ws/install/trover_navigation/share/trover_navigation/package.ps1'
[1.416s] INFO:colcon.colcon_core.shell:Creating package descriptor '/home/noah/mren_ws/install/trover_navigation/share/trover_navigation/package.dsv'
[1.416s] INFO:colcon.colcon_core.shell:Creating package script '/home/noah/mren_ws/install/trover_navigation/share/trover_navigation/package.sh'
[1.416s] INFO:colcon.colcon_core.shell:Creating package script '/home/noah/mren_ws/install/trover_navigation/share/trover_navigation/package.bash'
[1.416s] INFO:colcon.colcon_core.shell:Creating package script '/home/noah/mren_ws/install/trover_navigation/share/trover_navigation/package.zsh'
[1.416s] Level 1:colcon.colcon_core.environment:create_file_with_runtime_dependencies(/home/noah/mren_ws/install/trover_navigation/share/colcon-core/packages/trover_navigation)
[1.417s] Level 1:colcon.colcon_core.environment:checking '/home/noah/mren_ws/install/trover_state_estimation' for CMake module files
[1.418s] DEBUG:colcon.colcon_core.event_handler.log_command:Invoked command in '/home/noah/mren_ws/src/trover_state_estimation' returned '0': PYTHONPATH=/home/noah/mren_ws/build/trover_state_estimation/prefix_override:/usr/lib/python3/dist-packages/colcon_core/task/python/colcon_distutils_commands:/home/noah/mren_ws/install/trover_state_estimation/lib/python3.10/site-packages:${PYTHONPATH} /usr/bin/python3 -W ignore:setup.py install is deprecated -W ignore:easy_install command is deprecated setup.py egg_info --egg-base ../../build/trover_state_estimation build --build-base /home/noah/mren_ws/build/trover_state_estimation/build install --record /home/noah/mren_ws/build/trover_state_estimation/install.log --single-version-externally-managed install_data
[1.418s] Level 1:colcon.colcon_core.environment:checking '/home/noah/mren_ws/install/trover_state_estimation' for CMake config files
[1.418s] Level 1:colcon.colcon_core.environment:checking '/home/noah/mren_ws/install/trover_state_estimation/lib'
[1.419s] Level 1:colcon.colcon_core.environment:checking '/home/noah/mren_ws/install/trover_state_estimation/bin'
[1.419s] Level 1:colcon.colcon_core.environment:checking '/home/noah/mren_ws/install/trover_state_estimation/lib/pkgconfig/trover_state_estimation.pc'
[1.419s] Level 1:colcon.colcon_core.environment:checking '/home/noah/mren_ws/install/trover_state_estimation/lib/python3.10/site-packages'
[1.419s] Level 1:colcon.colcon_core.shell:create_environment_hook('trover_state_estimation', 'pythonpath')
[1.419s] INFO:colcon.colcon_core.shell:Creating environment hook '/home/noah/mren_ws/install/trover_state_estimation/share/trover_state_estimation/hook/pythonpath.ps1'
[1.419s] INFO:colcon.colcon_core.shell:Creating environment descriptor '/home/noah/mren_ws/install/trover_state_estimation/share/trover_state_estimation/hook/pythonpath.dsv'
[1.419s] INFO:colcon.colcon_core.shell:Creating environment hook '/home/noah/mren_ws/install/trover_state_estimation/share/trover_state_estimation/hook/pythonpath.sh'
[1.420s] Level 1:colcon.colcon_core.environment:checking '/home/noah/mren_ws/install/trover_state_estimation/bin'
[1.420s] Level 1:colcon.colcon_core.environment:create_environment_scripts_only(trover_state_estimation)
[1.420s] INFO:colcon.colcon_core.shell:Creating package script '/home/noah/mren_ws/install/trover_state_estimation/share/trover_state_estimation/package.ps1'
[1.420s] INFO:colcon.colcon_core.shell:Creating package descriptor '/home/noah/mren_ws/install/trover_state_estimation/share/trover_state_estimation/package.dsv'
[1.420s] INFO:colcon.colcon_core.shell:Creating package script '/home/noah/mren_ws/install/trover_state_estimation/share/trover_state_estimation/package.sh'
[1.421s] INFO:colcon.colcon_core.shell:Creating package script '/home/noah/mren_ws/install/trover_state_estimation/share/trover_state_estimation/package.bash'
[1.421s] INFO:colcon.colcon_core.shell:Creating package script '/home/noah/mren_ws/install/trover_state_estimation/share/trover_state_estimation/package.zsh'
[1.421s] Level 1:colcon.colcon_core.environment:create_file_with_runtime_dependencies(/home/noah/mren_ws/install/trover_state_estimation/share/colcon-core/packages/trover_state_estimation)
[1.423s] Level 1:colcon.colcon_core.environment:checking '/home/noah/mren_ws/install/trover_slam' for CMake module files
[1.423s] DEBUG:colcon.colcon_core.event_handler.log_command:Invoked command in '/home/noah/mren_ws/src/trover_slam' returned '0': PYTHONPATH=/home/noah/mren_ws/build/trover_slam/prefix_override:/usr/lib/python3/dist-packages/colcon_core/task/python/colcon_distutils_commands:/home/noah/mren_ws/install/trover_slam/lib/python3.10/site-packages:${PYTHONPATH} /usr/bin/python3 -W ignore:setup.py install is deprecated -W ignore:easy_install command is deprecated setup.py egg_info --egg-base ../../build/trover_slam build --build-base /home/noah/mren_ws/build/trover_slam/build install --record /home/noah/mren_ws/build/trover_slam/install.log --single-version-externally-managed install_data
[1.423s] Level 1:colcon.colcon_core.environment:checking '/home/noah/mren_ws/install/trover_slam' for CMake config files
[1.424s] Level 1:colcon.colcon_core.environment:checking '/home/noah/mren_ws/install/trover_slam/lib'
[1.424s] Level 1:colcon.colcon_core.environment:checking '/home/noah/mren_ws/install/trover_slam/bin'
[1.424s] Level 1:colcon.colcon_core.environment:checking '/home/noah/mren_ws/install/trover_slam/lib/pkgconfig/trover_slam.pc'
[1.424s] Level 1:colcon.colcon_core.environment:checking '/home/noah/mren_ws/install/trover_slam/lib/python3.10/site-packages'
[1.424s] Level 1:colcon.colcon_core.shell:create_environment_hook('trover_slam', 'pythonpath')
[1.424s] INFO:colcon.colcon_core.shell:Creating environment hook '/home/noah/mren_ws/install/trover_slam/share/trover_slam/hook/pythonpath.ps1'
[1.425s] INFO:colcon.colcon_core.shell:Creating environment descriptor '/home/noah/mren_ws/install/trover_slam/share/trover_slam/hook/pythonpath.dsv'
[1.425s] INFO:colcon.colcon_core.shell:Creating environment hook '/home/noah/mren_ws/install/trover_slam/share/trover_slam/hook/pythonpath.sh'
[1.426s] Level 1:colcon.colcon_core.environment:checking '/home/noah/mren_ws/install/trover_slam/bin'
[1.426s] Level 1:colcon.colcon_core.environment:create_environment_scripts_only(trover_slam)
[1.426s] INFO:colcon.colcon_core.shell:Creating package script '/home/noah/mren_ws/install/trover_slam/share/trover_slam/package.ps1'
[1.427s] INFO:colcon.colcon_core.shell:Creating package descriptor '/home/noah/mren_ws/install/trover_slam/share/trover_slam/package.dsv'
[1.427s] INFO:colcon.colcon_core.shell:Creating package script '/home/noah/mren_ws/install/trover_slam/share/trover_slam/package.sh'
[1.428s] INFO:colcon.colcon_core.shell:Creating package script '/home/noah/mren_ws/install/trover_slam/share/trover_slam/package.bash'
[1.428s] INFO:colcon.colcon_core.shell:Creating package script '/home/noah/mren_ws/install/trover_slam/share/trover_slam/package.zsh'
[1.428s] Level 1:colcon.colcon_core.environment:create_file_with_runtime_dependencies(/home/noah/mren_ws/install/trover_slam/share/colcon-core/packages/trover_slam)
[1.429s] INFO:colcon.colcon_ros.task.ament_cmake.build:Building ROS package in '/home/noah/mren_ws/src/trover_bringup' with build type 'ament_cmake'
[1.429s] INFO:colcon.colcon_cmake.task.cmake.build:Building CMake package in '/home/noah/mren_ws/src/trover_bringup'
[1.429s] INFO:colcon.colcon_core.shell:Skip shell extension 'powershell' for command environment: Not usable outside of PowerShell
[1.429s] DEBUG:colcon.colcon_core.shell:Skip shell extension 'dsv' for command environment
[1.433s] DEBUG:colcon.colcon_core.event_handler.log_command:Invoked command in '/home/noah/mren_ws/build/trover_drivers' returned '0': CMAKE_PREFIX_PATH=/opt/ros/humble /usr/bin/cmake --build /home/noah/mren_ws/build/trover_drivers -- -j22 -l22
[1.434s] DEBUG:colcon.colcon_core.event_handler.log_command:Invoking command in '/home/noah/mren_ws/build/trover_drivers': CMAKE_PREFIX_PATH=/opt/ros/humble /usr/bin/cmake --install /home/noah/mren_ws/build/trover_drivers
[1.437s] DEBUG:colcon.colcon_core.event_handler.log_command:Invoking command in '/home/noah/mren_ws/build/trover_bringup': AMENT_PREFIX_PATH=/home/noah/mren_ws/install/trover_state_estimation:/home/noah/mren_ws/install/trover_slam:/home/noah/mren_ws/install/trover_navigation:/home/noah/mren_ws/install/trover_description:${AMENT_PREFIX_PATH} CMAKE_PREFIX_PATH=/home/noah/mren_ws/install/trover_description:/opt/ros/humble PYTHONPATH=/home/noah/mren_ws/install/trover_state_estimation/lib/python3.10/site-packages:/home/noah/mren_ws/install/trover_slam/lib/python3.10/site-packages:/home/noah/mren_ws/install/trover_navigation/lib/python3.10/site-packages:${PYTHONPATH} /usr/bin/cmake /home/noah/mren_ws/src/trover_bringup -DCMAKE_INSTALL_PREFIX=/home/noah/mren_ws/install/trover_bringup
[1.440s] Level 1:colcon.colcon_core.environment:create_environment_scripts_only(trover_drivers)
[1.441s] Level 1:colcon.colcon_core.environment:checking '/home/noah/mren_ws/install/trover_drivers' for CMake module files
[1.441s] DEBUG:colcon.colcon_core.event_handler.log_command:Invoked command in '/home/noah/mren_ws/build/trover_drivers' returned '0': CMAKE_PREFIX_PATH=/opt/ros/humble /usr/bin/cmake --install /home/noah/mren_ws/build/trover_drivers
[1.441s] Level 1:colcon.colcon_core.environment:checking '/home/noah/mren_ws/install/trover_drivers' for CMake config files
[1.442s] Level 1:colcon.colcon_core.shell:create_environment_hook('trover_drivers', 'cmake_prefix_path')
[1.442s] INFO:colcon.colcon_core.shell:Creating environment hook '/home/noah/mren_ws/install/trover_drivers/share/trover_drivers/hook/cmake_prefix_path.ps1'
[1.442s] INFO:colcon.colcon_core.shell:Creating environment descriptor '/home/noah/mren_ws/install/trover_drivers/share/trover_drivers/hook/cmake_prefix_path.dsv'
[1.442s] INFO:colcon.colcon_core.shell:Creating environment hook '/home/noah/mren_ws/install/trover_drivers/share/trover_drivers/hook/cmake_prefix_path.sh'
[1.443s] Level 1:colcon.colcon_core.environment:checking '/home/noah/mren_ws/install/trover_drivers/bin'
[1.443s] Level 1:colcon.colcon_core.environment:checking '/home/noah/mren_ws/install/trover_drivers/lib/pkgconfig/trover_drivers.pc'
[1.443s] Level 1:colcon.colcon_core.environment:checking '/home/noah/mren_ws/install/trover_drivers/lib/python3.10/site-packages'
[1.443s] Level 1:colcon.colcon_core.environment:checking '/home/noah/mren_ws/install/trover_drivers/bin'
[1.443s] INFO:colcon.colcon_core.shell:Creating package script '/home/noah/mren_ws/install/trover_drivers/share/trover_drivers/package.ps1'
[1.443s] INFO:colcon.colcon_core.shell:Creating package descriptor '/home/noah/mren_ws/install/trover_drivers/share/trover_drivers/package.dsv'
[1.444s] INFO:colcon.colcon_core.shell:Creating package script '/home/noah/mren_ws/install/trover_drivers/share/trover_drivers/package.sh'
[1.444s] INFO:colcon.colcon_core.shell:Creating package script '/home/noah/mren_ws/install/trover_drivers/share/trover_drivers/package.bash'
[1.444s] INFO:colcon.colcon_core.shell:Creating package script '/home/noah/mren_ws/install/trover_drivers/share/trover_drivers/package.zsh'
[1.444s] Level 1:colcon.colcon_core.environment:create_file_with_runtime_dependencies(/home/noah/mren_ws/install/trover_drivers/share/colcon-core/packages/trover_drivers)
[1.444s] Level 1:colcon.colcon_core.environment:create_environment_scripts_only(trover_drivers)
[1.445s] Level 1:colcon.colcon_core.environment:checking '/home/noah/mren_ws/install/trover_drivers' for CMake module files
[1.445s] Level 1:colcon.colcon_core.environment:checking '/home/noah/mren_ws/install/trover_drivers' for CMake config files
[1.445s] Level 1:colcon.colcon_core.shell:create_environment_hook('trover_drivers', 'cmake_prefix_path')
[1.445s] INFO:colcon.colcon_core.shell:Creating environment hook '/home/noah/mren_ws/install/trover_drivers/share/trover_drivers/hook/cmake_prefix_path.ps1'
[1.445s] INFO:colcon.colcon_core.shell:Creating environment descriptor '/home/noah/mren_ws/install/trover_drivers/share/trover_drivers/hook/cmake_prefix_path.dsv'
[1.445s] INFO:colcon.colcon_core.shell:Creating environment hook '/home/noah/mren_ws/install/trover_drivers/share/trover_drivers/hook/cmake_prefix_path.sh'
[1.446s] Level 1:colcon.colcon_core.environment:checking '/home/noah/mren_ws/install/trover_drivers/bin'
[1.446s] Level 1:colcon.colcon_core.environment:checking '/home/noah/mren_ws/install/trover_drivers/lib/pkgconfig/trover_drivers.pc'
[1.446s] Level 1:colcon.colcon_core.environment:checking '/home/noah/mren_ws/install/trover_drivers/lib/python3.10/site-packages'
[1.446s] Level 1:colcon.colcon_core.environment:checking '/home/noah/mren_ws/install/trover_drivers/bin'
[1.446s] INFO:colcon.colcon_core.shell:Creating package script '/home/noah/mren_ws/install/trover_drivers/share/trover_drivers/package.ps1'
[1.446s] INFO:colcon.colcon_core.shell:Creating package descriptor '/home/noah/mren_ws/install/trover_drivers/share/trover_drivers/package.dsv'
[1.447s] INFO:colcon.colcon_core.shell:Creating package script '/home/noah/mren_ws/install/trover_drivers/share/trover_drivers/package.sh'
[1.447s] INFO:colcon.colcon_core.shell:Creating package script '/home/noah/mren_ws/install/trover_drivers/share/trover_drivers/package.bash'
[1.447s] INFO:colcon.colcon_core.shell:Creating package script '/home/noah/mren_ws/install/trover_drivers/share/trover_drivers/package.zsh'
[1.448s] Level 1:colcon.colcon_core.environment:create_file_with_runtime_dependencies(/home/noah/mren_ws/install/trover_drivers/share/colcon-core/packages/trover_drivers)
[1.833s] DEBUG:colcon.colcon_core.event_handler.log_command:Invoked command in '/home/noah/mren_ws/build/trover_bringup' returned '0': AMENT_PREFIX_PATH=/home/noah/mren_ws/install/trover_state_estimation:/home/noah/mren_ws/install/trover_slam:/home/noah/mren_ws/install/trover_navigation:/home/noah/mren_ws/install/trover_description:${AMENT_PREFIX_PATH} CMAKE_PREFIX_PATH=/home/noah/mren_ws/install/trover_description:/opt/ros/humble PYTHONPATH=/home/noah/mren_ws/install/trover_state_estimation/lib/python3.10/site-packages:/home/noah/mren_ws/install/trover_slam/lib/python3.10/site-packages:/home/noah/mren_ws/install/trover_navigation/lib/python3.10/site-packages:${PYTHONPATH} /usr/bin/cmake /home/noah/mren_ws/src/trover_bringup -DCMAKE_INSTALL_PREFIX=/home/noah/mren_ws/install/trover_bringup
[1.834s] DEBUG:colcon.colcon_core.event_handler.log_command:Invoking command in '/home/noah/mren_ws/build/trover_bringup': AMENT_PREFIX_PATH=/home/noah/mren_ws/install/trover_state_estimation:/home/noah/mren_ws/install/trover_slam:/home/noah/mren_ws/install/trover_navigation:/home/noah/mren_ws/install/trover_description:${AMENT_PREFIX_PATH} CMAKE_PREFIX_PATH=/home/noah/mren_ws/install/trover_description:/opt/ros/humble PYTHONPATH=/home/noah/mren_ws/install/trover_state_estimation/lib/python3.10/site-packages:/home/noah/mren_ws/install/trover_slam/lib/python3.10/site-packages:/home/noah/mren_ws/install/trover_navigation/lib/python3.10/site-packages:${PYTHONPATH} /usr/bin/cmake --build /home/noah/mren_ws/build/trover_bringup -- -j22 -l22
[1.864s] DEBUG:colcon.colcon_core.event_handler.log_command:Invoked command in '/home/noah/mren_ws/build/trover_bringup' returned '0': AMENT_PREFIX_PATH=/home/noah/mren_ws/install/trover_state_estimation:/home/noah/mren_ws/install/trover_slam:/home/noah/mren_ws/install/trover_navigation:/home/noah/mren_ws/install/trover_description:${AMENT_PREFIX_PATH} CMAKE_PREFIX_PATH=/home/noah/mren_ws/install/trover_description:/opt/ros/humble PYTHONPATH=/home/noah/mren_ws/install/trover_state_estimation/lib/python3.10/site-packages:/home/noah/mren_ws/install/trover_slam/lib/python3.10/site-packages:/home/noah/mren_ws/install/trover_navigation/lib/python3.10/site-packages:${PYTHONPATH} /usr/bin/cmake --build /home/noah/mren_ws/build/trover_bringup -- -j22 -l22
[1.866s] DEBUG:colcon.colcon_core.event_handler.log_command:Invoking command in '/home/noah/mren_ws/build/trover_bringup': AMENT_PREFIX_PATH=/home/noah/mren_ws/install/trover_state_estimation:/home/noah/mren_ws/install/trover_slam:/home/noah/mren_ws/install/trover_navigation:/home/noah/mren_ws/install/trover_description:${AMENT_PREFIX_PATH} CMAKE_PREFIX_PATH=/home/noah/mren_ws/install/trover_description:/opt/ros/humble PYTHONPATH=/home/noah/mren_ws/install/trover_state_estimation/lib/python3.10/site-packages:/home/noah/mren_ws/install/trover_slam/lib/python3.10/site-packages:/home/noah/mren_ws/install/trover_navigation/lib/python3.10/site-packages:${PYTHONPATH} /usr/bin/cmake --install /home/noah/mren_ws/build/trover_bringup
[1.874s] Level 1:colcon.colcon_core.environment:create_environment_scripts_only(trover_bringup)
[1.875s] Level 1:colcon.colcon_core.environment:checking '/home/noah/mren_ws/install/trover_bringup' for CMake module files
[1.875s] DEBUG:colcon.colcon_core.event_handler.log_command:Invoked command in '/home/noah/mren_ws/build/trover_bringup' returned '0': AMENT_PREFIX_PATH=/home/noah/mren_ws/install/trover_state_estimation:/home/noah/mren_ws/install/trover_slam:/home/noah/mren_ws/install/trover_navigation:/home/noah/mren_ws/install/trover_description:${AMENT_PREFIX_PATH} CMAKE_PREFIX_PATH=/home/noah/mren_ws/install/trover_description:/opt/ros/humble PYTHONPATH=/home/noah/mren_ws/install/trover_state_estimation/lib/python3.10/site-packages:/home/noah/mren_ws/install/trover_slam/lib/python3.10/site-packages:/home/noah/mren_ws/install/trover_navigation/lib/python3.10/site-packages:${PYTHONPATH} /usr/bin/cmake --install /home/noah/mren_ws/build/trover_bringup
[1.876s] Level 1:colcon.colcon_core.environment:checking '/home/noah/mren_ws/install/trover_bringup' for CMake config files
[1.876s] Level 1:colcon.colcon_core.shell:create_environment_hook('trover_bringup', 'cmake_prefix_path')
[1.877s] INFO:colcon.colcon_core.shell:Creating environment hook '/home/noah/mren_ws/install/trover_bringup/share/trover_bringup/hook/cmake_prefix_path.ps1'
[1.877s] INFO:colcon.colcon_core.shell:Creating environment descriptor '/home/noah/mren_ws/install/trover_bringup/share/trover_bringup/hook/cmake_prefix_path.dsv'
[1.877s] INFO:colcon.colcon_core.shell:Creating environment hook '/home/noah/mren_ws/install/trover_bringup/share/trover_bringup/hook/cmake_prefix_path.sh'
[1.878s] Level 1:colcon.colcon_core.environment:checking '/home/noah/mren_ws/install/trover_bringup/bin'
[1.878s] Level 1:colcon.colcon_core.environment:checking '/home/noah/mren_ws/install/trover_bringup/lib/pkgconfig/trover_bringup.pc'
[1.878s] Level 1:colcon.colcon_core.environment:checking '/home/noah/mren_ws/install/trover_bringup/lib/python3.10/site-packages'
[1.878s] Level 1:colcon.colcon_core.environment:checking '/home/noah/mren_ws/install/trover_bringup/bin'
[1.878s] INFO:colcon.colcon_core.shell:Creating package script '/home/noah/mren_ws/install/trover_bringup/share/trover_bringup/package.ps1'
[1.879s] INFO:colcon.colcon_core.shell:Creating package descriptor '/home/noah/mren_ws/install/trover_bringup/share/trover_bringup/package.dsv'
[1.879s] INFO:colcon.colcon_core.shell:Creating package script '/home/noah/mren_ws/install/trover_bringup/share/trover_bringup/package.sh'
[1.879s] INFO:colcon.colcon_core.shell:Creating package script '/home/noah/mren_ws/install/trover_bringup/share/trover_bringup/package.bash'
[1.879s] INFO:colcon.colcon_core.shell:Creating package script '/home/noah/mren_ws/install/trover_bringup/share/trover_bringup/package.zsh'
[1.880s] Level 1:colcon.colcon_core.environment:create_file_with_runtime_dependencies(/home/noah/mren_ws/install/trover_bringup/share/colcon-core/packages/trover_bringup)
[1.880s] Level 1:colcon.colcon_core.environment:create_environment_scripts_only(trover_bringup)
[1.880s] Level 1:colcon.colcon_core.environment:checking '/home/noah/mren_ws/install/trover_bringup' for CMake module files
[1.880s] Level 1:colcon.colcon_core.environment:checking '/home/noah/mren_ws/install/trover_bringup' for CMake config files
[1.880s] Level 1:colcon.colcon_core.shell:create_environment_hook('trover_bringup', 'cmake_prefix_path')
[1.881s] INFO:colcon.colcon_core.shell:Creating environment hook '/home/noah/mren_ws/install/trover_bringup/share/trover_bringup/hook/cmake_prefix_path.ps1'
[1.881s] INFO:colcon.colcon_core.shell:Creating environment descriptor '/home/noah/mren_ws/install/trover_bringup/share/trover_bringup/hook/cmake_prefix_path.dsv'
[1.881s] INFO:colcon.colcon_core.shell:Creating environment hook '/home/noah/mren_ws/install/trover_bringup/share/trover_bringup/hook/cmake_prefix_path.sh'
[1.881s] Level 1:colcon.colcon_core.environment:checking '/home/noah/mren_ws/install/trover_bringup/bin'
[1.881s] Level 1:colcon.colcon_core.environment:checking '/home/noah/mren_ws/install/trover_bringup/lib/pkgconfig/trover_bringup.pc'
[1.881s] Level 1:colcon.colcon_core.environment:checking '/home/noah/mren_ws/install/trover_bringup/lib/python3.10/site-packages'
[1.882s] Level 1:colcon.colcon_core.environment:checking '/home/noah/mren_ws/install/trover_bringup/bin'
[1.882s] INFO:colcon.colcon_core.shell:Creating package script '/home/noah/mren_ws/install/trover_bringup/share/trover_bringup/package.ps1'
[1.882s] INFO:colcon.colcon_core.shell:Creating package descriptor '/home/noah/mren_ws/install/trover_bringup/share/trover_bringup/package.dsv'
[1.882s] INFO:colcon.colcon_core.shell:Creating package script '/home/noah/mren_ws/install/trover_bringup/share/trover_bringup/package.sh'
[1.882s] INFO:colcon.colcon_core.shell:Creating package script '/home/noah/mren_ws/install/trover_bringup/share/trover_bringup/package.bash'
[1.883s] INFO:colcon.colcon_core.shell:Creating package script '/home/noah/mren_ws/install/trover_bringup/share/trover_bringup/package.zsh'
[1.883s] Level 1:colcon.colcon_core.environment:create_file_with_runtime_dependencies(/home/noah/mren_ws/install/trover_bringup/share/colcon-core/packages/trover_bringup)
[1.883s] DEBUG:colcon.colcon_parallel_executor.executor.parallel:closing loop
[1.883s] DEBUG:colcon.colcon_parallel_executor.executor.parallel:loop closed
[1.883s] DEBUG:colcon.colcon_parallel_executor.executor.parallel:run_until_complete finished with '0'
[1.883s] DEBUG:colcon.colcon_core.event_reactor:joining thread
[1.887s] INFO:colcon.colcon_core.plugin_system:Skipping extension 'colcon_notification.desktop_notification.terminal_notifier': Not used on non-Darwin systems
[1.887s] INFO:colcon.colcon_core.plugin_system:Skipping extension 'colcon_notification.desktop_notification.win32': Not used on non-Windows systems
[1.887s] INFO:colcon.colcon_notification.desktop_notification:Sending desktop notification using 'notify2'
[1.896s] DEBUG:colcon.colcon_core.event_reactor:joined thread
[1.896s] INFO:colcon.colcon_core.shell:Creating prefix script '/home/noah/mren_ws/install/local_setup.ps1'
[1.896s] INFO:colcon.colcon_core.shell:Creating prefix util module '/home/noah/mren_ws/install/_local_setup_util_ps1.py'
[1.897s] INFO:colcon.colcon_core.shell:Creating prefix chain script '/home/noah/mren_ws/install/setup.ps1'
[1.898s] INFO:colcon.colcon_core.shell:Creating prefix script '/home/noah/mren_ws/install/local_setup.sh'
[1.898s] INFO:colcon.colcon_core.shell:Creating prefix util module '/home/noah/mren_ws/install/_local_setup_util_sh.py'
[1.898s] INFO:colcon.colcon_core.shell:Creating prefix chain script '/home/noah/mren_ws/install/setup.sh'
[1.899s] INFO:colcon.colcon_core.shell:Creating prefix script '/home/noah/mren_ws/install/local_setup.bash'
[1.899s] INFO:colcon.colcon_core.shell:Creating prefix chain script '/home/noah/mren_ws/install/setup.bash'
[1.900s] INFO:colcon.colcon_core.shell:Creating prefix script '/home/noah/mren_ws/install/local_setup.zsh'
[1.900s] INFO:colcon.colcon_core.shell:Creating prefix chain script '/home/noah/mren_ws/install/setup.zsh'
