[0.896s] Invoking command in '/home/noah/mren_ws/src/trover_slam': PYTHONPATH=/home/noah/mren_ws/build/trover_slam/prefix_override:/usr/lib/python3/dist-packages/colcon_core/task/python/colcon_distutils_commands:/home/noah/mren_ws/install/trover_slam/lib/python3.10/site-packages:${PYTHONPATH} /usr/bin/python3 -W ignore:setup.py install is deprecated -W ignore:easy_install command is deprecated setup.py egg_info --egg-base ../../build/trover_slam build --build-base /home/noah/mren_ws/build/trover_slam/build install --record /home/noah/mren_ws/build/trover_slam/install.log --single-version-externally-managed install_data
[1.029s] running egg_info
[1.030s] writing ../../build/trover_slam/trover_slam.egg-info/PKG-INFO
[1.030s] writing dependency_links to ../../build/trover_slam/trover_slam.egg-info/dependency_links.txt
[1.030s] writing entry points to ../../build/trover_slam/trover_slam.egg-info/entry_points.txt
[1.030s] writing requirements to ../../build/trover_slam/trover_slam.egg-info/requires.txt
[1.030s] writing top-level names to ../../build/trover_slam/trover_slam.egg-info/top_level.txt
[1.035s] reading manifest file '../../build/trover_slam/trover_slam.egg-info/SOURCES.txt'
[1.036s] writing manifest file '../../build/trover_slam/trover_slam.egg-info/SOURCES.txt'
[1.036s] running build
[1.036s] running build_py
[1.036s] running install
[1.036s] running install_lib
[1.036s] running install_data
[1.036s] running install_egg_info
[1.036s] removing '/home/noah/mren_ws/install/trover_slam/lib/python3.10/site-packages/trover_slam-0.0.0-py3.10.egg-info' (and everything under it)
[1.036s] Copying ../../build/trover_slam/trover_slam.egg-info to /home/noah/mren_ws/install/trover_slam/lib/python3.10/site-packages/trover_slam-0.0.0-py3.10.egg-info
[1.036s] running install_scripts
[1.048s] writing list of installed files to '/home/noah/mren_ws/build/trover_slam/install.log'
[1.069s] Invoked command in '/home/noah/mren_ws/src/trover_slam' returned '0': PYTHONPATH=/home/noah/mren_ws/build/trover_slam/prefix_override:/usr/lib/python3/dist-packages/colcon_core/task/python/colcon_distutils_commands:/home/noah/mren_ws/install/trover_slam/lib/python3.10/site-packages:${PYTHONPATH} /usr/bin/python3 -W ignore:setup.py install is deprecated -W ignore:easy_install command is deprecated setup.py egg_info --egg-base ../../build/trover_slam build --build-base /home/noah/mren_ws/build/trover_slam/build install --record /home/noah/mren_ws/build/trover_slam/install.log --single-version-externally-managed install_data
