[2.148s] Invoking command in '/home/elizabeth/MREN203_Trover/src/trover_slam': PYTHONPATH=/home/elizabeth/MREN203_Trover/build/trover_slam/prefix_override:/usr/lib/python3/dist-packages/colcon_core/task/python/colcon_distutils_commands:/home/elizabeth/MREN203_Trover/install/trover_slam/lib/python3.10/site-packages:${PYTHONPATH} /usr/bin/python3 -W ignore:setup.py install is deprecated -W ignore:easy_install command is deprecated setup.py egg_info --egg-base ../../build/trover_slam build --build-base /home/elizabeth/MREN203_Trover/build/trover_slam/build install --record /home/elizabeth/MREN203_Trover/build/trover_slam/install.log --single-version-externally-managed install_data
[2.859s] running egg_info
[2.868s] writing ../../build/trover_slam/trover_slam.egg-info/PKG-INFO
[2.868s] writing dependency_links to ../../build/trover_slam/trover_slam.egg-info/dependency_links.txt
[2.871s] writing entry points to ../../build/trover_slam/trover_slam.egg-info/entry_points.txt
[2.873s] writing requirements to ../../build/trover_slam/trover_slam.egg-info/requires.txt
[2.878s] writing top-level names to ../../build/trover_slam/trover_slam.egg-info/top_level.txt
[2.902s] reading manifest file '../../build/trover_slam/trover_slam.egg-info/SOURCES.txt'
[2.902s] writing manifest file '../../build/trover_slam/trover_slam.egg-info/SOURCES.txt'
[2.903s] running build
[2.903s] running build_py
[2.904s] running install
[2.906s] running install_lib
[2.919s] running install_data
[2.933s] running install_egg_info
[2.942s] removing '/home/elizabeth/MREN203_Trover/install/trover_slam/lib/python3.10/site-packages/trover_slam-0.0.0-py3.10.egg-info' (and everything under it)
[2.942s] Copying ../../build/trover_slam/trover_slam.egg-info to /home/elizabeth/MREN203_Trover/install/trover_slam/lib/python3.10/site-packages/trover_slam-0.0.0-py3.10.egg-info
[3.037s] running install_scripts
[3.043s] writing list of installed files to '/home/elizabeth/MREN203_Trover/build/trover_slam/install.log'
[3.159s] Invoked command in '/home/elizabeth/MREN203_Trover/src/trover_slam' returned '0': PYTHONPATH=/home/elizabeth/MREN203_Trover/build/trover_slam/prefix_override:/usr/lib/python3/dist-packages/colcon_core/task/python/colcon_distutils_commands:/home/elizabeth/MREN203_Trover/install/trover_slam/lib/python3.10/site-packages:${PYTHONPATH} /usr/bin/python3 -W ignore:setup.py install is deprecated -W ignore:easy_install command is deprecated setup.py egg_info --egg-base ../../build/trover_slam build --build-base /home/elizabeth/MREN203_Trover/build/trover_slam/build install --record /home/elizabeth/MREN203_Trover/build/trover_slam/install.log --single-version-externally-managed install_data
