running egg_info
creating ../../build/trover_communication/trover_communication.egg-info
writing ../../build/trover_communication/trover_communication.egg-info/PKG-INFO
writing dependency_links to ../../build/trover_communication/trover_communication.egg-info/dependency_links.txt
writing entry points to ../../build/trover_communication/trover_communication.egg-info/entry_points.txt
writing requirements to ../../build/trover_communication/trover_communication.egg-info/requires.txt
writing top-level names to ../../build/trover_communication/trover_communication.egg-info/top_level.txt
writing manifest file '../../build/trover_communication/trover_communication.egg-info/SOURCES.txt'
reading manifest file '../../build/trover_communication/trover_communication.egg-info/SOURCES.txt'
writing manifest file '../../build/trover_communication/trover_communication.egg-info/SOURCES.txt'
running build
running build_py
creating /home/noah/mren_ws/build/trover_communication/build
creating /home/noah/mren_ws/build/trover_communication/build/lib
creating /home/noah/mren_ws/build/trover_communication/build/lib/trover_communication
copying trover_communication/trover_serial_comm.py -> /home/noah/mren_ws/build/trover_communication/build/lib/trover_communication
copying trover_communication/__init__.py -> /home/noah/mren_ws/build/trover_communication/build/lib/trover_communication
running install
running install_lib
creating /home/noah/mren_ws/install/trover_communication/lib/python3.10/site-packages/trover_communication
copying /home/noah/mren_ws/build/trover_communication/build/lib/trover_communication/trover_serial_comm.py -> /home/noah/mren_ws/install/trover_communication/lib/python3.10/site-packages/trover_communication
copying /home/noah/mren_ws/build/trover_communication/build/lib/trover_communication/__init__.py -> /home/noah/mren_ws/install/trover_communication/lib/python3.10/site-packages/trover_communication
byte-compiling /home/noah/mren_ws/install/trover_communication/lib/python3.10/site-packages/trover_communication/trover_serial_comm.py to trover_serial_comm.cpython-310.pyc
byte-compiling /home/noah/mren_ws/install/trover_communication/lib/python3.10/site-packages/trover_communication/__init__.py to __init__.cpython-310.pyc
running install_data
running install_egg_info
Copying ../../build/trover_communication/trover_communication.egg-info to /home/noah/mren_ws/install/trover_communication/lib/python3.10/site-packages/trover_communication-0.0.0-py3.10.egg-info
running install_scripts
Installing trover_serial_comm script to /home/noah/mren_ws/install/trover_communication/lib/trover_communication
writing list of installed files to '/home/noah/mren_ws/build/trover_communication/install.log'
