[0.896s] Invoking command in '/home/noah/mren_ws/src/trover_communication': PYTHONPATH=/home/noah/mren_ws/build/trover_communication/prefix_override:/usr/lib/python3/dist-packages/colcon_core/task/python/colcon_distutils_commands:/home/noah/mren_ws/install/trover_communication/lib/python3.10/site-packages:${PYTHONPATH} /usr/bin/python3 -W ignore:setup.py install is deprecated -W ignore:easy_install command is deprecated setup.py egg_info --egg-base ../../build/trover_communication build --build-base /home/noah/mren_ws/build/trover_communication/build install --record /home/noah/mren_ws/build/trover_communication/install.log --single-version-externally-managed install_data
[1.041s] running egg_info
[1.042s] creating ../../build/trover_communication/trover_communication.egg-info
[1.042s] writing ../../build/trover_communication/trover_communication.egg-info/PKG-INFO
[1.042s] writing dependency_links to ../../build/trover_communication/trover_communication.egg-info/dependency_links.txt
[1.042s] writing entry points to ../../build/trover_communication/trover_communication.egg-info/entry_points.txt
[1.043s] writing requirements to ../../build/trover_communication/trover_communication.egg-info/requires.txt
[1.043s] writing top-level names to ../../build/trover_communication/trover_communication.egg-info/top_level.txt
[1.043s] writing manifest file '../../build/trover_communication/trover_communication.egg-info/SOURCES.txt'
[1.043s] reading manifest file '../../build/trover_communication/trover_communication.egg-info/SOURCES.txt'
[1.043s] writing manifest file '../../build/trover_communication/trover_communication.egg-info/SOURCES.txt'
[1.043s] running build
[1.043s] running build_py
[1.043s] creating /home/noah/mren_ws/build/trover_communication/build
[1.043s] creating /home/noah/mren_ws/build/trover_communication/build/lib
[1.043s] creating /home/noah/mren_ws/build/trover_communication/build/lib/trover_communication
[1.043s] copying trover_communication/trover_serial_comm.py -> /home/noah/mren_ws/build/trover_communication/build/lib/trover_communication
[1.044s] copying trover_communication/__init__.py -> /home/noah/mren_ws/build/trover_communication/build/lib/trover_communication
[1.044s] running install
[1.044s] running install_lib
[1.044s] creating /home/noah/mren_ws/install/trover_communication/lib/python3.10/site-packages/trover_communication
[1.044s] copying /home/noah/mren_ws/build/trover_communication/build/lib/trover_communication/trover_serial_comm.py -> /home/noah/mren_ws/install/trover_communication/lib/python3.10/site-packages/trover_communication
[1.044s] copying /home/noah/mren_ws/build/trover_communication/build/lib/trover_communication/__init__.py -> /home/noah/mren_ws/install/trover_communication/lib/python3.10/site-packages/trover_communication
[1.044s] byte-compiling /home/noah/mren_ws/install/trover_communication/lib/python3.10/site-packages/trover_communication/trover_serial_comm.py to trover_serial_comm.cpython-310.pyc
[1.044s] byte-compiling /home/noah/mren_ws/install/trover_communication/lib/python3.10/site-packages/trover_communication/__init__.py to __init__.cpython-310.pyc
[1.045s] running install_data
[1.045s] running install_egg_info
[1.046s] Copying ../../build/trover_communication/trover_communication.egg-info to /home/noah/mren_ws/install/trover_communication/lib/python3.10/site-packages/trover_communication-0.0.0-py3.10.egg-info
[1.046s] running install_scripts
[1.059s] Installing trover_serial_comm script to /home/noah/mren_ws/install/trover_communication/lib/trover_communication
[1.059s] writing list of installed files to '/home/noah/mren_ws/build/trover_communication/install.log'
[1.076s] Invoked command in '/home/noah/mren_ws/src/trover_communication' returned '0': PYTHONPATH=/home/noah/mren_ws/build/trover_communication/prefix_override:/usr/lib/python3/dist-packages/colcon_core/task/python/colcon_distutils_commands:/home/noah/mren_ws/install/trover_communication/lib/python3.10/site-packages:${PYTHONPATH} /usr/bin/python3 -W ignore:setup.py install is deprecated -W ignore:easy_install command is deprecated setup.py egg_info --egg-base ../../build/trover_communication build --build-base /home/noah/mren_ws/build/trover_communication/build install --record /home/noah/mren_ws/build/trover_communication/install.log --single-version-externally-managed install_data
