[1.702s] Invoking command in '/home/elizabeth/MREN203_Trover/src/trover_state_estimation': PYTHONPATH=/home/elizabeth/MREN203_Trover/build/trover_state_estimation/prefix_override:/usr/lib/python3/dist-packages/colcon_core/task/python/colcon_distutils_commands:/home/elizabeth/MREN203_Trover/install/trover_state_estimation/lib/python3.10/site-packages:${PYTHONPATH} /usr/bin/python3 -W ignore:setup.py install is deprecated -W ignore:easy_install command is deprecated setup.py egg_info --egg-base ../../build/trover_state_estimation build --build-base /home/elizabeth/MREN203_Trover/build/trover_state_estimation/build install --record /home/elizabeth/MREN203_Trover/build/trover_state_estimation/install.log --single-version-externally-managed install_data
[2.420s] running egg_info
[2.422s] creating ../../build/trover_state_estimation/trover_state_estimation.egg-info
[2.430s] writing ../../build/trover_state_estimation/trover_state_estimation.egg-info/PKG-INFO
[2.430s] writing dependency_links to ../../build/trover_state_estimation/trover_state_estimation.egg-info/dependency_links.txt
[2.430s] writing entry points to ../../build/trover_state_estimation/trover_state_estimation.egg-info/entry_points.txt
[2.430s] writing requirements to ../../build/trover_state_estimation/trover_state_estimation.egg-info/requires.txt
[2.430s] writing top-level names to ../../build/trover_state_estimation/trover_state_estimation.egg-info/top_level.txt
[2.430s] writing manifest file '../../build/trover_state_estimation/trover_state_estimation.egg-info/SOURCES.txt'
[2.430s] reading manifest file '../../build/trover_state_estimation/trover_state_estimation.egg-info/SOURCES.txt'
[2.430s] writing manifest file '../../build/trover_state_estimation/trover_state_estimation.egg-info/SOURCES.txt'
[2.431s] running build
[2.431s] running build_py
[2.431s] creating /home/elizabeth/MREN203_Trover/build/trover_state_estimation/build
[2.431s] creating /home/elizabeth/MREN203_Trover/build/trover_state_estimation/build/lib
[2.431s] creating /home/elizabeth/MREN203_Trover/build/trover_state_estimation/build/lib/trover_state_estimation
[2.431s] copying trover_state_estimation/__init__.py -> /home/elizabeth/MREN203_Trover/build/trover_state_estimation/build/lib/trover_state_estimation
[2.432s] running install
[2.432s] running install_lib
[2.433s] creating /home/elizabeth/MREN203_Trover/install/trover_state_estimation/lib/python3.10/site-packages/trover_state_estimation
[2.433s] copying /home/elizabeth/MREN203_Trover/build/trover_state_estimation/build/lib/trover_state_estimation/__init__.py -> /home/elizabeth/MREN203_Trover/install/trover_state_estimation/lib/python3.10/site-packages/trover_state_estimation
[2.435s] byte-compiling /home/elizabeth/MREN203_Trover/install/trover_state_estimation/lib/python3.10/site-packages/trover_state_estimation/__init__.py to __init__.cpython-310.pyc
[2.439s] running install_data
[2.440s] creating /home/elizabeth/MREN203_Trover/install/trover_state_estimation/share/ament_index
[2.440s] creating /home/elizabeth/MREN203_Trover/install/trover_state_estimation/share/ament_index/resource_index
[2.442s] creating /home/elizabeth/MREN203_Trover/install/trover_state_estimation/share/ament_index/resource_index/packages
[2.442s] copying resource/trover_state_estimation -> /home/elizabeth/MREN203_Trover/install/trover_state_estimation/share/ament_index/resource_index/packages
[2.443s] copying package.xml -> /home/elizabeth/MREN203_Trover/install/trover_state_estimation/share/trover_state_estimation
[2.446s] creating /home/elizabeth/MREN203_Trover/install/trover_state_estimation/share/trover_state_estimation/launch
[2.446s] copying launch/global_localization.launch.py -> /home/elizabeth/MREN203_Trover/install/trover_state_estimation/share/trover_state_estimation/launch
[2.446s] copying launch/local_localization.launch.py -> /home/elizabeth/MREN203_Trover/install/trover_state_estimation/share/trover_state_estimation/launch
[2.448s] creating /home/elizabeth/MREN203_Trover/install/trover_state_estimation/share/trover_state_estimation/config
[2.449s] copying config/ekf.yaml -> /home/elizabeth/MREN203_Trover/install/trover_state_estimation/share/trover_state_estimation/config
[2.451s] copying config/amcl.yaml -> /home/elizabeth/MREN203_Trover/install/trover_state_estimation/share/trover_state_estimation/config
[2.457s] creating /home/elizabeth/MREN203_Trover/install/trover_state_estimation/share/trover_state_estimation/maps
[2.457s] running install_egg_info
[2.457s] Copying ../../build/trover_state_estimation/trover_state_estimation.egg-info to /home/elizabeth/MREN203_Trover/install/trover_state_estimation/lib/python3.10/site-packages/trover_state_estimation-0.0.0-py3.10.egg-info
[2.460s] running install_scripts
[2.503s] writing list of installed files to '/home/elizabeth/MREN203_Trover/build/trover_state_estimation/install.log'
[2.728s] Invoked command in '/home/elizabeth/MREN203_Trover/src/trover_state_estimation' returned '0': PYTHONPATH=/home/elizabeth/MREN203_Trover/build/trover_state_estimation/prefix_override:/usr/lib/python3/dist-packages/colcon_core/task/python/colcon_distutils_commands:/home/elizabeth/MREN203_Trover/install/trover_state_estimation/lib/python3.10/site-packages:${PYTHONPATH} /usr/bin/python3 -W ignore:setup.py install is deprecated -W ignore:easy_install command is deprecated setup.py egg_info --egg-base ../../build/trover_state_estimation build --build-base /home/elizabeth/MREN203_Trover/build/trover_state_estimation/build install --record /home/elizabeth/MREN203_Trover/build/trover_state_estimation/install.log --single-version-externally-managed install_data
