running egg_info
creating ../../build/trover_slam/trover_slam.egg-info
writing ../../build/trover_slam/trover_slam.egg-info/PKG-INFO
writing dependency_links to ../../build/trover_slam/trover_slam.egg-info/dependency_links.txt
writing entry points to ../../build/trover_slam/trover_slam.egg-info/entry_points.txt
writing requirements to ../../build/trover_slam/trover_slam.egg-info/requires.txt
writing top-level names to ../../build/trover_slam/trover_slam.egg-info/top_level.txt
writing manifest file '../../build/trover_slam/trover_slam.egg-info/SOURCES.txt'
reading manifest file '../../build/trover_slam/trover_slam.egg-info/SOURCES.txt'
writing manifest file '../../build/trover_slam/trover_slam.egg-info/SOURCES.txt'
running build
running build_py
creating /home/noah/mren_ws/build/trover_slam/build
creating /home/noah/mren_ws/build/trover_slam/build/lib
creating /home/noah/mren_ws/build/trover_slam/build/lib/trover_slam
copying trover_slam/__init__.py -> /home/noah/mren_ws/build/trover_slam/build/lib/trover_slam
running install
running install_lib
creating /home/noah/mren_ws/install/trover_slam/lib/python3.10/site-packages/trover_slam
copying /home/noah/mren_ws/build/trover_slam/build/lib/trover_slam/__init__.py -> /home/noah/mren_ws/install/trover_slam/lib/python3.10/site-packages/trover_slam
byte-compiling /home/noah/mren_ws/install/trover_slam/lib/python3.10/site-packages/trover_slam/__init__.py to __init__.cpython-310.pyc
running install_data
running install_egg_info
Copying ../../build/trover_slam/trover_slam.egg-info to /home/noah/mren_ws/install/trover_slam/lib/python3.10/site-packages/trover_slam-0.0.0-py3.10.egg-info
running install_scripts
writing list of installed files to '/home/noah/mren_ws/build/trover_slam/install.log'
