[0.903s] Invoking command in '/home/noah/mren_ws/src/trover_slam': PYTHONPATH=/home/noah/mren_ws/build/trover_slam/prefix_override:/usr/lib/python3/dist-packages/colcon_core/task/python/colcon_distutils_commands:/home/noah/mren_ws/install/trover_slam/lib/python3.10/site-packages:${PYTHONPATH} /usr/bin/python3 -W ignore:setup.py install is deprecated -W ignore:easy_install command is deprecated setup.py egg_info --egg-base ../../build/trover_slam build --build-base /home/noah/mren_ws/build/trover_slam/build install --record /home/noah/mren_ws/build/trover_slam/install.log --single-version-externally-managed install_data
[1.067s] running egg_info
[1.068s] creating ../../build/trover_slam/trover_slam.egg-info
[1.068s] writing ../../build/trover_slam/trover_slam.egg-info/PKG-INFO
[1.068s] writing dependency_links to ../../build/trover_slam/trover_slam.egg-info/dependency_links.txt
[1.068s] writing entry points to ../../build/trover_slam/trover_slam.egg-info/entry_points.txt
[1.068s] writing requirements to ../../build/trover_slam/trover_slam.egg-info/requires.txt
[1.069s] writing top-level names to ../../build/trover_slam/trover_slam.egg-info/top_level.txt
[1.069s] writing manifest file '../../build/trover_slam/trover_slam.egg-info/SOURCES.txt'
[1.069s] reading manifest file '../../build/trover_slam/trover_slam.egg-info/SOURCES.txt'
[1.069s] writing manifest file '../../build/trover_slam/trover_slam.egg-info/SOURCES.txt'
[1.069s] running build
[1.070s] running build_py
[1.070s] creating /home/noah/mren_ws/build/trover_slam/build
[1.070s] creating /home/noah/mren_ws/build/trover_slam/build/lib
[1.070s] creating /home/noah/mren_ws/build/trover_slam/build/lib/trover_slam
[1.070s] copying trover_slam/__init__.py -> /home/noah/mren_ws/build/trover_slam/build/lib/trover_slam
[1.070s] running install
[1.070s] running install_lib
[1.071s] creating /home/noah/mren_ws/install/trover_slam/lib/python3.10/site-packages/trover_slam
[1.071s] copying /home/noah/mren_ws/build/trover_slam/build/lib/trover_slam/__init__.py -> /home/noah/mren_ws/install/trover_slam/lib/python3.10/site-packages/trover_slam
[1.071s] byte-compiling /home/noah/mren_ws/install/trover_slam/lib/python3.10/site-packages/trover_slam/__init__.py to __init__.cpython-310.pyc
[1.071s] running install_data
[1.071s] running install_egg_info
[1.071s] Copying ../../build/trover_slam/trover_slam.egg-info to /home/noah/mren_ws/install/trover_slam/lib/python3.10/site-packages/trover_slam-0.0.0-py3.10.egg-info
[1.071s] running install_scripts
[1.085s] writing list of installed files to '/home/noah/mren_ws/build/trover_slam/install.log'
[1.108s] Invoked command in '/home/noah/mren_ws/src/trover_slam' returned '0': PYTHONPATH=/home/noah/mren_ws/build/trover_slam/prefix_override:/usr/lib/python3/dist-packages/colcon_core/task/python/colcon_distutils_commands:/home/noah/mren_ws/install/trover_slam/lib/python3.10/site-packages:${PYTHONPATH} /usr/bin/python3 -W ignore:setup.py install is deprecated -W ignore:easy_install command is deprecated setup.py egg_info --egg-base ../../build/trover_slam build --build-base /home/noah/mren_ws/build/trover_slam/build install --record /home/noah/mren_ws/build/trover_slam/install.log --single-version-externally-managed install_data
