[2.131s] Invoking command in '/home/elizabeth/MREN203_Trover/src/trover_state_estimation': PYTHONPATH=/home/elizabeth/MREN203_Trover/build/trover_state_estimation/prefix_override:/usr/lib/python3/dist-packages/colcon_core/task/python/colcon_distutils_commands:/home/elizabeth/MREN203_Trover/install/trover_state_estimation/lib/python3.10/site-packages:${PYTHONPATH} /usr/bin/python3 -W ignore:setup.py install is deprecated -W ignore:easy_install command is deprecated setup.py egg_info --egg-base ../../build/trover_state_estimation build --build-base /home/elizabeth/MREN203_Trover/build/trover_state_estimation/build install --record /home/elizabeth/MREN203_Trover/build/trover_state_estimation/install.log --single-version-externally-managed install_data
[2.648s] running egg_info
[2.648s] creating ../../build/trover_state_estimation/trover_state_estimation.egg-info
[2.648s] writing ../../build/trover_state_estimation/trover_state_estimation.egg-info/PKG-INFO
[2.649s] writing dependency_links to ../../build/trover_state_estimation/trover_state_estimation.egg-info/dependency_links.txt
[2.649s] writing entry points to ../../build/trover_state_estimation/trover_state_estimation.egg-info/entry_points.txt
[2.649s] writing requirements to ../../build/trover_state_estimation/trover_state_estimation.egg-info/requires.txt
[2.649s] writing top-level names to ../../build/trover_state_estimation/trover_state_estimation.egg-info/top_level.txt
[2.649s] writing manifest file '../../build/trover_state_estimation/trover_state_estimation.egg-info/SOURCES.txt'
[2.649s] reading manifest file '../../build/trover_state_estimation/trover_state_estimation.egg-info/SOURCES.txt'
[2.649s] writing manifest file '../../build/trover_state_estimation/trover_state_estimation.egg-info/SOURCES.txt'
[2.663s] running build
[2.663s] running build_py
[2.664s] creating /home/elizabeth/MREN203_Trover/build/trover_state_estimation/build
[2.664s] creating /home/elizabeth/MREN203_Trover/build/trover_state_estimation/build/lib
[2.664s] creating /home/elizabeth/MREN203_Trover/build/trover_state_estimation/build/lib/trover_state_estimation
[2.664s] copying trover_state_estimation/__init__.py -> /home/elizabeth/MREN203_Trover/build/trover_state_estimation/build/lib/trover_state_estimation
[2.664s] running install
[2.664s] running install_lib
[2.664s] creating /home/elizabeth/MREN203_Trover/install/trover_state_estimation/lib/python3.10/site-packages/trover_state_estimation
[2.664s] copying /home/elizabeth/MREN203_Trover/build/trover_state_estimation/build/lib/trover_state_estimation/__init__.py -> /home/elizabeth/MREN203_Trover/install/trover_state_estimation/lib/python3.10/site-packages/trover_state_estimation
[2.664s] byte-compiling /home/elizabeth/MREN203_Trover/install/trover_state_estimation/lib/python3.10/site-packages/trover_state_estimation/__init__.py to __init__.cpython-310.pyc
[2.664s] running install_data
[2.664s] creating /home/elizabeth/MREN203_Trover/install/trover_state_estimation/share/ament_index
[2.665s] creating /home/elizabeth/MREN203_Trover/install/trover_state_estimation/share/ament_index/resource_index
[2.665s] creating /home/elizabeth/MREN203_Trover/install/trover_state_estimation/share/ament_index/resource_index/packages
[2.665s] copying resource/trover_state_estimation -> /home/elizabeth/MREN203_Trover/install/trover_state_estimation/share/ament_index/resource_index/packages
[2.665s] copying package.xml -> /home/elizabeth/MREN203_Trover/install/trover_state_estimation/share/trover_state_estimation
[2.665s] creating /home/elizabeth/MREN203_Trover/install/trover_state_estimation/share/trover_state_estimation/launch
[2.665s] copying launch/global_localization.launch.py -> /home/elizabeth/MREN203_Trover/install/trover_state_estimation/share/trover_state_estimation/launch
[2.665s] copying launch/local_localization.launch.py -> /home/elizabeth/MREN203_Trover/install/trover_state_estimation/share/trover_state_estimation/launch
[2.665s] creating /home/elizabeth/MREN203_Trover/install/trover_state_estimation/share/trover_state_estimation/config
[2.665s] copying config/ekf.yaml -> /home/elizabeth/MREN203_Trover/install/trover_state_estimation/share/trover_state_estimation/config
[2.665s] copying config/amcl.yaml -> /home/elizabeth/MREN203_Trover/install/trover_state_estimation/share/trover_state_estimation/config
[2.666s] creating /home/elizabeth/MREN203_Trover/install/trover_state_estimation/share/trover_state_estimation/maps
[2.666s] running install_egg_info
[2.669s] Copying ../../build/trover_state_estimation/trover_state_estimation.egg-info to /home/elizabeth/MREN203_Trover/install/trover_state_estimation/lib/python3.10/site-packages/trover_state_estimation-0.0.0-py3.10.egg-info
[2.673s] running install_scripts
[2.747s] writing list of installed files to '/home/elizabeth/MREN203_Trover/build/trover_state_estimation/install.log'
[2.836s] Invoked command in '/home/elizabeth/MREN203_Trover/src/trover_state_estimation' returned '0': PYTHONPATH=/home/elizabeth/MREN203_Trover/build/trover_state_estimation/prefix_override:/usr/lib/python3/dist-packages/colcon_core/task/python/colcon_distutils_commands:/home/elizabeth/MREN203_Trover/install/trover_state_estimation/lib/python3.10/site-packages:${PYTHONPATH} /usr/bin/python3 -W ignore:setup.py install is deprecated -W ignore:easy_install command is deprecated setup.py egg_info --egg-base ../../build/trover_state_estimation build --build-base /home/elizabeth/MREN203_Trover/build/trover_state_estimation/build install --record /home/elizabeth/MREN203_Trover/build/trover_state_estimation/install.log --single-version-externally-managed install_data
