running egg_info
creating ../../build/trover_navigation/trover_navigation.egg-info
writing ../../build/trover_navigation/trover_navigation.egg-info/PKG-INFO
writing dependency_links to ../../build/trover_navigation/trover_navigation.egg-info/dependency_links.txt
writing entry points to ../../build/trover_navigation/trover_navigation.egg-info/entry_points.txt
writing requirements to ../../build/trover_navigation/trover_navigation.egg-info/requires.txt
writing top-level names to ../../build/trover_navigation/trover_navigation.egg-info/top_level.txt
writing manifest file '../../build/trover_navigation/trover_navigation.egg-info/SOURCES.txt'
reading manifest file '../../build/trover_navigation/trover_navigation.egg-info/SOURCES.txt'
writing manifest file '../../build/trover_navigation/trover_navigation.egg-info/SOURCES.txt'
running build
running build_py
creating /home/noah/mren_ws/build/trover_navigation/build
creating /home/noah/mren_ws/build/trover_navigation/build/lib
creating /home/noah/mren_ws/build/trover_navigation/build/lib/trover_navigation
copying trover_navigation/nav2_action_proxy.py -> /home/noah/mren_ws/build/trover_navigation/build/lib/trover_navigation
copying trover_navigation/__init__.py -> /home/noah/mren_ws/build/trover_navigation/build/lib/trover_navigation
running install
running install_lib
creating /home/noah/mren_ws/install/trover_navigation/lib/python3.10/site-packages/trover_navigation
copying /home/noah/mren_ws/build/trover_navigation/build/lib/trover_navigation/nav2_action_proxy.py -> /home/noah/mren_ws/install/trover_navigation/lib/python3.10/site-packages/trover_navigation
copying /home/noah/mren_ws/build/trover_navigation/build/lib/trover_navigation/__init__.py -> /home/noah/mren_ws/install/trover_navigation/lib/python3.10/site-packages/trover_navigation
byte-compiling /home/noah/mren_ws/install/trover_navigation/lib/python3.10/site-packages/trover_navigation/nav2_action_proxy.py to nav2_action_proxy.cpython-310.pyc
byte-compiling /home/noah/mren_ws/install/trover_navigation/lib/python3.10/site-packages/trover_navigation/__init__.py to __init__.cpython-310.pyc
running install_data
running install_egg_info
Copying ../../build/trover_navigation/trover_navigation.egg-info to /home/noah/mren_ws/install/trover_navigation/lib/python3.10/site-packages/trover_navigation-0.0.0-py3.10.egg-info
running install_scripts
writing list of installed files to '/home/noah/mren_ws/build/trover_navigation/install.log'
