[0.908s] Invoking command in '/home/noah/mren_ws/src/trover_navigation': PYTHONPATH=/home/noah/mren_ws/build/trover_navigation/prefix_override:/usr/lib/python3/dist-packages/colcon_core/task/python/colcon_distutils_commands:/home/noah/mren_ws/install/trover_navigation/lib/python3.10/site-packages:${PYTHONPATH} /usr/bin/python3 -W ignore:setup.py install is deprecated -W ignore:easy_install command is deprecated setup.py egg_info --egg-base ../../build/trover_navigation build --build-base /home/noah/mren_ws/build/trover_navigation/build install --record /home/noah/mren_ws/build/trover_navigation/install.log --single-version-externally-managed install_data
[1.065s] running egg_info
[1.065s] creating ../../build/trover_navigation/trover_navigation.egg-info
[1.065s] writing ../../build/trover_navigation/trover_navigation.egg-info/PKG-INFO
[1.065s] writing dependency_links to ../../build/trover_navigation/trover_navigation.egg-info/dependency_links.txt
[1.065s] writing entry points to ../../build/trover_navigation/trover_navigation.egg-info/entry_points.txt
[1.065s] writing requirements to ../../build/trover_navigation/trover_navigation.egg-info/requires.txt
[1.066s] writing top-level names to ../../build/trover_navigation/trover_navigation.egg-info/top_level.txt
[1.066s] writing manifest file '../../build/trover_navigation/trover_navigation.egg-info/SOURCES.txt'
[1.066s] reading manifest file '../../build/trover_navigation/trover_navigation.egg-info/SOURCES.txt'
[1.067s] writing manifest file '../../build/trover_navigation/trover_navigation.egg-info/SOURCES.txt'
[1.067s] running build
[1.067s] running build_py
[1.067s] creating /home/noah/mren_ws/build/trover_navigation/build
[1.067s] creating /home/noah/mren_ws/build/trover_navigation/build/lib
[1.067s] creating /home/noah/mren_ws/build/trover_navigation/build/lib/trover_navigation
[1.067s] copying trover_navigation/nav2_action_proxy.py -> /home/noah/mren_ws/build/trover_navigation/build/lib/trover_navigation
[1.068s] copying trover_navigation/__init__.py -> /home/noah/mren_ws/build/trover_navigation/build/lib/trover_navigation
[1.068s] running install
[1.068s] running install_lib
[1.069s] creating /home/noah/mren_ws/install/trover_navigation/lib/python3.10/site-packages/trover_navigation
[1.069s] copying /home/noah/mren_ws/build/trover_navigation/build/lib/trover_navigation/nav2_action_proxy.py -> /home/noah/mren_ws/install/trover_navigation/lib/python3.10/site-packages/trover_navigation
[1.069s] copying /home/noah/mren_ws/build/trover_navigation/build/lib/trover_navigation/__init__.py -> /home/noah/mren_ws/install/trover_navigation/lib/python3.10/site-packages/trover_navigation
[1.069s] byte-compiling /home/noah/mren_ws/install/trover_navigation/lib/python3.10/site-packages/trover_navigation/nav2_action_proxy.py to nav2_action_proxy.cpython-310.pyc
[1.069s] byte-compiling /home/noah/mren_ws/install/trover_navigation/lib/python3.10/site-packages/trover_navigation/__init__.py to __init__.cpython-310.pyc
[1.069s] running install_data
[1.069s] running install_egg_info
[1.073s] Copying ../../build/trover_navigation/trover_navigation.egg-info to /home/noah/mren_ws/install/trover_navigation/lib/python3.10/site-packages/trover_navigation-0.0.0-py3.10.egg-info
[1.073s] running install_scripts
[1.085s] writing list of installed files to '/home/noah/mren_ws/build/trover_navigation/install.log'
[1.101s] Invoked command in '/home/noah/mren_ws/src/trover_navigation' returned '0': PYTHONPATH=/home/noah/mren_ws/build/trover_navigation/prefix_override:/usr/lib/python3/dist-packages/colcon_core/task/python/colcon_distutils_commands:/home/noah/mren_ws/install/trover_navigation/lib/python3.10/site-packages:${PYTHONPATH} /usr/bin/python3 -W ignore:setup.py install is deprecated -W ignore:easy_install command is deprecated setup.py egg_info --egg-base ../../build/trover_navigation build --build-base /home/noah/mren_ws/build/trover_navigation/build install --record /home/noah/mren_ws/build/trover_navigation/install.log --single-version-externally-managed install_data
