[0.008s] Invoking command in '/home/noah/mren_ws/build/trover_bringup': AMENT_PREFIX_PATH=/home/noah/mren_ws/install/trover_state_estimation:/home/noah/mren_ws/install/trover_slam:/home/noah/mren_ws/install/trover_navigation:/home/noah/mren_ws/install/trover_description:${AMENT_PREFIX_PATH} CMAKE_PREFIX_PATH=/home/noah/mren_ws/install/trover_description:/opt/ros/humble PYTHONPATH=/home/noah/mren_ws/install/trover_state_estimation/lib/python3.10/site-packages:/home/noah/mren_ws/install/trover_slam/lib/python3.10/site-packages:/home/noah/mren_ws/install/trover_navigation/lib/python3.10/site-packages:${PYTHONPATH} /usr/bin/cmake /home/noah/mren_ws/src/trover_bringup -DCMAKE_INSTALL_PREFIX=/home/noah/mren_ws/install/trover_bringup
[0.044s] -- The C compiler identification is GNU 11.4.0
[0.081s] -- The CXX compiler identification is GNU 11.4.0
[0.087s] -- Detecting C compiler ABI info
[0.140s] -- Detecting C compiler ABI info - done
[0.144s] -- Check for working C compiler: /usr/bin/cc - skipped
[0.144s] -- Detecting C compile features
[0.144s] -- Detecting C compile features - done
[0.146s] -- Detecting CXX compiler ABI info
[0.200s] -- Detecting CXX compiler ABI info - done
[0.206s] -- Check for working CXX compiler: /usr/bin/c++ - skipped
[0.206s] -- Detecting CXX compile features
[0.207s] -- Detecting CXX compile features - done
[0.208s] -- Found ament_cmake: 1.3.12 (/opt/ros/humble/share/ament_cmake/cmake)
[0.302s] -- Found Python3: /usr/bin/python3 (found version "3.10.12") found components: Interpreter 
[0.397s] -- Configuring done
[0.399s] -- Generating done
[0.400s] -- Build files have been written to: /home/noah/mren_ws/build/trover_bringup
[0.403s] Invoked command in '/home/noah/mren_ws/build/trover_bringup' returned '0': AMENT_PREFIX_PATH=/home/noah/mren_ws/install/trover_state_estimation:/home/noah/mren_ws/install/trover_slam:/home/noah/mren_ws/install/trover_navigation:/home/noah/mren_ws/install/trover_description:${AMENT_PREFIX_PATH} CMAKE_PREFIX_PATH=/home/noah/mren_ws/install/trover_description:/opt/ros/humble PYTHONPATH=/home/noah/mren_ws/install/trover_state_estimation/lib/python3.10/site-packages:/home/noah/mren_ws/install/trover_slam/lib/python3.10/site-packages:/home/noah/mren_ws/install/trover_navigation/lib/python3.10/site-packages:${PYTHONPATH} /usr/bin/cmake /home/noah/mren_ws/src/trover_bringup -DCMAKE_INSTALL_PREFIX=/home/noah/mren_ws/install/trover_bringup
[0.405s] Invoking command in '/home/noah/mren_ws/build/trover_bringup': AMENT_PREFIX_PATH=/home/noah/mren_ws/install/trover_state_estimation:/home/noah/mren_ws/install/trover_slam:/home/noah/mren_ws/install/trover_navigation:/home/noah/mren_ws/install/trover_description:${AMENT_PREFIX_PATH} CMAKE_PREFIX_PATH=/home/noah/mren_ws/install/trover_description:/opt/ros/humble PYTHONPATH=/home/noah/mren_ws/install/trover_state_estimation/lib/python3.10/site-packages:/home/noah/mren_ws/install/trover_slam/lib/python3.10/site-packages:/home/noah/mren_ws/install/trover_navigation/lib/python3.10/site-packages:${PYTHONPATH} /usr/bin/cmake --build /home/noah/mren_ws/build/trover_bringup -- -j22 -l22
[0.435s] Invoked command in '/home/noah/mren_ws/build/trover_bringup' returned '0': AMENT_PREFIX_PATH=/home/noah/mren_ws/install/trover_state_estimation:/home/noah/mren_ws/install/trover_slam:/home/noah/mren_ws/install/trover_navigation:/home/noah/mren_ws/install/trover_description:${AMENT_PREFIX_PATH} CMAKE_PREFIX_PATH=/home/noah/mren_ws/install/trover_description:/opt/ros/humble PYTHONPATH=/home/noah/mren_ws/install/trover_state_estimation/lib/python3.10/site-packages:/home/noah/mren_ws/install/trover_slam/lib/python3.10/site-packages:/home/noah/mren_ws/install/trover_navigation/lib/python3.10/site-packages:${PYTHONPATH} /usr/bin/cmake --build /home/noah/mren_ws/build/trover_bringup -- -j22 -l22
[0.437s] Invoking command in '/home/noah/mren_ws/build/trover_bringup': AMENT_PREFIX_PATH=/home/noah/mren_ws/install/trover_state_estimation:/home/noah/mren_ws/install/trover_slam:/home/noah/mren_ws/install/trover_navigation:/home/noah/mren_ws/install/trover_description:${AMENT_PREFIX_PATH} CMAKE_PREFIX_PATH=/home/noah/mren_ws/install/trover_description:/opt/ros/humble PYTHONPATH=/home/noah/mren_ws/install/trover_state_estimation/lib/python3.10/site-packages:/home/noah/mren_ws/install/trover_slam/lib/python3.10/site-packages:/home/noah/mren_ws/install/trover_navigation/lib/python3.10/site-packages:${PYTHONPATH} /usr/bin/cmake --install /home/noah/mren_ws/build/trover_bringup
[0.442s] -- Install configuration: ""
[0.442s] -- Up-to-date: /home/noah/mren_ws/install/trover_bringup/share/trover_bringup//launch
[0.442s] -- Installing: /home/noah/mren_ws/install/trover_bringup/share/trover_bringup//launch/real_robot.launch.py
[0.442s] -- Up-to-date: /home/noah/mren_ws/install/trover_bringup/share/trover_bringup//launch/no_gazebo.launch.py
[0.442s] -- Installing: /home/noah/mren_ws/install/trover_bringup/share/trover_bringup//launch/simulated_robot.launch.py
[0.442s] -- Installing: /home/noah/mren_ws/install/trover_bringup/share/ament_index/resource_index/package_run_dependencies/trover_bringup
[0.442s] -- Installing: /home/noah/mren_ws/install/trover_bringup/share/ament_index/resource_index/parent_prefix_path/trover_bringup
[0.442s] -- Installing: /home/noah/mren_ws/install/trover_bringup/share/trover_bringup/environment/ament_prefix_path.sh
[0.442s] -- Installing: /home/noah/mren_ws/install/trover_bringup/share/trover_bringup/environment/ament_prefix_path.dsv
[0.442s] -- Installing: /home/noah/mren_ws/install/trover_bringup/share/trover_bringup/environment/path.sh
[0.442s] -- Installing: /home/noah/mren_ws/install/trover_bringup/share/trover_bringup/environment/path.dsv
[0.442s] -- Installing: /home/noah/mren_ws/install/trover_bringup/share/trover_bringup/local_setup.bash
[0.443s] -- Installing: /home/noah/mren_ws/install/trover_bringup/share/trover_bringup/local_setup.sh
[0.443s] -- Installing: /home/noah/mren_ws/install/trover_bringup/share/trover_bringup/local_setup.zsh
[0.443s] -- Installing: /home/noah/mren_ws/install/trover_bringup/share/trover_bringup/local_setup.dsv
[0.443s] -- Installing: /home/noah/mren_ws/install/trover_bringup/share/trover_bringup/package.dsv
[0.443s] -- Installing: /home/noah/mren_ws/install/trover_bringup/share/ament_index/resource_index/packages/trover_bringup
[0.443s] -- Installing: /home/noah/mren_ws/install/trover_bringup/share/trover_bringup/cmake/trover_bringupConfig.cmake
[0.443s] -- Installing: /home/noah/mren_ws/install/trover_bringup/share/trover_bringup/cmake/trover_bringupConfig-version.cmake
[0.443s] -- Installing: /home/noah/mren_ws/install/trover_bringup/share/trover_bringup/package.xml
[0.446s] Invoked command in '/home/noah/mren_ws/build/trover_bringup' returned '0': AMENT_PREFIX_PATH=/home/noah/mren_ws/install/trover_state_estimation:/home/noah/mren_ws/install/trover_slam:/home/noah/mren_ws/install/trover_navigation:/home/noah/mren_ws/install/trover_description:${AMENT_PREFIX_PATH} CMAKE_PREFIX_PATH=/home/noah/mren_ws/install/trover_description:/opt/ros/humble PYTHONPATH=/home/noah/mren_ws/install/trover_state_estimation/lib/python3.10/site-packages:/home/noah/mren_ws/install/trover_slam/lib/python3.10/site-packages:/home/noah/mren_ws/install/trover_navigation/lib/python3.10/site-packages:${PYTHONPATH} /usr/bin/cmake --install /home/noah/mren_ws/build/trover_bringup
