[1.450s] Invoking command in '/home/elizabeth/MREN203_Trover/src/trover_navigation': PYTHONPATH=/home/elizabeth/MREN203_Trover/build/trover_navigation/prefix_override:/usr/lib/python3/dist-packages/colcon_core/task/python/colcon_distutils_commands:/home/elizabeth/MREN203_Trover/install/trover_navigation/lib/python3.10/site-packages:${PYTHONPATH} /usr/bin/python3 -W ignore:setup.py install is deprecated -W ignore:easy_install command is deprecated setup.py egg_info --egg-base ../../build/trover_navigation build --build-base /home/elizabeth/MREN203_Trover/build/trover_navigation/build install --record /home/elizabeth/MREN203_Trover/build/trover_navigation/install.log --single-version-externally-managed install_data
[1.762s] running egg_info
[1.762s] writing ../../build/trover_navigation/trover_navigation.egg-info/PKG-INFO
[1.769s] writing dependency_links to ../../build/trover_navigation/trover_navigation.egg-info/dependency_links.txt
[1.769s] writing entry points to ../../build/trover_navigation/trover_navigation.egg-info/entry_points.txt
[1.770s] writing requirements to ../../build/trover_navigation/trover_navigation.egg-info/requires.txt
[1.772s] writing top-level names to ../../build/trover_navigation/trover_navigation.egg-info/top_level.txt
[1.785s] reading manifest file '../../build/trover_navigation/trover_navigation.egg-info/SOURCES.txt'
[1.801s] writing manifest file '../../build/trover_navigation/trover_navigation.egg-info/SOURCES.txt'
[1.809s] running build
[1.809s] running build_py
[1.842s] running install
[1.846s] running install_lib
[1.846s] running install_data
[1.846s] copying config/controller_server.yaml -> /home/elizabeth/MREN203_Trover/install/trover_navigation/share/trover_navigation/config
[1.846s] running install_egg_info
[1.847s] removing '/home/elizabeth/MREN203_Trover/install/trover_navigation/lib/python3.10/site-packages/trover_navigation-0.0.0-py3.10.egg-info' (and everything under it)
[1.847s] Copying ../../build/trover_navigation/trover_navigation.egg-info to /home/elizabeth/MREN203_Trover/install/trover_navigation/lib/python3.10/site-packages/trover_navigation-0.0.0-py3.10.egg-info
[1.847s] running install_scripts
[1.873s] writing list of installed files to '/home/elizabeth/MREN203_Trover/build/trover_navigation/install.log'
[1.928s] Invoked command in '/home/elizabeth/MREN203_Trover/src/trover_navigation' returned '0': PYTHONPATH=/home/elizabeth/MREN203_Trover/build/trover_navigation/prefix_override:/usr/lib/python3/dist-packages/colcon_core/task/python/colcon_distutils_commands:/home/elizabeth/MREN203_Trover/install/trover_navigation/lib/python3.10/site-packages:${PYTHONPATH} /usr/bin/python3 -W ignore:setup.py install is deprecated -W ignore:easy_install command is deprecated setup.py egg_info --egg-base ../../build/trover_navigation build --build-base /home/elizabeth/MREN203_Trover/build/trover_navigation/build install --record /home/elizabeth/MREN203_Trover/build/trover_navigation/install.log --single-version-externally-managed install_data
