[1.883s] Invoking command in '/home/elizabeth/MREN203_Trover/src/trover_communication': PYTHONPATH=/home/elizabeth/MREN203_Trover/build/trover_communication/prefix_override:/usr/lib/python3/dist-packages/colcon_core/task/python/colcon_distutils_commands:/home/elizabeth/MREN203_Trover/install/trover_communication/lib/python3.10/site-packages:${PYTHONPATH} /usr/bin/python3 -W ignore:setup.py install is deprecated -W ignore:easy_install command is deprecated setup.py egg_info --egg-base ../../build/trover_communication build --build-base /home/elizabeth/MREN203_Trover/build/trover_communication/build install --record /home/elizabeth/MREN203_Trover/build/trover_communication/install.log --single-version-externally-managed install_data
[2.814s] running egg_info
[2.824s] writing ../../build/trover_communication/trover_communication.egg-info/PKG-INFO
[2.831s] writing dependency_links to ../../build/trover_communication/trover_communication.egg-info/dependency_links.txt
[2.835s] writing entry points to ../../build/trover_communication/trover_communication.egg-info/entry_points.txt
[2.837s] writing requirements to ../../build/trover_communication/trover_communication.egg-info/requires.txt
[2.841s] writing top-level names to ../../build/trover_communication/trover_communication.egg-info/top_level.txt
[2.848s] reading manifest file '../../build/trover_communication/trover_communication.egg-info/SOURCES.txt'
[2.857s] writing manifest file '../../build/trover_communication/trover_communication.egg-info/SOURCES.txt'
[2.859s] running build
[2.860s] running build_py
[2.861s] running install
[2.863s] running install_lib
[2.870s] running install_data
[2.870s] running install_egg_info
[2.873s] removing '/home/elizabeth/MREN203_Trover/install/trover_communication/lib/python3.10/site-packages/trover_communication-0.0.0-py3.10.egg-info' (and everything under it)
[2.876s] Copying ../../build/trover_communication/trover_communication.egg-info to /home/elizabeth/MREN203_Trover/install/trover_communication/lib/python3.10/site-packages/trover_communication-0.0.0-py3.10.egg-info
[2.882s] running install_scripts
[2.944s] Installing trover_serial_comm script to /home/elizabeth/MREN203_Trover/install/trover_communication/lib/trover_communication
[2.948s] writing list of installed files to '/home/elizabeth/MREN203_Trover/build/trover_communication/install.log'
[3.021s] Invoked command in '/home/elizabeth/MREN203_Trover/src/trover_communication' returned '0': PYTHONPATH=/home/elizabeth/MREN203_Trover/build/trover_communication/prefix_override:/usr/lib/python3/dist-packages/colcon_core/task/python/colcon_distutils_commands:/home/elizabeth/MREN203_Trover/install/trover_communication/lib/python3.10/site-packages:${PYTHONPATH} /usr/bin/python3 -W ignore:setup.py install is deprecated -W ignore:easy_install command is deprecated setup.py egg_info --egg-base ../../build/trover_communication build --build-base /home/elizabeth/MREN203_Trover/build/trover_communication/build install --record /home/elizabeth/MREN203_Trover/build/trover_communication/install.log --single-version-externally-managed install_data
