[0.009s] Invoking command in '/home/noah/mren_ws/build/trover_bringup': AMENT_PREFIX_PATH=/home/noah/mren_ws/install/trover_state_estimation:/home/noah/mren_ws/install/trover_slam:/home/noah/mren_ws/install/trover_navigation:/home/noah/mren_ws/install/trover_description:/home/noah/mren_ws/install/trover_communication:${AMENT_PREFIX_PATH} CMAKE_PREFIX_PATH=/home/noah/mren_ws/install/trover_description:/opt/ros/humble PYTHONPATH=/home/noah/mren_ws/install/trover_state_estimation/lib/python3.10/site-packages:/home/noah/mren_ws/install/trover_slam/lib/python3.10/site-packages:/home/noah/mren_ws/install/trover_navigation/lib/python3.10/site-packages:/home/noah/mren_ws/install/trover_communication/lib/python3.10/site-packages:${PYTHONPATH} /usr/bin/cmake --build /home/noah/mren_ws/build/trover_bringup -- -j22 -l22
[0.026s] -- Found ament_cmake: 1.3.12 (/opt/ros/humble/share/ament_cmake/cmake)
[0.140s] -- Configuring done
[0.142s] -- Generating done
[0.142s] -- Build files have been written to: /home/noah/mren_ws/build/trover_bringup
[0.160s] Invoked command in '/home/noah/mren_ws/build/trover_bringup' returned '0': AMENT_PREFIX_PATH=/home/noah/mren_ws/install/trover_state_estimation:/home/noah/mren_ws/install/trover_slam:/home/noah/mren_ws/install/trover_navigation:/home/noah/mren_ws/install/trover_description:/home/noah/mren_ws/install/trover_communication:${AMENT_PREFIX_PATH} CMAKE_PREFIX_PATH=/home/noah/mren_ws/install/trover_description:/opt/ros/humble PYTHONPATH=/home/noah/mren_ws/install/trover_state_estimation/lib/python3.10/site-packages:/home/noah/mren_ws/install/trover_slam/lib/python3.10/site-packages:/home/noah/mren_ws/install/trover_navigation/lib/python3.10/site-packages:/home/noah/mren_ws/install/trover_communication/lib/python3.10/site-packages:${PYTHONPATH} /usr/bin/cmake --build /home/noah/mren_ws/build/trover_bringup -- -j22 -l22
[0.163s] Invoking command in '/home/noah/mren_ws/build/trover_bringup': AMENT_PREFIX_PATH=/home/noah/mren_ws/install/trover_state_estimation:/home/noah/mren_ws/install/trover_slam:/home/noah/mren_ws/install/trover_navigation:/home/noah/mren_ws/install/trover_description:/home/noah/mren_ws/install/trover_communication:${AMENT_PREFIX_PATH} CMAKE_PREFIX_PATH=/home/noah/mren_ws/install/trover_description:/opt/ros/humble PYTHONPATH=/home/noah/mren_ws/install/trover_state_estimation/lib/python3.10/site-packages:/home/noah/mren_ws/install/trover_slam/lib/python3.10/site-packages:/home/noah/mren_ws/install/trover_navigation/lib/python3.10/site-packages:/home/noah/mren_ws/install/trover_communication/lib/python3.10/site-packages:${PYTHONPATH} /usr/bin/cmake --install /home/noah/mren_ws/build/trover_bringup
[0.167s] -- Install configuration: ""
[0.167s] -- Up-to-date: /home/noah/mren_ws/install/trover_bringup/share/trover_bringup//launch
[0.167s] -- Installing: /home/noah/mren_ws/install/trover_bringup/share/trover_bringup//launch/real_robot.launch.py
[0.167s] -- Up-to-date: /home/noah/mren_ws/install/trover_bringup/share/trover_bringup//launch/no_gazebo.launch.py
[0.167s] -- Up-to-date: /home/noah/mren_ws/install/trover_bringup/share/trover_bringup//launch/simulated_robot.launch.py
[0.167s] -- Installing: /home/noah/mren_ws/install/trover_bringup/share/ament_index/resource_index/package_run_dependencies/trover_bringup
[0.168s] -- Installing: /home/noah/mren_ws/install/trover_bringup/share/ament_index/resource_index/parent_prefix_path/trover_bringup
[0.168s] -- Up-to-date: /home/noah/mren_ws/install/trover_bringup/share/trover_bringup/environment/ament_prefix_path.sh
[0.168s] -- Installing: /home/noah/mren_ws/install/trover_bringup/share/trover_bringup/environment/ament_prefix_path.dsv
[0.168s] -- Up-to-date: /home/noah/mren_ws/install/trover_bringup/share/trover_bringup/environment/path.sh
[0.168s] -- Installing: /home/noah/mren_ws/install/trover_bringup/share/trover_bringup/environment/path.dsv
[0.168s] -- Up-to-date: /home/noah/mren_ws/install/trover_bringup/share/trover_bringup/local_setup.bash
[0.168s] -- Up-to-date: /home/noah/mren_ws/install/trover_bringup/share/trover_bringup/local_setup.sh
[0.168s] -- Up-to-date: /home/noah/mren_ws/install/trover_bringup/share/trover_bringup/local_setup.zsh
[0.168s] -- Installing: /home/noah/mren_ws/install/trover_bringup/share/trover_bringup/local_setup.dsv
[0.168s] -- Installing: /home/noah/mren_ws/install/trover_bringup/share/trover_bringup/package.dsv
[0.168s] -- Up-to-date: /home/noah/mren_ws/install/trover_bringup/share/ament_index/resource_index/packages/trover_bringup
[0.168s] -- Up-to-date: /home/noah/mren_ws/install/trover_bringup/share/trover_bringup/cmake/trover_bringupConfig.cmake
[0.168s] -- Up-to-date: /home/noah/mren_ws/install/trover_bringup/share/trover_bringup/cmake/trover_bringupConfig-version.cmake
[0.168s] -- Installing: /home/noah/mren_ws/install/trover_bringup/share/trover_bringup/package.xml
[0.169s] Invoked command in '/home/noah/mren_ws/build/trover_bringup' returned '0': AMENT_PREFIX_PATH=/home/noah/mren_ws/install/trover_state_estimation:/home/noah/mren_ws/install/trover_slam:/home/noah/mren_ws/install/trover_navigation:/home/noah/mren_ws/install/trover_description:/home/noah/mren_ws/install/trover_communication:${AMENT_PREFIX_PATH} CMAKE_PREFIX_PATH=/home/noah/mren_ws/install/trover_description:/opt/ros/humble PYTHONPATH=/home/noah/mren_ws/install/trover_state_estimation/lib/python3.10/site-packages:/home/noah/mren_ws/install/trover_slam/lib/python3.10/site-packages:/home/noah/mren_ws/install/trover_navigation/lib/python3.10/site-packages:/home/noah/mren_ws/install/trover_communication/lib/python3.10/site-packages:${PYTHONPATH} /usr/bin/cmake --install /home/noah/mren_ws/build/trover_bringup
