[0.245s] DEBUG:colcon:Command line arguments: ['/usr/bin/colcon', 'build']
[0.246s] DEBUG:colcon:Parsed command line arguments: Namespace(log_base=None, log_level=None, verb_name='build', build_base='build', install_base='install', merge_install=False, symlink_install=False, test_result_base=None, continue_on_error=False, executor='parallel', parallel_workers=2, event_handlers=None, ignore_user_meta=False, metas=['./colcon.meta'], base_paths=['.'], packages_ignore=None, packages_ignore_regex=None, paths=None, packages_up_to=None, packages_up_to_regex=None, packages_above=None, packages_above_and_dependencies=None, packages_above_depth=None, packages_select_by_dep=None, packages_skip_by_dep=None, packages_skip_up_to=None, packages_select_build_failed=False, packages_skip_build_finished=False, packages_select_test_failures=False, packages_skip_test_passed=False, packages_select=None, packages_skip=None, packages_select_regex=None, packages_skip_regex=None, packages_start=None, packages_end=None, allow_overriding=[], cmake_args=None, cmake_target=None, cmake_target_skip_unavailable=False, cmake_clean_cache=False, cmake_clean_first=False, cmake_force_configure=False, ament_cmake_args=None, catkin_cmake_args=None, catkin_skip_building_tests=False, verb_parser=<colcon_defaults.argument_parser.defaults.DefaultArgumentsDecorator object at 0x786ccbd584f0>, verb_extension=<colcon_core.verb.build.BuildVerb object at 0x786ccbd23ee0>, main=<bound method BuildVerb.main of <colcon_core.verb.build.BuildVerb object at 0x786ccbd23ee0>>)
[0.576s] Level 1:colcon.colcon_core.package_discovery:discover_packages(colcon_meta) check parameters
[0.577s] Level 1:colcon.colcon_core.package_discovery:discover_packages(recursive) check parameters
[0.577s] Level 1:colcon.colcon_core.package_discovery:discover_packages(ignore) check parameters
[0.577s] Level 1:colcon.colcon_core.package_discovery:discover_packages(path) check parameters
[0.577s] Level 1:colcon.colcon_core.package_discovery:discover_packages(colcon_meta) discover
[0.577s] Level 1:colcon.colcon_core.package_discovery:discover_packages(recursive) discover
[0.577s] INFO:colcon.colcon_core.package_discovery:Crawling recursively for packages in '/home/elizabeth/MREN203_Trover'
[0.577s] Level 1:colcon.colcon_core.package_identification:_identify(.) by extensions ['ignore', 'ignore_ament_install']
[0.577s] Level 1:colcon.colcon_core.package_identification:_identify(.) by extension 'ignore'
[0.577s] Level 1:colcon.colcon_core.package_identification:_identify(.) by extension 'ignore_ament_install'
[0.577s] Level 1:colcon.colcon_core.package_identification:_identify(.) by extensions ['colcon_pkg']
[0.577s] Level 1:colcon.colcon_core.package_identification:_identify(.) by extension 'colcon_pkg'
[0.578s] Level 1:colcon.colcon_core.package_identification:_identify(.) by extensions ['colcon_meta']
[0.578s] Level 1:colcon.colcon_core.package_identification:_identify(.) by extension 'colcon_meta'
[0.578s] Level 1:colcon.colcon_core.package_identification:_identify(.) by extensions ['ros']
[0.578s] Level 1:colcon.colcon_core.package_identification:_identify(.) by extension 'ros'
[0.603s] Level 1:colcon.colcon_core.package_identification:_identify(.) by extensions ['cmake', 'python']
[0.603s] Level 1:colcon.colcon_core.package_identification:_identify(.) by extension 'cmake'
[0.603s] Level 1:colcon.colcon_core.package_identification:_identify(.) by extension 'python'
[0.603s] Level 1:colcon.colcon_core.package_identification:_identify(.) by extensions ['python_setup_py']
[0.603s] Level 1:colcon.colcon_core.package_identification:_identify(.) by extension 'python_setup_py'
[0.604s] Level 1:colcon.colcon_core.package_identification:_identify(MREN203_week4activities) by extensions ['ignore', 'ignore_ament_install']
[0.604s] Level 1:colcon.colcon_core.package_identification:_identify(MREN203_week4activities) by extension 'ignore'
[0.604s] Level 1:colcon.colcon_core.package_identification:_identify(MREN203_week4activities) by extension 'ignore_ament_install'
[0.604s] Level 1:colcon.colcon_core.package_identification:_identify(MREN203_week4activities) by extensions ['colcon_pkg']
[0.604s] Level 1:colcon.colcon_core.package_identification:_identify(MREN203_week4activities) by extension 'colcon_pkg'
[0.604s] Level 1:colcon.colcon_core.package_identification:_identify(MREN203_week4activities) by extensions ['colcon_meta']
[0.604s] Level 1:colcon.colcon_core.package_identification:_identify(MREN203_week4activities) by extension 'colcon_meta'
[0.604s] Level 1:colcon.colcon_core.package_identification:_identify(MREN203_week4activities) by extensions ['ros']
[0.604s] Level 1:colcon.colcon_core.package_identification:_identify(MREN203_week4activities) by extension 'ros'
[0.604s] Level 1:colcon.colcon_core.package_identification:_identify(MREN203_week4activities) by extensions ['cmake', 'python']
[0.604s] Level 1:colcon.colcon_core.package_identification:_identify(MREN203_week4activities) by extension 'cmake'
[0.604s] Level 1:colcon.colcon_core.package_identification:_identify(MREN203_week4activities) by extension 'python'
[0.604s] Level 1:colcon.colcon_core.package_identification:_identify(MREN203_week4activities) by extensions ['python_setup_py']
[0.604s] Level 1:colcon.colcon_core.package_identification:_identify(MREN203_week4activities) by extension 'python_setup_py'
[0.605s] Level 1:colcon.colcon_core.package_identification:_identify(MREN203_week4activities/trover_controls) by extensions ['ignore', 'ignore_ament_install']
[0.605s] Level 1:colcon.colcon_core.package_identification:_identify(MREN203_week4activities/trover_controls) by extension 'ignore'
[0.605s] Level 1:colcon.colcon_core.package_identification:_identify(MREN203_week4activities/trover_controls) by extension 'ignore_ament_install'
[0.605s] Level 1:colcon.colcon_core.package_identification:_identify(MREN203_week4activities/trover_controls) by extensions ['colcon_pkg']
[0.605s] Level 1:colcon.colcon_core.package_identification:_identify(MREN203_week4activities/trover_controls) by extension 'colcon_pkg'
[0.605s] Level 1:colcon.colcon_core.package_identification:_identify(MREN203_week4activities/trover_controls) by extensions ['colcon_meta']
[0.605s] Level 1:colcon.colcon_core.package_identification:_identify(MREN203_week4activities/trover_controls) by extension 'colcon_meta'
[0.605s] Level 1:colcon.colcon_core.package_identification:_identify(MREN203_week4activities/trover_controls) by extensions ['ros']
[0.605s] Level 1:colcon.colcon_core.package_identification:_identify(MREN203_week4activities/trover_controls) by extension 'ros'
[0.605s] Level 1:colcon.colcon_core.package_identification:_identify(MREN203_week4activities/trover_controls) by extensions ['cmake', 'python']
[0.605s] Level 1:colcon.colcon_core.package_identification:_identify(MREN203_week4activities/trover_controls) by extension 'cmake'
[0.605s] Level 1:colcon.colcon_core.package_identification:_identify(MREN203_week4activities/trover_controls) by extension 'python'
[0.606s] Level 1:colcon.colcon_core.package_identification:_identify(MREN203_week4activities/trover_controls) by extensions ['python_setup_py']
[0.606s] Level 1:colcon.colcon_core.package_identification:_identify(MREN203_week4activities/trover_controls) by extension 'python_setup_py'
[0.606s] Level 1:colcon.colcon_core.package_identification:_identify(MREN203_week4activities/trover_controls/include) by extensions ['ignore', 'ignore_ament_install']
[0.606s] Level 1:colcon.colcon_core.package_identification:_identify(MREN203_week4activities/trover_controls/include) by extension 'ignore'
[0.606s] Level 1:colcon.colcon_core.package_identification:_identify(MREN203_week4activities/trover_controls/include) by extension 'ignore_ament_install'
[0.606s] Level 1:colcon.colcon_core.package_identification:_identify(MREN203_week4activities/trover_controls/include) by extensions ['colcon_pkg']
[0.606s] Level 1:colcon.colcon_core.package_identification:_identify(MREN203_week4activities/trover_controls/include) by extension 'colcon_pkg'
[0.606s] Level 1:colcon.colcon_core.package_identification:_identify(MREN203_week4activities/trover_controls/include) by extensions ['colcon_meta']
[0.606s] Level 1:colcon.colcon_core.package_identification:_identify(MREN203_week4activities/trover_controls/include) by extension 'colcon_meta'
[0.606s] Level 1:colcon.colcon_core.package_identification:_identify(MREN203_week4activities/trover_controls/include) by extensions ['ros']
[0.606s] Level 1:colcon.colcon_core.package_identification:_identify(MREN203_week4activities/trover_controls/include) by extension 'ros'
[0.606s] Level 1:colcon.colcon_core.package_identification:_identify(MREN203_week4activities/trover_controls/include) by extensions ['cmake', 'python']
[0.606s] Level 1:colcon.colcon_core.package_identification:_identify(MREN203_week4activities/trover_controls/include) by extension 'cmake'
[0.606s] Level 1:colcon.colcon_core.package_identification:_identify(MREN203_week4activities/trover_controls/include) by extension 'python'
[0.607s] Level 1:colcon.colcon_core.package_identification:_identify(MREN203_week4activities/trover_controls/include) by extensions ['python_setup_py']
[0.607s] Level 1:colcon.colcon_core.package_identification:_identify(MREN203_week4activities/trover_controls/include) by extension 'python_setup_py'
[0.607s] Level 1:colcon.colcon_core.package_identification:_identify(MREN203_week4activities/trover_controls/src) by extensions ['ignore', 'ignore_ament_install']
[0.607s] Level 1:colcon.colcon_core.package_identification:_identify(MREN203_week4activities/trover_controls/src) by extension 'ignore'
[0.607s] Level 1:colcon.colcon_core.package_identification:_identify(MREN203_week4activities/trover_controls/src) by extension 'ignore_ament_install'
[0.607s] Level 1:colcon.colcon_core.package_identification:_identify(MREN203_week4activities/trover_controls/src) by extensions ['colcon_pkg']
[0.607s] Level 1:colcon.colcon_core.package_identification:_identify(MREN203_week4activities/trover_controls/src) by extension 'colcon_pkg'
[0.607s] Level 1:colcon.colcon_core.package_identification:_identify(MREN203_week4activities/trover_controls/src) by extensions ['colcon_meta']
[0.607s] Level 1:colcon.colcon_core.package_identification:_identify(MREN203_week4activities/trover_controls/src) by extension 'colcon_meta'
[0.607s] Level 1:colcon.colcon_core.package_identification:_identify(MREN203_week4activities/trover_controls/src) by extensions ['ros']
[0.607s] Level 1:colcon.colcon_core.package_identification:_identify(MREN203_week4activities/trover_controls/src) by extension 'ros'
[0.607s] Level 1:colcon.colcon_core.package_identification:_identify(MREN203_week4activities/trover_controls/src) by extensions ['cmake', 'python']
[0.607s] Level 1:colcon.colcon_core.package_identification:_identify(MREN203_week4activities/trover_controls/src) by extension 'cmake'
[0.608s] Level 1:colcon.colcon_core.package_identification:_identify(MREN203_week4activities/trover_controls/src) by extension 'python'
[0.608s] Level 1:colcon.colcon_core.package_identification:_identify(MREN203_week4activities/trover_controls/src) by extensions ['python_setup_py']
[0.608s] Level 1:colcon.colcon_core.package_identification:_identify(MREN203_week4activities/trover_controls/src) by extension 'python_setup_py'
[0.608s] Level 1:colcon.colcon_core.package_identification:_identify(MREN203_week4activities/trover_controls/test) by extensions ['ignore', 'ignore_ament_install']
[0.608s] Level 1:colcon.colcon_core.package_identification:_identify(MREN203_week4activities/trover_controls/test) by extension 'ignore'
[0.608s] Level 1:colcon.colcon_core.package_identification:_identify(MREN203_week4activities/trover_controls/test) by extension 'ignore_ament_install'
[0.608s] Level 1:colcon.colcon_core.package_identification:_identify(MREN203_week4activities/trover_controls/test) by extensions ['colcon_pkg']
[0.608s] Level 1:colcon.colcon_core.package_identification:_identify(MREN203_week4activities/trover_controls/test) by extension 'colcon_pkg'
[0.608s] Level 1:colcon.colcon_core.package_identification:_identify(MREN203_week4activities/trover_controls/test) by extensions ['colcon_meta']
[0.608s] Level 1:colcon.colcon_core.package_identification:_identify(MREN203_week4activities/trover_controls/test) by extension 'colcon_meta'
[0.608s] Level 1:colcon.colcon_core.package_identification:_identify(MREN203_week4activities/trover_controls/test) by extensions ['ros']
[0.608s] Level 1:colcon.colcon_core.package_identification:_identify(MREN203_week4activities/trover_controls/test) by extension 'ros'
[0.608s] Level 1:colcon.colcon_core.package_identification:_identify(MREN203_week4activities/trover_controls/test) by extensions ['cmake', 'python']
[0.608s] Level 1:colcon.colcon_core.package_identification:_identify(MREN203_week4activities/trover_controls/test) by extension 'cmake'
[0.609s] Level 1:colcon.colcon_core.package_identification:_identify(MREN203_week4activities/trover_controls/test) by extension 'python'
[0.609s] Level 1:colcon.colcon_core.package_identification:_identify(MREN203_week4activities/trover_controls/test) by extensions ['python_setup_py']
[0.609s] Level 1:colcon.colcon_core.package_identification:_identify(MREN203_week4activities/trover_controls/test) by extension 'python_setup_py'
[0.609s] Level 1:colcon.colcon_core.package_identification:_identify(MREN203_week4activities/trover_controls/unused) by extensions ['ignore', 'ignore_ament_install']
[0.609s] Level 1:colcon.colcon_core.package_identification:_identify(MREN203_week4activities/trover_controls/unused) by extension 'ignore'
[0.609s] Level 1:colcon.colcon_core.package_identification:_identify(MREN203_week4activities/trover_controls/unused) by extension 'ignore_ament_install'
[0.609s] Level 1:colcon.colcon_core.package_identification:_identify(MREN203_week4activities/trover_controls/unused) by extensions ['colcon_pkg']
[0.609s] Level 1:colcon.colcon_core.package_identification:_identify(MREN203_week4activities/trover_controls/unused) by extension 'colcon_pkg'
[0.609s] Level 1:colcon.colcon_core.package_identification:_identify(MREN203_week4activities/trover_controls/unused) by extensions ['colcon_meta']
[0.609s] Level 1:colcon.colcon_core.package_identification:_identify(MREN203_week4activities/trover_controls/unused) by extension 'colcon_meta'
[0.609s] Level 1:colcon.colcon_core.package_identification:_identify(MREN203_week4activities/trover_controls/unused) by extensions ['ros']
[0.609s] Level 1:colcon.colcon_core.package_identification:_identify(MREN203_week4activities/trover_controls/unused) by extension 'ros'
[0.610s] Level 1:colcon.colcon_core.package_identification:_identify(MREN203_week4activities/trover_controls/unused) by extensions ['cmake', 'python']
[0.610s] Level 1:colcon.colcon_core.package_identification:_identify(MREN203_week4activities/trover_controls/unused) by extension 'cmake'
[0.610s] Level 1:colcon.colcon_core.package_identification:_identify(MREN203_week4activities/trover_controls/unused) by extension 'python'
[0.610s] Level 1:colcon.colcon_core.package_identification:_identify(MREN203_week4activities/trover_controls/unused) by extensions ['python_setup_py']
[0.610s] Level 1:colcon.colcon_core.package_identification:_identify(MREN203_week4activities/trover_controls/unused) by extension 'python_setup_py'
[0.610s] Level 1:colcon.colcon_core.package_identification:_identify(build) by extensions ['ignore', 'ignore_ament_install']
[0.610s] Level 1:colcon.colcon_core.package_identification:_identify(build) by extension 'ignore'
[0.610s] Level 1:colcon.colcon_core.package_identification:_identify(build) ignored
[0.610s] Level 1:colcon.colcon_core.package_identification:_identify(install) by extensions ['ignore', 'ignore_ament_install']
[0.610s] Level 1:colcon.colcon_core.package_identification:_identify(install) by extension 'ignore'
[0.610s] Level 1:colcon.colcon_core.package_identification:_identify(install) ignored
[0.611s] Level 1:colcon.colcon_core.package_identification:_identify(log) by extensions ['ignore', 'ignore_ament_install']
[0.611s] Level 1:colcon.colcon_core.package_identification:_identify(log) by extension 'ignore'
[0.611s] Level 1:colcon.colcon_core.package_identification:_identify(log) ignored
[0.611s] Level 1:colcon.colcon_core.package_identification:_identify(src) by extensions ['ignore', 'ignore_ament_install']
[0.611s] Level 1:colcon.colcon_core.package_identification:_identify(src) by extension 'ignore'
[0.611s] Level 1:colcon.colcon_core.package_identification:_identify(src) by extension 'ignore_ament_install'
[0.611s] Level 1:colcon.colcon_core.package_identification:_identify(src) by extensions ['colcon_pkg']
[0.611s] Level 1:colcon.colcon_core.package_identification:_identify(src) by extension 'colcon_pkg'
[0.611s] Level 1:colcon.colcon_core.package_identification:_identify(src) by extensions ['colcon_meta']
[0.611s] Level 1:colcon.colcon_core.package_identification:_identify(src) by extension 'colcon_meta'
[0.612s] Level 1:colcon.colcon_core.package_identification:_identify(src) by extensions ['ros']
[0.612s] Level 1:colcon.colcon_core.package_identification:_identify(src) by extension 'ros'
[0.612s] Level 1:colcon.colcon_core.package_identification:_identify(src) by extensions ['cmake', 'python']
[0.612s] Level 1:colcon.colcon_core.package_identification:_identify(src) by extension 'cmake'
[0.612s] Level 1:colcon.colcon_core.package_identification:_identify(src) by extension 'python'
[0.612s] Level 1:colcon.colcon_core.package_identification:_identify(src) by extensions ['python_setup_py']
[0.612s] Level 1:colcon.colcon_core.package_identification:_identify(src) by extension 'python_setup_py'
[0.612s] Level 1:colcon.colcon_core.package_identification:_identify(src/trover_bringup) by extensions ['ignore', 'ignore_ament_install']
[0.612s] Level 1:colcon.colcon_core.package_identification:_identify(src/trover_bringup) by extension 'ignore'
[0.612s] Level 1:colcon.colcon_core.package_identification:_identify(src/trover_bringup) by extension 'ignore_ament_install'
[0.612s] Level 1:colcon.colcon_core.package_identification:_identify(src/trover_bringup) by extensions ['colcon_pkg']
[0.612s] Level 1:colcon.colcon_core.package_identification:_identify(src/trover_bringup) by extension 'colcon_pkg'
[0.612s] Level 1:colcon.colcon_core.package_identification:_identify(src/trover_bringup) by extensions ['colcon_meta']
[0.612s] Level 1:colcon.colcon_core.package_identification:_identify(src/trover_bringup) by extension 'colcon_meta'
[0.612s] Level 1:colcon.colcon_core.package_identification:_identify(src/trover_bringup) by extensions ['ros']
[0.613s] Level 1:colcon.colcon_core.package_identification:_identify(src/trover_bringup) by extension 'ros'
[0.619s] DEBUG:colcon.colcon_core.package_identification:Package 'src/trover_bringup' with type 'ros.ament_cmake' and name 'trover_bringup'
[0.619s] Level 1:colcon.colcon_core.package_identification:_identify(src/trover_communication) by extensions ['ignore', 'ignore_ament_install']
[0.619s] Level 1:colcon.colcon_core.package_identification:_identify(src/trover_communication) by extension 'ignore'
[0.619s] Level 1:colcon.colcon_core.package_identification:_identify(src/trover_communication) by extension 'ignore_ament_install'
[0.621s] Level 1:colcon.colcon_core.package_identification:_identify(src/trover_communication) by extensions ['colcon_pkg']
[0.621s] Level 1:colcon.colcon_core.package_identification:_identify(src/trover_communication) by extension 'colcon_pkg'
[0.621s] Level 1:colcon.colcon_core.package_identification:_identify(src/trover_communication) by extensions ['colcon_meta']
[0.621s] Level 1:colcon.colcon_core.package_identification:_identify(src/trover_communication) by extension 'colcon_meta'
[0.621s] Level 1:colcon.colcon_core.package_identification:_identify(src/trover_communication) by extensions ['ros']
[0.621s] Level 1:colcon.colcon_core.package_identification:_identify(src/trover_communication) by extension 'ros'
[0.623s] DEBUG:colcon.colcon_core.package_identification:Package 'src/trover_communication' with type 'ros.ament_python' and name 'trover_communication'
[0.623s] Level 1:colcon.colcon_core.package_identification:_identify(src/trover_description) by extensions ['ignore', 'ignore_ament_install']
[0.623s] Level 1:colcon.colcon_core.package_identification:_identify(src/trover_description) by extension 'ignore'
[0.623s] Level 1:colcon.colcon_core.package_identification:_identify(src/trover_description) by extension 'ignore_ament_install'
[0.623s] Level 1:colcon.colcon_core.package_identification:_identify(src/trover_description) by extensions ['colcon_pkg']
[0.623s] Level 1:colcon.colcon_core.package_identification:_identify(src/trover_description) by extension 'colcon_pkg'
[0.623s] Level 1:colcon.colcon_core.package_identification:_identify(src/trover_description) by extensions ['colcon_meta']
[0.624s] Level 1:colcon.colcon_core.package_identification:_identify(src/trover_description) by extension 'colcon_meta'
[0.624s] Level 1:colcon.colcon_core.package_identification:_identify(src/trover_description) by extensions ['ros']
[0.624s] Level 1:colcon.colcon_core.package_identification:_identify(src/trover_description) by extension 'ros'
[0.625s] DEBUG:colcon.colcon_core.package_identification:Package 'src/trover_description' with type 'ros.ament_cmake' and name 'trover_description'
[0.625s] Level 1:colcon.colcon_core.package_identification:_identify(src/trover_drivers) by extensions ['ignore', 'ignore_ament_install']
[0.626s] Level 1:colcon.colcon_core.package_identification:_identify(src/trover_drivers) by extension 'ignore'
[0.626s] Level 1:colcon.colcon_core.package_identification:_identify(src/trover_drivers) by extension 'ignore_ament_install'
[0.626s] Level 1:colcon.colcon_core.package_identification:_identify(src/trover_drivers) by extensions ['colcon_pkg']
[0.626s] Level 1:colcon.colcon_core.package_identification:_identify(src/trover_drivers) by extension 'colcon_pkg'
[0.626s] Level 1:colcon.colcon_core.package_identification:_identify(src/trover_drivers) by extensions ['colcon_meta']
[0.626s] Level 1:colcon.colcon_core.package_identification:_identify(src/trover_drivers) by extension 'colcon_meta'
[0.626s] Level 1:colcon.colcon_core.package_identification:_identify(src/trover_drivers) by extensions ['ros']
[0.626s] Level 1:colcon.colcon_core.package_identification:_identify(src/trover_drivers) by extension 'ros'
[0.627s] DEBUG:colcon.colcon_core.package_identification:Package 'src/trover_drivers' with type 'ros.ament_cmake' and name 'trover_drivers'
[0.627s] Level 1:colcon.colcon_core.package_identification:_identify(src/trover_navigation) by extensions ['ignore', 'ignore_ament_install']
[0.627s] Level 1:colcon.colcon_core.package_identification:_identify(src/trover_navigation) by extension 'ignore'
[0.627s] Level 1:colcon.colcon_core.package_identification:_identify(src/trover_navigation) by extension 'ignore_ament_install'
[0.627s] Level 1:colcon.colcon_core.package_identification:_identify(src/trover_navigation) by extensions ['colcon_pkg']
[0.627s] Level 1:colcon.colcon_core.package_identification:_identify(src/trover_navigation) by extension 'colcon_pkg'
[0.627s] Level 1:colcon.colcon_core.package_identification:_identify(src/trover_navigation) by extensions ['colcon_meta']
[0.628s] Level 1:colcon.colcon_core.package_identification:_identify(src/trover_navigation) by extension 'colcon_meta'
[0.628s] Level 1:colcon.colcon_core.package_identification:_identify(src/trover_navigation) by extensions ['ros']
[0.628s] Level 1:colcon.colcon_core.package_identification:_identify(src/trover_navigation) by extension 'ros'
[0.629s] DEBUG:colcon.colcon_core.package_identification:Package 'src/trover_navigation' with type 'ros.ament_python' and name 'trover_navigation'
[0.629s] Level 1:colcon.colcon_core.package_identification:_identify(src/trover_slam) by extensions ['ignore', 'ignore_ament_install']
[0.629s] Level 1:colcon.colcon_core.package_identification:_identify(src/trover_slam) by extension 'ignore'
[0.629s] Level 1:colcon.colcon_core.package_identification:_identify(src/trover_slam) by extension 'ignore_ament_install'
[0.629s] Level 1:colcon.colcon_core.package_identification:_identify(src/trover_slam) by extensions ['colcon_pkg']
[0.629s] Level 1:colcon.colcon_core.package_identification:_identify(src/trover_slam) by extension 'colcon_pkg'
[0.629s] Level 1:colcon.colcon_core.package_identification:_identify(src/trover_slam) by extensions ['colcon_meta']
[0.629s] Level 1:colcon.colcon_core.package_identification:_identify(src/trover_slam) by extension 'colcon_meta'
[0.629s] Level 1:colcon.colcon_core.package_identification:_identify(src/trover_slam) by extensions ['ros']
[0.629s] Level 1:colcon.colcon_core.package_identification:_identify(src/trover_slam) by extension 'ros'
[0.630s] DEBUG:colcon.colcon_core.package_identification:Package 'src/trover_slam' with type 'ros.ament_python' and name 'trover_slam'
[0.630s] Level 1:colcon.colcon_core.package_identification:_identify(src/trover_state_estimation) by extensions ['ignore', 'ignore_ament_install']
[0.630s] Level 1:colcon.colcon_core.package_identification:_identify(src/trover_state_estimation) by extension 'ignore'
[0.631s] Level 1:colcon.colcon_core.package_identification:_identify(src/trover_state_estimation) by extension 'ignore_ament_install'
[0.631s] Level 1:colcon.colcon_core.package_identification:_identify(src/trover_state_estimation) by extensions ['colcon_pkg']
[0.631s] Level 1:colcon.colcon_core.package_identification:_identify(src/trover_state_estimation) by extension 'colcon_pkg'
[0.631s] Level 1:colcon.colcon_core.package_identification:_identify(src/trover_state_estimation) by extensions ['colcon_meta']
[0.631s] Level 1:colcon.colcon_core.package_identification:_identify(src/trover_state_estimation) by extension 'colcon_meta'
[0.631s] Level 1:colcon.colcon_core.package_identification:_identify(src/trover_state_estimation) by extensions ['ros']
[0.631s] Level 1:colcon.colcon_core.package_identification:_identify(src/trover_state_estimation) by extension 'ros'
[0.632s] DEBUG:colcon.colcon_core.package_identification:Package 'src/trover_state_estimation' with type 'ros.ament_python' and name 'trover_state_estimation'
[0.632s] Level 1:colcon.colcon_core.package_discovery:discover_packages(recursive) using defaults
[0.632s] Level 1:colcon.colcon_core.package_discovery:discover_packages(ignore) discover
[0.632s] Level 1:colcon.colcon_core.package_discovery:discover_packages(ignore) using defaults
[0.632s] Level 1:colcon.colcon_core.package_discovery:discover_packages(path) discover
[0.632s] Level 1:colcon.colcon_core.package_discovery:discover_packages(path) using defaults
[0.676s] Level 1:colcon.colcon_core.package_discovery:discover_packages(prefix_path) check parameters
[0.677s] Level 1:colcon.colcon_core.package_discovery:discover_packages(prefix_path) discover
[0.680s] DEBUG:colcon.colcon_installed_package_information.package_discovery:Found 7 installed packages in /home/elizabeth/MREN203_Trover/install
[0.683s] DEBUG:colcon.colcon_installed_package_information.package_discovery:Found 327 installed packages in /opt/ros/humble
[0.726s] Level 1:colcon.colcon_core.package_discovery:discover_packages(prefix_path) using defaults
[0.813s] Level 5:colcon.colcon_core.verb:set package 'trover_communication' build argument 'cmake_args' from command line to 'None'
[0.813s] Level 5:colcon.colcon_core.verb:set package 'trover_communication' build argument 'cmake_target' from command line to 'None'
[0.813s] Level 5:colcon.colcon_core.verb:set package 'trover_communication' build argument 'cmake_target_skip_unavailable' from command line to 'False'
[0.813s] Level 5:colcon.colcon_core.verb:set package 'trover_communication' build argument 'cmake_clean_cache' from command line to 'False'
[0.813s] Level 5:colcon.colcon_core.verb:set package 'trover_communication' build argument 'cmake_clean_first' from command line to 'False'
[0.813s] Level 5:colcon.colcon_core.verb:set package 'trover_communication' build argument 'cmake_force_configure' from command line to 'False'
[0.813s] Level 5:colcon.colcon_core.verb:set package 'trover_communication' build argument 'ament_cmake_args' from command line to 'None'
[0.813s] Level 5:colcon.colcon_core.verb:set package 'trover_communication' build argument 'catkin_cmake_args' from command line to 'None'
[0.813s] Level 5:colcon.colcon_core.verb:set package 'trover_communication' build argument 'catkin_skip_building_tests' from command line to 'False'
[0.814s] DEBUG:colcon.colcon_core.verb:Building package 'trover_communication' with the following arguments: {'ament_cmake_args': None, 'build_base': '/home/elizabeth/MREN203_Trover/build/trover_communication', 'catkin_cmake_args': None, 'catkin_skip_building_tests': False, 'cmake_args': None, 'cmake_clean_cache': False, 'cmake_clean_first': False, 'cmake_force_configure': False, 'cmake_target': None, 'cmake_target_skip_unavailable': False, 'install_base': '/home/elizabeth/MREN203_Trover/install/trover_communication', 'merge_install': False, 'path': '/home/elizabeth/MREN203_Trover/src/trover_communication', 'symlink_install': False, 'test_result_base': None}
[0.814s] Level 5:colcon.colcon_core.verb:set package 'trover_description' build argument 'cmake_args' from command line to 'None'
[0.815s] Level 5:colcon.colcon_core.verb:set package 'trover_description' build argument 'cmake_target' from command line to 'None'
[0.815s] Level 5:colcon.colcon_core.verb:set package 'trover_description' build argument 'cmake_target_skip_unavailable' from command line to 'False'
[0.815s] Level 5:colcon.colcon_core.verb:set package 'trover_description' build argument 'cmake_clean_cache' from command line to 'False'
[0.815s] Level 5:colcon.colcon_core.verb:set package 'trover_description' build argument 'cmake_clean_first' from command line to 'False'
[0.815s] Level 5:colcon.colcon_core.verb:set package 'trover_description' build argument 'cmake_force_configure' from command line to 'False'
[0.815s] Level 5:colcon.colcon_core.verb:set package 'trover_description' build argument 'ament_cmake_args' from command line to 'None'
[0.815s] Level 5:colcon.colcon_core.verb:set package 'trover_description' build argument 'catkin_cmake_args' from command line to 'None'
[0.815s] Level 5:colcon.colcon_core.verb:set package 'trover_description' build argument 'catkin_skip_building_tests' from command line to 'False'
[0.815s] DEBUG:colcon.colcon_core.verb:Building package 'trover_description' with the following arguments: {'ament_cmake_args': None, 'build_base': '/home/elizabeth/MREN203_Trover/build/trover_description', 'catkin_cmake_args': None, 'catkin_skip_building_tests': False, 'cmake_args': None, 'cmake_clean_cache': False, 'cmake_clean_first': False, 'cmake_force_configure': False, 'cmake_target': None, 'cmake_target_skip_unavailable': False, 'install_base': '/home/elizabeth/MREN203_Trover/install/trover_description', 'merge_install': False, 'path': '/home/elizabeth/MREN203_Trover/src/trover_description', 'symlink_install': False, 'test_result_base': None}
[0.815s] Level 5:colcon.colcon_core.verb:set package 'trover_drivers' build argument 'cmake_args' from command line to 'None'
[0.815s] Level 5:colcon.colcon_core.verb:set package 'trover_drivers' build argument 'cmake_target' from command line to 'None'
[0.815s] Level 5:colcon.colcon_core.verb:set package 'trover_drivers' build argument 'cmake_target_skip_unavailable' from command line to 'False'
[0.815s] Level 5:colcon.colcon_core.verb:set package 'trover_drivers' build argument 'cmake_clean_cache' from command line to 'False'
[0.815s] Level 5:colcon.colcon_core.verb:set package 'trover_drivers' build argument 'cmake_clean_first' from command line to 'False'
[0.815s] Level 5:colcon.colcon_core.verb:set package 'trover_drivers' build argument 'cmake_force_configure' from command line to 'False'
[0.815s] Level 5:colcon.colcon_core.verb:set package 'trover_drivers' build argument 'ament_cmake_args' from command line to 'None'
[0.815s] Level 5:colcon.colcon_core.verb:set package 'trover_drivers' build argument 'catkin_cmake_args' from command line to 'None'
[0.815s] Level 5:colcon.colcon_core.verb:set package 'trover_drivers' build argument 'catkin_skip_building_tests' from command line to 'False'
[0.816s] DEBUG:colcon.colcon_core.verb:Building package 'trover_drivers' with the following arguments: {'ament_cmake_args': None, 'build_base': '/home/elizabeth/MREN203_Trover/build/trover_drivers', 'catkin_cmake_args': None, 'catkin_skip_building_tests': False, 'cmake_args': None, 'cmake_clean_cache': False, 'cmake_clean_first': False, 'cmake_force_configure': False, 'cmake_target': None, 'cmake_target_skip_unavailable': False, 'install_base': '/home/elizabeth/MREN203_Trover/install/trover_drivers', 'merge_install': False, 'path': '/home/elizabeth/MREN203_Trover/src/trover_drivers', 'symlink_install': False, 'test_result_base': None}
[0.816s] Level 5:colcon.colcon_core.verb:set package 'trover_navigation' build argument 'cmake_args' from command line to 'None'
[0.816s] Level 5:colcon.colcon_core.verb:set package 'trover_navigation' build argument 'cmake_target' from command line to 'None'
[0.816s] Level 5:colcon.colcon_core.verb:set package 'trover_navigation' build argument 'cmake_target_skip_unavailable' from command line to 'False'
[0.816s] Level 5:colcon.colcon_core.verb:set package 'trover_navigation' build argument 'cmake_clean_cache' from command line to 'False'
[0.816s] Level 5:colcon.colcon_core.verb:set package 'trover_navigation' build argument 'cmake_clean_first' from command line to 'False'
[0.816s] Level 5:colcon.colcon_core.verb:set package 'trover_navigation' build argument 'cmake_force_configure' from command line to 'False'
[0.816s] Level 5:colcon.colcon_core.verb:set package 'trover_navigation' build argument 'ament_cmake_args' from command line to 'None'
[0.816s] Level 5:colcon.colcon_core.verb:set package 'trover_navigation' build argument 'catkin_cmake_args' from command line to 'None'
[0.816s] Level 5:colcon.colcon_core.verb:set package 'trover_navigation' build argument 'catkin_skip_building_tests' from command line to 'False'
[0.816s] DEBUG:colcon.colcon_core.verb:Building package 'trover_navigation' with the following arguments: {'ament_cmake_args': None, 'build_base': '/home/elizabeth/MREN203_Trover/build/trover_navigation', 'catkin_cmake_args': None, 'catkin_skip_building_tests': False, 'cmake_args': None, 'cmake_clean_cache': False, 'cmake_clean_first': False, 'cmake_force_configure': False, 'cmake_target': None, 'cmake_target_skip_unavailable': False, 'install_base': '/home/elizabeth/MREN203_Trover/install/trover_navigation', 'merge_install': False, 'path': '/home/elizabeth/MREN203_Trover/src/trover_navigation', 'symlink_install': False, 'test_result_base': None}
[0.817s] Level 5:colcon.colcon_core.verb:set package 'trover_slam' build argument 'cmake_args' from command line to 'None'
[0.817s] Level 5:colcon.colcon_core.verb:set package 'trover_slam' build argument 'cmake_target' from command line to 'None'
[0.817s] Level 5:colcon.colcon_core.verb:set package 'trover_slam' build argument 'cmake_target_skip_unavailable' from command line to 'False'
[0.817s] Level 5:colcon.colcon_core.verb:set package 'trover_slam' build argument 'cmake_clean_cache' from command line to 'False'
[0.817s] Level 5:colcon.colcon_core.verb:set package 'trover_slam' build argument 'cmake_clean_first' from command line to 'False'
[0.817s] Level 5:colcon.colcon_core.verb:set package 'trover_slam' build argument 'cmake_force_configure' from command line to 'False'
[0.817s] Level 5:colcon.colcon_core.verb:set package 'trover_slam' build argument 'ament_cmake_args' from command line to 'None'
[0.817s] Level 5:colcon.colcon_core.verb:set package 'trover_slam' build argument 'catkin_cmake_args' from command line to 'None'
[0.817s] Level 5:colcon.colcon_core.verb:set package 'trover_slam' build argument 'catkin_skip_building_tests' from command line to 'False'
[0.817s] DEBUG:colcon.colcon_core.verb:Building package 'trover_slam' with the following arguments: {'ament_cmake_args': None, 'build_base': '/home/elizabeth/MREN203_Trover/build/trover_slam', 'catkin_cmake_args': None, 'catkin_skip_building_tests': False, 'cmake_args': None, 'cmake_clean_cache': False, 'cmake_clean_first': False, 'cmake_force_configure': False, 'cmake_target': None, 'cmake_target_skip_unavailable': False, 'install_base': '/home/elizabeth/MREN203_Trover/install/trover_slam', 'merge_install': False, 'path': '/home/elizabeth/MREN203_Trover/src/trover_slam', 'symlink_install': False, 'test_result_base': None}
[0.817s] Level 5:colcon.colcon_core.verb:set package 'trover_state_estimation' build argument 'cmake_args' from command line to 'None'
[0.818s] Level 5:colcon.colcon_core.verb:set package 'trover_state_estimation' build argument 'cmake_target' from command line to 'None'
[0.818s] Level 5:colcon.colcon_core.verb:set package 'trover_state_estimation' build argument 'cmake_target_skip_unavailable' from command line to 'False'
[0.818s] Level 5:colcon.colcon_core.verb:set package 'trover_state_estimation' build argument 'cmake_clean_cache' from command line to 'False'
[0.818s] Level 5:colcon.colcon_core.verb:set package 'trover_state_estimation' build argument 'cmake_clean_first' from command line to 'False'
[0.818s] Level 5:colcon.colcon_core.verb:set package 'trover_state_estimation' build argument 'cmake_force_configure' from command line to 'False'
[0.818s] Level 5:colcon.colcon_core.verb:set package 'trover_state_estimation' build argument 'ament_cmake_args' from command line to 'None'
[0.818s] Level 5:colcon.colcon_core.verb:set package 'trover_state_estimation' build argument 'catkin_cmake_args' from command line to 'None'
[0.818s] Level 5:colcon.colcon_core.verb:set package 'trover_state_estimation' build argument 'catkin_skip_building_tests' from command line to 'False'
[0.818s] DEBUG:colcon.colcon_core.verb:Building package 'trover_state_estimation' with the following arguments: {'ament_cmake_args': None, 'build_base': '/home/elizabeth/MREN203_Trover/build/trover_state_estimation', 'catkin_cmake_args': None, 'catkin_skip_building_tests': False, 'cmake_args': None, 'cmake_clean_cache': False, 'cmake_clean_first': False, 'cmake_force_configure': False, 'cmake_target': None, 'cmake_target_skip_unavailable': False, 'install_base': '/home/elizabeth/MREN203_Trover/install/trover_state_estimation', 'merge_install': False, 'path': '/home/elizabeth/MREN203_Trover/src/trover_state_estimation', 'symlink_install': False, 'test_result_base': None}
[0.818s] Level 5:colcon.colcon_core.verb:set package 'trover_bringup' build argument 'cmake_args' from command line to 'None'
[0.818s] Level 5:colcon.colcon_core.verb:set package 'trover_bringup' build argument 'cmake_target' from command line to 'None'
[0.818s] Level 5:colcon.colcon_core.verb:set package 'trover_bringup' build argument 'cmake_target_skip_unavailable' from command line to 'False'
[0.818s] Level 5:colcon.colcon_core.verb:set package 'trover_bringup' build argument 'cmake_clean_cache' from command line to 'False'
[0.819s] Level 5:colcon.colcon_core.verb:set package 'trover_bringup' build argument 'cmake_clean_first' from command line to 'False'
[0.819s] Level 5:colcon.colcon_core.verb:set package 'trover_bringup' build argument 'cmake_force_configure' from command line to 'False'
[0.819s] Level 5:colcon.colcon_core.verb:set package 'trover_bringup' build argument 'ament_cmake_args' from command line to 'None'
[0.819s] Level 5:colcon.colcon_core.verb:set package 'trover_bringup' build argument 'catkin_cmake_args' from command line to 'None'
[0.819s] Level 5:colcon.colcon_core.verb:set package 'trover_bringup' build argument 'catkin_skip_building_tests' from command line to 'False'
[0.819s] DEBUG:colcon.colcon_core.verb:Building package 'trover_bringup' with the following arguments: {'ament_cmake_args': None, 'build_base': '/home/elizabeth/MREN203_Trover/build/trover_bringup', 'catkin_cmake_args': None, 'catkin_skip_building_tests': False, 'cmake_args': None, 'cmake_clean_cache': False, 'cmake_clean_first': False, 'cmake_force_configure': False, 'cmake_target': None, 'cmake_target_skip_unavailable': False, 'install_base': '/home/elizabeth/MREN203_Trover/install/trover_bringup', 'merge_install': False, 'path': '/home/elizabeth/MREN203_Trover/src/trover_bringup', 'symlink_install': False, 'test_result_base': None}
[0.819s] INFO:colcon.colcon_core.executor:Executing jobs using 'parallel' executor
[0.834s] DEBUG:colcon.colcon_parallel_executor.executor.parallel:run_until_complete
[0.851s] INFO:colcon.colcon_ros.task.ament_cmake.build:Building ROS package in '/home/elizabeth/MREN203_Trover/src/trover_description' with build type 'ament_cmake'
[0.852s] INFO:colcon.colcon_cmake.task.cmake.build:Building CMake package in '/home/elizabeth/MREN203_Trover/src/trover_description'
[0.859s] INFO:colcon.colcon_core.plugin_system:Skipping extension 'colcon_core.shell.bat': Not used on non-Windows systems
[0.860s] INFO:colcon.colcon_core.shell:Skip shell extension 'powershell' for command environment: Not usable outside of PowerShell
[0.860s] DEBUG:colcon.colcon_core.shell:Skip shell extension 'dsv' for command environment
[0.878s] INFO:colcon.colcon_ros.task.ament_python.build:Building ROS package in '/home/elizabeth/MREN203_Trover/src/trover_navigation' with build type 'ament_python'
[0.879s] Level 1:colcon.colcon_core.shell:create_environment_hook('trover_navigation', 'ament_prefix_path')
[0.880s] INFO:colcon.colcon_core.shell:Creating environment hook '/home/elizabeth/MREN203_Trover/install/trover_navigation/share/trover_navigation/hook/ament_prefix_path.ps1'
[0.882s] INFO:colcon.colcon_core.shell:Creating environment descriptor '/home/elizabeth/MREN203_Trover/install/trover_navigation/share/trover_navigation/hook/ament_prefix_path.dsv'
[0.884s] INFO:colcon.colcon_core.shell:Creating environment hook '/home/elizabeth/MREN203_Trover/install/trover_navigation/share/trover_navigation/hook/ament_prefix_path.sh'
[0.887s] INFO:colcon.colcon_core.shell:Skip shell extension 'powershell' for command environment: Not usable outside of PowerShell
[0.887s] DEBUG:colcon.colcon_core.shell:Skip shell extension 'dsv' for command environment
[0.966s] DEBUG:colcon.colcon_core.event_handler.log_command:Invoking command in '/home/elizabeth/MREN203_Trover/build/trover_description': CMAKE_PREFIX_PATH=${CMAKE_PREFIX_PATH}:/home/elizabeth/MREN203_Trover/install/trover_state_estimation:/home/elizabeth/MREN203_Trover/install/trover_slam:/home/elizabeth/MREN203_Trover/install/trover_navigation:/home/elizabeth/MREN203_Trover/install/trover_communication:/opt/ros/humble /usr/bin/cmake --build /home/elizabeth/MREN203_Trover/build/trover_description -- -j2 -l2
[1.677s] INFO:colcon.colcon_core.task.python.build:Building Python package in '/home/elizabeth/MREN203_Trover/src/trover_navigation'
[1.680s] INFO:colcon.colcon_core.shell:Skip shell extension 'powershell' for command environment: Not usable outside of PowerShell
[1.680s] DEBUG:colcon.colcon_core.shell:Skip shell extension 'dsv' for command environment
[1.705s] DEBUG:colcon.colcon_core.event_handler.log_command:Invoked command in '/home/elizabeth/MREN203_Trover/build/trover_description' returned '0': CMAKE_PREFIX_PATH=${CMAKE_PREFIX_PATH}:/home/elizabeth/MREN203_Trover/install/trover_state_estimation:/home/elizabeth/MREN203_Trover/install/trover_slam:/home/elizabeth/MREN203_Trover/install/trover_navigation:/home/elizabeth/MREN203_Trover/install/trover_communication:/opt/ros/humble /usr/bin/cmake --build /home/elizabeth/MREN203_Trover/build/trover_description -- -j2 -l2
[1.743s] DEBUG:colcon.colcon_core.event_handler.log_command:Invoking command in '/home/elizabeth/MREN203_Trover/build/trover_description': CMAKE_PREFIX_PATH=${CMAKE_PREFIX_PATH}:/home/elizabeth/MREN203_Trover/install/trover_state_estimation:/home/elizabeth/MREN203_Trover/install/trover_slam:/home/elizabeth/MREN203_Trover/install/trover_navigation:/home/elizabeth/MREN203_Trover/install/trover_communication:/opt/ros/humble /usr/bin/cmake --install /home/elizabeth/MREN203_Trover/build/trover_description
[2.047s] Level 1:colcon.colcon_core.environment:create_environment_scripts_only(trover_description)
[2.050s] Level 1:colcon.colcon_core.environment:checking '/home/elizabeth/MREN203_Trover/install/trover_description' for CMake module files
[2.051s] Level 1:colcon.colcon_core.environment:checking '/home/elizabeth/MREN203_Trover/install/trover_description' for CMake config files
[2.063s] Level 1:colcon.colcon_core.shell:create_environment_hook('trover_description', 'cmake_prefix_path')
[2.064s] INFO:colcon.colcon_core.shell:Creating environment hook '/home/elizabeth/MREN203_Trover/install/trover_description/share/trover_description/hook/cmake_prefix_path.ps1'
[2.065s] INFO:colcon.colcon_core.shell:Creating environment descriptor '/home/elizabeth/MREN203_Trover/install/trover_description/share/trover_description/hook/cmake_prefix_path.dsv'
[2.084s] DEBUG:colcon.colcon_core.event_handler.log_command:Invoked command in '/home/elizabeth/MREN203_Trover/build/trover_description' returned '0': CMAKE_PREFIX_PATH=${CMAKE_PREFIX_PATH}:/home/elizabeth/MREN203_Trover/install/trover_state_estimation:/home/elizabeth/MREN203_Trover/install/trover_slam:/home/elizabeth/MREN203_Trover/install/trover_navigation:/home/elizabeth/MREN203_Trover/install/trover_communication:/opt/ros/humble /usr/bin/cmake --install /home/elizabeth/MREN203_Trover/build/trover_description
[2.085s] INFO:colcon.colcon_core.shell:Creating environment hook '/home/elizabeth/MREN203_Trover/install/trover_description/share/trover_description/hook/cmake_prefix_path.sh'
[2.088s] Level 1:colcon.colcon_core.environment:checking '/home/elizabeth/MREN203_Trover/install/trover_description/bin'
[2.088s] Level 1:colcon.colcon_core.environment:checking '/home/elizabeth/MREN203_Trover/install/trover_description/lib/pkgconfig/trover_description.pc'
[2.089s] Level 1:colcon.colcon_core.environment:checking '/home/elizabeth/MREN203_Trover/install/trover_description/lib/python3.10/site-packages'
[2.090s] Level 1:colcon.colcon_core.environment:checking '/home/elizabeth/MREN203_Trover/install/trover_description/bin'
[2.091s] INFO:colcon.colcon_core.shell:Creating package script '/home/elizabeth/MREN203_Trover/install/trover_description/share/trover_description/package.ps1'
[2.094s] INFO:colcon.colcon_core.shell:Creating package descriptor '/home/elizabeth/MREN203_Trover/install/trover_description/share/trover_description/package.dsv'
[2.096s] INFO:colcon.colcon_core.shell:Creating package script '/home/elizabeth/MREN203_Trover/install/trover_description/share/trover_description/package.sh'
[2.100s] INFO:colcon.colcon_core.shell:Creating package script '/home/elizabeth/MREN203_Trover/install/trover_description/share/trover_description/package.bash'
[2.102s] INFO:colcon.colcon_core.shell:Creating package script '/home/elizabeth/MREN203_Trover/install/trover_description/share/trover_description/package.zsh'
[2.105s] Level 1:colcon.colcon_core.environment:create_file_with_runtime_dependencies(/home/elizabeth/MREN203_Trover/install/trover_description/share/colcon-core/packages/trover_description)
[2.109s] Level 1:colcon.colcon_core.environment:create_environment_scripts_only(trover_description)
[2.110s] Level 1:colcon.colcon_core.environment:checking '/home/elizabeth/MREN203_Trover/install/trover_description' for CMake module files
[2.111s] Level 1:colcon.colcon_core.environment:checking '/home/elizabeth/MREN203_Trover/install/trover_description' for CMake config files
[2.120s] Level 1:colcon.colcon_core.shell:create_environment_hook('trover_description', 'cmake_prefix_path')
[2.120s] INFO:colcon.colcon_core.shell:Creating environment hook '/home/elizabeth/MREN203_Trover/install/trover_description/share/trover_description/hook/cmake_prefix_path.ps1'
[2.121s] INFO:colcon.colcon_core.shell:Creating environment descriptor '/home/elizabeth/MREN203_Trover/install/trover_description/share/trover_description/hook/cmake_prefix_path.dsv'
[2.126s] INFO:colcon.colcon_core.shell:Creating environment hook '/home/elizabeth/MREN203_Trover/install/trover_description/share/trover_description/hook/cmake_prefix_path.sh'
[2.133s] Level 1:colcon.colcon_core.environment:checking '/home/elizabeth/MREN203_Trover/install/trover_description/bin'
[2.133s] Level 1:colcon.colcon_core.environment:checking '/home/elizabeth/MREN203_Trover/install/trover_description/lib/pkgconfig/trover_description.pc'
[2.134s] Level 1:colcon.colcon_core.environment:checking '/home/elizabeth/MREN203_Trover/install/trover_description/lib/python3.10/site-packages'
[2.135s] Level 1:colcon.colcon_core.environment:checking '/home/elizabeth/MREN203_Trover/install/trover_description/bin'
[2.135s] INFO:colcon.colcon_core.shell:Creating package script '/home/elizabeth/MREN203_Trover/install/trover_description/share/trover_description/package.ps1'
[2.140s] INFO:colcon.colcon_core.shell:Creating package descriptor '/home/elizabeth/MREN203_Trover/install/trover_description/share/trover_description/package.dsv'
[2.146s] INFO:colcon.colcon_core.shell:Creating package script '/home/elizabeth/MREN203_Trover/install/trover_description/share/trover_description/package.sh'
[2.148s] INFO:colcon.colcon_core.shell:Creating package script '/home/elizabeth/MREN203_Trover/install/trover_description/share/trover_description/package.bash'
[2.151s] INFO:colcon.colcon_core.shell:Creating package script '/home/elizabeth/MREN203_Trover/install/trover_description/share/trover_description/package.zsh'
[2.152s] Level 1:colcon.colcon_core.environment:create_file_with_runtime_dependencies(/home/elizabeth/MREN203_Trover/install/trover_description/share/colcon-core/packages/trover_description)
[2.154s] INFO:colcon.colcon_ros.task.ament_python.build:Building ROS package in '/home/elizabeth/MREN203_Trover/src/trover_slam' with build type 'ament_python'
[2.154s] Level 1:colcon.colcon_core.shell:create_environment_hook('trover_slam', 'ament_prefix_path')
[2.155s] INFO:colcon.colcon_core.shell:Creating environment hook '/home/elizabeth/MREN203_Trover/install/trover_slam/share/trover_slam/hook/ament_prefix_path.ps1'
[2.157s] INFO:colcon.colcon_core.shell:Creating environment descriptor '/home/elizabeth/MREN203_Trover/install/trover_slam/share/trover_slam/hook/ament_prefix_path.dsv'
[2.162s] INFO:colcon.colcon_core.shell:Creating environment hook '/home/elizabeth/MREN203_Trover/install/trover_slam/share/trover_slam/hook/ament_prefix_path.sh'
[2.170s] INFO:colcon.colcon_core.shell:Skip shell extension 'powershell' for command environment: Not usable outside of PowerShell
[2.173s] DEBUG:colcon.colcon_core.shell:Skip shell extension 'dsv' for command environment
[2.775s] INFO:colcon.colcon_core.task.python.build:Building Python package in '/home/elizabeth/MREN203_Trover/src/trover_slam'
[2.775s] INFO:colcon.colcon_core.shell:Skip shell extension 'powershell' for command environment: Not usable outside of PowerShell
[2.775s] DEBUG:colcon.colcon_core.shell:Skip shell extension 'dsv' for command environment
[2.873s] DEBUG:colcon.colcon_core.event_handler.log_command:Invoking command in '/home/elizabeth/MREN203_Trover/src/trover_navigation': PYTHONPATH=/home/elizabeth/MREN203_Trover/build/trover_navigation/prefix_override:/usr/lib/python3/dist-packages/colcon_core/task/python/colcon_distutils_commands:/home/elizabeth/MREN203_Trover/install/trover_navigation/lib/python3.10/site-packages:${PYTHONPATH} /usr/bin/python3 -W ignore:setup.py install is deprecated -W ignore:easy_install command is deprecated setup.py egg_info --egg-base ../../build/trover_navigation build --build-base /home/elizabeth/MREN203_Trover/build/trover_navigation/build install --record /home/elizabeth/MREN203_Trover/build/trover_navigation/install.log --single-version-externally-managed install_data
[3.654s] Level 1:colcon.colcon_core.environment:checking '/home/elizabeth/MREN203_Trover/install/trover_navigation' for CMake module files
[3.655s] DEBUG:colcon.colcon_core.event_handler.log_command:Invoked command in '/home/elizabeth/MREN203_Trover/src/trover_navigation' returned '0': PYTHONPATH=/home/elizabeth/MREN203_Trover/build/trover_navigation/prefix_override:/usr/lib/python3/dist-packages/colcon_core/task/python/colcon_distutils_commands:/home/elizabeth/MREN203_Trover/install/trover_navigation/lib/python3.10/site-packages:${PYTHONPATH} /usr/bin/python3 -W ignore:setup.py install is deprecated -W ignore:easy_install command is deprecated setup.py egg_info --egg-base ../../build/trover_navigation build --build-base /home/elizabeth/MREN203_Trover/build/trover_navigation/build install --record /home/elizabeth/MREN203_Trover/build/trover_navigation/install.log --single-version-externally-managed install_data
[3.657s] Level 1:colcon.colcon_core.environment:checking '/home/elizabeth/MREN203_Trover/install/trover_navigation' for CMake config files
[3.659s] Level 1:colcon.colcon_core.environment:checking '/home/elizabeth/MREN203_Trover/install/trover_navigation/lib'
[3.659s] Level 1:colcon.colcon_core.environment:checking '/home/elizabeth/MREN203_Trover/install/trover_navigation/bin'
[3.659s] Level 1:colcon.colcon_core.environment:checking '/home/elizabeth/MREN203_Trover/install/trover_navigation/lib/pkgconfig/trover_navigation.pc'
[3.660s] Level 1:colcon.colcon_core.environment:checking '/home/elizabeth/MREN203_Trover/install/trover_navigation/lib/python3.10/site-packages'
[3.660s] Level 1:colcon.colcon_core.shell:create_environment_hook('trover_navigation', 'pythonpath')
[3.660s] INFO:colcon.colcon_core.shell:Creating environment hook '/home/elizabeth/MREN203_Trover/install/trover_navigation/share/trover_navigation/hook/pythonpath.ps1'
[3.661s] INFO:colcon.colcon_core.shell:Creating environment descriptor '/home/elizabeth/MREN203_Trover/install/trover_navigation/share/trover_navigation/hook/pythonpath.dsv'
[3.669s] INFO:colcon.colcon_core.shell:Creating environment hook '/home/elizabeth/MREN203_Trover/install/trover_navigation/share/trover_navigation/hook/pythonpath.sh'
[3.675s] Level 1:colcon.colcon_core.environment:checking '/home/elizabeth/MREN203_Trover/install/trover_navigation/bin'
[3.679s] Level 1:colcon.colcon_core.environment:create_environment_scripts_only(trover_navigation)
[3.681s] INFO:colcon.colcon_core.shell:Creating package script '/home/elizabeth/MREN203_Trover/install/trover_navigation/share/trover_navigation/package.ps1'
[3.682s] INFO:colcon.colcon_core.shell:Creating package descriptor '/home/elizabeth/MREN203_Trover/install/trover_navigation/share/trover_navigation/package.dsv'
[3.704s] INFO:colcon.colcon_core.shell:Creating package script '/home/elizabeth/MREN203_Trover/install/trover_navigation/share/trover_navigation/package.sh'
[3.708s] INFO:colcon.colcon_core.shell:Creating package script '/home/elizabeth/MREN203_Trover/install/trover_navigation/share/trover_navigation/package.bash'
[3.716s] INFO:colcon.colcon_core.shell:Creating package script '/home/elizabeth/MREN203_Trover/install/trover_navigation/share/trover_navigation/package.zsh'
[3.724s] Level 1:colcon.colcon_core.environment:create_file_with_runtime_dependencies(/home/elizabeth/MREN203_Trover/install/trover_navigation/share/colcon-core/packages/trover_navigation)
[3.735s] INFO:colcon.colcon_ros.task.ament_python.build:Building ROS package in '/home/elizabeth/MREN203_Trover/src/trover_state_estimation' with build type 'ament_python'
[3.736s] Level 1:colcon.colcon_core.shell:create_environment_hook('trover_state_estimation', 'ament_prefix_path')
[3.736s] INFO:colcon.colcon_core.shell:Creating environment hook '/home/elizabeth/MREN203_Trover/install/trover_state_estimation/share/trover_state_estimation/hook/ament_prefix_path.ps1'
[3.738s] INFO:colcon.colcon_core.shell:Creating environment descriptor '/home/elizabeth/MREN203_Trover/install/trover_state_estimation/share/trover_state_estimation/hook/ament_prefix_path.dsv'
[3.743s] INFO:colcon.colcon_core.shell:Creating environment hook '/home/elizabeth/MREN203_Trover/install/trover_state_estimation/share/trover_state_estimation/hook/ament_prefix_path.sh'
[3.748s] INFO:colcon.colcon_core.shell:Skip shell extension 'powershell' for command environment: Not usable outside of PowerShell
[3.748s] DEBUG:colcon.colcon_core.shell:Skip shell extension 'dsv' for command environment
[4.308s] INFO:colcon.colcon_core.task.python.build:Building Python package in '/home/elizabeth/MREN203_Trover/src/trover_state_estimation'
[4.311s] INFO:colcon.colcon_core.shell:Skip shell extension 'powershell' for command environment: Not usable outside of PowerShell
[4.311s] DEBUG:colcon.colcon_core.shell:Skip shell extension 'dsv' for command environment
[4.366s] DEBUG:colcon.colcon_core.event_handler.log_command:Invoking command in '/home/elizabeth/MREN203_Trover/src/trover_slam': PYTHONPATH=/home/elizabeth/MREN203_Trover/build/trover_slam/prefix_override:/usr/lib/python3/dist-packages/colcon_core/task/python/colcon_distutils_commands:/home/elizabeth/MREN203_Trover/install/trover_slam/lib/python3.10/site-packages:${PYTHONPATH} /usr/bin/python3 -W ignore:setup.py install is deprecated -W ignore:easy_install command is deprecated setup.py egg_info --egg-base ../../build/trover_slam build --build-base /home/elizabeth/MREN203_Trover/build/trover_slam/build install --record /home/elizabeth/MREN203_Trover/build/trover_slam/install.log --single-version-externally-managed install_data
[5.209s] Level 1:colcon.colcon_core.environment:checking '/home/elizabeth/MREN203_Trover/install/trover_slam' for CMake module files
[5.210s] Level 1:colcon.colcon_core.environment:checking '/home/elizabeth/MREN203_Trover/install/trover_slam' for CMake config files
[5.211s] Level 1:colcon.colcon_core.environment:checking '/home/elizabeth/MREN203_Trover/install/trover_slam/lib'
[5.212s] Level 1:colcon.colcon_core.environment:checking '/home/elizabeth/MREN203_Trover/install/trover_slam/bin'
[5.212s] Level 1:colcon.colcon_core.environment:checking '/home/elizabeth/MREN203_Trover/install/trover_slam/lib/pkgconfig/trover_slam.pc'
[5.212s] Level 1:colcon.colcon_core.environment:checking '/home/elizabeth/MREN203_Trover/install/trover_slam/lib/python3.10/site-packages'
[5.212s] Level 1:colcon.colcon_core.shell:create_environment_hook('trover_slam', 'pythonpath')
[5.213s] INFO:colcon.colcon_core.shell:Creating environment hook '/home/elizabeth/MREN203_Trover/install/trover_slam/share/trover_slam/hook/pythonpath.ps1'
[5.214s] INFO:colcon.colcon_core.shell:Creating environment descriptor '/home/elizabeth/MREN203_Trover/install/trover_slam/share/trover_slam/hook/pythonpath.dsv'
[5.226s] INFO:colcon.colcon_core.shell:Creating environment hook '/home/elizabeth/MREN203_Trover/install/trover_slam/share/trover_slam/hook/pythonpath.sh'
[5.232s] DEBUG:colcon.colcon_core.event_handler.log_command:Invoked command in '/home/elizabeth/MREN203_Trover/src/trover_slam' returned '0': PYTHONPATH=/home/elizabeth/MREN203_Trover/build/trover_slam/prefix_override:/usr/lib/python3/dist-packages/colcon_core/task/python/colcon_distutils_commands:/home/elizabeth/MREN203_Trover/install/trover_slam/lib/python3.10/site-packages:${PYTHONPATH} /usr/bin/python3 -W ignore:setup.py install is deprecated -W ignore:easy_install command is deprecated setup.py egg_info --egg-base ../../build/trover_slam build --build-base /home/elizabeth/MREN203_Trover/build/trover_slam/build install --record /home/elizabeth/MREN203_Trover/build/trover_slam/install.log --single-version-externally-managed install_data
[5.241s] Level 1:colcon.colcon_core.environment:checking '/home/elizabeth/MREN203_Trover/install/trover_slam/bin'
[5.244s] Level 1:colcon.colcon_core.environment:create_environment_scripts_only(trover_slam)
[5.245s] INFO:colcon.colcon_core.shell:Creating package script '/home/elizabeth/MREN203_Trover/install/trover_slam/share/trover_slam/package.ps1'
[5.246s] INFO:colcon.colcon_core.shell:Creating package descriptor '/home/elizabeth/MREN203_Trover/install/trover_slam/share/trover_slam/package.dsv'
[5.250s] INFO:colcon.colcon_core.shell:Creating package script '/home/elizabeth/MREN203_Trover/install/trover_slam/share/trover_slam/package.sh'
[5.257s] INFO:colcon.colcon_core.shell:Creating package script '/home/elizabeth/MREN203_Trover/install/trover_slam/share/trover_slam/package.bash'
[5.266s] INFO:colcon.colcon_core.shell:Creating package script '/home/elizabeth/MREN203_Trover/install/trover_slam/share/trover_slam/package.zsh'
[5.272s] Level 1:colcon.colcon_core.environment:create_file_with_runtime_dependencies(/home/elizabeth/MREN203_Trover/install/trover_slam/share/colcon-core/packages/trover_slam)
[5.283s] INFO:colcon.colcon_ros.task.ament_python.build:Building ROS package in '/home/elizabeth/MREN203_Trover/src/trover_communication' with build type 'ament_python'
[5.283s] Level 1:colcon.colcon_core.shell:create_environment_hook('trover_communication', 'ament_prefix_path')
[5.284s] INFO:colcon.colcon_core.shell:Creating environment hook '/home/elizabeth/MREN203_Trover/install/trover_communication/share/trover_communication/hook/ament_prefix_path.ps1'
[5.286s] INFO:colcon.colcon_core.shell:Creating environment descriptor '/home/elizabeth/MREN203_Trover/install/trover_communication/share/trover_communication/hook/ament_prefix_path.dsv'
[5.288s] INFO:colcon.colcon_core.shell:Creating environment hook '/home/elizabeth/MREN203_Trover/install/trover_communication/share/trover_communication/hook/ament_prefix_path.sh'
[5.302s] INFO:colcon.colcon_core.shell:Skip shell extension 'powershell' for command environment: Not usable outside of PowerShell
[5.303s] DEBUG:colcon.colcon_core.shell:Skip shell extension 'dsv' for command environment
[5.850s] INFO:colcon.colcon_core.task.python.build:Building Python package in '/home/elizabeth/MREN203_Trover/src/trover_communication'
[5.851s] INFO:colcon.colcon_core.shell:Skip shell extension 'powershell' for command environment: Not usable outside of PowerShell
[5.851s] DEBUG:colcon.colcon_core.shell:Skip shell extension 'dsv' for command environment
[5.904s] DEBUG:colcon.colcon_core.event_handler.log_command:Invoking command in '/home/elizabeth/MREN203_Trover/src/trover_state_estimation': PYTHONPATH=/home/elizabeth/MREN203_Trover/build/trover_state_estimation/prefix_override:/usr/lib/python3/dist-packages/colcon_core/task/python/colcon_distutils_commands:/home/elizabeth/MREN203_Trover/install/trover_state_estimation/lib/python3.10/site-packages:${PYTHONPATH} /usr/bin/python3 -W ignore:setup.py install is deprecated -W ignore:easy_install command is deprecated setup.py egg_info --egg-base ../../build/trover_state_estimation build --build-base /home/elizabeth/MREN203_Trover/build/trover_state_estimation/build install --record /home/elizabeth/MREN203_Trover/build/trover_state_estimation/install.log --single-version-externally-managed install_data
[6.656s] Level 1:colcon.colcon_core.environment:checking '/home/elizabeth/MREN203_Trover/install/trover_state_estimation' for CMake module files
[6.657s] Level 1:colcon.colcon_core.environment:checking '/home/elizabeth/MREN203_Trover/install/trover_state_estimation' for CMake config files
[6.658s] Level 1:colcon.colcon_core.environment:checking '/home/elizabeth/MREN203_Trover/install/trover_state_estimation/lib'
[6.658s] Level 1:colcon.colcon_core.environment:checking '/home/elizabeth/MREN203_Trover/install/trover_state_estimation/bin'
[6.658s] Level 1:colcon.colcon_core.environment:checking '/home/elizabeth/MREN203_Trover/install/trover_state_estimation/lib/pkgconfig/trover_state_estimation.pc'
[6.658s] Level 1:colcon.colcon_core.environment:checking '/home/elizabeth/MREN203_Trover/install/trover_state_estimation/lib/python3.10/site-packages'
[6.658s] Level 1:colcon.colcon_core.shell:create_environment_hook('trover_state_estimation', 'pythonpath')
[6.659s] INFO:colcon.colcon_core.shell:Creating environment hook '/home/elizabeth/MREN203_Trover/install/trover_state_estimation/share/trover_state_estimation/hook/pythonpath.ps1'
[6.668s] DEBUG:colcon.colcon_core.event_handler.log_command:Invoked command in '/home/elizabeth/MREN203_Trover/src/trover_state_estimation' returned '0': PYTHONPATH=/home/elizabeth/MREN203_Trover/build/trover_state_estimation/prefix_override:/usr/lib/python3/dist-packages/colcon_core/task/python/colcon_distutils_commands:/home/elizabeth/MREN203_Trover/install/trover_state_estimation/lib/python3.10/site-packages:${PYTHONPATH} /usr/bin/python3 -W ignore:setup.py install is deprecated -W ignore:easy_install command is deprecated setup.py egg_info --egg-base ../../build/trover_state_estimation build --build-base /home/elizabeth/MREN203_Trover/build/trover_state_estimation/build install --record /home/elizabeth/MREN203_Trover/build/trover_state_estimation/install.log --single-version-externally-managed install_data
[6.669s] INFO:colcon.colcon_core.shell:Creating environment descriptor '/home/elizabeth/MREN203_Trover/install/trover_state_estimation/share/trover_state_estimation/hook/pythonpath.dsv'
[6.672s] INFO:colcon.colcon_core.shell:Creating environment hook '/home/elizabeth/MREN203_Trover/install/trover_state_estimation/share/trover_state_estimation/hook/pythonpath.sh'
[6.685s] Level 1:colcon.colcon_core.environment:checking '/home/elizabeth/MREN203_Trover/install/trover_state_estimation/bin'
[6.689s] Level 1:colcon.colcon_core.environment:create_environment_scripts_only(trover_state_estimation)
[6.690s] INFO:colcon.colcon_core.shell:Creating package script '/home/elizabeth/MREN203_Trover/install/trover_state_estimation/share/trover_state_estimation/package.ps1'
[6.694s] INFO:colcon.colcon_core.shell:Creating package descriptor '/home/elizabeth/MREN203_Trover/install/trover_state_estimation/share/trover_state_estimation/package.dsv'
[6.700s] INFO:colcon.colcon_core.shell:Creating package script '/home/elizabeth/MREN203_Trover/install/trover_state_estimation/share/trover_state_estimation/package.sh'
[6.705s] INFO:colcon.colcon_core.shell:Creating package script '/home/elizabeth/MREN203_Trover/install/trover_state_estimation/share/trover_state_estimation/package.bash'
[6.709s] INFO:colcon.colcon_core.shell:Creating package script '/home/elizabeth/MREN203_Trover/install/trover_state_estimation/share/trover_state_estimation/package.zsh'
[6.712s] Level 1:colcon.colcon_core.environment:create_file_with_runtime_dependencies(/home/elizabeth/MREN203_Trover/install/trover_state_estimation/share/colcon-core/packages/trover_state_estimation)
[6.718s] INFO:colcon.colcon_ros.task.ament_cmake.build:Building ROS package in '/home/elizabeth/MREN203_Trover/src/trover_drivers' with build type 'ament_cmake'
[6.718s] INFO:colcon.colcon_cmake.task.cmake.build:Building CMake package in '/home/elizabeth/MREN203_Trover/src/trover_drivers'
[6.718s] INFO:colcon.colcon_core.shell:Skip shell extension 'powershell' for command environment: Not usable outside of PowerShell
[6.719s] DEBUG:colcon.colcon_core.shell:Skip shell extension 'dsv' for command environment
[6.772s] DEBUG:colcon.colcon_core.event_handler.log_command:Invoking command in '/home/elizabeth/MREN203_Trover/build/trover_drivers': CMAKE_PREFIX_PATH=${CMAKE_PREFIX_PATH}:/home/elizabeth/MREN203_Trover/install/trover_state_estimation:/home/elizabeth/MREN203_Trover/install/trover_slam:/home/elizabeth/MREN203_Trover/install/trover_navigation:/home/elizabeth/MREN203_Trover/install/trover_communication:/opt/ros/humble /usr/bin/cmake --build /home/elizabeth/MREN203_Trover/build/trover_drivers -- -j2 -l2
[6.826s] DEBUG:colcon.colcon_core.event_handler.log_command:Invoking command in '/home/elizabeth/MREN203_Trover/src/trover_communication': PYTHONPATH=/home/elizabeth/MREN203_Trover/build/trover_communication/prefix_override:/usr/lib/python3/dist-packages/colcon_core/task/python/colcon_distutils_commands:/home/elizabeth/MREN203_Trover/install/trover_communication/lib/python3.10/site-packages:${PYTHONPATH} /usr/bin/python3 -W ignore:setup.py install is deprecated -W ignore:easy_install command is deprecated setup.py egg_info --egg-base ../../build/trover_communication build --build-base /home/elizabeth/MREN203_Trover/build/trover_communication/build install --record /home/elizabeth/MREN203_Trover/build/trover_communication/install.log --single-version-externally-managed install_data
[6.944s] DEBUG:colcon.colcon_core.event_handler.log_command:Invoked command in '/home/elizabeth/MREN203_Trover/build/trover_drivers' returned '0': CMAKE_PREFIX_PATH=${CMAKE_PREFIX_PATH}:/home/elizabeth/MREN203_Trover/install/trover_state_estimation:/home/elizabeth/MREN203_Trover/install/trover_slam:/home/elizabeth/MREN203_Trover/install/trover_navigation:/home/elizabeth/MREN203_Trover/install/trover_communication:/opt/ros/humble /usr/bin/cmake --build /home/elizabeth/MREN203_Trover/build/trover_drivers -- -j2 -l2
[6.959s] DEBUG:colcon.colcon_core.event_handler.log_command:Invoking command in '/home/elizabeth/MREN203_Trover/build/trover_drivers': CMAKE_PREFIX_PATH=${CMAKE_PREFIX_PATH}:/home/elizabeth/MREN203_Trover/install/trover_state_estimation:/home/elizabeth/MREN203_Trover/install/trover_slam:/home/elizabeth/MREN203_Trover/install/trover_navigation:/home/elizabeth/MREN203_Trover/install/trover_communication:/opt/ros/humble /usr/bin/cmake --install /home/elizabeth/MREN203_Trover/build/trover_drivers
[7.001s] Level 1:colcon.colcon_core.environment:create_environment_scripts_only(trover_drivers)
[7.001s] Level 1:colcon.colcon_core.environment:checking '/home/elizabeth/MREN203_Trover/install/trover_drivers' for CMake module files
[7.002s] Level 1:colcon.colcon_core.environment:checking '/home/elizabeth/MREN203_Trover/install/trover_drivers' for CMake config files
[7.002s] Level 1:colcon.colcon_core.shell:create_environment_hook('trover_drivers', 'cmake_prefix_path')
[7.003s] INFO:colcon.colcon_core.shell:Creating environment hook '/home/elizabeth/MREN203_Trover/install/trover_drivers/share/trover_drivers/hook/cmake_prefix_path.ps1'
[7.004s] INFO:colcon.colcon_core.shell:Creating environment descriptor '/home/elizabeth/MREN203_Trover/install/trover_drivers/share/trover_drivers/hook/cmake_prefix_path.dsv'
[7.009s] DEBUG:colcon.colcon_core.event_handler.log_command:Invoked command in '/home/elizabeth/MREN203_Trover/build/trover_drivers' returned '0': CMAKE_PREFIX_PATH=${CMAKE_PREFIX_PATH}:/home/elizabeth/MREN203_Trover/install/trover_state_estimation:/home/elizabeth/MREN203_Trover/install/trover_slam:/home/elizabeth/MREN203_Trover/install/trover_navigation:/home/elizabeth/MREN203_Trover/install/trover_communication:/opt/ros/humble /usr/bin/cmake --install /home/elizabeth/MREN203_Trover/build/trover_drivers
[7.011s] INFO:colcon.colcon_core.shell:Creating environment hook '/home/elizabeth/MREN203_Trover/install/trover_drivers/share/trover_drivers/hook/cmake_prefix_path.sh'
[7.013s] Level 1:colcon.colcon_core.environment:checking '/home/elizabeth/MREN203_Trover/install/trover_drivers/bin'
[7.014s] Level 1:colcon.colcon_core.environment:checking '/home/elizabeth/MREN203_Trover/install/trover_drivers/lib/pkgconfig/trover_drivers.pc'
[7.014s] Level 1:colcon.colcon_core.environment:checking '/home/elizabeth/MREN203_Trover/install/trover_drivers/lib/python3.10/site-packages'
[7.015s] Level 1:colcon.colcon_core.environment:checking '/home/elizabeth/MREN203_Trover/install/trover_drivers/bin'
[7.015s] INFO:colcon.colcon_core.shell:Creating package script '/home/elizabeth/MREN203_Trover/install/trover_drivers/share/trover_drivers/package.ps1'
[7.021s] INFO:colcon.colcon_core.shell:Creating package descriptor '/home/elizabeth/MREN203_Trover/install/trover_drivers/share/trover_drivers/package.dsv'
[7.030s] INFO:colcon.colcon_core.shell:Creating package script '/home/elizabeth/MREN203_Trover/install/trover_drivers/share/trover_drivers/package.sh'
[7.032s] INFO:colcon.colcon_core.shell:Creating package script '/home/elizabeth/MREN203_Trover/install/trover_drivers/share/trover_drivers/package.bash'
[7.035s] INFO:colcon.colcon_core.shell:Creating package script '/home/elizabeth/MREN203_Trover/install/trover_drivers/share/trover_drivers/package.zsh'
[7.037s] Level 1:colcon.colcon_core.environment:create_file_with_runtime_dependencies(/home/elizabeth/MREN203_Trover/install/trover_drivers/share/colcon-core/packages/trover_drivers)
[7.039s] Level 1:colcon.colcon_core.environment:create_environment_scripts_only(trover_drivers)
[7.040s] Level 1:colcon.colcon_core.environment:checking '/home/elizabeth/MREN203_Trover/install/trover_drivers' for CMake module files
[7.040s] Level 1:colcon.colcon_core.environment:checking '/home/elizabeth/MREN203_Trover/install/trover_drivers' for CMake config files
[7.041s] Level 1:colcon.colcon_core.shell:create_environment_hook('trover_drivers', 'cmake_prefix_path')
[7.041s] INFO:colcon.colcon_core.shell:Creating environment hook '/home/elizabeth/MREN203_Trover/install/trover_drivers/share/trover_drivers/hook/cmake_prefix_path.ps1'
[7.042s] INFO:colcon.colcon_core.shell:Creating environment descriptor '/home/elizabeth/MREN203_Trover/install/trover_drivers/share/trover_drivers/hook/cmake_prefix_path.dsv'
[7.044s] INFO:colcon.colcon_core.shell:Creating environment hook '/home/elizabeth/MREN203_Trover/install/trover_drivers/share/trover_drivers/hook/cmake_prefix_path.sh'
[7.047s] Level 1:colcon.colcon_core.environment:checking '/home/elizabeth/MREN203_Trover/install/trover_drivers/bin'
[7.048s] Level 1:colcon.colcon_core.environment:checking '/home/elizabeth/MREN203_Trover/install/trover_drivers/lib/pkgconfig/trover_drivers.pc'
[7.048s] Level 1:colcon.colcon_core.environment:checking '/home/elizabeth/MREN203_Trover/install/trover_drivers/lib/python3.10/site-packages'
[7.049s] Level 1:colcon.colcon_core.environment:checking '/home/elizabeth/MREN203_Trover/install/trover_drivers/bin'
[7.049s] INFO:colcon.colcon_core.shell:Creating package script '/home/elizabeth/MREN203_Trover/install/trover_drivers/share/trover_drivers/package.ps1'
[7.051s] INFO:colcon.colcon_core.shell:Creating package descriptor '/home/elizabeth/MREN203_Trover/install/trover_drivers/share/trover_drivers/package.dsv'
[7.053s] INFO:colcon.colcon_core.shell:Creating package script '/home/elizabeth/MREN203_Trover/install/trover_drivers/share/trover_drivers/package.sh'
[7.055s] INFO:colcon.colcon_core.shell:Creating package script '/home/elizabeth/MREN203_Trover/install/trover_drivers/share/trover_drivers/package.bash'
[7.065s] INFO:colcon.colcon_core.shell:Creating package script '/home/elizabeth/MREN203_Trover/install/trover_drivers/share/trover_drivers/package.zsh'
[7.072s] Level 1:colcon.colcon_core.environment:create_file_with_runtime_dependencies(/home/elizabeth/MREN203_Trover/install/trover_drivers/share/colcon-core/packages/trover_drivers)
[7.073s] INFO:colcon.colcon_ros.task.ament_cmake.build:Building ROS package in '/home/elizabeth/MREN203_Trover/src/trover_bringup' with build type 'ament_cmake'
[7.074s] INFO:colcon.colcon_cmake.task.cmake.build:Building CMake package in '/home/elizabeth/MREN203_Trover/src/trover_bringup'
[7.075s] INFO:colcon.colcon_core.shell:Skip shell extension 'powershell' for command environment: Not usable outside of PowerShell
[7.075s] DEBUG:colcon.colcon_core.shell:Skip shell extension 'dsv' for command environment
[7.156s] DEBUG:colcon.colcon_core.event_handler.log_command:Invoking command in '/home/elizabeth/MREN203_Trover/build/trover_bringup': AMENT_PREFIX_PATH=/home/elizabeth/MREN203_Trover/install/trover_state_estimation:/home/elizabeth/MREN203_Trover/install/trover_slam:/home/elizabeth/MREN203_Trover/install/trover_navigation:/home/elizabeth/MREN203_Trover/install/trover_bringup:/home/elizabeth/MREN203_Trover/install/trover_drivers:/home/elizabeth/MREN203_Trover/install/trover_description:/home/elizabeth/MREN203_Trover/install/trover_communication:/opt/ros/humble CMAKE_PREFIX_PATH=/home/elizabeth/MREN203_Trover/install/trover_description:/home/elizabeth/MREN203_Trover/install/trover_bringup:/home/elizabeth/MREN203_Trover/install/trover_drivers:/home/elizabeth/MREN203_Trover/install/trover_state_estimation:/home/elizabeth/MREN203_Trover/install/trover_slam:/home/elizabeth/MREN203_Trover/install/trover_navigation:/home/elizabeth/MREN203_Trover/install/trover_communication:/opt/ros/humble /usr/bin/cmake --build /home/elizabeth/MREN203_Trover/build/trover_bringup -- -j2 -l2
[7.527s] DEBUG:colcon.colcon_core.event_handler.log_command:Invoked command in '/home/elizabeth/MREN203_Trover/build/trover_bringup' returned '0': AMENT_PREFIX_PATH=/home/elizabeth/MREN203_Trover/install/trover_state_estimation:/home/elizabeth/MREN203_Trover/install/trover_slam:/home/elizabeth/MREN203_Trover/install/trover_navigation:/home/elizabeth/MREN203_Trover/install/trover_bringup:/home/elizabeth/MREN203_Trover/install/trover_drivers:/home/elizabeth/MREN203_Trover/install/trover_description:/home/elizabeth/MREN203_Trover/install/trover_communication:/opt/ros/humble CMAKE_PREFIX_PATH=/home/elizabeth/MREN203_Trover/install/trover_description:/home/elizabeth/MREN203_Trover/install/trover_bringup:/home/elizabeth/MREN203_Trover/install/trover_drivers:/home/elizabeth/MREN203_Trover/install/trover_state_estimation:/home/elizabeth/MREN203_Trover/install/trover_slam:/home/elizabeth/MREN203_Trover/install/trover_navigation:/home/elizabeth/MREN203_Trover/install/trover_communication:/opt/ros/humble /usr/bin/cmake --build /home/elizabeth/MREN203_Trover/build/trover_bringup -- -j2 -l2
[7.574s] DEBUG:colcon.colcon_core.event_handler.log_command:Invoking command in '/home/elizabeth/MREN203_Trover/build/trover_bringup': AMENT_PREFIX_PATH=/home/elizabeth/MREN203_Trover/install/trover_state_estimation:/home/elizabeth/MREN203_Trover/install/trover_slam:/home/elizabeth/MREN203_Trover/install/trover_navigation:/home/elizabeth/MREN203_Trover/install/trover_bringup:/home/elizabeth/MREN203_Trover/install/trover_drivers:/home/elizabeth/MREN203_Trover/install/trover_description:/home/elizabeth/MREN203_Trover/install/trover_communication:/opt/ros/humble CMAKE_PREFIX_PATH=/home/elizabeth/MREN203_Trover/install/trover_description:/home/elizabeth/MREN203_Trover/install/trover_bringup:/home/elizabeth/MREN203_Trover/install/trover_drivers:/home/elizabeth/MREN203_Trover/install/trover_state_estimation:/home/elizabeth/MREN203_Trover/install/trover_slam:/home/elizabeth/MREN203_Trover/install/trover_navigation:/home/elizabeth/MREN203_Trover/install/trover_communication:/opt/ros/humble /usr/bin/cmake --install /home/elizabeth/MREN203_Trover/build/trover_bringup
[7.632s] Level 1:colcon.colcon_core.environment:create_environment_scripts_only(trover_bringup)
[7.633s] Level 1:colcon.colcon_core.environment:checking '/home/elizabeth/MREN203_Trover/install/trover_bringup' for CMake module files
[7.633s] Level 1:colcon.colcon_core.environment:checking '/home/elizabeth/MREN203_Trover/install/trover_bringup' for CMake config files
[7.633s] Level 1:colcon.colcon_core.shell:create_environment_hook('trover_bringup', 'cmake_prefix_path')
[7.634s] INFO:colcon.colcon_core.shell:Creating environment hook '/home/elizabeth/MREN203_Trover/install/trover_bringup/share/trover_bringup/hook/cmake_prefix_path.ps1'
[7.635s] INFO:colcon.colcon_core.shell:Creating environment descriptor '/home/elizabeth/MREN203_Trover/install/trover_bringup/share/trover_bringup/hook/cmake_prefix_path.dsv'
[7.639s] DEBUG:colcon.colcon_core.event_handler.log_command:Invoked command in '/home/elizabeth/MREN203_Trover/build/trover_bringup' returned '0': AMENT_PREFIX_PATH=/home/elizabeth/MREN203_Trover/install/trover_state_estimation:/home/elizabeth/MREN203_Trover/install/trover_slam:/home/elizabeth/MREN203_Trover/install/trover_navigation:/home/elizabeth/MREN203_Trover/install/trover_bringup:/home/elizabeth/MREN203_Trover/install/trover_drivers:/home/elizabeth/MREN203_Trover/install/trover_description:/home/elizabeth/MREN203_Trover/install/trover_communication:/opt/ros/humble CMAKE_PREFIX_PATH=/home/elizabeth/MREN203_Trover/install/trover_description:/home/elizabeth/MREN203_Trover/install/trover_bringup:/home/elizabeth/MREN203_Trover/install/trover_drivers:/home/elizabeth/MREN203_Trover/install/trover_state_estimation:/home/elizabeth/MREN203_Trover/install/trover_slam:/home/elizabeth/MREN203_Trover/install/trover_navigation:/home/elizabeth/MREN203_Trover/install/trover_communication:/opt/ros/humble /usr/bin/cmake --install /home/elizabeth/MREN203_Trover/build/trover_bringup
[7.640s] INFO:colcon.colcon_core.shell:Creating environment hook '/home/elizabeth/MREN203_Trover/install/trover_bringup/share/trover_bringup/hook/cmake_prefix_path.sh'
[7.649s] Level 1:colcon.colcon_core.environment:checking '/home/elizabeth/MREN203_Trover/install/trover_bringup/bin'
[7.649s] Level 1:colcon.colcon_core.environment:checking '/home/elizabeth/MREN203_Trover/install/trover_bringup/lib/pkgconfig/trover_bringup.pc'
[7.650s] Level 1:colcon.colcon_core.environment:checking '/home/elizabeth/MREN203_Trover/install/trover_bringup/lib/python3.10/site-packages'
[7.652s] Level 1:colcon.colcon_core.environment:checking '/home/elizabeth/MREN203_Trover/install/trover_bringup/bin'
[7.654s] INFO:colcon.colcon_core.shell:Creating package script '/home/elizabeth/MREN203_Trover/install/trover_bringup/share/trover_bringup/package.ps1'
[7.660s] INFO:colcon.colcon_core.shell:Creating package descriptor '/home/elizabeth/MREN203_Trover/install/trover_bringup/share/trover_bringup/package.dsv'
[7.669s] INFO:colcon.colcon_core.shell:Creating package script '/home/elizabeth/MREN203_Trover/install/trover_bringup/share/trover_bringup/package.sh'
[7.675s] INFO:colcon.colcon_core.shell:Creating package script '/home/elizabeth/MREN203_Trover/install/trover_bringup/share/trover_bringup/package.bash'
[7.680s] INFO:colcon.colcon_core.shell:Creating package script '/home/elizabeth/MREN203_Trover/install/trover_bringup/share/trover_bringup/package.zsh'
[7.681s] Level 1:colcon.colcon_core.environment:create_file_with_runtime_dependencies(/home/elizabeth/MREN203_Trover/install/trover_bringup/share/colcon-core/packages/trover_bringup)
[7.684s] Level 1:colcon.colcon_core.environment:create_environment_scripts_only(trover_bringup)
[7.684s] Level 1:colcon.colcon_core.environment:checking '/home/elizabeth/MREN203_Trover/install/trover_bringup' for CMake module files
[7.685s] Level 1:colcon.colcon_core.environment:checking '/home/elizabeth/MREN203_Trover/install/trover_bringup' for CMake config files
[7.685s] Level 1:colcon.colcon_core.shell:create_environment_hook('trover_bringup', 'cmake_prefix_path')
[7.686s] INFO:colcon.colcon_core.shell:Creating environment hook '/home/elizabeth/MREN203_Trover/install/trover_bringup/share/trover_bringup/hook/cmake_prefix_path.ps1'
[7.687s] INFO:colcon.colcon_core.shell:Creating environment descriptor '/home/elizabeth/MREN203_Trover/install/trover_bringup/share/trover_bringup/hook/cmake_prefix_path.dsv'
[7.691s] INFO:colcon.colcon_core.shell:Creating environment hook '/home/elizabeth/MREN203_Trover/install/trover_bringup/share/trover_bringup/hook/cmake_prefix_path.sh'
[7.694s] Level 1:colcon.colcon_core.environment:checking '/home/elizabeth/MREN203_Trover/install/trover_bringup/bin'
[7.694s] Level 1:colcon.colcon_core.environment:checking '/home/elizabeth/MREN203_Trover/install/trover_bringup/lib/pkgconfig/trover_bringup.pc'
[7.695s] Level 1:colcon.colcon_core.environment:checking '/home/elizabeth/MREN203_Trover/install/trover_bringup/lib/python3.10/site-packages'
[7.695s] Level 1:colcon.colcon_core.environment:checking '/home/elizabeth/MREN203_Trover/install/trover_bringup/bin'
[7.696s] INFO:colcon.colcon_core.shell:Creating package script '/home/elizabeth/MREN203_Trover/install/trover_bringup/share/trover_bringup/package.ps1'
[7.697s] INFO:colcon.colcon_core.shell:Creating package descriptor '/home/elizabeth/MREN203_Trover/install/trover_bringup/share/trover_bringup/package.dsv'
[7.699s] INFO:colcon.colcon_core.shell:Creating package script '/home/elizabeth/MREN203_Trover/install/trover_bringup/share/trover_bringup/package.sh'
[7.701s] INFO:colcon.colcon_core.shell:Creating package script '/home/elizabeth/MREN203_Trover/install/trover_bringup/share/trover_bringup/package.bash'
[7.703s] INFO:colcon.colcon_core.shell:Creating package script '/home/elizabeth/MREN203_Trover/install/trover_bringup/share/trover_bringup/package.zsh'
[7.708s] Level 1:colcon.colcon_core.environment:create_file_with_runtime_dependencies(/home/elizabeth/MREN203_Trover/install/trover_bringup/share/colcon-core/packages/trover_bringup)
[7.787s] Level 1:colcon.colcon_core.environment:checking '/home/elizabeth/MREN203_Trover/install/trover_communication' for CMake module files
[7.790s] DEBUG:colcon.colcon_core.event_handler.log_command:Invoked command in '/home/elizabeth/MREN203_Trover/src/trover_communication' returned '0': PYTHONPATH=/home/elizabeth/MREN203_Trover/build/trover_communication/prefix_override:/usr/lib/python3/dist-packages/colcon_core/task/python/colcon_distutils_commands:/home/elizabeth/MREN203_Trover/install/trover_communication/lib/python3.10/site-packages:${PYTHONPATH} /usr/bin/python3 -W ignore:setup.py install is deprecated -W ignore:easy_install command is deprecated setup.py egg_info --egg-base ../../build/trover_communication build --build-base /home/elizabeth/MREN203_Trover/build/trover_communication/build install --record /home/elizabeth/MREN203_Trover/build/trover_communication/install.log --single-version-externally-managed install_data
[7.791s] Level 1:colcon.colcon_core.environment:checking '/home/elizabeth/MREN203_Trover/install/trover_communication' for CMake config files
[7.793s] Level 1:colcon.colcon_core.environment:checking '/home/elizabeth/MREN203_Trover/install/trover_communication/lib'
[7.793s] Level 1:colcon.colcon_core.environment:checking '/home/elizabeth/MREN203_Trover/install/trover_communication/bin'
[7.793s] Level 1:colcon.colcon_core.environment:checking '/home/elizabeth/MREN203_Trover/install/trover_communication/lib/pkgconfig/trover_communication.pc'
[7.794s] Level 1:colcon.colcon_core.environment:checking '/home/elizabeth/MREN203_Trover/install/trover_communication/lib/python3.10/site-packages'
[7.794s] Level 1:colcon.colcon_core.shell:create_environment_hook('trover_communication', 'pythonpath')
[7.794s] INFO:colcon.colcon_core.shell:Creating environment hook '/home/elizabeth/MREN203_Trover/install/trover_communication/share/trover_communication/hook/pythonpath.ps1'
[7.795s] INFO:colcon.colcon_core.shell:Creating environment descriptor '/home/elizabeth/MREN203_Trover/install/trover_communication/share/trover_communication/hook/pythonpath.dsv'
[7.797s] INFO:colcon.colcon_core.shell:Creating environment hook '/home/elizabeth/MREN203_Trover/install/trover_communication/share/trover_communication/hook/pythonpath.sh'
[7.801s] Level 1:colcon.colcon_core.environment:checking '/home/elizabeth/MREN203_Trover/install/trover_communication/bin'
[7.801s] Level 1:colcon.colcon_core.environment:create_environment_scripts_only(trover_communication)
[7.802s] INFO:colcon.colcon_core.shell:Creating package script '/home/elizabeth/MREN203_Trover/install/trover_communication/share/trover_communication/package.ps1'
[7.806s] INFO:colcon.colcon_core.shell:Creating package descriptor '/home/elizabeth/MREN203_Trover/install/trover_communication/share/trover_communication/package.dsv'
[7.809s] INFO:colcon.colcon_core.shell:Creating package script '/home/elizabeth/MREN203_Trover/install/trover_communication/share/trover_communication/package.sh'
[7.810s] INFO:colcon.colcon_core.shell:Creating package script '/home/elizabeth/MREN203_Trover/install/trover_communication/share/trover_communication/package.bash'
[7.813s] INFO:colcon.colcon_core.shell:Creating package script '/home/elizabeth/MREN203_Trover/install/trover_communication/share/trover_communication/package.zsh'
[7.815s] Level 1:colcon.colcon_core.environment:create_file_with_runtime_dependencies(/home/elizabeth/MREN203_Trover/install/trover_communication/share/colcon-core/packages/trover_communication)
[7.817s] DEBUG:colcon.colcon_parallel_executor.executor.parallel:closing loop
[7.819s] DEBUG:colcon.colcon_parallel_executor.executor.parallel:loop closed
[7.819s] DEBUG:colcon.colcon_parallel_executor.executor.parallel:run_until_complete finished with '0'
[7.820s] DEBUG:colcon.colcon_core.event_reactor:joining thread
[7.841s] INFO:colcon.colcon_core.plugin_system:Skipping extension 'colcon_notification.desktop_notification.terminal_notifier': Not used on non-Darwin systems
[7.841s] INFO:colcon.colcon_core.plugin_system:Skipping extension 'colcon_notification.desktop_notification.win32': Not used on non-Windows systems
[7.841s] INFO:colcon.colcon_notification.desktop_notification:Sending desktop notification using 'notify2'
[7.880s] DEBUG:colcon.colcon_core.event_reactor:joined thread
[7.881s] INFO:colcon.colcon_core.shell:Creating prefix script '/home/elizabeth/MREN203_Trover/install/local_setup.ps1'
[7.884s] INFO:colcon.colcon_core.shell:Creating prefix util module '/home/elizabeth/MREN203_Trover/install/_local_setup_util_ps1.py'
[7.896s] INFO:colcon.colcon_core.shell:Creating prefix chain script '/home/elizabeth/MREN203_Trover/install/setup.ps1'
[7.903s] INFO:colcon.colcon_core.shell:Creating prefix script '/home/elizabeth/MREN203_Trover/install/local_setup.sh'
[7.906s] INFO:colcon.colcon_core.shell:Creating prefix util module '/home/elizabeth/MREN203_Trover/install/_local_setup_util_sh.py'
[7.914s] INFO:colcon.colcon_core.shell:Creating prefix chain script '/home/elizabeth/MREN203_Trover/install/setup.sh'
[7.925s] INFO:colcon.colcon_core.shell:Creating prefix script '/home/elizabeth/MREN203_Trover/install/local_setup.bash'
[7.928s] INFO:colcon.colcon_core.shell:Creating prefix chain script '/home/elizabeth/MREN203_Trover/install/setup.bash'
[7.933s] INFO:colcon.colcon_core.shell:Creating prefix script '/home/elizabeth/MREN203_Trover/install/local_setup.zsh'
[7.939s] INFO:colcon.colcon_core.shell:Creating prefix chain script '/home/elizabeth/MREN203_Trover/install/setup.zsh'
