[3.546s] Invoking command in '/home/elizabeth/MREN203_Trover/src/trover_navigation': PYTHONPATH=/home/elizabeth/MREN203_Trover/build/trover_navigation/prefix_override:/usr/lib/python3/dist-packages/colcon_core/task/python/colcon_distutils_commands:/home/elizabeth/MREN203_Trover/install/trover_navigation/lib/python3.10/site-packages:${PYTHONPATH} /usr/bin/python3 -W ignore:setup.py install is deprecated -W ignore:easy_install command is deprecated setup.py egg_info --egg-base ../../build/trover_navigation build --build-base /home/elizabeth/MREN203_Trover/build/trover_navigation/build install --record /home/elizabeth/MREN203_Trover/build/trover_navigation/install.log --single-version-externally-managed install_data
[4.039s] running egg_info
[4.042s] writing ../../build/trover_navigation/trover_navigation.egg-info/PKG-INFO
[4.047s] writing dependency_links to ../../build/trover_navigation/trover_navigation.egg-info/dependency_links.txt
[4.065s] writing entry points to ../../build/trover_navigation/trover_navigation.egg-info/entry_points.txt
[4.065s] writing requirements to ../../build/trover_navigation/trover_navigation.egg-info/requires.txt
[4.078s] writing top-level names to ../../build/trover_navigation/trover_navigation.egg-info/top_level.txt
[4.101s] reading manifest file '../../build/trover_navigation/trover_navigation.egg-info/SOURCES.txt'
[4.130s] writing manifest file '../../build/trover_navigation/trover_navigation.egg-info/SOURCES.txt'
[4.142s] running build
[4.149s] running build_py
[4.171s] running install
[4.171s] running install_lib
[4.171s] running install_data
[4.202s] running install_egg_info
[4.202s] removing '/home/elizabeth/MREN203_Trover/install/trover_navigation/lib/python3.10/site-packages/trover_navigation-0.0.0-py3.10.egg-info' (and everything under it)
[4.202s] Copying ../../build/trover_navigation/trover_navigation.egg-info to /home/elizabeth/MREN203_Trover/install/trover_navigation/lib/python3.10/site-packages/trover_navigation-0.0.0-py3.10.egg-info
[4.202s] running install_scripts
[4.271s] writing list of installed files to '/home/elizabeth/MREN203_Trover/build/trover_navigation/install.log'
[4.390s] Invoked command in '/home/elizabeth/MREN203_Trover/src/trover_navigation' returned '0': PYTHONPATH=/home/elizabeth/MREN203_Trover/build/trover_navigation/prefix_override:/usr/lib/python3/dist-packages/colcon_core/task/python/colcon_distutils_commands:/home/elizabeth/MREN203_Trover/install/trover_navigation/lib/python3.10/site-packages:${PYTHONPATH} /usr/bin/python3 -W ignore:setup.py install is deprecated -W ignore:easy_install command is deprecated setup.py egg_info --egg-base ../../build/trover_navigation build --build-base /home/elizabeth/MREN203_Trover/build/trover_navigation/build install --record /home/elizabeth/MREN203_Trover/build/trover_navigation/install.log --single-version-externally-managed install_data
