[0.635s] DEBUG:colcon:Command line arguments: ['/usr/bin/colcon', 'build']
[0.636s] DEBUG:colcon:Parsed command line arguments: Namespace(log_base=None, log_level=None, verb_name='build', build_base='build', install_base='install', merge_install=False, symlink_install=False, test_result_base=None, continue_on_error=False, executor='parallel', parallel_workers=2, event_handlers=None, ignore_user_meta=False, metas=['./colcon.meta'], base_paths=['.'], packages_ignore=None, packages_ignore_regex=None, paths=None, packages_up_to=None, packages_up_to_regex=None, packages_above=None, packages_above_and_dependencies=None, packages_above_depth=None, packages_select_by_dep=None, packages_skip_by_dep=None, packages_skip_up_to=None, packages_select_build_failed=False, packages_skip_build_finished=False, packages_select_test_failures=False, packages_skip_test_passed=False, packages_select=None, packages_skip=None, packages_select_regex=None, packages_skip_regex=None, packages_start=None, packages_end=None, allow_overriding=[], cmake_args=None, cmake_target=None, cmake_target_skip_unavailable=False, cmake_clean_cache=False, cmake_clean_first=False, cmake_force_configure=False, ament_cmake_args=None, catkin_cmake_args=None, catkin_skip_building_tests=False, verb_parser=<colcon_defaults.argument_parser.defaults.DefaultArgumentsDecorator object at 0x76300f5234f0>, verb_extension=<colcon_core.verb.build.BuildVerb object at 0x76300f522f20>, main=<bound method BuildVerb.main of <colcon_core.verb.build.BuildVerb object at 0x76300f522f20>>)
[1.500s] Level 1:colcon.colcon_core.package_discovery:discover_packages(colcon_meta) check parameters
[1.500s] Level 1:colcon.colcon_core.package_discovery:discover_packages(recursive) check parameters
[1.501s] Level 1:colcon.colcon_core.package_discovery:discover_packages(ignore) check parameters
[1.501s] Level 1:colcon.colcon_core.package_discovery:discover_packages(path) check parameters
[1.501s] Level 1:colcon.colcon_core.package_discovery:discover_packages(colcon_meta) discover
[1.501s] Level 1:colcon.colcon_core.package_discovery:discover_packages(recursive) discover
[1.501s] INFO:colcon.colcon_core.package_discovery:Crawling recursively for packages in '/home/elizabeth/MREN203_Trover'
[1.501s] Level 1:colcon.colcon_core.package_identification:_identify(.) by extensions ['ignore', 'ignore_ament_install']
[1.501s] Level 1:colcon.colcon_core.package_identification:_identify(.) by extension 'ignore'
[1.501s] Level 1:colcon.colcon_core.package_identification:_identify(.) by extension 'ignore_ament_install'
[1.501s] Level 1:colcon.colcon_core.package_identification:_identify(.) by extensions ['colcon_pkg']
[1.501s] Level 1:colcon.colcon_core.package_identification:_identify(.) by extension 'colcon_pkg'
[1.501s] Level 1:colcon.colcon_core.package_identification:_identify(.) by extensions ['colcon_meta']
[1.501s] Level 1:colcon.colcon_core.package_identification:_identify(.) by extension 'colcon_meta'
[1.501s] Level 1:colcon.colcon_core.package_identification:_identify(.) by extensions ['ros']
[1.502s] Level 1:colcon.colcon_core.package_identification:_identify(.) by extension 'ros'
[1.523s] Level 1:colcon.colcon_core.package_identification:_identify(.) by extensions ['cmake', 'python']
[1.523s] Level 1:colcon.colcon_core.package_identification:_identify(.) by extension 'cmake'
[1.523s] Level 1:colcon.colcon_core.package_identification:_identify(.) by extension 'python'
[1.523s] Level 1:colcon.colcon_core.package_identification:_identify(.) by extensions ['python_setup_py']
[1.523s] Level 1:colcon.colcon_core.package_identification:_identify(.) by extension 'python_setup_py'
[1.523s] Level 1:colcon.colcon_core.package_identification:_identify(MREN203_week4activities) by extensions ['ignore', 'ignore_ament_install']
[1.523s] Level 1:colcon.colcon_core.package_identification:_identify(MREN203_week4activities) by extension 'ignore'
[1.524s] Level 1:colcon.colcon_core.package_identification:_identify(MREN203_week4activities) by extension 'ignore_ament_install'
[1.524s] Level 1:colcon.colcon_core.package_identification:_identify(MREN203_week4activities) by extensions ['colcon_pkg']
[1.524s] Level 1:colcon.colcon_core.package_identification:_identify(MREN203_week4activities) by extension 'colcon_pkg'
[1.524s] Level 1:colcon.colcon_core.package_identification:_identify(MREN203_week4activities) by extensions ['colcon_meta']
[1.524s] Level 1:colcon.colcon_core.package_identification:_identify(MREN203_week4activities) by extension 'colcon_meta'
[1.524s] Level 1:colcon.colcon_core.package_identification:_identify(MREN203_week4activities) by extensions ['ros']
[1.524s] Level 1:colcon.colcon_core.package_identification:_identify(MREN203_week4activities) by extension 'ros'
[1.524s] Level 1:colcon.colcon_core.package_identification:_identify(MREN203_week4activities) by extensions ['cmake', 'python']
[1.524s] Level 1:colcon.colcon_core.package_identification:_identify(MREN203_week4activities) by extension 'cmake'
[1.524s] Level 1:colcon.colcon_core.package_identification:_identify(MREN203_week4activities) by extension 'python'
[1.524s] Level 1:colcon.colcon_core.package_identification:_identify(MREN203_week4activities) by extensions ['python_setup_py']
[1.524s] Level 1:colcon.colcon_core.package_identification:_identify(MREN203_week4activities) by extension 'python_setup_py'
[1.525s] Level 1:colcon.colcon_core.package_identification:_identify(MREN203_week4activities/trover_controls) by extensions ['ignore', 'ignore_ament_install']
[1.525s] Level 1:colcon.colcon_core.package_identification:_identify(MREN203_week4activities/trover_controls) by extension 'ignore'
[1.525s] Level 1:colcon.colcon_core.package_identification:_identify(MREN203_week4activities/trover_controls) by extension 'ignore_ament_install'
[1.525s] Level 1:colcon.colcon_core.package_identification:_identify(MREN203_week4activities/trover_controls) by extensions ['colcon_pkg']
[1.525s] Level 1:colcon.colcon_core.package_identification:_identify(MREN203_week4activities/trover_controls) by extension 'colcon_pkg'
[1.525s] Level 1:colcon.colcon_core.package_identification:_identify(MREN203_week4activities/trover_controls) by extensions ['colcon_meta']
[1.525s] Level 1:colcon.colcon_core.package_identification:_identify(MREN203_week4activities/trover_controls) by extension 'colcon_meta'
[1.525s] Level 1:colcon.colcon_core.package_identification:_identify(MREN203_week4activities/trover_controls) by extensions ['ros']
[1.525s] Level 1:colcon.colcon_core.package_identification:_identify(MREN203_week4activities/trover_controls) by extension 'ros'
[1.525s] Level 1:colcon.colcon_core.package_identification:_identify(MREN203_week4activities/trover_controls) by extensions ['cmake', 'python']
[1.525s] Level 1:colcon.colcon_core.package_identification:_identify(MREN203_week4activities/trover_controls) by extension 'cmake'
[1.525s] Level 1:colcon.colcon_core.package_identification:_identify(MREN203_week4activities/trover_controls) by extension 'python'
[1.525s] Level 1:colcon.colcon_core.package_identification:_identify(MREN203_week4activities/trover_controls) by extensions ['python_setup_py']
[1.525s] Level 1:colcon.colcon_core.package_identification:_identify(MREN203_week4activities/trover_controls) by extension 'python_setup_py'
[1.526s] Level 1:colcon.colcon_core.package_identification:_identify(MREN203_week4activities/trover_controls/include) by extensions ['ignore', 'ignore_ament_install']
[1.526s] Level 1:colcon.colcon_core.package_identification:_identify(MREN203_week4activities/trover_controls/include) by extension 'ignore'
[1.526s] Level 1:colcon.colcon_core.package_identification:_identify(MREN203_week4activities/trover_controls/include) by extension 'ignore_ament_install'
[1.526s] Level 1:colcon.colcon_core.package_identification:_identify(MREN203_week4activities/trover_controls/include) by extensions ['colcon_pkg']
[1.526s] Level 1:colcon.colcon_core.package_identification:_identify(MREN203_week4activities/trover_controls/include) by extension 'colcon_pkg'
[1.526s] Level 1:colcon.colcon_core.package_identification:_identify(MREN203_week4activities/trover_controls/include) by extensions ['colcon_meta']
[1.526s] Level 1:colcon.colcon_core.package_identification:_identify(MREN203_week4activities/trover_controls/include) by extension 'colcon_meta'
[1.526s] Level 1:colcon.colcon_core.package_identification:_identify(MREN203_week4activities/trover_controls/include) by extensions ['ros']
[1.526s] Level 1:colcon.colcon_core.package_identification:_identify(MREN203_week4activities/trover_controls/include) by extension 'ros'
[1.526s] Level 1:colcon.colcon_core.package_identification:_identify(MREN203_week4activities/trover_controls/include) by extensions ['cmake', 'python']
[1.526s] Level 1:colcon.colcon_core.package_identification:_identify(MREN203_week4activities/trover_controls/include) by extension 'cmake'
[1.526s] Level 1:colcon.colcon_core.package_identification:_identify(MREN203_week4activities/trover_controls/include) by extension 'python'
[1.526s] Level 1:colcon.colcon_core.package_identification:_identify(MREN203_week4activities/trover_controls/include) by extensions ['python_setup_py']
[1.527s] Level 1:colcon.colcon_core.package_identification:_identify(MREN203_week4activities/trover_controls/include) by extension 'python_setup_py'
[1.527s] Level 1:colcon.colcon_core.package_identification:_identify(MREN203_week4activities/trover_controls/src) by extensions ['ignore', 'ignore_ament_install']
[1.527s] Level 1:colcon.colcon_core.package_identification:_identify(MREN203_week4activities/trover_controls/src) by extension 'ignore'
[1.527s] Level 1:colcon.colcon_core.package_identification:_identify(MREN203_week4activities/trover_controls/src) by extension 'ignore_ament_install'
[1.527s] Level 1:colcon.colcon_core.package_identification:_identify(MREN203_week4activities/trover_controls/src) by extensions ['colcon_pkg']
[1.527s] Level 1:colcon.colcon_core.package_identification:_identify(MREN203_week4activities/trover_controls/src) by extension 'colcon_pkg'
[1.527s] Level 1:colcon.colcon_core.package_identification:_identify(MREN203_week4activities/trover_controls/src) by extensions ['colcon_meta']
[1.527s] Level 1:colcon.colcon_core.package_identification:_identify(MREN203_week4activities/trover_controls/src) by extension 'colcon_meta'
[1.527s] Level 1:colcon.colcon_core.package_identification:_identify(MREN203_week4activities/trover_controls/src) by extensions ['ros']
[1.527s] Level 1:colcon.colcon_core.package_identification:_identify(MREN203_week4activities/trover_controls/src) by extension 'ros'
[1.527s] Level 1:colcon.colcon_core.package_identification:_identify(MREN203_week4activities/trover_controls/src) by extensions ['cmake', 'python']
[1.527s] Level 1:colcon.colcon_core.package_identification:_identify(MREN203_week4activities/trover_controls/src) by extension 'cmake'
[1.527s] Level 1:colcon.colcon_core.package_identification:_identify(MREN203_week4activities/trover_controls/src) by extension 'python'
[1.528s] Level 1:colcon.colcon_core.package_identification:_identify(MREN203_week4activities/trover_controls/src) by extensions ['python_setup_py']
[1.528s] Level 1:colcon.colcon_core.package_identification:_identify(MREN203_week4activities/trover_controls/src) by extension 'python_setup_py'
[1.528s] Level 1:colcon.colcon_core.package_identification:_identify(MREN203_week4activities/trover_controls/test) by extensions ['ignore', 'ignore_ament_install']
[1.528s] Level 1:colcon.colcon_core.package_identification:_identify(MREN203_week4activities/trover_controls/test) by extension 'ignore'
[1.528s] Level 1:colcon.colcon_core.package_identification:_identify(MREN203_week4activities/trover_controls/test) by extension 'ignore_ament_install'
[1.528s] Level 1:colcon.colcon_core.package_identification:_identify(MREN203_week4activities/trover_controls/test) by extensions ['colcon_pkg']
[1.528s] Level 1:colcon.colcon_core.package_identification:_identify(MREN203_week4activities/trover_controls/test) by extension 'colcon_pkg'
[1.528s] Level 1:colcon.colcon_core.package_identification:_identify(MREN203_week4activities/trover_controls/test) by extensions ['colcon_meta']
[1.528s] Level 1:colcon.colcon_core.package_identification:_identify(MREN203_week4activities/trover_controls/test) by extension 'colcon_meta'
[1.528s] Level 1:colcon.colcon_core.package_identification:_identify(MREN203_week4activities/trover_controls/test) by extensions ['ros']
[1.528s] Level 1:colcon.colcon_core.package_identification:_identify(MREN203_week4activities/trover_controls/test) by extension 'ros'
[1.528s] Level 1:colcon.colcon_core.package_identification:_identify(MREN203_week4activities/trover_controls/test) by extensions ['cmake', 'python']
[1.529s] Level 1:colcon.colcon_core.package_identification:_identify(MREN203_week4activities/trover_controls/test) by extension 'cmake'
[1.529s] Level 1:colcon.colcon_core.package_identification:_identify(MREN203_week4activities/trover_controls/test) by extension 'python'
[1.529s] Level 1:colcon.colcon_core.package_identification:_identify(MREN203_week4activities/trover_controls/test) by extensions ['python_setup_py']
[1.529s] Level 1:colcon.colcon_core.package_identification:_identify(MREN203_week4activities/trover_controls/test) by extension 'python_setup_py'
[1.529s] Level 1:colcon.colcon_core.package_identification:_identify(MREN203_week4activities/trover_controls/unused) by extensions ['ignore', 'ignore_ament_install']
[1.529s] Level 1:colcon.colcon_core.package_identification:_identify(MREN203_week4activities/trover_controls/unused) by extension 'ignore'
[1.529s] Level 1:colcon.colcon_core.package_identification:_identify(MREN203_week4activities/trover_controls/unused) by extension 'ignore_ament_install'
[1.529s] Level 1:colcon.colcon_core.package_identification:_identify(MREN203_week4activities/trover_controls/unused) by extensions ['colcon_pkg']
[1.529s] Level 1:colcon.colcon_core.package_identification:_identify(MREN203_week4activities/trover_controls/unused) by extension 'colcon_pkg'
[1.529s] Level 1:colcon.colcon_core.package_identification:_identify(MREN203_week4activities/trover_controls/unused) by extensions ['colcon_meta']
[1.529s] Level 1:colcon.colcon_core.package_identification:_identify(MREN203_week4activities/trover_controls/unused) by extension 'colcon_meta'
[1.529s] Level 1:colcon.colcon_core.package_identification:_identify(MREN203_week4activities/trover_controls/unused) by extensions ['ros']
[1.529s] Level 1:colcon.colcon_core.package_identification:_identify(MREN203_week4activities/trover_controls/unused) by extension 'ros'
[1.530s] Level 1:colcon.colcon_core.package_identification:_identify(MREN203_week4activities/trover_controls/unused) by extensions ['cmake', 'python']
[1.530s] Level 1:colcon.colcon_core.package_identification:_identify(MREN203_week4activities/trover_controls/unused) by extension 'cmake'
[1.530s] Level 1:colcon.colcon_core.package_identification:_identify(MREN203_week4activities/trover_controls/unused) by extension 'python'
[1.530s] Level 1:colcon.colcon_core.package_identification:_identify(MREN203_week4activities/trover_controls/unused) by extensions ['python_setup_py']
[1.530s] Level 1:colcon.colcon_core.package_identification:_identify(MREN203_week4activities/trover_controls/unused) by extension 'python_setup_py'
[1.530s] Level 1:colcon.colcon_core.package_identification:_identify(build) by extensions ['ignore', 'ignore_ament_install']
[1.530s] Level 1:colcon.colcon_core.package_identification:_identify(build) by extension 'ignore'
[1.530s] Level 1:colcon.colcon_core.package_identification:_identify(build) ignored
[1.530s] Level 1:colcon.colcon_core.package_identification:_identify(install) by extensions ['ignore', 'ignore_ament_install']
[1.530s] Level 1:colcon.colcon_core.package_identification:_identify(install) by extension 'ignore'
[1.531s] Level 1:colcon.colcon_core.package_identification:_identify(install) ignored
[1.531s] Level 1:colcon.colcon_core.package_identification:_identify(log) by extensions ['ignore', 'ignore_ament_install']
[1.531s] Level 1:colcon.colcon_core.package_identification:_identify(log) by extension 'ignore'
[1.531s] Level 1:colcon.colcon_core.package_identification:_identify(log) ignored
[1.531s] Level 1:colcon.colcon_core.package_identification:_identify(src) by extensions ['ignore', 'ignore_ament_install']
[1.531s] Level 1:colcon.colcon_core.package_identification:_identify(src) by extension 'ignore'
[1.531s] Level 1:colcon.colcon_core.package_identification:_identify(src) by extension 'ignore_ament_install'
[1.531s] Level 1:colcon.colcon_core.package_identification:_identify(src) by extensions ['colcon_pkg']
[1.531s] Level 1:colcon.colcon_core.package_identification:_identify(src) by extension 'colcon_pkg'
[1.531s] Level 1:colcon.colcon_core.package_identification:_identify(src) by extensions ['colcon_meta']
[1.531s] Level 1:colcon.colcon_core.package_identification:_identify(src) by extension 'colcon_meta'
[1.531s] Level 1:colcon.colcon_core.package_identification:_identify(src) by extensions ['ros']
[1.532s] Level 1:colcon.colcon_core.package_identification:_identify(src) by extension 'ros'
[1.532s] Level 1:colcon.colcon_core.package_identification:_identify(src) by extensions ['cmake', 'python']
[1.532s] Level 1:colcon.colcon_core.package_identification:_identify(src) by extension 'cmake'
[1.532s] Level 1:colcon.colcon_core.package_identification:_identify(src) by extension 'python'
[1.532s] Level 1:colcon.colcon_core.package_identification:_identify(src) by extensions ['python_setup_py']
[1.532s] Level 1:colcon.colcon_core.package_identification:_identify(src) by extension 'python_setup_py'
[1.532s] Level 1:colcon.colcon_core.package_identification:_identify(src/trover_bringup) by extensions ['ignore', 'ignore_ament_install']
[1.532s] Level 1:colcon.colcon_core.package_identification:_identify(src/trover_bringup) by extension 'ignore'
[1.532s] Level 1:colcon.colcon_core.package_identification:_identify(src/trover_bringup) by extension 'ignore_ament_install'
[1.532s] Level 1:colcon.colcon_core.package_identification:_identify(src/trover_bringup) by extensions ['colcon_pkg']
[1.532s] Level 1:colcon.colcon_core.package_identification:_identify(src/trover_bringup) by extension 'colcon_pkg'
[1.532s] Level 1:colcon.colcon_core.package_identification:_identify(src/trover_bringup) by extensions ['colcon_meta']
[1.533s] Level 1:colcon.colcon_core.package_identification:_identify(src/trover_bringup) by extension 'colcon_meta'
[1.533s] Level 1:colcon.colcon_core.package_identification:_identify(src/trover_bringup) by extensions ['ros']
[1.533s] Level 1:colcon.colcon_core.package_identification:_identify(src/trover_bringup) by extension 'ros'
[1.536s] DEBUG:colcon.colcon_core.package_identification:Package 'src/trover_bringup' with type 'ros.ament_cmake' and name 'trover_bringup'
[1.537s] Level 1:colcon.colcon_core.package_identification:_identify(src/trover_communication) by extensions ['ignore', 'ignore_ament_install']
[1.537s] Level 1:colcon.colcon_core.package_identification:_identify(src/trover_communication) by extension 'ignore'
[1.538s] Level 1:colcon.colcon_core.package_identification:_identify(src/trover_communication) by extension 'ignore_ament_install'
[1.538s] Level 1:colcon.colcon_core.package_identification:_identify(src/trover_communication) by extensions ['colcon_pkg']
[1.538s] Level 1:colcon.colcon_core.package_identification:_identify(src/trover_communication) by extension 'colcon_pkg'
[1.538s] Level 1:colcon.colcon_core.package_identification:_identify(src/trover_communication) by extensions ['colcon_meta']
[1.538s] Level 1:colcon.colcon_core.package_identification:_identify(src/trover_communication) by extension 'colcon_meta'
[1.538s] Level 1:colcon.colcon_core.package_identification:_identify(src/trover_communication) by extensions ['ros']
[1.538s] Level 1:colcon.colcon_core.package_identification:_identify(src/trover_communication) by extension 'ros'
[1.539s] DEBUG:colcon.colcon_core.package_identification:Package 'src/trover_communication' with type 'ros.ament_python' and name 'trover_communication'
[1.539s] Level 1:colcon.colcon_core.package_identification:_identify(src/trover_description) by extensions ['ignore', 'ignore_ament_install']
[1.540s] Level 1:colcon.colcon_core.package_identification:_identify(src/trover_description) by extension 'ignore'
[1.540s] Level 1:colcon.colcon_core.package_identification:_identify(src/trover_description) by extension 'ignore_ament_install'
[1.540s] Level 1:colcon.colcon_core.package_identification:_identify(src/trover_description) by extensions ['colcon_pkg']
[1.540s] Level 1:colcon.colcon_core.package_identification:_identify(src/trover_description) by extension 'colcon_pkg'
[1.540s] Level 1:colcon.colcon_core.package_identification:_identify(src/trover_description) by extensions ['colcon_meta']
[1.540s] Level 1:colcon.colcon_core.package_identification:_identify(src/trover_description) by extension 'colcon_meta'
[1.540s] Level 1:colcon.colcon_core.package_identification:_identify(src/trover_description) by extensions ['ros']
[1.540s] Level 1:colcon.colcon_core.package_identification:_identify(src/trover_description) by extension 'ros'
[1.541s] DEBUG:colcon.colcon_core.package_identification:Package 'src/trover_description' with type 'ros.ament_cmake' and name 'trover_description'
[1.541s] Level 1:colcon.colcon_core.package_identification:_identify(src/trover_drivers) by extensions ['ignore', 'ignore_ament_install']
[1.541s] Level 1:colcon.colcon_core.package_identification:_identify(src/trover_drivers) by extension 'ignore'
[1.542s] Level 1:colcon.colcon_core.package_identification:_identify(src/trover_drivers) by extension 'ignore_ament_install'
[1.542s] Level 1:colcon.colcon_core.package_identification:_identify(src/trover_drivers) by extensions ['colcon_pkg']
[1.542s] Level 1:colcon.colcon_core.package_identification:_identify(src/trover_drivers) by extension 'colcon_pkg'
[1.542s] Level 1:colcon.colcon_core.package_identification:_identify(src/trover_drivers) by extensions ['colcon_meta']
[1.542s] Level 1:colcon.colcon_core.package_identification:_identify(src/trover_drivers) by extension 'colcon_meta'
[1.542s] Level 1:colcon.colcon_core.package_identification:_identify(src/trover_drivers) by extensions ['ros']
[1.542s] Level 1:colcon.colcon_core.package_identification:_identify(src/trover_drivers) by extension 'ros'
[1.543s] DEBUG:colcon.colcon_core.package_identification:Package 'src/trover_drivers' with type 'ros.ament_cmake' and name 'trover_drivers'
[1.543s] Level 1:colcon.colcon_core.package_identification:_identify(src/trover_navigation) by extensions ['ignore', 'ignore_ament_install']
[1.543s] Level 1:colcon.colcon_core.package_identification:_identify(src/trover_navigation) by extension 'ignore'
[1.543s] Level 1:colcon.colcon_core.package_identification:_identify(src/trover_navigation) by extension 'ignore_ament_install'
[1.543s] Level 1:colcon.colcon_core.package_identification:_identify(src/trover_navigation) by extensions ['colcon_pkg']
[1.543s] Level 1:colcon.colcon_core.package_identification:_identify(src/trover_navigation) by extension 'colcon_pkg'
[1.543s] Level 1:colcon.colcon_core.package_identification:_identify(src/trover_navigation) by extensions ['colcon_meta']
[1.544s] Level 1:colcon.colcon_core.package_identification:_identify(src/trover_navigation) by extension 'colcon_meta'
[1.544s] Level 1:colcon.colcon_core.package_identification:_identify(src/trover_navigation) by extensions ['ros']
[1.544s] Level 1:colcon.colcon_core.package_identification:_identify(src/trover_navigation) by extension 'ros'
[1.545s] DEBUG:colcon.colcon_core.package_identification:Package 'src/trover_navigation' with type 'ros.ament_python' and name 'trover_navigation'
[1.545s] Level 1:colcon.colcon_core.package_identification:_identify(src/trover_slam) by extensions ['ignore', 'ignore_ament_install']
[1.545s] Level 1:colcon.colcon_core.package_identification:_identify(src/trover_slam) by extension 'ignore'
[1.545s] Level 1:colcon.colcon_core.package_identification:_identify(src/trover_slam) by extension 'ignore_ament_install'
[1.545s] Level 1:colcon.colcon_core.package_identification:_identify(src/trover_slam) by extensions ['colcon_pkg']
[1.545s] Level 1:colcon.colcon_core.package_identification:_identify(src/trover_slam) by extension 'colcon_pkg'
[1.545s] Level 1:colcon.colcon_core.package_identification:_identify(src/trover_slam) by extensions ['colcon_meta']
[1.545s] Level 1:colcon.colcon_core.package_identification:_identify(src/trover_slam) by extension 'colcon_meta'
[1.545s] Level 1:colcon.colcon_core.package_identification:_identify(src/trover_slam) by extensions ['ros']
[1.545s] Level 1:colcon.colcon_core.package_identification:_identify(src/trover_slam) by extension 'ros'
[1.546s] DEBUG:colcon.colcon_core.package_identification:Package 'src/trover_slam' with type 'ros.ament_python' and name 'trover_slam'
[1.546s] Level 1:colcon.colcon_core.package_identification:_identify(src/trover_state_estimation) by extensions ['ignore', 'ignore_ament_install']
[1.547s] Level 1:colcon.colcon_core.package_identification:_identify(src/trover_state_estimation) by extension 'ignore'
[1.547s] Level 1:colcon.colcon_core.package_identification:_identify(src/trover_state_estimation) by extension 'ignore_ament_install'
[1.547s] Level 1:colcon.colcon_core.package_identification:_identify(src/trover_state_estimation) by extensions ['colcon_pkg']
[1.547s] Level 1:colcon.colcon_core.package_identification:_identify(src/trover_state_estimation) by extension 'colcon_pkg'
[1.547s] Level 1:colcon.colcon_core.package_identification:_identify(src/trover_state_estimation) by extensions ['colcon_meta']
[1.547s] Level 1:colcon.colcon_core.package_identification:_identify(src/trover_state_estimation) by extension 'colcon_meta'
[1.547s] Level 1:colcon.colcon_core.package_identification:_identify(src/trover_state_estimation) by extensions ['ros']
[1.547s] Level 1:colcon.colcon_core.package_identification:_identify(src/trover_state_estimation) by extension 'ros'
[1.548s] DEBUG:colcon.colcon_core.package_identification:Package 'src/trover_state_estimation' with type 'ros.ament_python' and name 'trover_state_estimation'
[1.548s] Level 1:colcon.colcon_core.package_discovery:discover_packages(recursive) using defaults
[1.548s] Level 1:colcon.colcon_core.package_discovery:discover_packages(ignore) discover
[1.548s] Level 1:colcon.colcon_core.package_discovery:discover_packages(ignore) using defaults
[1.548s] Level 1:colcon.colcon_core.package_discovery:discover_packages(path) discover
[1.548s] Level 1:colcon.colcon_core.package_discovery:discover_packages(path) using defaults
[1.587s] Level 1:colcon.colcon_core.package_discovery:discover_packages(prefix_path) check parameters
[1.588s] Level 1:colcon.colcon_core.package_discovery:discover_packages(prefix_path) discover
[1.593s] DEBUG:colcon.colcon_installed_package_information.package_discovery:Found 327 installed packages in /opt/ros/humble
[1.619s] Level 1:colcon.colcon_core.package_discovery:discover_packages(prefix_path) using defaults
[1.715s] Level 5:colcon.colcon_core.verb:set package 'trover_communication' build argument 'cmake_args' from command line to 'None'
[1.715s] Level 5:colcon.colcon_core.verb:set package 'trover_communication' build argument 'cmake_target' from command line to 'None'
[1.715s] Level 5:colcon.colcon_core.verb:set package 'trover_communication' build argument 'cmake_target_skip_unavailable' from command line to 'False'
[1.715s] Level 5:colcon.colcon_core.verb:set package 'trover_communication' build argument 'cmake_clean_cache' from command line to 'False'
[1.715s] Level 5:colcon.colcon_core.verb:set package 'trover_communication' build argument 'cmake_clean_first' from command line to 'False'
[1.715s] Level 5:colcon.colcon_core.verb:set package 'trover_communication' build argument 'cmake_force_configure' from command line to 'False'
[1.715s] Level 5:colcon.colcon_core.verb:set package 'trover_communication' build argument 'ament_cmake_args' from command line to 'None'
[1.715s] Level 5:colcon.colcon_core.verb:set package 'trover_communication' build argument 'catkin_cmake_args' from command line to 'None'
[1.715s] Level 5:colcon.colcon_core.verb:set package 'trover_communication' build argument 'catkin_skip_building_tests' from command line to 'False'
[1.715s] DEBUG:colcon.colcon_core.verb:Building package 'trover_communication' with the following arguments: {'ament_cmake_args': None, 'build_base': '/home/elizabeth/MREN203_Trover/build/trover_communication', 'catkin_cmake_args': None, 'catkin_skip_building_tests': False, 'cmake_args': None, 'cmake_clean_cache': False, 'cmake_clean_first': False, 'cmake_force_configure': False, 'cmake_target': None, 'cmake_target_skip_unavailable': False, 'install_base': '/home/elizabeth/MREN203_Trover/install/trover_communication', 'merge_install': False, 'path': '/home/elizabeth/MREN203_Trover/src/trover_communication', 'symlink_install': False, 'test_result_base': None}
[1.716s] Level 5:colcon.colcon_core.verb:set package 'trover_description' build argument 'cmake_args' from command line to 'None'
[1.716s] Level 5:colcon.colcon_core.verb:set package 'trover_description' build argument 'cmake_target' from command line to 'None'
[1.716s] Level 5:colcon.colcon_core.verb:set package 'trover_description' build argument 'cmake_target_skip_unavailable' from command line to 'False'
[1.716s] Level 5:colcon.colcon_core.verb:set package 'trover_description' build argument 'cmake_clean_cache' from command line to 'False'
[1.716s] Level 5:colcon.colcon_core.verb:set package 'trover_description' build argument 'cmake_clean_first' from command line to 'False'
[1.716s] Level 5:colcon.colcon_core.verb:set package 'trover_description' build argument 'cmake_force_configure' from command line to 'False'
[1.716s] Level 5:colcon.colcon_core.verb:set package 'trover_description' build argument 'ament_cmake_args' from command line to 'None'
[1.716s] Level 5:colcon.colcon_core.verb:set package 'trover_description' build argument 'catkin_cmake_args' from command line to 'None'
[1.716s] Level 5:colcon.colcon_core.verb:set package 'trover_description' build argument 'catkin_skip_building_tests' from command line to 'False'
[1.716s] DEBUG:colcon.colcon_core.verb:Building package 'trover_description' with the following arguments: {'ament_cmake_args': None, 'build_base': '/home/elizabeth/MREN203_Trover/build/trover_description', 'catkin_cmake_args': None, 'catkin_skip_building_tests': False, 'cmake_args': None, 'cmake_clean_cache': False, 'cmake_clean_first': False, 'cmake_force_configure': False, 'cmake_target': None, 'cmake_target_skip_unavailable': False, 'install_base': '/home/elizabeth/MREN203_Trover/install/trover_description', 'merge_install': False, 'path': '/home/elizabeth/MREN203_Trover/src/trover_description', 'symlink_install': False, 'test_result_base': None}
[1.717s] Level 5:colcon.colcon_core.verb:set package 'trover_drivers' build argument 'cmake_args' from command line to 'None'
[1.717s] Level 5:colcon.colcon_core.verb:set package 'trover_drivers' build argument 'cmake_target' from command line to 'None'
[1.717s] Level 5:colcon.colcon_core.verb:set package 'trover_drivers' build argument 'cmake_target_skip_unavailable' from command line to 'False'
[1.717s] Level 5:colcon.colcon_core.verb:set package 'trover_drivers' build argument 'cmake_clean_cache' from command line to 'False'
[1.717s] Level 5:colcon.colcon_core.verb:set package 'trover_drivers' build argument 'cmake_clean_first' from command line to 'False'
[1.717s] Level 5:colcon.colcon_core.verb:set package 'trover_drivers' build argument 'cmake_force_configure' from command line to 'False'
[1.717s] Level 5:colcon.colcon_core.verb:set package 'trover_drivers' build argument 'ament_cmake_args' from command line to 'None'
[1.717s] Level 5:colcon.colcon_core.verb:set package 'trover_drivers' build argument 'catkin_cmake_args' from command line to 'None'
[1.717s] Level 5:colcon.colcon_core.verb:set package 'trover_drivers' build argument 'catkin_skip_building_tests' from command line to 'False'
[1.717s] DEBUG:colcon.colcon_core.verb:Building package 'trover_drivers' with the following arguments: {'ament_cmake_args': None, 'build_base': '/home/elizabeth/MREN203_Trover/build/trover_drivers', 'catkin_cmake_args': None, 'catkin_skip_building_tests': False, 'cmake_args': None, 'cmake_clean_cache': False, 'cmake_clean_first': False, 'cmake_force_configure': False, 'cmake_target': None, 'cmake_target_skip_unavailable': False, 'install_base': '/home/elizabeth/MREN203_Trover/install/trover_drivers', 'merge_install': False, 'path': '/home/elizabeth/MREN203_Trover/src/trover_drivers', 'symlink_install': False, 'test_result_base': None}
[1.718s] Level 5:colcon.colcon_core.verb:set package 'trover_navigation' build argument 'cmake_args' from command line to 'None'
[1.718s] Level 5:colcon.colcon_core.verb:set package 'trover_navigation' build argument 'cmake_target' from command line to 'None'
[1.718s] Level 5:colcon.colcon_core.verb:set package 'trover_navigation' build argument 'cmake_target_skip_unavailable' from command line to 'False'
[1.718s] Level 5:colcon.colcon_core.verb:set package 'trover_navigation' build argument 'cmake_clean_cache' from command line to 'False'
[1.718s] Level 5:colcon.colcon_core.verb:set package 'trover_navigation' build argument 'cmake_clean_first' from command line to 'False'
[1.718s] Level 5:colcon.colcon_core.verb:set package 'trover_navigation' build argument 'cmake_force_configure' from command line to 'False'
[1.718s] Level 5:colcon.colcon_core.verb:set package 'trover_navigation' build argument 'ament_cmake_args' from command line to 'None'
[1.718s] Level 5:colcon.colcon_core.verb:set package 'trover_navigation' build argument 'catkin_cmake_args' from command line to 'None'
[1.718s] Level 5:colcon.colcon_core.verb:set package 'trover_navigation' build argument 'catkin_skip_building_tests' from command line to 'False'
[1.718s] DEBUG:colcon.colcon_core.verb:Building package 'trover_navigation' with the following arguments: {'ament_cmake_args': None, 'build_base': '/home/elizabeth/MREN203_Trover/build/trover_navigation', 'catkin_cmake_args': None, 'catkin_skip_building_tests': False, 'cmake_args': None, 'cmake_clean_cache': False, 'cmake_clean_first': False, 'cmake_force_configure': False, 'cmake_target': None, 'cmake_target_skip_unavailable': False, 'install_base': '/home/elizabeth/MREN203_Trover/install/trover_navigation', 'merge_install': False, 'path': '/home/elizabeth/MREN203_Trover/src/trover_navigation', 'symlink_install': False, 'test_result_base': None}
[1.719s] Level 5:colcon.colcon_core.verb:set package 'trover_slam' build argument 'cmake_args' from command line to 'None'
[1.719s] Level 5:colcon.colcon_core.verb:set package 'trover_slam' build argument 'cmake_target' from command line to 'None'
[1.719s] Level 5:colcon.colcon_core.verb:set package 'trover_slam' build argument 'cmake_target_skip_unavailable' from command line to 'False'
[1.719s] Level 5:colcon.colcon_core.verb:set package 'trover_slam' build argument 'cmake_clean_cache' from command line to 'False'
[1.719s] Level 5:colcon.colcon_core.verb:set package 'trover_slam' build argument 'cmake_clean_first' from command line to 'False'
[1.719s] Level 5:colcon.colcon_core.verb:set package 'trover_slam' build argument 'cmake_force_configure' from command line to 'False'
[1.719s] Level 5:colcon.colcon_core.verb:set package 'trover_slam' build argument 'ament_cmake_args' from command line to 'None'
[1.719s] Level 5:colcon.colcon_core.verb:set package 'trover_slam' build argument 'catkin_cmake_args' from command line to 'None'
[1.719s] Level 5:colcon.colcon_core.verb:set package 'trover_slam' build argument 'catkin_skip_building_tests' from command line to 'False'
[1.719s] DEBUG:colcon.colcon_core.verb:Building package 'trover_slam' with the following arguments: {'ament_cmake_args': None, 'build_base': '/home/elizabeth/MREN203_Trover/build/trover_slam', 'catkin_cmake_args': None, 'catkin_skip_building_tests': False, 'cmake_args': None, 'cmake_clean_cache': False, 'cmake_clean_first': False, 'cmake_force_configure': False, 'cmake_target': None, 'cmake_target_skip_unavailable': False, 'install_base': '/home/elizabeth/MREN203_Trover/install/trover_slam', 'merge_install': False, 'path': '/home/elizabeth/MREN203_Trover/src/trover_slam', 'symlink_install': False, 'test_result_base': None}
[1.720s] Level 5:colcon.colcon_core.verb:set package 'trover_state_estimation' build argument 'cmake_args' from command line to 'None'
[1.720s] Level 5:colcon.colcon_core.verb:set package 'trover_state_estimation' build argument 'cmake_target' from command line to 'None'
[1.720s] Level 5:colcon.colcon_core.verb:set package 'trover_state_estimation' build argument 'cmake_target_skip_unavailable' from command line to 'False'
[1.720s] Level 5:colcon.colcon_core.verb:set package 'trover_state_estimation' build argument 'cmake_clean_cache' from command line to 'False'
[1.720s] Level 5:colcon.colcon_core.verb:set package 'trover_state_estimation' build argument 'cmake_clean_first' from command line to 'False'
[1.720s] Level 5:colcon.colcon_core.verb:set package 'trover_state_estimation' build argument 'cmake_force_configure' from command line to 'False'
[1.720s] Level 5:colcon.colcon_core.verb:set package 'trover_state_estimation' build argument 'ament_cmake_args' from command line to 'None'
[1.720s] Level 5:colcon.colcon_core.verb:set package 'trover_state_estimation' build argument 'catkin_cmake_args' from command line to 'None'
[1.720s] Level 5:colcon.colcon_core.verb:set package 'trover_state_estimation' build argument 'catkin_skip_building_tests' from command line to 'False'
[1.720s] DEBUG:colcon.colcon_core.verb:Building package 'trover_state_estimation' with the following arguments: {'ament_cmake_args': None, 'build_base': '/home/elizabeth/MREN203_Trover/build/trover_state_estimation', 'catkin_cmake_args': None, 'catkin_skip_building_tests': False, 'cmake_args': None, 'cmake_clean_cache': False, 'cmake_clean_first': False, 'cmake_force_configure': False, 'cmake_target': None, 'cmake_target_skip_unavailable': False, 'install_base': '/home/elizabeth/MREN203_Trover/install/trover_state_estimation', 'merge_install': False, 'path': '/home/elizabeth/MREN203_Trover/src/trover_state_estimation', 'symlink_install': False, 'test_result_base': None}
[1.721s] Level 5:colcon.colcon_core.verb:set package 'trover_bringup' build argument 'cmake_args' from command line to 'None'
[1.721s] Level 5:colcon.colcon_core.verb:set package 'trover_bringup' build argument 'cmake_target' from command line to 'None'
[1.721s] Level 5:colcon.colcon_core.verb:set package 'trover_bringup' build argument 'cmake_target_skip_unavailable' from command line to 'False'
[1.721s] Level 5:colcon.colcon_core.verb:set package 'trover_bringup' build argument 'cmake_clean_cache' from command line to 'False'
[1.721s] Level 5:colcon.colcon_core.verb:set package 'trover_bringup' build argument 'cmake_clean_first' from command line to 'False'
[1.721s] Level 5:colcon.colcon_core.verb:set package 'trover_bringup' build argument 'cmake_force_configure' from command line to 'False'
[1.721s] Level 5:colcon.colcon_core.verb:set package 'trover_bringup' build argument 'ament_cmake_args' from command line to 'None'
[1.721s] Level 5:colcon.colcon_core.verb:set package 'trover_bringup' build argument 'catkin_cmake_args' from command line to 'None'
[1.721s] Level 5:colcon.colcon_core.verb:set package 'trover_bringup' build argument 'catkin_skip_building_tests' from command line to 'False'
[1.721s] DEBUG:colcon.colcon_core.verb:Building package 'trover_bringup' with the following arguments: {'ament_cmake_args': None, 'build_base': '/home/elizabeth/MREN203_Trover/build/trover_bringup', 'catkin_cmake_args': None, 'catkin_skip_building_tests': False, 'cmake_args': None, 'cmake_clean_cache': False, 'cmake_clean_first': False, 'cmake_force_configure': False, 'cmake_target': None, 'cmake_target_skip_unavailable': False, 'install_base': '/home/elizabeth/MREN203_Trover/install/trover_bringup', 'merge_install': False, 'path': '/home/elizabeth/MREN203_Trover/src/trover_bringup', 'symlink_install': False, 'test_result_base': None}
[1.721s] INFO:colcon.colcon_core.executor:Executing jobs using 'parallel' executor
[1.734s] DEBUG:colcon.colcon_parallel_executor.executor.parallel:run_until_complete
[1.741s] INFO:colcon.colcon_ros.task.ament_cmake.build:Building ROS package in '/home/elizabeth/MREN203_Trover/src/trover_description' with build type 'ament_cmake'
[1.742s] INFO:colcon.colcon_cmake.task.cmake.build:Building CMake package in '/home/elizabeth/MREN203_Trover/src/trover_description'
[1.751s] INFO:colcon.colcon_core.plugin_system:Skipping extension 'colcon_core.shell.bat': Not used on non-Windows systems
[1.751s] INFO:colcon.colcon_core.shell:Skip shell extension 'powershell' for command environment: Not usable outside of PowerShell
[1.751s] DEBUG:colcon.colcon_core.shell:Skip shell extension 'dsv' for command environment
[1.764s] INFO:colcon.colcon_ros.task.ament_python.build:Building ROS package in '/home/elizabeth/MREN203_Trover/src/trover_navigation' with build type 'ament_python'
[1.764s] Level 1:colcon.colcon_core.shell:create_environment_hook('trover_navigation', 'ament_prefix_path')
[1.765s] INFO:colcon.colcon_core.shell:Creating environment hook '/home/elizabeth/MREN203_Trover/install/trover_navigation/share/trover_navigation/hook/ament_prefix_path.ps1'
[1.768s] INFO:colcon.colcon_core.shell:Creating environment descriptor '/home/elizabeth/MREN203_Trover/install/trover_navigation/share/trover_navigation/hook/ament_prefix_path.dsv'
[1.772s] INFO:colcon.colcon_core.shell:Creating environment hook '/home/elizabeth/MREN203_Trover/install/trover_navigation/share/trover_navigation/hook/ament_prefix_path.sh'
[1.777s] INFO:colcon.colcon_core.shell:Skip shell extension 'powershell' for command environment: Not usable outside of PowerShell
[1.778s] DEBUG:colcon.colcon_core.shell:Skip shell extension 'dsv' for command environment
[1.827s] DEBUG:colcon.colcon_core.event_handler.log_command:Invoking command in '/home/elizabeth/MREN203_Trover/build/trover_description': CMAKE_PREFIX_PATH=/opt/ros/humble /usr/bin/cmake --build /home/elizabeth/MREN203_Trover/build/trover_description -- -j2 -l2
[2.523s] INFO:colcon.colcon_core.task.python.build:Building Python package in '/home/elizabeth/MREN203_Trover/src/trover_navigation'
[2.524s] INFO:colcon.colcon_core.shell:Skip shell extension 'powershell' for command environment: Not usable outside of PowerShell
[2.524s] DEBUG:colcon.colcon_core.shell:Skip shell extension 'dsv' for command environment
[2.582s] DEBUG:colcon.colcon_core.event_handler.log_command:Invoked command in '/home/elizabeth/MREN203_Trover/build/trover_description' returned '0': CMAKE_PREFIX_PATH=/opt/ros/humble /usr/bin/cmake --build /home/elizabeth/MREN203_Trover/build/trover_description -- -j2 -l2
[2.645s] DEBUG:colcon.colcon_core.event_handler.log_command:Invoking command in '/home/elizabeth/MREN203_Trover/build/trover_description': CMAKE_PREFIX_PATH=/opt/ros/humble /usr/bin/cmake --install /home/elizabeth/MREN203_Trover/build/trover_description
[2.944s] Level 1:colcon.colcon_core.environment:create_environment_scripts_only(trover_description)
[2.948s] Level 1:colcon.colcon_core.environment:checking '/home/elizabeth/MREN203_Trover/install/trover_description' for CMake module files
[2.949s] Level 1:colcon.colcon_core.environment:checking '/home/elizabeth/MREN203_Trover/install/trover_description' for CMake config files
[2.959s] Level 1:colcon.colcon_core.shell:create_environment_hook('trover_description', 'cmake_prefix_path')
[2.960s] INFO:colcon.colcon_core.shell:Creating environment hook '/home/elizabeth/MREN203_Trover/install/trover_description/share/trover_description/hook/cmake_prefix_path.ps1'
[2.961s] INFO:colcon.colcon_core.shell:Creating environment descriptor '/home/elizabeth/MREN203_Trover/install/trover_description/share/trover_description/hook/cmake_prefix_path.dsv'
[2.993s] DEBUG:colcon.colcon_core.event_handler.log_command:Invoked command in '/home/elizabeth/MREN203_Trover/build/trover_description' returned '0': CMAKE_PREFIX_PATH=/opt/ros/humble /usr/bin/cmake --install /home/elizabeth/MREN203_Trover/build/trover_description
[2.994s] INFO:colcon.colcon_core.shell:Creating environment hook '/home/elizabeth/MREN203_Trover/install/trover_description/share/trover_description/hook/cmake_prefix_path.sh'
[2.997s] Level 1:colcon.colcon_core.environment:checking '/home/elizabeth/MREN203_Trover/install/trover_description/bin'
[2.997s] Level 1:colcon.colcon_core.environment:checking '/home/elizabeth/MREN203_Trover/install/trover_description/lib/pkgconfig/trover_description.pc'
[2.998s] Level 1:colcon.colcon_core.environment:checking '/home/elizabeth/MREN203_Trover/install/trover_description/lib/python3.10/site-packages'
[2.998s] Level 1:colcon.colcon_core.environment:checking '/home/elizabeth/MREN203_Trover/install/trover_description/bin'
[2.999s] INFO:colcon.colcon_core.shell:Creating package script '/home/elizabeth/MREN203_Trover/install/trover_description/share/trover_description/package.ps1'
[3.001s] INFO:colcon.colcon_core.shell:Creating package descriptor '/home/elizabeth/MREN203_Trover/install/trover_description/share/trover_description/package.dsv'
[3.007s] INFO:colcon.colcon_core.shell:Creating package script '/home/elizabeth/MREN203_Trover/install/trover_description/share/trover_description/package.sh'
[3.011s] INFO:colcon.colcon_core.shell:Creating package script '/home/elizabeth/MREN203_Trover/install/trover_description/share/trover_description/package.bash'
[3.014s] INFO:colcon.colcon_core.shell:Creating package script '/home/elizabeth/MREN203_Trover/install/trover_description/share/trover_description/package.zsh'
[3.018s] Level 1:colcon.colcon_core.environment:create_file_with_runtime_dependencies(/home/elizabeth/MREN203_Trover/install/trover_description/share/colcon-core/packages/trover_description)
[3.022s] Level 1:colcon.colcon_core.environment:create_environment_scripts_only(trover_description)
[3.023s] Level 1:colcon.colcon_core.environment:checking '/home/elizabeth/MREN203_Trover/install/trover_description' for CMake module files
[3.024s] Level 1:colcon.colcon_core.environment:checking '/home/elizabeth/MREN203_Trover/install/trover_description' for CMake config files
[3.042s] Level 1:colcon.colcon_core.shell:create_environment_hook('trover_description', 'cmake_prefix_path')
[3.042s] INFO:colcon.colcon_core.shell:Creating environment hook '/home/elizabeth/MREN203_Trover/install/trover_description/share/trover_description/hook/cmake_prefix_path.ps1'
[3.045s] INFO:colcon.colcon_core.shell:Creating environment descriptor '/home/elizabeth/MREN203_Trover/install/trover_description/share/trover_description/hook/cmake_prefix_path.dsv'
[3.048s] INFO:colcon.colcon_core.shell:Creating environment hook '/home/elizabeth/MREN203_Trover/install/trover_description/share/trover_description/hook/cmake_prefix_path.sh'
[3.052s] Level 1:colcon.colcon_core.environment:checking '/home/elizabeth/MREN203_Trover/install/trover_description/bin'
[3.053s] Level 1:colcon.colcon_core.environment:checking '/home/elizabeth/MREN203_Trover/install/trover_description/lib/pkgconfig/trover_description.pc'
[3.054s] Level 1:colcon.colcon_core.environment:checking '/home/elizabeth/MREN203_Trover/install/trover_description/lib/python3.10/site-packages'
[3.055s] Level 1:colcon.colcon_core.environment:checking '/home/elizabeth/MREN203_Trover/install/trover_description/bin'
[3.056s] INFO:colcon.colcon_core.shell:Creating package script '/home/elizabeth/MREN203_Trover/install/trover_description/share/trover_description/package.ps1'
[3.057s] INFO:colcon.colcon_core.shell:Creating package descriptor '/home/elizabeth/MREN203_Trover/install/trover_description/share/trover_description/package.dsv'
[3.060s] INFO:colcon.colcon_core.shell:Creating package script '/home/elizabeth/MREN203_Trover/install/trover_description/share/trover_description/package.sh'
[3.062s] INFO:colcon.colcon_core.shell:Creating package script '/home/elizabeth/MREN203_Trover/install/trover_description/share/trover_description/package.bash'
[3.064s] INFO:colcon.colcon_core.shell:Creating package script '/home/elizabeth/MREN203_Trover/install/trover_description/share/trover_description/package.zsh'
[3.065s] Level 1:colcon.colcon_core.environment:create_file_with_runtime_dependencies(/home/elizabeth/MREN203_Trover/install/trover_description/share/colcon-core/packages/trover_description)
[3.069s] INFO:colcon.colcon_ros.task.ament_python.build:Building ROS package in '/home/elizabeth/MREN203_Trover/src/trover_slam' with build type 'ament_python'
[3.071s] Level 1:colcon.colcon_core.shell:create_environment_hook('trover_slam', 'ament_prefix_path')
[3.071s] INFO:colcon.colcon_core.shell:Creating environment hook '/home/elizabeth/MREN203_Trover/install/trover_slam/share/trover_slam/hook/ament_prefix_path.ps1'
[3.073s] INFO:colcon.colcon_core.shell:Creating environment descriptor '/home/elizabeth/MREN203_Trover/install/trover_slam/share/trover_slam/hook/ament_prefix_path.dsv'
[3.075s] INFO:colcon.colcon_core.shell:Creating environment hook '/home/elizabeth/MREN203_Trover/install/trover_slam/share/trover_slam/hook/ament_prefix_path.sh'
[3.080s] INFO:colcon.colcon_core.shell:Skip shell extension 'powershell' for command environment: Not usable outside of PowerShell
[3.080s] DEBUG:colcon.colcon_core.shell:Skip shell extension 'dsv' for command environment
[3.695s] INFO:colcon.colcon_core.task.python.build:Building Python package in '/home/elizabeth/MREN203_Trover/src/trover_slam'
[3.702s] INFO:colcon.colcon_core.shell:Skip shell extension 'powershell' for command environment: Not usable outside of PowerShell
[3.702s] DEBUG:colcon.colcon_core.shell:Skip shell extension 'dsv' for command environment
[3.802s] DEBUG:colcon.colcon_core.event_handler.log_command:Invoking command in '/home/elizabeth/MREN203_Trover/src/trover_navigation': PYTHONPATH=/home/elizabeth/MREN203_Trover/build/trover_navigation/prefix_override:/usr/lib/python3/dist-packages/colcon_core/task/python/colcon_distutils_commands:/home/elizabeth/MREN203_Trover/install/trover_navigation/lib/python3.10/site-packages:${PYTHONPATH} /usr/bin/python3 -W ignore:setup.py install is deprecated -W ignore:easy_install command is deprecated setup.py egg_info --egg-base ../../build/trover_navigation build --build-base /home/elizabeth/MREN203_Trover/build/trover_navigation/build install --record /home/elizabeth/MREN203_Trover/build/trover_navigation/install.log --single-version-externally-managed install_data
[4.668s] DEBUG:colcon.colcon_core.event_handler.log_command:Invoking command in '/home/elizabeth/MREN203_Trover/src/trover_slam': PYTHONPATH=/home/elizabeth/MREN203_Trover/build/trover_slam/prefix_override:/usr/lib/python3/dist-packages/colcon_core/task/python/colcon_distutils_commands:/home/elizabeth/MREN203_Trover/install/trover_slam/lib/python3.10/site-packages:${PYTHONPATH} /usr/bin/python3 -W ignore:setup.py install is deprecated -W ignore:easy_install command is deprecated setup.py egg_info --egg-base ../../build/trover_slam build --build-base /home/elizabeth/MREN203_Trover/build/trover_slam/build install --record /home/elizabeth/MREN203_Trover/build/trover_slam/install.log --single-version-externally-managed install_data
[4.729s] Level 1:colcon.colcon_core.environment:checking '/home/elizabeth/MREN203_Trover/install/trover_navigation' for CMake module files
[4.730s] DEBUG:colcon.colcon_core.event_handler.log_command:Invoked command in '/home/elizabeth/MREN203_Trover/src/trover_navigation' returned '0': PYTHONPATH=/home/elizabeth/MREN203_Trover/build/trover_navigation/prefix_override:/usr/lib/python3/dist-packages/colcon_core/task/python/colcon_distutils_commands:/home/elizabeth/MREN203_Trover/install/trover_navigation/lib/python3.10/site-packages:${PYTHONPATH} /usr/bin/python3 -W ignore:setup.py install is deprecated -W ignore:easy_install command is deprecated setup.py egg_info --egg-base ../../build/trover_navigation build --build-base /home/elizabeth/MREN203_Trover/build/trover_navigation/build install --record /home/elizabeth/MREN203_Trover/build/trover_navigation/install.log --single-version-externally-managed install_data
[4.731s] Level 1:colcon.colcon_core.environment:checking '/home/elizabeth/MREN203_Trover/install/trover_navigation' for CMake config files
[4.732s] Level 1:colcon.colcon_core.environment:checking '/home/elizabeth/MREN203_Trover/install/trover_navigation/lib'
[4.732s] Level 1:colcon.colcon_core.environment:checking '/home/elizabeth/MREN203_Trover/install/trover_navigation/bin'
[4.732s] Level 1:colcon.colcon_core.environment:checking '/home/elizabeth/MREN203_Trover/install/trover_navigation/lib/pkgconfig/trover_navigation.pc'
[4.733s] Level 1:colcon.colcon_core.environment:checking '/home/elizabeth/MREN203_Trover/install/trover_navigation/lib/python3.10/site-packages'
[4.733s] Level 1:colcon.colcon_core.shell:create_environment_hook('trover_navigation', 'pythonpath')
[4.734s] INFO:colcon.colcon_core.shell:Creating environment hook '/home/elizabeth/MREN203_Trover/install/trover_navigation/share/trover_navigation/hook/pythonpath.ps1'
[4.738s] INFO:colcon.colcon_core.shell:Creating environment descriptor '/home/elizabeth/MREN203_Trover/install/trover_navigation/share/trover_navigation/hook/pythonpath.dsv'
[4.742s] INFO:colcon.colcon_core.shell:Creating environment hook '/home/elizabeth/MREN203_Trover/install/trover_navigation/share/trover_navigation/hook/pythonpath.sh'
[4.745s] Level 1:colcon.colcon_core.environment:checking '/home/elizabeth/MREN203_Trover/install/trover_navigation/bin'
[4.746s] Level 1:colcon.colcon_core.environment:create_environment_scripts_only(trover_navigation)
[4.746s] INFO:colcon.colcon_core.shell:Creating package script '/home/elizabeth/MREN203_Trover/install/trover_navigation/share/trover_navigation/package.ps1'
[4.758s] INFO:colcon.colcon_core.shell:Creating package descriptor '/home/elizabeth/MREN203_Trover/install/trover_navigation/share/trover_navigation/package.dsv'
[4.762s] INFO:colcon.colcon_core.shell:Creating package script '/home/elizabeth/MREN203_Trover/install/trover_navigation/share/trover_navigation/package.sh'
[4.765s] INFO:colcon.colcon_core.shell:Creating package script '/home/elizabeth/MREN203_Trover/install/trover_navigation/share/trover_navigation/package.bash'
[4.770s] INFO:colcon.colcon_core.shell:Creating package script '/home/elizabeth/MREN203_Trover/install/trover_navigation/share/trover_navigation/package.zsh'
[4.780s] Level 1:colcon.colcon_core.environment:create_file_with_runtime_dependencies(/home/elizabeth/MREN203_Trover/install/trover_navigation/share/colcon-core/packages/trover_navigation)
[4.795s] INFO:colcon.colcon_ros.task.ament_python.build:Building ROS package in '/home/elizabeth/MREN203_Trover/src/trover_state_estimation' with build type 'ament_python'
[4.795s] Level 1:colcon.colcon_core.shell:create_environment_hook('trover_state_estimation', 'ament_prefix_path')
[4.796s] INFO:colcon.colcon_core.shell:Creating environment hook '/home/elizabeth/MREN203_Trover/install/trover_state_estimation/share/trover_state_estimation/hook/ament_prefix_path.ps1'
[4.803s] INFO:colcon.colcon_core.shell:Creating environment descriptor '/home/elizabeth/MREN203_Trover/install/trover_state_estimation/share/trover_state_estimation/hook/ament_prefix_path.dsv'
[4.806s] INFO:colcon.colcon_core.shell:Creating environment hook '/home/elizabeth/MREN203_Trover/install/trover_state_estimation/share/trover_state_estimation/hook/ament_prefix_path.sh'
[4.813s] INFO:colcon.colcon_core.shell:Skip shell extension 'powershell' for command environment: Not usable outside of PowerShell
[4.813s] DEBUG:colcon.colcon_core.shell:Skip shell extension 'dsv' for command environment
[5.548s] INFO:colcon.colcon_core.task.python.build:Building Python package in '/home/elizabeth/MREN203_Trover/src/trover_state_estimation'
[5.548s] INFO:colcon.colcon_core.shell:Skip shell extension 'powershell' for command environment: Not usable outside of PowerShell
[5.549s] DEBUG:colcon.colcon_core.shell:Skip shell extension 'dsv' for command environment
[5.712s] Level 1:colcon.colcon_core.environment:checking '/home/elizabeth/MREN203_Trover/install/trover_slam' for CMake module files
[5.714s] DEBUG:colcon.colcon_core.event_handler.log_command:Invoked command in '/home/elizabeth/MREN203_Trover/src/trover_slam' returned '0': PYTHONPATH=/home/elizabeth/MREN203_Trover/build/trover_slam/prefix_override:/usr/lib/python3/dist-packages/colcon_core/task/python/colcon_distutils_commands:/home/elizabeth/MREN203_Trover/install/trover_slam/lib/python3.10/site-packages:${PYTHONPATH} /usr/bin/python3 -W ignore:setup.py install is deprecated -W ignore:easy_install command is deprecated setup.py egg_info --egg-base ../../build/trover_slam build --build-base /home/elizabeth/MREN203_Trover/build/trover_slam/build install --record /home/elizabeth/MREN203_Trover/build/trover_slam/install.log --single-version-externally-managed install_data
[5.715s] Level 1:colcon.colcon_core.environment:checking '/home/elizabeth/MREN203_Trover/install/trover_slam' for CMake config files
[5.716s] Level 1:colcon.colcon_core.environment:checking '/home/elizabeth/MREN203_Trover/install/trover_slam/lib'
[5.716s] Level 1:colcon.colcon_core.environment:checking '/home/elizabeth/MREN203_Trover/install/trover_slam/bin'
[5.716s] Level 1:colcon.colcon_core.environment:checking '/home/elizabeth/MREN203_Trover/install/trover_slam/lib/pkgconfig/trover_slam.pc'
[5.716s] Level 1:colcon.colcon_core.environment:checking '/home/elizabeth/MREN203_Trover/install/trover_slam/lib/python3.10/site-packages'
[5.716s] Level 1:colcon.colcon_core.shell:create_environment_hook('trover_slam', 'pythonpath')
[5.717s] INFO:colcon.colcon_core.shell:Creating environment hook '/home/elizabeth/MREN203_Trover/install/trover_slam/share/trover_slam/hook/pythonpath.ps1'
[5.721s] INFO:colcon.colcon_core.shell:Creating environment descriptor '/home/elizabeth/MREN203_Trover/install/trover_slam/share/trover_slam/hook/pythonpath.dsv'
[5.722s] INFO:colcon.colcon_core.shell:Creating environment hook '/home/elizabeth/MREN203_Trover/install/trover_slam/share/trover_slam/hook/pythonpath.sh'
[5.730s] Level 1:colcon.colcon_core.environment:checking '/home/elizabeth/MREN203_Trover/install/trover_slam/bin'
[5.731s] Level 1:colcon.colcon_core.environment:create_environment_scripts_only(trover_slam)
[5.731s] INFO:colcon.colcon_core.shell:Creating package script '/home/elizabeth/MREN203_Trover/install/trover_slam/share/trover_slam/package.ps1'
[5.734s] INFO:colcon.colcon_core.shell:Creating package descriptor '/home/elizabeth/MREN203_Trover/install/trover_slam/share/trover_slam/package.dsv'
[5.736s] INFO:colcon.colcon_core.shell:Creating package script '/home/elizabeth/MREN203_Trover/install/trover_slam/share/trover_slam/package.sh'
[5.738s] INFO:colcon.colcon_core.shell:Creating package script '/home/elizabeth/MREN203_Trover/install/trover_slam/share/trover_slam/package.bash'
[5.740s] INFO:colcon.colcon_core.shell:Creating package script '/home/elizabeth/MREN203_Trover/install/trover_slam/share/trover_slam/package.zsh'
[5.742s] Level 1:colcon.colcon_core.environment:create_file_with_runtime_dependencies(/home/elizabeth/MREN203_Trover/install/trover_slam/share/colcon-core/packages/trover_slam)
[5.746s] INFO:colcon.colcon_ros.task.ament_python.build:Building ROS package in '/home/elizabeth/MREN203_Trover/src/trover_communication' with build type 'ament_python'
[5.747s] Level 1:colcon.colcon_core.shell:create_environment_hook('trover_communication', 'ament_prefix_path')
[5.747s] INFO:colcon.colcon_core.shell:Creating environment hook '/home/elizabeth/MREN203_Trover/install/trover_communication/share/trover_communication/hook/ament_prefix_path.ps1'
[5.749s] INFO:colcon.colcon_core.shell:Creating environment descriptor '/home/elizabeth/MREN203_Trover/install/trover_communication/share/trover_communication/hook/ament_prefix_path.dsv'
[5.751s] INFO:colcon.colcon_core.shell:Creating environment hook '/home/elizabeth/MREN203_Trover/install/trover_communication/share/trover_communication/hook/ament_prefix_path.sh'
[5.754s] INFO:colcon.colcon_core.shell:Skip shell extension 'powershell' for command environment: Not usable outside of PowerShell
[5.754s] DEBUG:colcon.colcon_core.shell:Skip shell extension 'dsv' for command environment
[6.271s] INFO:colcon.colcon_core.task.python.build:Building Python package in '/home/elizabeth/MREN203_Trover/src/trover_communication'
[6.272s] INFO:colcon.colcon_core.shell:Skip shell extension 'powershell' for command environment: Not usable outside of PowerShell
[6.272s] DEBUG:colcon.colcon_core.shell:Skip shell extension 'dsv' for command environment
[6.706s] DEBUG:colcon.colcon_core.event_handler.log_command:Invoking command in '/home/elizabeth/MREN203_Trover/src/trover_state_estimation': PYTHONPATH=/home/elizabeth/MREN203_Trover/build/trover_state_estimation/prefix_override:/usr/lib/python3/dist-packages/colcon_core/task/python/colcon_distutils_commands:/home/elizabeth/MREN203_Trover/install/trover_state_estimation/lib/python3.10/site-packages:${PYTHONPATH} /usr/bin/python3 -W ignore:setup.py install is deprecated -W ignore:easy_install command is deprecated setup.py egg_info --egg-base ../../build/trover_state_estimation build --build-base /home/elizabeth/MREN203_Trover/build/trover_state_estimation/build install --record /home/elizabeth/MREN203_Trover/build/trover_state_estimation/install.log --single-version-externally-managed install_data
[7.378s] Level 1:colcon.colcon_core.environment:checking '/home/elizabeth/MREN203_Trover/install/trover_state_estimation' for CMake module files
[7.380s] Level 1:colcon.colcon_core.environment:checking '/home/elizabeth/MREN203_Trover/install/trover_state_estimation' for CMake config files
[7.381s] Level 1:colcon.colcon_core.environment:checking '/home/elizabeth/MREN203_Trover/install/trover_state_estimation/lib'
[7.381s] Level 1:colcon.colcon_core.environment:checking '/home/elizabeth/MREN203_Trover/install/trover_state_estimation/bin'
[7.381s] Level 1:colcon.colcon_core.environment:checking '/home/elizabeth/MREN203_Trover/install/trover_state_estimation/lib/pkgconfig/trover_state_estimation.pc'
[7.381s] Level 1:colcon.colcon_core.environment:checking '/home/elizabeth/MREN203_Trover/install/trover_state_estimation/lib/python3.10/site-packages'
[7.382s] Level 1:colcon.colcon_core.shell:create_environment_hook('trover_state_estimation', 'pythonpath')
[7.382s] INFO:colcon.colcon_core.shell:Creating environment hook '/home/elizabeth/MREN203_Trover/install/trover_state_estimation/share/trover_state_estimation/hook/pythonpath.ps1'
[7.387s] DEBUG:colcon.colcon_core.event_handler.log_command:Invoking command in '/home/elizabeth/MREN203_Trover/src/trover_communication': PYTHONPATH=/home/elizabeth/MREN203_Trover/build/trover_communication/prefix_override:/usr/lib/python3/dist-packages/colcon_core/task/python/colcon_distutils_commands:/home/elizabeth/MREN203_Trover/install/trover_communication/lib/python3.10/site-packages:${PYTHONPATH} /usr/bin/python3 -W ignore:setup.py install is deprecated -W ignore:easy_install command is deprecated setup.py egg_info --egg-base ../../build/trover_communication build --build-base /home/elizabeth/MREN203_Trover/build/trover_communication/build install --record /home/elizabeth/MREN203_Trover/build/trover_communication/install.log --single-version-externally-managed install_data
[7.387s] DEBUG:colcon.colcon_core.event_handler.log_command:Invoked command in '/home/elizabeth/MREN203_Trover/src/trover_state_estimation' returned '0': PYTHONPATH=/home/elizabeth/MREN203_Trover/build/trover_state_estimation/prefix_override:/usr/lib/python3/dist-packages/colcon_core/task/python/colcon_distutils_commands:/home/elizabeth/MREN203_Trover/install/trover_state_estimation/lib/python3.10/site-packages:${PYTHONPATH} /usr/bin/python3 -W ignore:setup.py install is deprecated -W ignore:easy_install command is deprecated setup.py egg_info --egg-base ../../build/trover_state_estimation build --build-base /home/elizabeth/MREN203_Trover/build/trover_state_estimation/build install --record /home/elizabeth/MREN203_Trover/build/trover_state_estimation/install.log --single-version-externally-managed install_data
[7.388s] INFO:colcon.colcon_core.shell:Creating environment descriptor '/home/elizabeth/MREN203_Trover/install/trover_state_estimation/share/trover_state_estimation/hook/pythonpath.dsv'
[7.391s] INFO:colcon.colcon_core.shell:Creating environment hook '/home/elizabeth/MREN203_Trover/install/trover_state_estimation/share/trover_state_estimation/hook/pythonpath.sh'
[7.394s] Level 1:colcon.colcon_core.environment:checking '/home/elizabeth/MREN203_Trover/install/trover_state_estimation/bin'
[7.395s] Level 1:colcon.colcon_core.environment:create_environment_scripts_only(trover_state_estimation)
[7.395s] INFO:colcon.colcon_core.shell:Creating package script '/home/elizabeth/MREN203_Trover/install/trover_state_estimation/share/trover_state_estimation/package.ps1'
[7.398s] INFO:colcon.colcon_core.shell:Creating package descriptor '/home/elizabeth/MREN203_Trover/install/trover_state_estimation/share/trover_state_estimation/package.dsv'
[7.401s] INFO:colcon.colcon_core.shell:Creating package script '/home/elizabeth/MREN203_Trover/install/trover_state_estimation/share/trover_state_estimation/package.sh'
[7.405s] INFO:colcon.colcon_core.shell:Creating package script '/home/elizabeth/MREN203_Trover/install/trover_state_estimation/share/trover_state_estimation/package.bash'
[7.408s] INFO:colcon.colcon_core.shell:Creating package script '/home/elizabeth/MREN203_Trover/install/trover_state_estimation/share/trover_state_estimation/package.zsh'
[7.412s] Level 1:colcon.colcon_core.environment:create_file_with_runtime_dependencies(/home/elizabeth/MREN203_Trover/install/trover_state_estimation/share/colcon-core/packages/trover_state_estimation)
[7.417s] INFO:colcon.colcon_ros.task.ament_cmake.build:Building ROS package in '/home/elizabeth/MREN203_Trover/src/trover_drivers' with build type 'ament_cmake'
[7.418s] INFO:colcon.colcon_cmake.task.cmake.build:Building CMake package in '/home/elizabeth/MREN203_Trover/src/trover_drivers'
[7.418s] INFO:colcon.colcon_core.shell:Skip shell extension 'powershell' for command environment: Not usable outside of PowerShell
[7.418s] DEBUG:colcon.colcon_core.shell:Skip shell extension 'dsv' for command environment
[7.456s] DEBUG:colcon.colcon_core.event_handler.log_command:Invoking command in '/home/elizabeth/MREN203_Trover/build/trover_drivers': CMAKE_PREFIX_PATH=/opt/ros/humble /usr/bin/cmake /home/elizabeth/MREN203_Trover/src/trover_drivers -DCMAKE_INSTALL_PREFIX=/home/elizabeth/MREN203_Trover/install/trover_drivers
[8.688s] Level 1:colcon.colcon_core.environment:checking '/home/elizabeth/MREN203_Trover/install/trover_communication' for CMake module files
[8.689s] Level 1:colcon.colcon_core.environment:checking '/home/elizabeth/MREN203_Trover/install/trover_communication' for CMake config files
[8.690s] Level 1:colcon.colcon_core.environment:checking '/home/elizabeth/MREN203_Trover/install/trover_communication/lib'
[8.690s] Level 1:colcon.colcon_core.environment:checking '/home/elizabeth/MREN203_Trover/install/trover_communication/bin'
[8.690s] Level 1:colcon.colcon_core.environment:checking '/home/elizabeth/MREN203_Trover/install/trover_communication/lib/pkgconfig/trover_communication.pc'
[8.690s] Level 1:colcon.colcon_core.environment:checking '/home/elizabeth/MREN203_Trover/install/trover_communication/lib/python3.10/site-packages'
[8.691s] Level 1:colcon.colcon_core.shell:create_environment_hook('trover_communication', 'pythonpath')
[8.691s] INFO:colcon.colcon_core.shell:Creating environment hook '/home/elizabeth/MREN203_Trover/install/trover_communication/share/trover_communication/hook/pythonpath.ps1'
[8.702s] DEBUG:colcon.colcon_core.event_handler.log_command:Invoked command in '/home/elizabeth/MREN203_Trover/src/trover_communication' returned '0': PYTHONPATH=/home/elizabeth/MREN203_Trover/build/trover_communication/prefix_override:/usr/lib/python3/dist-packages/colcon_core/task/python/colcon_distutils_commands:/home/elizabeth/MREN203_Trover/install/trover_communication/lib/python3.10/site-packages:${PYTHONPATH} /usr/bin/python3 -W ignore:setup.py install is deprecated -W ignore:easy_install command is deprecated setup.py egg_info --egg-base ../../build/trover_communication build --build-base /home/elizabeth/MREN203_Trover/build/trover_communication/build install --record /home/elizabeth/MREN203_Trover/build/trover_communication/install.log --single-version-externally-managed install_data
[8.709s] INFO:colcon.colcon_core.shell:Creating environment descriptor '/home/elizabeth/MREN203_Trover/install/trover_communication/share/trover_communication/hook/pythonpath.dsv'
[8.712s] INFO:colcon.colcon_core.shell:Creating environment hook '/home/elizabeth/MREN203_Trover/install/trover_communication/share/trover_communication/hook/pythonpath.sh'
[8.723s] Level 1:colcon.colcon_core.environment:checking '/home/elizabeth/MREN203_Trover/install/trover_communication/bin'
[8.723s] Level 1:colcon.colcon_core.environment:create_environment_scripts_only(trover_communication)
[8.723s] INFO:colcon.colcon_core.shell:Creating package script '/home/elizabeth/MREN203_Trover/install/trover_communication/share/trover_communication/package.ps1'
[8.727s] INFO:colcon.colcon_core.shell:Creating package descriptor '/home/elizabeth/MREN203_Trover/install/trover_communication/share/trover_communication/package.dsv'
[8.731s] INFO:colcon.colcon_core.shell:Creating package script '/home/elizabeth/MREN203_Trover/install/trover_communication/share/trover_communication/package.sh'
[8.734s] INFO:colcon.colcon_core.shell:Creating package script '/home/elizabeth/MREN203_Trover/install/trover_communication/share/trover_communication/package.bash'
[8.739s] INFO:colcon.colcon_core.shell:Creating package script '/home/elizabeth/MREN203_Trover/install/trover_communication/share/trover_communication/package.zsh'
[8.741s] Level 1:colcon.colcon_core.environment:create_file_with_runtime_dependencies(/home/elizabeth/MREN203_Trover/install/trover_communication/share/colcon-core/packages/trover_communication)
[8.744s] INFO:colcon.colcon_ros.task.ament_cmake.build:Building ROS package in '/home/elizabeth/MREN203_Trover/src/trover_bringup' with build type 'ament_cmake'
[8.745s] INFO:colcon.colcon_cmake.task.cmake.build:Building CMake package in '/home/elizabeth/MREN203_Trover/src/trover_bringup'
[8.745s] INFO:colcon.colcon_core.shell:Skip shell extension 'powershell' for command environment: Not usable outside of PowerShell
[8.745s] DEBUG:colcon.colcon_core.shell:Skip shell extension 'dsv' for command environment
[8.802s] DEBUG:colcon.colcon_core.event_handler.log_command:Invoking command in '/home/elizabeth/MREN203_Trover/build/trover_bringup': AMENT_PREFIX_PATH=/home/elizabeth/MREN203_Trover/install/trover_state_estimation:/home/elizabeth/MREN203_Trover/install/trover_slam:/home/elizabeth/MREN203_Trover/install/trover_navigation:/home/elizabeth/MREN203_Trover/install/trover_description:${AMENT_PREFIX_PATH} CMAKE_PREFIX_PATH=/home/elizabeth/MREN203_Trover/install/trover_description:/opt/ros/humble PYTHONPATH=/home/elizabeth/MREN203_Trover/install/trover_state_estimation/lib/python3.10/site-packages:/home/elizabeth/MREN203_Trover/install/trover_slam/lib/python3.10/site-packages:/home/elizabeth/MREN203_Trover/install/trover_navigation/lib/python3.10/site-packages:${PYTHONPATH} /usr/bin/cmake --build /home/elizabeth/MREN203_Trover/build/trover_bringup -- -j2 -l2
[9.098s] DEBUG:colcon.colcon_core.event_handler.log_command:Invoked command in '/home/elizabeth/MREN203_Trover/build/trover_bringup' returned '0': AMENT_PREFIX_PATH=/home/elizabeth/MREN203_Trover/install/trover_state_estimation:/home/elizabeth/MREN203_Trover/install/trover_slam:/home/elizabeth/MREN203_Trover/install/trover_navigation:/home/elizabeth/MREN203_Trover/install/trover_description:${AMENT_PREFIX_PATH} CMAKE_PREFIX_PATH=/home/elizabeth/MREN203_Trover/install/trover_description:/opt/ros/humble PYTHONPATH=/home/elizabeth/MREN203_Trover/install/trover_state_estimation/lib/python3.10/site-packages:/home/elizabeth/MREN203_Trover/install/trover_slam/lib/python3.10/site-packages:/home/elizabeth/MREN203_Trover/install/trover_navigation/lib/python3.10/site-packages:${PYTHONPATH} /usr/bin/cmake --build /home/elizabeth/MREN203_Trover/build/trover_bringup -- -j2 -l2
[9.099s] DEBUG:colcon.colcon_core.event_handler.log_command:Invoking command in '/home/elizabeth/MREN203_Trover/build/trover_bringup': AMENT_PREFIX_PATH=/home/elizabeth/MREN203_Trover/install/trover_state_estimation:/home/elizabeth/MREN203_Trover/install/trover_slam:/home/elizabeth/MREN203_Trover/install/trover_navigation:/home/elizabeth/MREN203_Trover/install/trover_description:${AMENT_PREFIX_PATH} CMAKE_PREFIX_PATH=/home/elizabeth/MREN203_Trover/install/trover_description:/opt/ros/humble PYTHONPATH=/home/elizabeth/MREN203_Trover/install/trover_state_estimation/lib/python3.10/site-packages:/home/elizabeth/MREN203_Trover/install/trover_slam/lib/python3.10/site-packages:/home/elizabeth/MREN203_Trover/install/trover_navigation/lib/python3.10/site-packages:${PYTHONPATH} /usr/bin/cmake --install /home/elizabeth/MREN203_Trover/build/trover_bringup
[9.173s] DEBUG:colcon.colcon_core.event_handler.log_command:Invoked command in '/home/elizabeth/MREN203_Trover/build/trover_bringup' returned '1': AMENT_PREFIX_PATH=/home/elizabeth/MREN203_Trover/install/trover_state_estimation:/home/elizabeth/MREN203_Trover/install/trover_slam:/home/elizabeth/MREN203_Trover/install/trover_navigation:/home/elizabeth/MREN203_Trover/install/trover_description:${AMENT_PREFIX_PATH} CMAKE_PREFIX_PATH=/home/elizabeth/MREN203_Trover/install/trover_description:/opt/ros/humble PYTHONPATH=/home/elizabeth/MREN203_Trover/install/trover_state_estimation/lib/python3.10/site-packages:/home/elizabeth/MREN203_Trover/install/trover_slam/lib/python3.10/site-packages:/home/elizabeth/MREN203_Trover/install/trover_navigation/lib/python3.10/site-packages:${PYTHONPATH} /usr/bin/cmake --install /home/elizabeth/MREN203_Trover/build/trover_bringup
[9.174s] Level 1:colcon.colcon_core.environment:create_environment_scripts_only(trover_bringup)
[9.175s] Level 1:colcon.colcon_core.environment:checking '/home/elizabeth/MREN203_Trover/install/trover_bringup' for CMake module files
[9.175s] Level 1:colcon.colcon_core.environment:checking '/home/elizabeth/MREN203_Trover/install/trover_bringup' for CMake config files
[9.176s] Level 1:colcon.colcon_core.environment:checking '/home/elizabeth/MREN203_Trover/install/trover_bringup/bin'
[9.176s] Level 1:colcon.colcon_core.environment:checking '/home/elizabeth/MREN203_Trover/install/trover_bringup/lib/pkgconfig/trover_bringup.pc'
[9.176s] Level 1:colcon.colcon_core.environment:checking '/home/elizabeth/MREN203_Trover/install/trover_bringup/lib/python3.10/site-packages'
[9.177s] Level 1:colcon.colcon_core.environment:checking '/home/elizabeth/MREN203_Trover/install/trover_bringup/bin'
[9.177s] INFO:colcon.colcon_core.shell:Creating package script '/home/elizabeth/MREN203_Trover/install/trover_bringup/share/trover_bringup/package.ps1'
[9.180s] INFO:colcon.colcon_core.shell:Creating package descriptor '/home/elizabeth/MREN203_Trover/install/trover_bringup/share/trover_bringup/package.dsv'
[9.183s] INFO:colcon.colcon_core.shell:Creating package script '/home/elizabeth/MREN203_Trover/install/trover_bringup/share/trover_bringup/package.sh'
[9.187s] INFO:colcon.colcon_core.shell:Creating package script '/home/elizabeth/MREN203_Trover/install/trover_bringup/share/trover_bringup/package.bash'
[9.190s] INFO:colcon.colcon_core.shell:Creating package script '/home/elizabeth/MREN203_Trover/install/trover_bringup/share/trover_bringup/package.zsh'
[9.194s] Level 1:colcon.colcon_core.environment:create_file_with_runtime_dependencies(/home/elizabeth/MREN203_Trover/install/trover_bringup/share/colcon-core/packages/trover_bringup)
[10.219s] DEBUG:colcon.colcon_parallel_executor.executor.parallel:closing loop
[10.223s] DEBUG:colcon.colcon_parallel_executor.executor.parallel:loop closed
[10.223s] DEBUG:colcon.colcon_parallel_executor.executor.parallel:run_until_complete finished with '1'
[10.223s] DEBUG:colcon.colcon_core.event_reactor:joining thread
[10.245s] INFO:colcon.colcon_core.plugin_system:Skipping extension 'colcon_notification.desktop_notification.terminal_notifier': Not used on non-Darwin systems
[10.245s] INFO:colcon.colcon_core.plugin_system:Skipping extension 'colcon_notification.desktop_notification.win32': Not used on non-Windows systems
[10.245s] INFO:colcon.colcon_notification.desktop_notification:Sending desktop notification using 'notify2'
[10.300s] DEBUG:colcon.colcon_core.event_reactor:joined thread
[10.301s] INFO:colcon.colcon_core.shell:Creating prefix script '/home/elizabeth/MREN203_Trover/install/local_setup.ps1'
[10.305s] INFO:colcon.colcon_core.shell:Creating prefix util module '/home/elizabeth/MREN203_Trover/install/_local_setup_util_ps1.py'
[10.309s] INFO:colcon.colcon_core.shell:Creating prefix chain script '/home/elizabeth/MREN203_Trover/install/setup.ps1'
[10.313s] INFO:colcon.colcon_core.shell:Creating prefix script '/home/elizabeth/MREN203_Trover/install/local_setup.sh'
[10.316s] INFO:colcon.colcon_core.shell:Creating prefix util module '/home/elizabeth/MREN203_Trover/install/_local_setup_util_sh.py'
[10.320s] INFO:colcon.colcon_core.shell:Creating prefix chain script '/home/elizabeth/MREN203_Trover/install/setup.sh'
[10.323s] INFO:colcon.colcon_core.shell:Creating prefix script '/home/elizabeth/MREN203_Trover/install/local_setup.bash'
[10.325s] INFO:colcon.colcon_core.shell:Creating prefix chain script '/home/elizabeth/MREN203_Trover/install/setup.bash'
[10.329s] INFO:colcon.colcon_core.shell:Creating prefix script '/home/elizabeth/MREN203_Trover/install/local_setup.zsh'
[10.332s] INFO:colcon.colcon_core.shell:Creating prefix chain script '/home/elizabeth/MREN203_Trover/install/setup.zsh'
