[0.913s] Invoking command in '/home/noah/mren_ws/src/trover_state_estimation': PYTHONPATH=/home/noah/mren_ws/build/trover_state_estimation/prefix_override:/usr/lib/python3/dist-packages/colcon_core/task/python/colcon_distutils_commands:/home/noah/mren_ws/install/trover_state_estimation/lib/python3.10/site-packages:${PYTHONPATH} /usr/bin/python3 -W ignore:setup.py install is deprecated -W ignore:easy_install command is deprecated setup.py egg_info --egg-base ../../build/trover_state_estimation build --build-base /home/noah/mren_ws/build/trover_state_estimation/build install --record /home/noah/mren_ws/build/trover_state_estimation/install.log --single-version-externally-managed install_data
[1.060s] running egg_info
[1.061s] creating ../../build/trover_state_estimation/trover_state_estimation.egg-info
[1.061s] writing ../../build/trover_state_estimation/trover_state_estimation.egg-info/PKG-INFO
[1.062s] writing dependency_links to ../../build/trover_state_estimation/trover_state_estimation.egg-info/dependency_links.txt
[1.062s] writing entry points to ../../build/trover_state_estimation/trover_state_estimation.egg-info/entry_points.txt
[1.063s] writing requirements to ../../build/trover_state_estimation/trover_state_estimation.egg-info/requires.txt
[1.063s] writing top-level names to ../../build/trover_state_estimation/trover_state_estimation.egg-info/top_level.txt
[1.067s] writing manifest file '../../build/trover_state_estimation/trover_state_estimation.egg-info/SOURCES.txt'
[1.067s] reading manifest file '../../build/trover_state_estimation/trover_state_estimation.egg-info/SOURCES.txt'
[1.067s] writing manifest file '../../build/trover_state_estimation/trover_state_estimation.egg-info/SOURCES.txt'
[1.067s] running build
[1.068s] running build_py
[1.068s] creating /home/noah/mren_ws/build/trover_state_estimation/build
[1.068s] creating /home/noah/mren_ws/build/trover_state_estimation/build/lib
[1.068s] creating /home/noah/mren_ws/build/trover_state_estimation/build/lib/trover_state_estimation
[1.068s] copying trover_state_estimation/__init__.py -> /home/noah/mren_ws/build/trover_state_estimation/build/lib/trover_state_estimation
[1.068s] running install
[1.068s] running install_lib
[1.068s] creating /home/noah/mren_ws/install/trover_state_estimation/lib/python3.10/site-packages/trover_state_estimation
[1.068s] copying /home/noah/mren_ws/build/trover_state_estimation/build/lib/trover_state_estimation/__init__.py -> /home/noah/mren_ws/install/trover_state_estimation/lib/python3.10/site-packages/trover_state_estimation
[1.068s] byte-compiling /home/noah/mren_ws/install/trover_state_estimation/lib/python3.10/site-packages/trover_state_estimation/__init__.py to __init__.cpython-310.pyc
[1.068s] running install_data
[1.068s] creating /home/noah/mren_ws/install/trover_state_estimation/share/trover_state_estimation/maps
[1.068s] running install_egg_info
[1.068s] Copying ../../build/trover_state_estimation/trover_state_estimation.egg-info to /home/noah/mren_ws/install/trover_state_estimation/lib/python3.10/site-packages/trover_state_estimation-0.0.0-py3.10.egg-info
[1.068s] running install_scripts
[1.081s] writing list of installed files to '/home/noah/mren_ws/build/trover_state_estimation/install.log'
[1.100s] Invoked command in '/home/noah/mren_ws/src/trover_state_estimation' returned '0': PYTHONPATH=/home/noah/mren_ws/build/trover_state_estimation/prefix_override:/usr/lib/python3/dist-packages/colcon_core/task/python/colcon_distutils_commands:/home/noah/mren_ws/install/trover_state_estimation/lib/python3.10/site-packages:${PYTHONPATH} /usr/bin/python3 -W ignore:setup.py install is deprecated -W ignore:easy_install command is deprecated setup.py egg_info --egg-base ../../build/trover_state_estimation build --build-base /home/noah/mren_ws/build/trover_state_estimation/build install --record /home/noah/mren_ws/build/trover_state_estimation/install.log --single-version-externally-managed install_data
