[2.673s] Invoking command in '/home/elizabeth/MREN203_Trover/src/trover_state_estimation': PYTHONPATH=/home/elizabeth/MREN203_Trover/build/trover_state_estimation/prefix_override:/usr/lib/python3/dist-packages/colcon_core/task/python/colcon_distutils_commands:/home/elizabeth/MREN203_Trover/install/trover_state_estimation/lib/python3.10/site-packages:${PYTHONPATH} /usr/bin/python3 -W ignore:setup.py install is deprecated -W ignore:easy_install command is deprecated setup.py egg_info --egg-base ../../build/trover_state_estimation build --build-base /home/elizabeth/MREN203_Trover/build/trover_state_estimation/build install --record /home/elizabeth/MREN203_Trover/build/trover_state_estimation/install.log --single-version-externally-managed install_data
[3.181s] running egg_info
[3.241s] writing ../../build/trover_state_estimation/trover_state_estimation.egg-info/PKG-INFO
[3.253s] writing dependency_links to ../../build/trover_state_estimation/trover_state_estimation.egg-info/dependency_links.txt
[3.260s] writing entry points to ../../build/trover_state_estimation/trover_state_estimation.egg-info/entry_points.txt
[3.260s] writing requirements to ../../build/trover_state_estimation/trover_state_estimation.egg-info/requires.txt
[3.267s] writing top-level names to ../../build/trover_state_estimation/trover_state_estimation.egg-info/top_level.txt
[3.267s] reading manifest file '../../build/trover_state_estimation/trover_state_estimation.egg-info/SOURCES.txt'
[3.267s] writing manifest file '../../build/trover_state_estimation/trover_state_estimation.egg-info/SOURCES.txt'
[3.267s] running build
[3.267s] running build_py
[3.267s] running install
[3.307s] running install_lib
[3.307s] running install_data
[3.329s] running install_egg_info
[3.330s] removing '/home/elizabeth/MREN203_Trover/install/trover_state_estimation/lib/python3.10/site-packages/trover_state_estimation-0.0.0-py3.10.egg-info' (and everything under it)
[3.330s] Copying ../../build/trover_state_estimation/trover_state_estimation.egg-info to /home/elizabeth/MREN203_Trover/install/trover_state_estimation/lib/python3.10/site-packages/trover_state_estimation-0.0.0-py3.10.egg-info
[3.330s] running install_scripts
[3.385s] writing list of installed files to '/home/elizabeth/MREN203_Trover/build/trover_state_estimation/install.log'
[3.516s] Invoked command in '/home/elizabeth/MREN203_Trover/src/trover_state_estimation' returned '0': PYTHONPATH=/home/elizabeth/MREN203_Trover/build/trover_state_estimation/prefix_override:/usr/lib/python3/dist-packages/colcon_core/task/python/colcon_distutils_commands:/home/elizabeth/MREN203_Trover/install/trover_state_estimation/lib/python3.10/site-packages:${PYTHONPATH} /usr/bin/python3 -W ignore:setup.py install is deprecated -W ignore:easy_install command is deprecated setup.py egg_info --egg-base ../../build/trover_state_estimation build --build-base /home/elizabeth/MREN203_Trover/build/trover_state_estimation/build install --record /home/elizabeth/MREN203_Trover/build/trover_state_estimation/install.log --single-version-externally-managed install_data
