[3.385s] Invoking command in '/home/elizabeth/MREN203_Trover/src/trover_navigation': PYTHONPATH=/home/elizabeth/MREN203_Trover/build/trover_navigation/prefix_override:/usr/lib/python3/dist-packages/colcon_core/task/python/colcon_distutils_commands:/home/elizabeth/MREN203_Trover/install/trover_navigation/lib/python3.10/site-packages:${PYTHONPATH} /usr/bin/python3 -W ignore:setup.py install is deprecated -W ignore:easy_install command is deprecated setup.py egg_info --egg-base ../../build/trover_navigation build --build-base /home/elizabeth/MREN203_Trover/build/trover_navigation/build install --record /home/elizabeth/MREN203_Trover/build/trover_navigation/install.log --single-version-externally-managed install_data
[4.001s] running egg_info
[4.004s] writing ../../build/trover_navigation/trover_navigation.egg-info/PKG-INFO
[4.100s] writing dependency_links to ../../build/trover_navigation/trover_navigation.egg-info/dependency_links.txt
[4.182s] writing entry points to ../../build/trover_navigation/trover_navigation.egg-info/entry_points.txt
[4.197s] writing requirements to ../../build/trover_navigation/trover_navigation.egg-info/requires.txt
[4.204s] writing top-level names to ../../build/trover_navigation/trover_navigation.egg-info/top_level.txt
[4.209s] reading manifest file '../../build/trover_navigation/trover_navigation.egg-info/SOURCES.txt'
[4.211s] writing manifest file '../../build/trover_navigation/trover_navigation.egg-info/SOURCES.txt'
[4.213s] running build
[4.215s] running build_py
[4.216s] running install
[4.217s] running install_lib
[4.230s] running install_data
[4.230s] copying launch/navigation.launch.py -> /home/elizabeth/MREN203_Trover/install/trover_navigation/share/trover_navigation/launch
[4.234s] copying config/bt_navigator.yaml -> /home/elizabeth/MREN203_Trover/install/trover_navigation/share/trover_navigation/config
[4.236s] copying config/nav2_params.yaml -> /home/elizabeth/MREN203_Trover/install/trover_navigation/share/trover_navigation/config
[4.236s] running install_egg_info
[4.242s] removing '/home/elizabeth/MREN203_Trover/install/trover_navigation/lib/python3.10/site-packages/trover_navigation-0.0.0-py3.10.egg-info' (and everything under it)
[4.242s] Copying ../../build/trover_navigation/trover_navigation.egg-info to /home/elizabeth/MREN203_Trover/install/trover_navigation/lib/python3.10/site-packages/trover_navigation-0.0.0-py3.10.egg-info
[4.258s] running install_scripts
[4.450s] writing list of installed files to '/home/elizabeth/MREN203_Trover/build/trover_navigation/install.log'
[4.474s] Invoked command in '/home/elizabeth/MREN203_Trover/src/trover_navigation' returned '0': PYTHONPATH=/home/elizabeth/MREN203_Trover/build/trover_navigation/prefix_override:/usr/lib/python3/dist-packages/colcon_core/task/python/colcon_distutils_commands:/home/elizabeth/MREN203_Trover/install/trover_navigation/lib/python3.10/site-packages:${PYTHONPATH} /usr/bin/python3 -W ignore:setup.py install is deprecated -W ignore:easy_install command is deprecated setup.py egg_info --egg-base ../../build/trover_navigation build --build-base /home/elizabeth/MREN203_Trover/build/trover_navigation/build install --record /home/elizabeth/MREN203_Trover/build/trover_navigation/install.log --single-version-externally-managed install_data
