[0.372s] DEBUG:colcon:Command line arguments: ['/usr/bin/colcon', 'build']
[0.372s] DEBUG:colcon:Parsed command line arguments: Namespace(log_base=None, log_level=None, verb_name='build', build_base='build', install_base='install', merge_install=False, symlink_install=False, test_result_base=None, continue_on_error=False, executor='parallel', parallel_workers=2, event_handlers=None, ignore_user_meta=False, metas=['./colcon.meta'], base_paths=['.'], packages_ignore=None, packages_ignore_regex=None, paths=None, packages_up_to=None, packages_up_to_regex=None, packages_above=None, packages_above_and_dependencies=None, packages_above_depth=None, packages_select_by_dep=None, packages_skip_by_dep=None, packages_skip_up_to=None, packages_select_build_failed=False, packages_skip_build_finished=False, packages_select_test_failures=False, packages_skip_test_passed=False, packages_select=None, packages_skip=None, packages_select_regex=None, packages_skip_regex=None, packages_start=None, packages_end=None, allow_overriding=[], cmake_args=None, cmake_target=None, cmake_target_skip_unavailable=False, cmake_clean_cache=False, cmake_clean_first=False, cmake_force_configure=False, ament_cmake_args=None, catkin_cmake_args=None, catkin_skip_building_tests=False, verb_parser=<colcon_defaults.argument_parser.defaults.DefaultArgumentsDecorator object at 0x772c8312f4f0>, verb_extension=<colcon_core.verb.build.BuildVerb object at 0x772c8312ef20>, main=<bound method BuildVerb.main of <colcon_core.verb.build.BuildVerb object at 0x772c8312ef20>>)
[1.137s] Level 1:colcon.colcon_core.package_discovery:discover_packages(colcon_meta) check parameters
[1.137s] Level 1:colcon.colcon_core.package_discovery:discover_packages(recursive) check parameters
[1.137s] Level 1:colcon.colcon_core.package_discovery:discover_packages(ignore) check parameters
[1.138s] Level 1:colcon.colcon_core.package_discovery:discover_packages(path) check parameters
[1.138s] Level 1:colcon.colcon_core.package_discovery:discover_packages(colcon_meta) discover
[1.138s] Level 1:colcon.colcon_core.package_discovery:discover_packages(recursive) discover
[1.138s] INFO:colcon.colcon_core.package_discovery:Crawling recursively for packages in '/home/elizabeth/MREN203_Trover'
[1.138s] Level 1:colcon.colcon_core.package_identification:_identify(.) by extensions ['ignore', 'ignore_ament_install']
[1.138s] Level 1:colcon.colcon_core.package_identification:_identify(.) by extension 'ignore'
[1.138s] Level 1:colcon.colcon_core.package_identification:_identify(.) by extension 'ignore_ament_install'
[1.138s] Level 1:colcon.colcon_core.package_identification:_identify(.) by extensions ['colcon_pkg']
[1.138s] Level 1:colcon.colcon_core.package_identification:_identify(.) by extension 'colcon_pkg'
[1.139s] Level 1:colcon.colcon_core.package_identification:_identify(.) by extensions ['colcon_meta']
[1.139s] Level 1:colcon.colcon_core.package_identification:_identify(.) by extension 'colcon_meta'
[1.139s] Level 1:colcon.colcon_core.package_identification:_identify(.) by extensions ['ros']
[1.139s] Level 1:colcon.colcon_core.package_identification:_identify(.) by extension 'ros'
[1.221s] Level 1:colcon.colcon_core.package_identification:_identify(.) by extensions ['cmake', 'python']
[1.223s] Level 1:colcon.colcon_core.package_identification:_identify(.) by extension 'cmake'
[1.223s] Level 1:colcon.colcon_core.package_identification:_identify(.) by extension 'python'
[1.224s] Level 1:colcon.colcon_core.package_identification:_identify(.) by extensions ['python_setup_py']
[1.224s] Level 1:colcon.colcon_core.package_identification:_identify(.) by extension 'python_setup_py'
[1.225s] Level 1:colcon.colcon_core.package_identification:_identify(MREN203_week4activities) by extensions ['ignore', 'ignore_ament_install']
[1.226s] Level 1:colcon.colcon_core.package_identification:_identify(MREN203_week4activities) by extension 'ignore'
[1.226s] Level 1:colcon.colcon_core.package_identification:_identify(MREN203_week4activities) by extension 'ignore_ament_install'
[1.227s] Level 1:colcon.colcon_core.package_identification:_identify(MREN203_week4activities) by extensions ['colcon_pkg']
[1.227s] Level 1:colcon.colcon_core.package_identification:_identify(MREN203_week4activities) by extension 'colcon_pkg'
[1.228s] Level 1:colcon.colcon_core.package_identification:_identify(MREN203_week4activities) by extensions ['colcon_meta']
[1.228s] Level 1:colcon.colcon_core.package_identification:_identify(MREN203_week4activities) by extension 'colcon_meta'
[1.228s] Level 1:colcon.colcon_core.package_identification:_identify(MREN203_week4activities) by extensions ['ros']
[1.228s] Level 1:colcon.colcon_core.package_identification:_identify(MREN203_week4activities) by extension 'ros'
[1.228s] Level 1:colcon.colcon_core.package_identification:_identify(MREN203_week4activities) by extensions ['cmake', 'python']
[1.228s] Level 1:colcon.colcon_core.package_identification:_identify(MREN203_week4activities) by extension 'cmake'
[1.228s] Level 1:colcon.colcon_core.package_identification:_identify(MREN203_week4activities) by extension 'python'
[1.228s] Level 1:colcon.colcon_core.package_identification:_identify(MREN203_week4activities) by extensions ['python_setup_py']
[1.228s] Level 1:colcon.colcon_core.package_identification:_identify(MREN203_week4activities) by extension 'python_setup_py'
[1.231s] Level 1:colcon.colcon_core.package_identification:_identify(MREN203_week4activities/trover_controls) by extensions ['ignore', 'ignore_ament_install']
[1.231s] Level 1:colcon.colcon_core.package_identification:_identify(MREN203_week4activities/trover_controls) by extension 'ignore'
[1.232s] Level 1:colcon.colcon_core.package_identification:_identify(MREN203_week4activities/trover_controls) by extension 'ignore_ament_install'
[1.232s] Level 1:colcon.colcon_core.package_identification:_identify(MREN203_week4activities/trover_controls) by extensions ['colcon_pkg']
[1.232s] Level 1:colcon.colcon_core.package_identification:_identify(MREN203_week4activities/trover_controls) by extension 'colcon_pkg'
[1.232s] Level 1:colcon.colcon_core.package_identification:_identify(MREN203_week4activities/trover_controls) by extensions ['colcon_meta']
[1.232s] Level 1:colcon.colcon_core.package_identification:_identify(MREN203_week4activities/trover_controls) by extension 'colcon_meta'
[1.232s] Level 1:colcon.colcon_core.package_identification:_identify(MREN203_week4activities/trover_controls) by extensions ['ros']
[1.232s] Level 1:colcon.colcon_core.package_identification:_identify(MREN203_week4activities/trover_controls) by extension 'ros'
[1.232s] Level 1:colcon.colcon_core.package_identification:_identify(MREN203_week4activities/trover_controls) by extensions ['cmake', 'python']
[1.232s] Level 1:colcon.colcon_core.package_identification:_identify(MREN203_week4activities/trover_controls) by extension 'cmake'
[1.232s] Level 1:colcon.colcon_core.package_identification:_identify(MREN203_week4activities/trover_controls) by extension 'python'
[1.232s] Level 1:colcon.colcon_core.package_identification:_identify(MREN203_week4activities/trover_controls) by extensions ['python_setup_py']
[1.232s] Level 1:colcon.colcon_core.package_identification:_identify(MREN203_week4activities/trover_controls) by extension 'python_setup_py'
[1.236s] Level 1:colcon.colcon_core.package_identification:_identify(MREN203_week4activities/trover_controls/include) by extensions ['ignore', 'ignore_ament_install']
[1.238s] Level 1:colcon.colcon_core.package_identification:_identify(MREN203_week4activities/trover_controls/include) by extension 'ignore'
[1.239s] Level 1:colcon.colcon_core.package_identification:_identify(MREN203_week4activities/trover_controls/include) by extension 'ignore_ament_install'
[1.239s] Level 1:colcon.colcon_core.package_identification:_identify(MREN203_week4activities/trover_controls/include) by extensions ['colcon_pkg']
[1.239s] Level 1:colcon.colcon_core.package_identification:_identify(MREN203_week4activities/trover_controls/include) by extension 'colcon_pkg'
[1.239s] Level 1:colcon.colcon_core.package_identification:_identify(MREN203_week4activities/trover_controls/include) by extensions ['colcon_meta']
[1.239s] Level 1:colcon.colcon_core.package_identification:_identify(MREN203_week4activities/trover_controls/include) by extension 'colcon_meta'
[1.240s] Level 1:colcon.colcon_core.package_identification:_identify(MREN203_week4activities/trover_controls/include) by extensions ['ros']
[1.240s] Level 1:colcon.colcon_core.package_identification:_identify(MREN203_week4activities/trover_controls/include) by extension 'ros'
[1.240s] Level 1:colcon.colcon_core.package_identification:_identify(MREN203_week4activities/trover_controls/include) by extensions ['cmake', 'python']
[1.240s] Level 1:colcon.colcon_core.package_identification:_identify(MREN203_week4activities/trover_controls/include) by extension 'cmake'
[1.240s] Level 1:colcon.colcon_core.package_identification:_identify(MREN203_week4activities/trover_controls/include) by extension 'python'
[1.240s] Level 1:colcon.colcon_core.package_identification:_identify(MREN203_week4activities/trover_controls/include) by extensions ['python_setup_py']
[1.240s] Level 1:colcon.colcon_core.package_identification:_identify(MREN203_week4activities/trover_controls/include) by extension 'python_setup_py'
[1.243s] Level 1:colcon.colcon_core.package_identification:_identify(MREN203_week4activities/trover_controls/src) by extensions ['ignore', 'ignore_ament_install']
[1.243s] Level 1:colcon.colcon_core.package_identification:_identify(MREN203_week4activities/trover_controls/src) by extension 'ignore'
[1.244s] Level 1:colcon.colcon_core.package_identification:_identify(MREN203_week4activities/trover_controls/src) by extension 'ignore_ament_install'
[1.244s] Level 1:colcon.colcon_core.package_identification:_identify(MREN203_week4activities/trover_controls/src) by extensions ['colcon_pkg']
[1.244s] Level 1:colcon.colcon_core.package_identification:_identify(MREN203_week4activities/trover_controls/src) by extension 'colcon_pkg'
[1.244s] Level 1:colcon.colcon_core.package_identification:_identify(MREN203_week4activities/trover_controls/src) by extensions ['colcon_meta']
[1.244s] Level 1:colcon.colcon_core.package_identification:_identify(MREN203_week4activities/trover_controls/src) by extension 'colcon_meta'
[1.244s] Level 1:colcon.colcon_core.package_identification:_identify(MREN203_week4activities/trover_controls/src) by extensions ['ros']
[1.244s] Level 1:colcon.colcon_core.package_identification:_identify(MREN203_week4activities/trover_controls/src) by extension 'ros'
[1.244s] Level 1:colcon.colcon_core.package_identification:_identify(MREN203_week4activities/trover_controls/src) by extensions ['cmake', 'python']
[1.245s] Level 1:colcon.colcon_core.package_identification:_identify(MREN203_week4activities/trover_controls/src) by extension 'cmake'
[1.245s] Level 1:colcon.colcon_core.package_identification:_identify(MREN203_week4activities/trover_controls/src) by extension 'python'
[1.245s] Level 1:colcon.colcon_core.package_identification:_identify(MREN203_week4activities/trover_controls/src) by extensions ['python_setup_py']
[1.245s] Level 1:colcon.colcon_core.package_identification:_identify(MREN203_week4activities/trover_controls/src) by extension 'python_setup_py'
[1.247s] Level 1:colcon.colcon_core.package_identification:_identify(MREN203_week4activities/trover_controls/test) by extensions ['ignore', 'ignore_ament_install']
[1.247s] Level 1:colcon.colcon_core.package_identification:_identify(MREN203_week4activities/trover_controls/test) by extension 'ignore'
[1.248s] Level 1:colcon.colcon_core.package_identification:_identify(MREN203_week4activities/trover_controls/test) by extension 'ignore_ament_install'
[1.248s] Level 1:colcon.colcon_core.package_identification:_identify(MREN203_week4activities/trover_controls/test) by extensions ['colcon_pkg']
[1.248s] Level 1:colcon.colcon_core.package_identification:_identify(MREN203_week4activities/trover_controls/test) by extension 'colcon_pkg'
[1.248s] Level 1:colcon.colcon_core.package_identification:_identify(MREN203_week4activities/trover_controls/test) by extensions ['colcon_meta']
[1.248s] Level 1:colcon.colcon_core.package_identification:_identify(MREN203_week4activities/trover_controls/test) by extension 'colcon_meta'
[1.248s] Level 1:colcon.colcon_core.package_identification:_identify(MREN203_week4activities/trover_controls/test) by extensions ['ros']
[1.248s] Level 1:colcon.colcon_core.package_identification:_identify(MREN203_week4activities/trover_controls/test) by extension 'ros'
[1.248s] Level 1:colcon.colcon_core.package_identification:_identify(MREN203_week4activities/trover_controls/test) by extensions ['cmake', 'python']
[1.249s] Level 1:colcon.colcon_core.package_identification:_identify(MREN203_week4activities/trover_controls/test) by extension 'cmake'
[1.249s] Level 1:colcon.colcon_core.package_identification:_identify(MREN203_week4activities/trover_controls/test) by extension 'python'
[1.249s] Level 1:colcon.colcon_core.package_identification:_identify(MREN203_week4activities/trover_controls/test) by extensions ['python_setup_py']
[1.249s] Level 1:colcon.colcon_core.package_identification:_identify(MREN203_week4activities/trover_controls/test) by extension 'python_setup_py'
[1.252s] Level 1:colcon.colcon_core.package_identification:_identify(MREN203_week4activities/trover_controls/unused) by extensions ['ignore', 'ignore_ament_install']
[1.253s] Level 1:colcon.colcon_core.package_identification:_identify(MREN203_week4activities/trover_controls/unused) by extension 'ignore'
[1.253s] Level 1:colcon.colcon_core.package_identification:_identify(MREN203_week4activities/trover_controls/unused) by extension 'ignore_ament_install'
[1.253s] Level 1:colcon.colcon_core.package_identification:_identify(MREN203_week4activities/trover_controls/unused) by extensions ['colcon_pkg']
[1.253s] Level 1:colcon.colcon_core.package_identification:_identify(MREN203_week4activities/trover_controls/unused) by extension 'colcon_pkg'
[1.253s] Level 1:colcon.colcon_core.package_identification:_identify(MREN203_week4activities/trover_controls/unused) by extensions ['colcon_meta']
[1.253s] Level 1:colcon.colcon_core.package_identification:_identify(MREN203_week4activities/trover_controls/unused) by extension 'colcon_meta'
[1.253s] Level 1:colcon.colcon_core.package_identification:_identify(MREN203_week4activities/trover_controls/unused) by extensions ['ros']
[1.253s] Level 1:colcon.colcon_core.package_identification:_identify(MREN203_week4activities/trover_controls/unused) by extension 'ros'
[1.253s] Level 1:colcon.colcon_core.package_identification:_identify(MREN203_week4activities/trover_controls/unused) by extensions ['cmake', 'python']
[1.254s] Level 1:colcon.colcon_core.package_identification:_identify(MREN203_week4activities/trover_controls/unused) by extension 'cmake'
[1.254s] Level 1:colcon.colcon_core.package_identification:_identify(MREN203_week4activities/trover_controls/unused) by extension 'python'
[1.254s] Level 1:colcon.colcon_core.package_identification:_identify(MREN203_week4activities/trover_controls/unused) by extensions ['python_setup_py']
[1.254s] Level 1:colcon.colcon_core.package_identification:_identify(MREN203_week4activities/trover_controls/unused) by extension 'python_setup_py'
[1.254s] Level 1:colcon.colcon_core.package_identification:_identify(build) by extensions ['ignore', 'ignore_ament_install']
[1.254s] Level 1:colcon.colcon_core.package_identification:_identify(build) by extension 'ignore'
[1.254s] Level 1:colcon.colcon_core.package_identification:_identify(build) ignored
[1.254s] Level 1:colcon.colcon_core.package_identification:_identify(install) by extensions ['ignore', 'ignore_ament_install']
[1.255s] Level 1:colcon.colcon_core.package_identification:_identify(install) by extension 'ignore'
[1.255s] Level 1:colcon.colcon_core.package_identification:_identify(install) ignored
[1.255s] Level 1:colcon.colcon_core.package_identification:_identify(log) by extensions ['ignore', 'ignore_ament_install']
[1.255s] Level 1:colcon.colcon_core.package_identification:_identify(log) by extension 'ignore'
[1.255s] Level 1:colcon.colcon_core.package_identification:_identify(log) ignored
[1.255s] Level 1:colcon.colcon_core.package_identification:_identify(src) by extensions ['ignore', 'ignore_ament_install']
[1.255s] Level 1:colcon.colcon_core.package_identification:_identify(src) by extension 'ignore'
[1.256s] Level 1:colcon.colcon_core.package_identification:_identify(src) by extension 'ignore_ament_install'
[1.256s] Level 1:colcon.colcon_core.package_identification:_identify(src) by extensions ['colcon_pkg']
[1.256s] Level 1:colcon.colcon_core.package_identification:_identify(src) by extension 'colcon_pkg'
[1.256s] Level 1:colcon.colcon_core.package_identification:_identify(src) by extensions ['colcon_meta']
[1.256s] Level 1:colcon.colcon_core.package_identification:_identify(src) by extension 'colcon_meta'
[1.256s] Level 1:colcon.colcon_core.package_identification:_identify(src) by extensions ['ros']
[1.256s] Level 1:colcon.colcon_core.package_identification:_identify(src) by extension 'ros'
[1.256s] Level 1:colcon.colcon_core.package_identification:_identify(src) by extensions ['cmake', 'python']
[1.256s] Level 1:colcon.colcon_core.package_identification:_identify(src) by extension 'cmake'
[1.256s] Level 1:colcon.colcon_core.package_identification:_identify(src) by extension 'python'
[1.257s] Level 1:colcon.colcon_core.package_identification:_identify(src) by extensions ['python_setup_py']
[1.257s] Level 1:colcon.colcon_core.package_identification:_identify(src) by extension 'python_setup_py'
[1.259s] Level 1:colcon.colcon_core.package_identification:_identify(src/trover_bringup) by extensions ['ignore', 'ignore_ament_install']
[1.260s] Level 1:colcon.colcon_core.package_identification:_identify(src/trover_bringup) by extension 'ignore'
[1.260s] Level 1:colcon.colcon_core.package_identification:_identify(src/trover_bringup) by extension 'ignore_ament_install'
[1.260s] Level 1:colcon.colcon_core.package_identification:_identify(src/trover_bringup) by extensions ['colcon_pkg']
[1.260s] Level 1:colcon.colcon_core.package_identification:_identify(src/trover_bringup) by extension 'colcon_pkg'
[1.260s] Level 1:colcon.colcon_core.package_identification:_identify(src/trover_bringup) by extensions ['colcon_meta']
[1.260s] Level 1:colcon.colcon_core.package_identification:_identify(src/trover_bringup) by extension 'colcon_meta'
[1.260s] Level 1:colcon.colcon_core.package_identification:_identify(src/trover_bringup) by extensions ['ros']
[1.260s] Level 1:colcon.colcon_core.package_identification:_identify(src/trover_bringup) by extension 'ros'
[1.276s] DEBUG:colcon.colcon_core.package_identification:Package 'src/trover_bringup' with type 'ros.ament_cmake' and name 'trover_bringup'
[1.279s] Level 1:colcon.colcon_core.package_identification:_identify(src/trover_communication) by extensions ['ignore', 'ignore_ament_install']
[1.280s] Level 1:colcon.colcon_core.package_identification:_identify(src/trover_communication) by extension 'ignore'
[1.280s] Level 1:colcon.colcon_core.package_identification:_identify(src/trover_communication) by extension 'ignore_ament_install'
[1.280s] Level 1:colcon.colcon_core.package_identification:_identify(src/trover_communication) by extensions ['colcon_pkg']
[1.280s] Level 1:colcon.colcon_core.package_identification:_identify(src/trover_communication) by extension 'colcon_pkg'
[1.280s] Level 1:colcon.colcon_core.package_identification:_identify(src/trover_communication) by extensions ['colcon_meta']
[1.280s] Level 1:colcon.colcon_core.package_identification:_identify(src/trover_communication) by extension 'colcon_meta'
[1.280s] Level 1:colcon.colcon_core.package_identification:_identify(src/trover_communication) by extensions ['ros']
[1.280s] Level 1:colcon.colcon_core.package_identification:_identify(src/trover_communication) by extension 'ros'
[1.284s] DEBUG:colcon.colcon_core.package_identification:Package 'src/trover_communication' with type 'ros.ament_python' and name 'trover_communication'
[1.287s] Level 1:colcon.colcon_core.package_identification:_identify(src/trover_description) by extensions ['ignore', 'ignore_ament_install']
[1.287s] Level 1:colcon.colcon_core.package_identification:_identify(src/trover_description) by extension 'ignore'
[1.289s] Level 1:colcon.colcon_core.package_identification:_identify(src/trover_description) by extension 'ignore_ament_install'
[1.289s] Level 1:colcon.colcon_core.package_identification:_identify(src/trover_description) by extensions ['colcon_pkg']
[1.290s] Level 1:colcon.colcon_core.package_identification:_identify(src/trover_description) by extension 'colcon_pkg'
[1.290s] Level 1:colcon.colcon_core.package_identification:_identify(src/trover_description) by extensions ['colcon_meta']
[1.290s] Level 1:colcon.colcon_core.package_identification:_identify(src/trover_description) by extension 'colcon_meta'
[1.290s] Level 1:colcon.colcon_core.package_identification:_identify(src/trover_description) by extensions ['ros']
[1.290s] Level 1:colcon.colcon_core.package_identification:_identify(src/trover_description) by extension 'ros'
[1.294s] DEBUG:colcon.colcon_core.package_identification:Package 'src/trover_description' with type 'ros.ament_cmake' and name 'trover_description'
[1.297s] Level 1:colcon.colcon_core.package_identification:_identify(src/trover_drivers) by extensions ['ignore', 'ignore_ament_install']
[1.297s] Level 1:colcon.colcon_core.package_identification:_identify(src/trover_drivers) by extension 'ignore'
[1.297s] Level 1:colcon.colcon_core.package_identification:_identify(src/trover_drivers) by extension 'ignore_ament_install'
[1.299s] Level 1:colcon.colcon_core.package_identification:_identify(src/trover_drivers) by extensions ['colcon_pkg']
[1.300s] Level 1:colcon.colcon_core.package_identification:_identify(src/trover_drivers) by extension 'colcon_pkg'
[1.300s] Level 1:colcon.colcon_core.package_identification:_identify(src/trover_drivers) by extensions ['colcon_meta']
[1.300s] Level 1:colcon.colcon_core.package_identification:_identify(src/trover_drivers) by extension 'colcon_meta'
[1.300s] Level 1:colcon.colcon_core.package_identification:_identify(src/trover_drivers) by extensions ['ros']
[1.300s] Level 1:colcon.colcon_core.package_identification:_identify(src/trover_drivers) by extension 'ros'
[1.306s] DEBUG:colcon.colcon_core.package_identification:Package 'src/trover_drivers' with type 'ros.ament_cmake' and name 'trover_drivers'
[1.308s] Level 1:colcon.colcon_core.package_identification:_identify(src/trover_navigation) by extensions ['ignore', 'ignore_ament_install']
[1.308s] Level 1:colcon.colcon_core.package_identification:_identify(src/trover_navigation) by extension 'ignore'
[1.309s] Level 1:colcon.colcon_core.package_identification:_identify(src/trover_navigation) by extension 'ignore_ament_install'
[1.309s] Level 1:colcon.colcon_core.package_identification:_identify(src/trover_navigation) by extensions ['colcon_pkg']
[1.309s] Level 1:colcon.colcon_core.package_identification:_identify(src/trover_navigation) by extension 'colcon_pkg'
[1.309s] Level 1:colcon.colcon_core.package_identification:_identify(src/trover_navigation) by extensions ['colcon_meta']
[1.309s] Level 1:colcon.colcon_core.package_identification:_identify(src/trover_navigation) by extension 'colcon_meta'
[1.309s] Level 1:colcon.colcon_core.package_identification:_identify(src/trover_navigation) by extensions ['ros']
[1.309s] Level 1:colcon.colcon_core.package_identification:_identify(src/trover_navigation) by extension 'ros'
[1.314s] DEBUG:colcon.colcon_core.package_identification:Package 'src/trover_navigation' with type 'ros.ament_python' and name 'trover_navigation'
[1.317s] Level 1:colcon.colcon_core.package_identification:_identify(src/trover_slam) by extensions ['ignore', 'ignore_ament_install']
[1.317s] Level 1:colcon.colcon_core.package_identification:_identify(src/trover_slam) by extension 'ignore'
[1.318s] Level 1:colcon.colcon_core.package_identification:_identify(src/trover_slam) by extension 'ignore_ament_install'
[1.318s] Level 1:colcon.colcon_core.package_identification:_identify(src/trover_slam) by extensions ['colcon_pkg']
[1.318s] Level 1:colcon.colcon_core.package_identification:_identify(src/trover_slam) by extension 'colcon_pkg'
[1.318s] Level 1:colcon.colcon_core.package_identification:_identify(src/trover_slam) by extensions ['colcon_meta']
[1.318s] Level 1:colcon.colcon_core.package_identification:_identify(src/trover_slam) by extension 'colcon_meta'
[1.319s] Level 1:colcon.colcon_core.package_identification:_identify(src/trover_slam) by extensions ['ros']
[1.319s] Level 1:colcon.colcon_core.package_identification:_identify(src/trover_slam) by extension 'ros'
[1.323s] DEBUG:colcon.colcon_core.package_identification:Package 'src/trover_slam' with type 'ros.ament_python' and name 'trover_slam'
[1.326s] Level 1:colcon.colcon_core.package_identification:_identify(src/trover_state_estimation) by extensions ['ignore', 'ignore_ament_install']
[1.326s] Level 1:colcon.colcon_core.package_identification:_identify(src/trover_state_estimation) by extension 'ignore'
[1.327s] Level 1:colcon.colcon_core.package_identification:_identify(src/trover_state_estimation) by extension 'ignore_ament_install'
[1.327s] Level 1:colcon.colcon_core.package_identification:_identify(src/trover_state_estimation) by extensions ['colcon_pkg']
[1.327s] Level 1:colcon.colcon_core.package_identification:_identify(src/trover_state_estimation) by extension 'colcon_pkg'
[1.327s] Level 1:colcon.colcon_core.package_identification:_identify(src/trover_state_estimation) by extensions ['colcon_meta']
[1.327s] Level 1:colcon.colcon_core.package_identification:_identify(src/trover_state_estimation) by extension 'colcon_meta'
[1.327s] Level 1:colcon.colcon_core.package_identification:_identify(src/trover_state_estimation) by extensions ['ros']
[1.327s] Level 1:colcon.colcon_core.package_identification:_identify(src/trover_state_estimation) by extension 'ros'
[1.331s] DEBUG:colcon.colcon_core.package_identification:Package 'src/trover_state_estimation' with type 'ros.ament_python' and name 'trover_state_estimation'
[1.331s] Level 1:colcon.colcon_core.package_discovery:discover_packages(recursive) using defaults
[1.331s] Level 1:colcon.colcon_core.package_discovery:discover_packages(ignore) discover
[1.331s] Level 1:colcon.colcon_core.package_discovery:discover_packages(ignore) using defaults
[1.331s] Level 1:colcon.colcon_core.package_discovery:discover_packages(path) discover
[1.331s] Level 1:colcon.colcon_core.package_discovery:discover_packages(path) using defaults
[1.544s] Level 1:colcon.colcon_core.package_discovery:discover_packages(prefix_path) check parameters
[1.544s] Level 1:colcon.colcon_core.package_discovery:discover_packages(prefix_path) discover
[1.569s] DEBUG:colcon.colcon_installed_package_information.package_discovery:Found 327 installed packages in /opt/ros/humble
[1.597s] Level 1:colcon.colcon_core.package_discovery:discover_packages(prefix_path) using defaults
[1.763s] Level 5:colcon.colcon_core.verb:set package 'trover_communication' build argument 'cmake_args' from command line to 'None'
[1.763s] Level 5:colcon.colcon_core.verb:set package 'trover_communication' build argument 'cmake_target' from command line to 'None'
[1.763s] Level 5:colcon.colcon_core.verb:set package 'trover_communication' build argument 'cmake_target_skip_unavailable' from command line to 'False'
[1.763s] Level 5:colcon.colcon_core.verb:set package 'trover_communication' build argument 'cmake_clean_cache' from command line to 'False'
[1.763s] Level 5:colcon.colcon_core.verb:set package 'trover_communication' build argument 'cmake_clean_first' from command line to 'False'
[1.763s] Level 5:colcon.colcon_core.verb:set package 'trover_communication' build argument 'cmake_force_configure' from command line to 'False'
[1.763s] Level 5:colcon.colcon_core.verb:set package 'trover_communication' build argument 'ament_cmake_args' from command line to 'None'
[1.763s] Level 5:colcon.colcon_core.verb:set package 'trover_communication' build argument 'catkin_cmake_args' from command line to 'None'
[1.763s] Level 5:colcon.colcon_core.verb:set package 'trover_communication' build argument 'catkin_skip_building_tests' from command line to 'False'
[1.764s] DEBUG:colcon.colcon_core.verb:Building package 'trover_communication' with the following arguments: {'ament_cmake_args': None, 'build_base': '/home/elizabeth/MREN203_Trover/build/trover_communication', 'catkin_cmake_args': None, 'catkin_skip_building_tests': False, 'cmake_args': None, 'cmake_clean_cache': False, 'cmake_clean_first': False, 'cmake_force_configure': False, 'cmake_target': None, 'cmake_target_skip_unavailable': False, 'install_base': '/home/elizabeth/MREN203_Trover/install/trover_communication', 'merge_install': False, 'path': '/home/elizabeth/MREN203_Trover/src/trover_communication', 'symlink_install': False, 'test_result_base': None}
[1.764s] Level 5:colcon.colcon_core.verb:set package 'trover_description' build argument 'cmake_args' from command line to 'None'
[1.764s] Level 5:colcon.colcon_core.verb:set package 'trover_description' build argument 'cmake_target' from command line to 'None'
[1.764s] Level 5:colcon.colcon_core.verb:set package 'trover_description' build argument 'cmake_target_skip_unavailable' from command line to 'False'
[1.765s] Level 5:colcon.colcon_core.verb:set package 'trover_description' build argument 'cmake_clean_cache' from command line to 'False'
[1.765s] Level 5:colcon.colcon_core.verb:set package 'trover_description' build argument 'cmake_clean_first' from command line to 'False'
[1.765s] Level 5:colcon.colcon_core.verb:set package 'trover_description' build argument 'cmake_force_configure' from command line to 'False'
[1.765s] Level 5:colcon.colcon_core.verb:set package 'trover_description' build argument 'ament_cmake_args' from command line to 'None'
[1.765s] Level 5:colcon.colcon_core.verb:set package 'trover_description' build argument 'catkin_cmake_args' from command line to 'None'
[1.765s] Level 5:colcon.colcon_core.verb:set package 'trover_description' build argument 'catkin_skip_building_tests' from command line to 'False'
[1.765s] DEBUG:colcon.colcon_core.verb:Building package 'trover_description' with the following arguments: {'ament_cmake_args': None, 'build_base': '/home/elizabeth/MREN203_Trover/build/trover_description', 'catkin_cmake_args': None, 'catkin_skip_building_tests': False, 'cmake_args': None, 'cmake_clean_cache': False, 'cmake_clean_first': False, 'cmake_force_configure': False, 'cmake_target': None, 'cmake_target_skip_unavailable': False, 'install_base': '/home/elizabeth/MREN203_Trover/install/trover_description', 'merge_install': False, 'path': '/home/elizabeth/MREN203_Trover/src/trover_description', 'symlink_install': False, 'test_result_base': None}
[1.766s] Level 5:colcon.colcon_core.verb:set package 'trover_drivers' build argument 'cmake_args' from command line to 'None'
[1.766s] Level 5:colcon.colcon_core.verb:set package 'trover_drivers' build argument 'cmake_target' from command line to 'None'
[1.766s] Level 5:colcon.colcon_core.verb:set package 'trover_drivers' build argument 'cmake_target_skip_unavailable' from command line to 'False'
[1.766s] Level 5:colcon.colcon_core.verb:set package 'trover_drivers' build argument 'cmake_clean_cache' from command line to 'False'
[1.766s] Level 5:colcon.colcon_core.verb:set package 'trover_drivers' build argument 'cmake_clean_first' from command line to 'False'
[1.766s] Level 5:colcon.colcon_core.verb:set package 'trover_drivers' build argument 'cmake_force_configure' from command line to 'False'
[1.766s] Level 5:colcon.colcon_core.verb:set package 'trover_drivers' build argument 'ament_cmake_args' from command line to 'None'
[1.766s] Level 5:colcon.colcon_core.verb:set package 'trover_drivers' build argument 'catkin_cmake_args' from command line to 'None'
[1.766s] Level 5:colcon.colcon_core.verb:set package 'trover_drivers' build argument 'catkin_skip_building_tests' from command line to 'False'
[1.766s] DEBUG:colcon.colcon_core.verb:Building package 'trover_drivers' with the following arguments: {'ament_cmake_args': None, 'build_base': '/home/elizabeth/MREN203_Trover/build/trover_drivers', 'catkin_cmake_args': None, 'catkin_skip_building_tests': False, 'cmake_args': None, 'cmake_clean_cache': False, 'cmake_clean_first': False, 'cmake_force_configure': False, 'cmake_target': None, 'cmake_target_skip_unavailable': False, 'install_base': '/home/elizabeth/MREN203_Trover/install/trover_drivers', 'merge_install': False, 'path': '/home/elizabeth/MREN203_Trover/src/trover_drivers', 'symlink_install': False, 'test_result_base': None}
[1.767s] Level 5:colcon.colcon_core.verb:set package 'trover_navigation' build argument 'cmake_args' from command line to 'None'
[1.767s] Level 5:colcon.colcon_core.verb:set package 'trover_navigation' build argument 'cmake_target' from command line to 'None'
[1.767s] Level 5:colcon.colcon_core.verb:set package 'trover_navigation' build argument 'cmake_target_skip_unavailable' from command line to 'False'
[1.767s] Level 5:colcon.colcon_core.verb:set package 'trover_navigation' build argument 'cmake_clean_cache' from command line to 'False'
[1.767s] Level 5:colcon.colcon_core.verb:set package 'trover_navigation' build argument 'cmake_clean_first' from command line to 'False'
[1.767s] Level 5:colcon.colcon_core.verb:set package 'trover_navigation' build argument 'cmake_force_configure' from command line to 'False'
[1.767s] Level 5:colcon.colcon_core.verb:set package 'trover_navigation' build argument 'ament_cmake_args' from command line to 'None'
[1.767s] Level 5:colcon.colcon_core.verb:set package 'trover_navigation' build argument 'catkin_cmake_args' from command line to 'None'
[1.767s] Level 5:colcon.colcon_core.verb:set package 'trover_navigation' build argument 'catkin_skip_building_tests' from command line to 'False'
[1.767s] DEBUG:colcon.colcon_core.verb:Building package 'trover_navigation' with the following arguments: {'ament_cmake_args': None, 'build_base': '/home/elizabeth/MREN203_Trover/build/trover_navigation', 'catkin_cmake_args': None, 'catkin_skip_building_tests': False, 'cmake_args': None, 'cmake_clean_cache': False, 'cmake_clean_first': False, 'cmake_force_configure': False, 'cmake_target': None, 'cmake_target_skip_unavailable': False, 'install_base': '/home/elizabeth/MREN203_Trover/install/trover_navigation', 'merge_install': False, 'path': '/home/elizabeth/MREN203_Trover/src/trover_navigation', 'symlink_install': False, 'test_result_base': None}
[1.768s] Level 5:colcon.colcon_core.verb:set package 'trover_slam' build argument 'cmake_args' from command line to 'None'
[1.768s] Level 5:colcon.colcon_core.verb:set package 'trover_slam' build argument 'cmake_target' from command line to 'None'
[1.768s] Level 5:colcon.colcon_core.verb:set package 'trover_slam' build argument 'cmake_target_skip_unavailable' from command line to 'False'
[1.768s] Level 5:colcon.colcon_core.verb:set package 'trover_slam' build argument 'cmake_clean_cache' from command line to 'False'
[1.768s] Level 5:colcon.colcon_core.verb:set package 'trover_slam' build argument 'cmake_clean_first' from command line to 'False'
[1.768s] Level 5:colcon.colcon_core.verb:set package 'trover_slam' build argument 'cmake_force_configure' from command line to 'False'
[1.768s] Level 5:colcon.colcon_core.verb:set package 'trover_slam' build argument 'ament_cmake_args' from command line to 'None'
[1.768s] Level 5:colcon.colcon_core.verb:set package 'trover_slam' build argument 'catkin_cmake_args' from command line to 'None'
[1.768s] Level 5:colcon.colcon_core.verb:set package 'trover_slam' build argument 'catkin_skip_building_tests' from command line to 'False'
[1.768s] DEBUG:colcon.colcon_core.verb:Building package 'trover_slam' with the following arguments: {'ament_cmake_args': None, 'build_base': '/home/elizabeth/MREN203_Trover/build/trover_slam', 'catkin_cmake_args': None, 'catkin_skip_building_tests': False, 'cmake_args': None, 'cmake_clean_cache': False, 'cmake_clean_first': False, 'cmake_force_configure': False, 'cmake_target': None, 'cmake_target_skip_unavailable': False, 'install_base': '/home/elizabeth/MREN203_Trover/install/trover_slam', 'merge_install': False, 'path': '/home/elizabeth/MREN203_Trover/src/trover_slam', 'symlink_install': False, 'test_result_base': None}
[1.769s] Level 5:colcon.colcon_core.verb:set package 'trover_state_estimation' build argument 'cmake_args' from command line to 'None'
[1.769s] Level 5:colcon.colcon_core.verb:set package 'trover_state_estimation' build argument 'cmake_target' from command line to 'None'
[1.769s] Level 5:colcon.colcon_core.verb:set package 'trover_state_estimation' build argument 'cmake_target_skip_unavailable' from command line to 'False'
[1.769s] Level 5:colcon.colcon_core.verb:set package 'trover_state_estimation' build argument 'cmake_clean_cache' from command line to 'False'
[1.769s] Level 5:colcon.colcon_core.verb:set package 'trover_state_estimation' build argument 'cmake_clean_first' from command line to 'False'
[1.769s] Level 5:colcon.colcon_core.verb:set package 'trover_state_estimation' build argument 'cmake_force_configure' from command line to 'False'
[1.769s] Level 5:colcon.colcon_core.verb:set package 'trover_state_estimation' build argument 'ament_cmake_args' from command line to 'None'
[1.769s] Level 5:colcon.colcon_core.verb:set package 'trover_state_estimation' build argument 'catkin_cmake_args' from command line to 'None'
[1.769s] Level 5:colcon.colcon_core.verb:set package 'trover_state_estimation' build argument 'catkin_skip_building_tests' from command line to 'False'
[1.769s] DEBUG:colcon.colcon_core.verb:Building package 'trover_state_estimation' with the following arguments: {'ament_cmake_args': None, 'build_base': '/home/elizabeth/MREN203_Trover/build/trover_state_estimation', 'catkin_cmake_args': None, 'catkin_skip_building_tests': False, 'cmake_args': None, 'cmake_clean_cache': False, 'cmake_clean_first': False, 'cmake_force_configure': False, 'cmake_target': None, 'cmake_target_skip_unavailable': False, 'install_base': '/home/elizabeth/MREN203_Trover/install/trover_state_estimation', 'merge_install': False, 'path': '/home/elizabeth/MREN203_Trover/src/trover_state_estimation', 'symlink_install': False, 'test_result_base': None}
[1.769s] Level 5:colcon.colcon_core.verb:set package 'trover_bringup' build argument 'cmake_args' from command line to 'None'
[1.769s] Level 5:colcon.colcon_core.verb:set package 'trover_bringup' build argument 'cmake_target' from command line to 'None'
[1.769s] Level 5:colcon.colcon_core.verb:set package 'trover_bringup' build argument 'cmake_target_skip_unavailable' from command line to 'False'
[1.770s] Level 5:colcon.colcon_core.verb:set package 'trover_bringup' build argument 'cmake_clean_cache' from command line to 'False'
[1.770s] Level 5:colcon.colcon_core.verb:set package 'trover_bringup' build argument 'cmake_clean_first' from command line to 'False'
[1.770s] Level 5:colcon.colcon_core.verb:set package 'trover_bringup' build argument 'cmake_force_configure' from command line to 'False'
[1.770s] Level 5:colcon.colcon_core.verb:set package 'trover_bringup' build argument 'ament_cmake_args' from command line to 'None'
[1.770s] Level 5:colcon.colcon_core.verb:set package 'trover_bringup' build argument 'catkin_cmake_args' from command line to 'None'
[1.770s] Level 5:colcon.colcon_core.verb:set package 'trover_bringup' build argument 'catkin_skip_building_tests' from command line to 'False'
[1.770s] DEBUG:colcon.colcon_core.verb:Building package 'trover_bringup' with the following arguments: {'ament_cmake_args': None, 'build_base': '/home/elizabeth/MREN203_Trover/build/trover_bringup', 'catkin_cmake_args': None, 'catkin_skip_building_tests': False, 'cmake_args': None, 'cmake_clean_cache': False, 'cmake_clean_first': False, 'cmake_force_configure': False, 'cmake_target': None, 'cmake_target_skip_unavailable': False, 'install_base': '/home/elizabeth/MREN203_Trover/install/trover_bringup', 'merge_install': False, 'path': '/home/elizabeth/MREN203_Trover/src/trover_bringup', 'symlink_install': False, 'test_result_base': None}
[1.770s] INFO:colcon.colcon_core.executor:Executing jobs using 'parallel' executor
[1.784s] DEBUG:colcon.colcon_parallel_executor.executor.parallel:run_until_complete
[1.785s] INFO:colcon.colcon_ros.task.ament_cmake.build:Building ROS package in '/home/elizabeth/MREN203_Trover/src/trover_description' with build type 'ament_cmake'
[1.787s] INFO:colcon.colcon_cmake.task.cmake.build:Building CMake package in '/home/elizabeth/MREN203_Trover/src/trover_description'
[1.840s] INFO:colcon.colcon_core.plugin_system:Skipping extension 'colcon_core.shell.bat': Not used on non-Windows systems
[1.841s] INFO:colcon.colcon_core.shell:Skip shell extension 'powershell' for command environment: Not usable outside of PowerShell
[1.841s] DEBUG:colcon.colcon_core.shell:Skip shell extension 'dsv' for command environment
[1.858s] INFO:colcon.colcon_ros.task.ament_python.build:Building ROS package in '/home/elizabeth/MREN203_Trover/src/trover_navigation' with build type 'ament_python'
[1.858s] Level 1:colcon.colcon_core.shell:create_environment_hook('trover_navigation', 'ament_prefix_path')
[1.859s] INFO:colcon.colcon_core.shell:Creating environment hook '/home/elizabeth/MREN203_Trover/install/trover_navigation/share/trover_navigation/hook/ament_prefix_path.ps1'
[1.877s] INFO:colcon.colcon_core.shell:Creating environment descriptor '/home/elizabeth/MREN203_Trover/install/trover_navigation/share/trover_navigation/hook/ament_prefix_path.dsv'
[1.884s] INFO:colcon.colcon_core.shell:Creating environment hook '/home/elizabeth/MREN203_Trover/install/trover_navigation/share/trover_navigation/hook/ament_prefix_path.sh'
[1.896s] INFO:colcon.colcon_core.shell:Skip shell extension 'powershell' for command environment: Not usable outside of PowerShell
[1.896s] DEBUG:colcon.colcon_core.shell:Skip shell extension 'dsv' for command environment
[1.949s] DEBUG:colcon.colcon_core.event_handler.log_command:Invoking command in '/home/elizabeth/MREN203_Trover/build/trover_description': CMAKE_PREFIX_PATH=/opt/ros/humble /usr/bin/cmake --build /home/elizabeth/MREN203_Trover/build/trover_description -- -j2 -l2
[2.977s] INFO:colcon.colcon_core.task.python.build:Building Python package in '/home/elizabeth/MREN203_Trover/src/trover_navigation'
[2.978s] INFO:colcon.colcon_core.shell:Skip shell extension 'powershell' for command environment: Not usable outside of PowerShell
[2.978s] DEBUG:colcon.colcon_core.shell:Skip shell extension 'dsv' for command environment
[2.995s] DEBUG:colcon.colcon_core.event_handler.log_command:Invoked command in '/home/elizabeth/MREN203_Trover/build/trover_description' returned '0': CMAKE_PREFIX_PATH=/opt/ros/humble /usr/bin/cmake --build /home/elizabeth/MREN203_Trover/build/trover_description -- -j2 -l2
[3.050s] DEBUG:colcon.colcon_core.event_handler.log_command:Invoking command in '/home/elizabeth/MREN203_Trover/build/trover_description': CMAKE_PREFIX_PATH=/opt/ros/humble /usr/bin/cmake --install /home/elizabeth/MREN203_Trover/build/trover_description
[5.163s] Level 1:colcon.colcon_core.environment:create_environment_scripts_only(trover_description)
[5.165s] DEBUG:colcon.colcon_core.event_handler.log_command:Invoked command in '/home/elizabeth/MREN203_Trover/build/trover_description' returned '0': CMAKE_PREFIX_PATH=/opt/ros/humble /usr/bin/cmake --install /home/elizabeth/MREN203_Trover/build/trover_description
[5.233s] Level 1:colcon.colcon_core.environment:checking '/home/elizabeth/MREN203_Trover/install/trover_description' for CMake module files
[5.235s] Level 1:colcon.colcon_core.environment:checking '/home/elizabeth/MREN203_Trover/install/trover_description' for CMake config files
[5.259s] Level 1:colcon.colcon_core.shell:create_environment_hook('trover_description', 'cmake_prefix_path')
[5.260s] INFO:colcon.colcon_core.shell:Creating environment hook '/home/elizabeth/MREN203_Trover/install/trover_description/share/trover_description/hook/cmake_prefix_path.ps1'
[5.266s] INFO:colcon.colcon_core.shell:Creating environment descriptor '/home/elizabeth/MREN203_Trover/install/trover_description/share/trover_description/hook/cmake_prefix_path.dsv'
[5.268s] INFO:colcon.colcon_core.shell:Creating environment hook '/home/elizabeth/MREN203_Trover/install/trover_description/share/trover_description/hook/cmake_prefix_path.sh'
[5.270s] Level 1:colcon.colcon_core.environment:checking '/home/elizabeth/MREN203_Trover/install/trover_description/bin'
[5.271s] Level 1:colcon.colcon_core.environment:checking '/home/elizabeth/MREN203_Trover/install/trover_description/lib/pkgconfig/trover_description.pc'
[5.271s] Level 1:colcon.colcon_core.environment:checking '/home/elizabeth/MREN203_Trover/install/trover_description/lib/python3.10/site-packages'
[5.272s] Level 1:colcon.colcon_core.environment:checking '/home/elizabeth/MREN203_Trover/install/trover_description/bin'
[5.273s] INFO:colcon.colcon_core.shell:Creating package script '/home/elizabeth/MREN203_Trover/install/trover_description/share/trover_description/package.ps1'
[5.280s] INFO:colcon.colcon_core.shell:Creating package descriptor '/home/elizabeth/MREN203_Trover/install/trover_description/share/trover_description/package.dsv'
[5.285s] INFO:colcon.colcon_core.shell:Creating package script '/home/elizabeth/MREN203_Trover/install/trover_description/share/trover_description/package.sh'
[5.295s] INFO:colcon.colcon_core.shell:Creating package script '/home/elizabeth/MREN203_Trover/install/trover_description/share/trover_description/package.bash'
[5.306s] INFO:colcon.colcon_core.shell:Creating package script '/home/elizabeth/MREN203_Trover/install/trover_description/share/trover_description/package.zsh'
[5.313s] Level 1:colcon.colcon_core.environment:create_file_with_runtime_dependencies(/home/elizabeth/MREN203_Trover/install/trover_description/share/colcon-core/packages/trover_description)
[5.321s] Level 1:colcon.colcon_core.environment:create_environment_scripts_only(trover_description)
[5.322s] Level 1:colcon.colcon_core.environment:checking '/home/elizabeth/MREN203_Trover/install/trover_description' for CMake module files
[5.322s] Level 1:colcon.colcon_core.environment:checking '/home/elizabeth/MREN203_Trover/install/trover_description' for CMake config files
[5.332s] Level 1:colcon.colcon_core.shell:create_environment_hook('trover_description', 'cmake_prefix_path')
[5.333s] INFO:colcon.colcon_core.shell:Creating environment hook '/home/elizabeth/MREN203_Trover/install/trover_description/share/trover_description/hook/cmake_prefix_path.ps1'
[5.334s] INFO:colcon.colcon_core.shell:Creating environment descriptor '/home/elizabeth/MREN203_Trover/install/trover_description/share/trover_description/hook/cmake_prefix_path.dsv'
[5.345s] INFO:colcon.colcon_core.shell:Creating environment hook '/home/elizabeth/MREN203_Trover/install/trover_description/share/trover_description/hook/cmake_prefix_path.sh'
[5.353s] Level 1:colcon.colcon_core.environment:checking '/home/elizabeth/MREN203_Trover/install/trover_description/bin'
[5.353s] Level 1:colcon.colcon_core.environment:checking '/home/elizabeth/MREN203_Trover/install/trover_description/lib/pkgconfig/trover_description.pc'
[5.354s] Level 1:colcon.colcon_core.environment:checking '/home/elizabeth/MREN203_Trover/install/trover_description/lib/python3.10/site-packages'
[5.355s] Level 1:colcon.colcon_core.environment:checking '/home/elizabeth/MREN203_Trover/install/trover_description/bin'
[5.355s] INFO:colcon.colcon_core.shell:Creating package script '/home/elizabeth/MREN203_Trover/install/trover_description/share/trover_description/package.ps1'
[5.359s] INFO:colcon.colcon_core.shell:Creating package descriptor '/home/elizabeth/MREN203_Trover/install/trover_description/share/trover_description/package.dsv'
[5.361s] INFO:colcon.colcon_core.shell:Creating package script '/home/elizabeth/MREN203_Trover/install/trover_description/share/trover_description/package.sh'
[5.363s] INFO:colcon.colcon_core.shell:Creating package script '/home/elizabeth/MREN203_Trover/install/trover_description/share/trover_description/package.bash'
[5.366s] INFO:colcon.colcon_core.shell:Creating package script '/home/elizabeth/MREN203_Trover/install/trover_description/share/trover_description/package.zsh'
[5.368s] Level 1:colcon.colcon_core.environment:create_file_with_runtime_dependencies(/home/elizabeth/MREN203_Trover/install/trover_description/share/colcon-core/packages/trover_description)
[5.382s] INFO:colcon.colcon_ros.task.ament_python.build:Building ROS package in '/home/elizabeth/MREN203_Trover/src/trover_slam' with build type 'ament_python'
[5.383s] Level 1:colcon.colcon_core.shell:create_environment_hook('trover_slam', 'ament_prefix_path')
[5.384s] INFO:colcon.colcon_core.shell:Creating environment hook '/home/elizabeth/MREN203_Trover/install/trover_slam/share/trover_slam/hook/ament_prefix_path.ps1'
[5.412s] INFO:colcon.colcon_core.shell:Creating environment descriptor '/home/elizabeth/MREN203_Trover/install/trover_slam/share/trover_slam/hook/ament_prefix_path.dsv'
[5.420s] INFO:colcon.colcon_core.shell:Creating environment hook '/home/elizabeth/MREN203_Trover/install/trover_slam/share/trover_slam/hook/ament_prefix_path.sh'
[5.425s] INFO:colcon.colcon_core.shell:Skip shell extension 'powershell' for command environment: Not usable outside of PowerShell
[5.425s] DEBUG:colcon.colcon_core.shell:Skip shell extension 'dsv' for command environment
[5.452s] DEBUG:colcon.colcon_core.event_handler.log_command:Invoking command in '/home/elizabeth/MREN203_Trover/src/trover_navigation': PYTHONPATH=/home/elizabeth/MREN203_Trover/build/trover_navigation/prefix_override:/usr/lib/python3/dist-packages/colcon_core/task/python/colcon_distutils_commands:/home/elizabeth/MREN203_Trover/install/trover_navigation/lib/python3.10/site-packages:${PYTHONPATH} /usr/bin/python3 -W ignore:setup.py install is deprecated -W ignore:easy_install command is deprecated setup.py egg_info --egg-base ../../build/trover_navigation build --build-base /home/elizabeth/MREN203_Trover/build/trover_navigation/build install --record /home/elizabeth/MREN203_Trover/build/trover_navigation/install.log --single-version-externally-managed install_data
[6.059s] INFO:colcon.colcon_core.task.python.build:Building Python package in '/home/elizabeth/MREN203_Trover/src/trover_slam'
[6.059s] INFO:colcon.colcon_core.shell:Skip shell extension 'powershell' for command environment: Not usable outside of PowerShell
[6.059s] DEBUG:colcon.colcon_core.shell:Skip shell extension 'dsv' for command environment
[6.662s] Level 1:colcon.colcon_core.environment:checking '/home/elizabeth/MREN203_Trover/install/trover_navigation' for CMake module files
[6.671s] DEBUG:colcon.colcon_core.event_handler.log_command:Invoked command in '/home/elizabeth/MREN203_Trover/src/trover_navigation' returned '0': PYTHONPATH=/home/elizabeth/MREN203_Trover/build/trover_navigation/prefix_override:/usr/lib/python3/dist-packages/colcon_core/task/python/colcon_distutils_commands:/home/elizabeth/MREN203_Trover/install/trover_navigation/lib/python3.10/site-packages:${PYTHONPATH} /usr/bin/python3 -W ignore:setup.py install is deprecated -W ignore:easy_install command is deprecated setup.py egg_info --egg-base ../../build/trover_navigation build --build-base /home/elizabeth/MREN203_Trover/build/trover_navigation/build install --record /home/elizabeth/MREN203_Trover/build/trover_navigation/install.log --single-version-externally-managed install_data
[6.672s] Level 1:colcon.colcon_core.environment:checking '/home/elizabeth/MREN203_Trover/install/trover_navigation' for CMake config files
[6.695s] Level 1:colcon.colcon_core.environment:checking '/home/elizabeth/MREN203_Trover/install/trover_navigation/lib'
[6.696s] Level 1:colcon.colcon_core.environment:checking '/home/elizabeth/MREN203_Trover/install/trover_navigation/bin'
[6.696s] Level 1:colcon.colcon_core.environment:checking '/home/elizabeth/MREN203_Trover/install/trover_navigation/lib/pkgconfig/trover_navigation.pc'
[6.696s] Level 1:colcon.colcon_core.environment:checking '/home/elizabeth/MREN203_Trover/install/trover_navigation/lib/python3.10/site-packages'
[6.697s] Level 1:colcon.colcon_core.shell:create_environment_hook('trover_navigation', 'pythonpath')
[6.697s] INFO:colcon.colcon_core.shell:Creating environment hook '/home/elizabeth/MREN203_Trover/install/trover_navigation/share/trover_navigation/hook/pythonpath.ps1'
[6.700s] INFO:colcon.colcon_core.shell:Creating environment descriptor '/home/elizabeth/MREN203_Trover/install/trover_navigation/share/trover_navigation/hook/pythonpath.dsv'
[6.703s] INFO:colcon.colcon_core.shell:Creating environment hook '/home/elizabeth/MREN203_Trover/install/trover_navigation/share/trover_navigation/hook/pythonpath.sh'
[6.707s] Level 1:colcon.colcon_core.environment:checking '/home/elizabeth/MREN203_Trover/install/trover_navigation/bin'
[6.708s] Level 1:colcon.colcon_core.environment:create_environment_scripts_only(trover_navigation)
[6.710s] INFO:colcon.colcon_core.shell:Creating package script '/home/elizabeth/MREN203_Trover/install/trover_navigation/share/trover_navigation/package.ps1'
[6.724s] INFO:colcon.colcon_core.shell:Creating package descriptor '/home/elizabeth/MREN203_Trover/install/trover_navigation/share/trover_navigation/package.dsv'
[6.728s] INFO:colcon.colcon_core.shell:Creating package script '/home/elizabeth/MREN203_Trover/install/trover_navigation/share/trover_navigation/package.sh'
[6.732s] INFO:colcon.colcon_core.shell:Creating package script '/home/elizabeth/MREN203_Trover/install/trover_navigation/share/trover_navigation/package.bash'
[6.735s] INFO:colcon.colcon_core.shell:Creating package script '/home/elizabeth/MREN203_Trover/install/trover_navigation/share/trover_navigation/package.zsh'
[6.739s] Level 1:colcon.colcon_core.environment:create_file_with_runtime_dependencies(/home/elizabeth/MREN203_Trover/install/trover_navigation/share/colcon-core/packages/trover_navigation)
[6.743s] INFO:colcon.colcon_ros.task.ament_python.build:Building ROS package in '/home/elizabeth/MREN203_Trover/src/trover_state_estimation' with build type 'ament_python'
[6.743s] Level 1:colcon.colcon_core.shell:create_environment_hook('trover_state_estimation', 'ament_prefix_path')
[6.744s] INFO:colcon.colcon_core.shell:Creating environment hook '/home/elizabeth/MREN203_Trover/install/trover_state_estimation/share/trover_state_estimation/hook/ament_prefix_path.ps1'
[6.765s] INFO:colcon.colcon_core.shell:Creating environment descriptor '/home/elizabeth/MREN203_Trover/install/trover_state_estimation/share/trover_state_estimation/hook/ament_prefix_path.dsv'
[6.775s] INFO:colcon.colcon_core.shell:Creating environment hook '/home/elizabeth/MREN203_Trover/install/trover_state_estimation/share/trover_state_estimation/hook/ament_prefix_path.sh'
[6.785s] INFO:colcon.colcon_core.shell:Skip shell extension 'powershell' for command environment: Not usable outside of PowerShell
[6.787s] DEBUG:colcon.colcon_core.shell:Skip shell extension 'dsv' for command environment
[7.499s] INFO:colcon.colcon_core.task.python.build:Building Python package in '/home/elizabeth/MREN203_Trover/src/trover_state_estimation'
[7.499s] INFO:colcon.colcon_core.shell:Skip shell extension 'powershell' for command environment: Not usable outside of PowerShell
[7.499s] DEBUG:colcon.colcon_core.shell:Skip shell extension 'dsv' for command environment
[7.531s] DEBUG:colcon.colcon_core.event_handler.log_command:Invoking command in '/home/elizabeth/MREN203_Trover/src/trover_slam': PYTHONPATH=/home/elizabeth/MREN203_Trover/build/trover_slam/prefix_override:/usr/lib/python3/dist-packages/colcon_core/task/python/colcon_distutils_commands:/home/elizabeth/MREN203_Trover/install/trover_slam/lib/python3.10/site-packages:${PYTHONPATH} /usr/bin/python3 -W ignore:setup.py install is deprecated -W ignore:easy_install command is deprecated setup.py egg_info --egg-base ../../build/trover_slam build --build-base /home/elizabeth/MREN203_Trover/build/trover_slam/build install --record /home/elizabeth/MREN203_Trover/build/trover_slam/install.log --single-version-externally-managed install_data
[8.537s] Level 1:colcon.colcon_core.environment:checking '/home/elizabeth/MREN203_Trover/install/trover_slam' for CMake module files
[8.537s] Level 1:colcon.colcon_core.environment:checking '/home/elizabeth/MREN203_Trover/install/trover_slam' for CMake config files
[8.552s] DEBUG:colcon.colcon_core.event_handler.log_command:Invoked command in '/home/elizabeth/MREN203_Trover/src/trover_slam' returned '0': PYTHONPATH=/home/elizabeth/MREN203_Trover/build/trover_slam/prefix_override:/usr/lib/python3/dist-packages/colcon_core/task/python/colcon_distutils_commands:/home/elizabeth/MREN203_Trover/install/trover_slam/lib/python3.10/site-packages:${PYTHONPATH} /usr/bin/python3 -W ignore:setup.py install is deprecated -W ignore:easy_install command is deprecated setup.py egg_info --egg-base ../../build/trover_slam build --build-base /home/elizabeth/MREN203_Trover/build/trover_slam/build install --record /home/elizabeth/MREN203_Trover/build/trover_slam/install.log --single-version-externally-managed install_data
[8.564s] Level 1:colcon.colcon_core.environment:checking '/home/elizabeth/MREN203_Trover/install/trover_slam/lib'
[8.564s] Level 1:colcon.colcon_core.environment:checking '/home/elizabeth/MREN203_Trover/install/trover_slam/bin'
[8.564s] Level 1:colcon.colcon_core.environment:checking '/home/elizabeth/MREN203_Trover/install/trover_slam/lib/pkgconfig/trover_slam.pc'
[8.564s] Level 1:colcon.colcon_core.environment:checking '/home/elizabeth/MREN203_Trover/install/trover_slam/lib/python3.10/site-packages'
[8.565s] Level 1:colcon.colcon_core.shell:create_environment_hook('trover_slam', 'pythonpath')
[8.566s] INFO:colcon.colcon_core.shell:Creating environment hook '/home/elizabeth/MREN203_Trover/install/trover_slam/share/trover_slam/hook/pythonpath.ps1'
[8.571s] INFO:colcon.colcon_core.shell:Creating environment descriptor '/home/elizabeth/MREN203_Trover/install/trover_slam/share/trover_slam/hook/pythonpath.dsv'
[8.575s] INFO:colcon.colcon_core.shell:Creating environment hook '/home/elizabeth/MREN203_Trover/install/trover_slam/share/trover_slam/hook/pythonpath.sh'
[8.578s] Level 1:colcon.colcon_core.environment:checking '/home/elizabeth/MREN203_Trover/install/trover_slam/bin'
[8.578s] Level 1:colcon.colcon_core.environment:create_environment_scripts_only(trover_slam)
[8.579s] INFO:colcon.colcon_core.shell:Creating package script '/home/elizabeth/MREN203_Trover/install/trover_slam/share/trover_slam/package.ps1'
[8.580s] INFO:colcon.colcon_core.shell:Creating package descriptor '/home/elizabeth/MREN203_Trover/install/trover_slam/share/trover_slam/package.dsv'
[8.582s] INFO:colcon.colcon_core.shell:Creating package script '/home/elizabeth/MREN203_Trover/install/trover_slam/share/trover_slam/package.sh'
[8.584s] INFO:colcon.colcon_core.shell:Creating package script '/home/elizabeth/MREN203_Trover/install/trover_slam/share/trover_slam/package.bash'
[8.586s] INFO:colcon.colcon_core.shell:Creating package script '/home/elizabeth/MREN203_Trover/install/trover_slam/share/trover_slam/package.zsh'
[8.588s] Level 1:colcon.colcon_core.environment:create_file_with_runtime_dependencies(/home/elizabeth/MREN203_Trover/install/trover_slam/share/colcon-core/packages/trover_slam)
[8.592s] INFO:colcon.colcon_ros.task.ament_python.build:Building ROS package in '/home/elizabeth/MREN203_Trover/src/trover_communication' with build type 'ament_python'
[8.592s] Level 1:colcon.colcon_core.shell:create_environment_hook('trover_communication', 'ament_prefix_path')
[8.593s] INFO:colcon.colcon_core.shell:Creating environment hook '/home/elizabeth/MREN203_Trover/install/trover_communication/share/trover_communication/hook/ament_prefix_path.ps1'
[8.605s] INFO:colcon.colcon_core.shell:Creating environment descriptor '/home/elizabeth/MREN203_Trover/install/trover_communication/share/trover_communication/hook/ament_prefix_path.dsv'
[8.610s] INFO:colcon.colcon_core.shell:Creating environment hook '/home/elizabeth/MREN203_Trover/install/trover_communication/share/trover_communication/hook/ament_prefix_path.sh'
[8.614s] INFO:colcon.colcon_core.shell:Skip shell extension 'powershell' for command environment: Not usable outside of PowerShell
[8.615s] DEBUG:colcon.colcon_core.shell:Skip shell extension 'dsv' for command environment
[8.657s] DEBUG:colcon.colcon_core.event_handler.log_command:Invoking command in '/home/elizabeth/MREN203_Trover/src/trover_state_estimation': PYTHONPATH=/home/elizabeth/MREN203_Trover/build/trover_state_estimation/prefix_override:/usr/lib/python3/dist-packages/colcon_core/task/python/colcon_distutils_commands:/home/elizabeth/MREN203_Trover/install/trover_state_estimation/lib/python3.10/site-packages:${PYTHONPATH} /usr/bin/python3 -W ignore:setup.py install is deprecated -W ignore:easy_install command is deprecated setup.py egg_info --egg-base ../../build/trover_state_estimation build --build-base /home/elizabeth/MREN203_Trover/build/trover_state_estimation/build install --record /home/elizabeth/MREN203_Trover/build/trover_state_estimation/install.log --single-version-externally-managed install_data
[9.310s] INFO:colcon.colcon_core.task.python.build:Building Python package in '/home/elizabeth/MREN203_Trover/src/trover_communication'
[9.310s] INFO:colcon.colcon_core.shell:Skip shell extension 'powershell' for command environment: Not usable outside of PowerShell
[9.311s] DEBUG:colcon.colcon_core.shell:Skip shell extension 'dsv' for command environment
[9.442s] Level 1:colcon.colcon_core.environment:checking '/home/elizabeth/MREN203_Trover/install/trover_state_estimation' for CMake module files
[9.443s] Level 1:colcon.colcon_core.environment:checking '/home/elizabeth/MREN203_Trover/install/trover_state_estimation' for CMake config files
[9.445s] DEBUG:colcon.colcon_core.event_handler.log_command:Invoked command in '/home/elizabeth/MREN203_Trover/src/trover_state_estimation' returned '0': PYTHONPATH=/home/elizabeth/MREN203_Trover/build/trover_state_estimation/prefix_override:/usr/lib/python3/dist-packages/colcon_core/task/python/colcon_distutils_commands:/home/elizabeth/MREN203_Trover/install/trover_state_estimation/lib/python3.10/site-packages:${PYTHONPATH} /usr/bin/python3 -W ignore:setup.py install is deprecated -W ignore:easy_install command is deprecated setup.py egg_info --egg-base ../../build/trover_state_estimation build --build-base /home/elizabeth/MREN203_Trover/build/trover_state_estimation/build install --record /home/elizabeth/MREN203_Trover/build/trover_state_estimation/install.log --single-version-externally-managed install_data
[9.466s] Level 1:colcon.colcon_core.environment:checking '/home/elizabeth/MREN203_Trover/install/trover_state_estimation/lib'
[9.466s] Level 1:colcon.colcon_core.environment:checking '/home/elizabeth/MREN203_Trover/install/trover_state_estimation/bin'
[9.466s] Level 1:colcon.colcon_core.environment:checking '/home/elizabeth/MREN203_Trover/install/trover_state_estimation/lib/pkgconfig/trover_state_estimation.pc'
[9.467s] Level 1:colcon.colcon_core.environment:checking '/home/elizabeth/MREN203_Trover/install/trover_state_estimation/lib/python3.10/site-packages'
[9.467s] Level 1:colcon.colcon_core.shell:create_environment_hook('trover_state_estimation', 'pythonpath')
[9.467s] INFO:colcon.colcon_core.shell:Creating environment hook '/home/elizabeth/MREN203_Trover/install/trover_state_estimation/share/trover_state_estimation/hook/pythonpath.ps1'
[9.469s] INFO:colcon.colcon_core.shell:Creating environment descriptor '/home/elizabeth/MREN203_Trover/install/trover_state_estimation/share/trover_state_estimation/hook/pythonpath.dsv'
[9.472s] INFO:colcon.colcon_core.shell:Creating environment hook '/home/elizabeth/MREN203_Trover/install/trover_state_estimation/share/trover_state_estimation/hook/pythonpath.sh'
[9.482s] Level 1:colcon.colcon_core.environment:checking '/home/elizabeth/MREN203_Trover/install/trover_state_estimation/bin'
[9.487s] Level 1:colcon.colcon_core.environment:create_environment_scripts_only(trover_state_estimation)
[9.488s] INFO:colcon.colcon_core.shell:Creating package script '/home/elizabeth/MREN203_Trover/install/trover_state_estimation/share/trover_state_estimation/package.ps1'
[9.491s] INFO:colcon.colcon_core.shell:Creating package descriptor '/home/elizabeth/MREN203_Trover/install/trover_state_estimation/share/trover_state_estimation/package.dsv'
[9.499s] INFO:colcon.colcon_core.shell:Creating package script '/home/elizabeth/MREN203_Trover/install/trover_state_estimation/share/trover_state_estimation/package.sh'
[9.501s] INFO:colcon.colcon_core.shell:Creating package script '/home/elizabeth/MREN203_Trover/install/trover_state_estimation/share/trover_state_estimation/package.bash'
[9.502s] INFO:colcon.colcon_core.shell:Creating package script '/home/elizabeth/MREN203_Trover/install/trover_state_estimation/share/trover_state_estimation/package.zsh'
[9.506s] Level 1:colcon.colcon_core.environment:create_file_with_runtime_dependencies(/home/elizabeth/MREN203_Trover/install/trover_state_estimation/share/colcon-core/packages/trover_state_estimation)
[9.510s] INFO:colcon.colcon_ros.task.ament_cmake.build:Building ROS package in '/home/elizabeth/MREN203_Trover/src/trover_drivers' with build type 'ament_cmake'
[9.510s] INFO:colcon.colcon_cmake.task.cmake.build:Building CMake package in '/home/elizabeth/MREN203_Trover/src/trover_drivers'
[9.510s] INFO:colcon.colcon_core.shell:Skip shell extension 'powershell' for command environment: Not usable outside of PowerShell
[9.510s] DEBUG:colcon.colcon_core.shell:Skip shell extension 'dsv' for command environment
[9.592s] DEBUG:colcon.colcon_core.event_handler.log_command:Invoking command in '/home/elizabeth/MREN203_Trover/build/trover_drivers': CMAKE_PREFIX_PATH=/opt/ros/humble /usr/bin/cmake --build /home/elizabeth/MREN203_Trover/build/trover_drivers -- -j2 -l2
[10.099s] DEBUG:colcon.colcon_core.event_handler.log_command:Invoked command in '/home/elizabeth/MREN203_Trover/build/trover_drivers' returned '0': CMAKE_PREFIX_PATH=/opt/ros/humble /usr/bin/cmake --build /home/elizabeth/MREN203_Trover/build/trover_drivers -- -j2 -l2
[10.162s] DEBUG:colcon.colcon_core.event_handler.log_command:Invoking command in '/home/elizabeth/MREN203_Trover/build/trover_drivers': CMAKE_PREFIX_PATH=/opt/ros/humble /usr/bin/cmake --install /home/elizabeth/MREN203_Trover/build/trover_drivers
[10.252s] Level 1:colcon.colcon_core.environment:create_environment_scripts_only(trover_drivers)
[10.253s] Level 1:colcon.colcon_core.environment:checking '/home/elizabeth/MREN203_Trover/install/trover_drivers' for CMake module files
[10.255s] Level 1:colcon.colcon_core.environment:checking '/home/elizabeth/MREN203_Trover/install/trover_drivers' for CMake config files
[10.255s] Level 1:colcon.colcon_core.shell:create_environment_hook('trover_drivers', 'cmake_prefix_path')
[10.256s] INFO:colcon.colcon_core.shell:Creating environment hook '/home/elizabeth/MREN203_Trover/install/trover_drivers/share/trover_drivers/hook/cmake_prefix_path.ps1'
[10.253s] DEBUG:colcon.colcon_core.event_handler.log_command:Invoked command in '/home/elizabeth/MREN203_Trover/build/trover_drivers' returned '0': CMAKE_PREFIX_PATH=/opt/ros/humble /usr/bin/cmake --install /home/elizabeth/MREN203_Trover/build/trover_drivers
[10.265s] INFO:colcon.colcon_core.shell:Creating environment descriptor '/home/elizabeth/MREN203_Trover/install/trover_drivers/share/trover_drivers/hook/cmake_prefix_path.dsv'
[10.268s] INFO:colcon.colcon_core.shell:Creating environment hook '/home/elizabeth/MREN203_Trover/install/trover_drivers/share/trover_drivers/hook/cmake_prefix_path.sh'
[10.271s] Level 1:colcon.colcon_core.environment:checking '/home/elizabeth/MREN203_Trover/install/trover_drivers/bin'
[10.272s] Level 1:colcon.colcon_core.environment:checking '/home/elizabeth/MREN203_Trover/install/trover_drivers/lib/pkgconfig/trover_drivers.pc'
[10.272s] Level 1:colcon.colcon_core.environment:checking '/home/elizabeth/MREN203_Trover/install/trover_drivers/lib/python3.10/site-packages'
[10.273s] Level 1:colcon.colcon_core.environment:checking '/home/elizabeth/MREN203_Trover/install/trover_drivers/bin'
[10.273s] INFO:colcon.colcon_core.shell:Creating package script '/home/elizabeth/MREN203_Trover/install/trover_drivers/share/trover_drivers/package.ps1'
[10.275s] INFO:colcon.colcon_core.shell:Creating package descriptor '/home/elizabeth/MREN203_Trover/install/trover_drivers/share/trover_drivers/package.dsv'
[10.278s] INFO:colcon.colcon_core.shell:Creating package script '/home/elizabeth/MREN203_Trover/install/trover_drivers/share/trover_drivers/package.sh'
[10.283s] INFO:colcon.colcon_core.shell:Creating package script '/home/elizabeth/MREN203_Trover/install/trover_drivers/share/trover_drivers/package.bash'
[10.285s] INFO:colcon.colcon_core.shell:Creating package script '/home/elizabeth/MREN203_Trover/install/trover_drivers/share/trover_drivers/package.zsh'
[10.290s] Level 1:colcon.colcon_core.environment:create_file_with_runtime_dependencies(/home/elizabeth/MREN203_Trover/install/trover_drivers/share/colcon-core/packages/trover_drivers)
[10.305s] Level 1:colcon.colcon_core.environment:create_environment_scripts_only(trover_drivers)
[10.306s] Level 1:colcon.colcon_core.environment:checking '/home/elizabeth/MREN203_Trover/install/trover_drivers' for CMake module files
[10.307s] Level 1:colcon.colcon_core.environment:checking '/home/elizabeth/MREN203_Trover/install/trover_drivers' for CMake config files
[10.307s] Level 1:colcon.colcon_core.shell:create_environment_hook('trover_drivers', 'cmake_prefix_path')
[10.307s] INFO:colcon.colcon_core.shell:Creating environment hook '/home/elizabeth/MREN203_Trover/install/trover_drivers/share/trover_drivers/hook/cmake_prefix_path.ps1'
[10.309s] INFO:colcon.colcon_core.shell:Creating environment descriptor '/home/elizabeth/MREN203_Trover/install/trover_drivers/share/trover_drivers/hook/cmake_prefix_path.dsv'
[10.314s] INFO:colcon.colcon_core.shell:Creating environment hook '/home/elizabeth/MREN203_Trover/install/trover_drivers/share/trover_drivers/hook/cmake_prefix_path.sh'
[10.317s] Level 1:colcon.colcon_core.environment:checking '/home/elizabeth/MREN203_Trover/install/trover_drivers/bin'
[10.317s] Level 1:colcon.colcon_core.environment:checking '/home/elizabeth/MREN203_Trover/install/trover_drivers/lib/pkgconfig/trover_drivers.pc'
[10.318s] Level 1:colcon.colcon_core.environment:checking '/home/elizabeth/MREN203_Trover/install/trover_drivers/lib/python3.10/site-packages'
[10.318s] Level 1:colcon.colcon_core.environment:checking '/home/elizabeth/MREN203_Trover/install/trover_drivers/bin'
[10.319s] INFO:colcon.colcon_core.shell:Creating package script '/home/elizabeth/MREN203_Trover/install/trover_drivers/share/trover_drivers/package.ps1'
[10.320s] INFO:colcon.colcon_core.shell:Creating package descriptor '/home/elizabeth/MREN203_Trover/install/trover_drivers/share/trover_drivers/package.dsv'
[10.325s] INFO:colcon.colcon_core.shell:Creating package script '/home/elizabeth/MREN203_Trover/install/trover_drivers/share/trover_drivers/package.sh'
[10.327s] INFO:colcon.colcon_core.shell:Creating package script '/home/elizabeth/MREN203_Trover/install/trover_drivers/share/trover_drivers/package.bash'
[10.329s] INFO:colcon.colcon_core.shell:Creating package script '/home/elizabeth/MREN203_Trover/install/trover_drivers/share/trover_drivers/package.zsh'
[10.331s] Level 1:colcon.colcon_core.environment:create_file_with_runtime_dependencies(/home/elizabeth/MREN203_Trover/install/trover_drivers/share/colcon-core/packages/trover_drivers)
[10.334s] INFO:colcon.colcon_ros.task.ament_cmake.build:Building ROS package in '/home/elizabeth/MREN203_Trover/src/trover_bringup' with build type 'ament_cmake'
[10.334s] INFO:colcon.colcon_cmake.task.cmake.build:Building CMake package in '/home/elizabeth/MREN203_Trover/src/trover_bringup'
[10.335s] INFO:colcon.colcon_core.shell:Skip shell extension 'powershell' for command environment: Not usable outside of PowerShell
[10.335s] DEBUG:colcon.colcon_core.shell:Skip shell extension 'dsv' for command environment
[10.450s] DEBUG:colcon.colcon_core.event_handler.log_command:Invoking command in '/home/elizabeth/MREN203_Trover/build/trover_bringup': AMENT_PREFIX_PATH=/home/elizabeth/MREN203_Trover/install/trover_state_estimation:/home/elizabeth/MREN203_Trover/install/trover_slam:/home/elizabeth/MREN203_Trover/install/trover_navigation:/home/elizabeth/MREN203_Trover/install/trover_description:${AMENT_PREFIX_PATH} CMAKE_PREFIX_PATH=/home/elizabeth/MREN203_Trover/install/trover_description:/opt/ros/humble PYTHONPATH=/home/elizabeth/MREN203_Trover/install/trover_state_estimation/lib/python3.10/site-packages:/home/elizabeth/MREN203_Trover/install/trover_slam/lib/python3.10/site-packages:/home/elizabeth/MREN203_Trover/install/trover_navigation/lib/python3.10/site-packages:${PYTHONPATH} /usr/bin/cmake --build /home/elizabeth/MREN203_Trover/build/trover_bringup -- -j2 -l2
[10.662s] DEBUG:colcon.colcon_core.event_handler.log_command:Invoking command in '/home/elizabeth/MREN203_Trover/src/trover_communication': PYTHONPATH=/home/elizabeth/MREN203_Trover/build/trover_communication/prefix_override:/usr/lib/python3/dist-packages/colcon_core/task/python/colcon_distutils_commands:/home/elizabeth/MREN203_Trover/install/trover_communication/lib/python3.10/site-packages:${PYTHONPATH} /usr/bin/python3 -W ignore:setup.py install is deprecated -W ignore:easy_install command is deprecated setup.py egg_info --egg-base ../../build/trover_communication build --build-base /home/elizabeth/MREN203_Trover/build/trover_communication/build install --record /home/elizabeth/MREN203_Trover/build/trover_communication/install.log --single-version-externally-managed install_data
[10.664s] DEBUG:colcon.colcon_core.event_handler.log_command:Invoked command in '/home/elizabeth/MREN203_Trover/build/trover_bringup' returned '0': AMENT_PREFIX_PATH=/home/elizabeth/MREN203_Trover/install/trover_state_estimation:/home/elizabeth/MREN203_Trover/install/trover_slam:/home/elizabeth/MREN203_Trover/install/trover_navigation:/home/elizabeth/MREN203_Trover/install/trover_description:${AMENT_PREFIX_PATH} CMAKE_PREFIX_PATH=/home/elizabeth/MREN203_Trover/install/trover_description:/opt/ros/humble PYTHONPATH=/home/elizabeth/MREN203_Trover/install/trover_state_estimation/lib/python3.10/site-packages:/home/elizabeth/MREN203_Trover/install/trover_slam/lib/python3.10/site-packages:/home/elizabeth/MREN203_Trover/install/trover_navigation/lib/python3.10/site-packages:${PYTHONPATH} /usr/bin/cmake --build /home/elizabeth/MREN203_Trover/build/trover_bringup -- -j2 -l2
[10.695s] DEBUG:colcon.colcon_core.event_handler.log_command:Invoking command in '/home/elizabeth/MREN203_Trover/build/trover_bringup': AMENT_PREFIX_PATH=/home/elizabeth/MREN203_Trover/install/trover_state_estimation:/home/elizabeth/MREN203_Trover/install/trover_slam:/home/elizabeth/MREN203_Trover/install/trover_navigation:/home/elizabeth/MREN203_Trover/install/trover_description:${AMENT_PREFIX_PATH} CMAKE_PREFIX_PATH=/home/elizabeth/MREN203_Trover/install/trover_description:/opt/ros/humble PYTHONPATH=/home/elizabeth/MREN203_Trover/install/trover_state_estimation/lib/python3.10/site-packages:/home/elizabeth/MREN203_Trover/install/trover_slam/lib/python3.10/site-packages:/home/elizabeth/MREN203_Trover/install/trover_navigation/lib/python3.10/site-packages:${PYTHONPATH} /usr/bin/cmake --install /home/elizabeth/MREN203_Trover/build/trover_bringup
[10.787s] Level 1:colcon.colcon_core.environment:create_environment_scripts_only(trover_bringup)
[10.788s] DEBUG:colcon.colcon_core.event_handler.log_command:Invoked command in '/home/elizabeth/MREN203_Trover/build/trover_bringup' returned '0': AMENT_PREFIX_PATH=/home/elizabeth/MREN203_Trover/install/trover_state_estimation:/home/elizabeth/MREN203_Trover/install/trover_slam:/home/elizabeth/MREN203_Trover/install/trover_navigation:/home/elizabeth/MREN203_Trover/install/trover_description:${AMENT_PREFIX_PATH} CMAKE_PREFIX_PATH=/home/elizabeth/MREN203_Trover/install/trover_description:/opt/ros/humble PYTHONPATH=/home/elizabeth/MREN203_Trover/install/trover_state_estimation/lib/python3.10/site-packages:/home/elizabeth/MREN203_Trover/install/trover_slam/lib/python3.10/site-packages:/home/elizabeth/MREN203_Trover/install/trover_navigation/lib/python3.10/site-packages:${PYTHONPATH} /usr/bin/cmake --install /home/elizabeth/MREN203_Trover/build/trover_bringup
[10.788s] Level 1:colcon.colcon_core.environment:checking '/home/elizabeth/MREN203_Trover/install/trover_bringup' for CMake module files
[10.789s] Level 1:colcon.colcon_core.environment:checking '/home/elizabeth/MREN203_Trover/install/trover_bringup' for CMake config files
[10.793s] Level 1:colcon.colcon_core.shell:create_environment_hook('trover_bringup', 'cmake_prefix_path')
[10.793s] INFO:colcon.colcon_core.shell:Creating environment hook '/home/elizabeth/MREN203_Trover/install/trover_bringup/share/trover_bringup/hook/cmake_prefix_path.ps1'
[10.798s] INFO:colcon.colcon_core.shell:Creating environment descriptor '/home/elizabeth/MREN203_Trover/install/trover_bringup/share/trover_bringup/hook/cmake_prefix_path.dsv'
[10.801s] INFO:colcon.colcon_core.shell:Creating environment hook '/home/elizabeth/MREN203_Trover/install/trover_bringup/share/trover_bringup/hook/cmake_prefix_path.sh'
[10.804s] Level 1:colcon.colcon_core.environment:checking '/home/elizabeth/MREN203_Trover/install/trover_bringup/bin'
[10.804s] Level 1:colcon.colcon_core.environment:checking '/home/elizabeth/MREN203_Trover/install/trover_bringup/lib/pkgconfig/trover_bringup.pc'
[10.806s] Level 1:colcon.colcon_core.environment:checking '/home/elizabeth/MREN203_Trover/install/trover_bringup/lib/python3.10/site-packages'
[10.806s] Level 1:colcon.colcon_core.environment:checking '/home/elizabeth/MREN203_Trover/install/trover_bringup/bin'
[10.807s] INFO:colcon.colcon_core.shell:Creating package script '/home/elizabeth/MREN203_Trover/install/trover_bringup/share/trover_bringup/package.ps1'
[10.808s] INFO:colcon.colcon_core.shell:Creating package descriptor '/home/elizabeth/MREN203_Trover/install/trover_bringup/share/trover_bringup/package.dsv'
[10.811s] INFO:colcon.colcon_core.shell:Creating package script '/home/elizabeth/MREN203_Trover/install/trover_bringup/share/trover_bringup/package.sh'
[10.815s] INFO:colcon.colcon_core.shell:Creating package script '/home/elizabeth/MREN203_Trover/install/trover_bringup/share/trover_bringup/package.bash'
[10.817s] INFO:colcon.colcon_core.shell:Creating package script '/home/elizabeth/MREN203_Trover/install/trover_bringup/share/trover_bringup/package.zsh'
[10.820s] Level 1:colcon.colcon_core.environment:create_file_with_runtime_dependencies(/home/elizabeth/MREN203_Trover/install/trover_bringup/share/colcon-core/packages/trover_bringup)
[10.830s] Level 1:colcon.colcon_core.environment:create_environment_scripts_only(trover_bringup)
[10.830s] Level 1:colcon.colcon_core.environment:checking '/home/elizabeth/MREN203_Trover/install/trover_bringup' for CMake module files
[10.831s] Level 1:colcon.colcon_core.environment:checking '/home/elizabeth/MREN203_Trover/install/trover_bringup' for CMake config files
[10.831s] Level 1:colcon.colcon_core.shell:create_environment_hook('trover_bringup', 'cmake_prefix_path')
[10.832s] INFO:colcon.colcon_core.shell:Creating environment hook '/home/elizabeth/MREN203_Trover/install/trover_bringup/share/trover_bringup/hook/cmake_prefix_path.ps1'
[10.833s] INFO:colcon.colcon_core.shell:Creating environment descriptor '/home/elizabeth/MREN203_Trover/install/trover_bringup/share/trover_bringup/hook/cmake_prefix_path.dsv'
[10.836s] INFO:colcon.colcon_core.shell:Creating environment hook '/home/elizabeth/MREN203_Trover/install/trover_bringup/share/trover_bringup/hook/cmake_prefix_path.sh'
[10.839s] Level 1:colcon.colcon_core.environment:checking '/home/elizabeth/MREN203_Trover/install/trover_bringup/bin'
[10.840s] Level 1:colcon.colcon_core.environment:checking '/home/elizabeth/MREN203_Trover/install/trover_bringup/lib/pkgconfig/trover_bringup.pc'
[10.840s] Level 1:colcon.colcon_core.environment:checking '/home/elizabeth/MREN203_Trover/install/trover_bringup/lib/python3.10/site-packages'
[10.841s] Level 1:colcon.colcon_core.environment:checking '/home/elizabeth/MREN203_Trover/install/trover_bringup/bin'
[10.841s] INFO:colcon.colcon_core.shell:Creating package script '/home/elizabeth/MREN203_Trover/install/trover_bringup/share/trover_bringup/package.ps1'
[10.843s] INFO:colcon.colcon_core.shell:Creating package descriptor '/home/elizabeth/MREN203_Trover/install/trover_bringup/share/trover_bringup/package.dsv'
[10.846s] INFO:colcon.colcon_core.shell:Creating package script '/home/elizabeth/MREN203_Trover/install/trover_bringup/share/trover_bringup/package.sh'
[10.849s] INFO:colcon.colcon_core.shell:Creating package script '/home/elizabeth/MREN203_Trover/install/trover_bringup/share/trover_bringup/package.bash'
[10.851s] INFO:colcon.colcon_core.shell:Creating package script '/home/elizabeth/MREN203_Trover/install/trover_bringup/share/trover_bringup/package.zsh'
[10.852s] Level 1:colcon.colcon_core.environment:create_file_with_runtime_dependencies(/home/elizabeth/MREN203_Trover/install/trover_bringup/share/colcon-core/packages/trover_bringup)
[11.479s] Level 1:colcon.colcon_core.environment:checking '/home/elizabeth/MREN203_Trover/install/trover_communication' for CMake module files
[11.485s] DEBUG:colcon.colcon_core.event_handler.log_command:Invoked command in '/home/elizabeth/MREN203_Trover/src/trover_communication' returned '0': PYTHONPATH=/home/elizabeth/MREN203_Trover/build/trover_communication/prefix_override:/usr/lib/python3/dist-packages/colcon_core/task/python/colcon_distutils_commands:/home/elizabeth/MREN203_Trover/install/trover_communication/lib/python3.10/site-packages:${PYTHONPATH} /usr/bin/python3 -W ignore:setup.py install is deprecated -W ignore:easy_install command is deprecated setup.py egg_info --egg-base ../../build/trover_communication build --build-base /home/elizabeth/MREN203_Trover/build/trover_communication/build install --record /home/elizabeth/MREN203_Trover/build/trover_communication/install.log --single-version-externally-managed install_data
[11.485s] Level 1:colcon.colcon_core.environment:checking '/home/elizabeth/MREN203_Trover/install/trover_communication' for CMake config files
[11.499s] Level 1:colcon.colcon_core.environment:checking '/home/elizabeth/MREN203_Trover/install/trover_communication/lib'
[11.500s] Level 1:colcon.colcon_core.environment:checking '/home/elizabeth/MREN203_Trover/install/trover_communication/bin'
[11.500s] Level 1:colcon.colcon_core.environment:checking '/home/elizabeth/MREN203_Trover/install/trover_communication/lib/pkgconfig/trover_communication.pc'
[11.500s] Level 1:colcon.colcon_core.environment:checking '/home/elizabeth/MREN203_Trover/install/trover_communication/lib/python3.10/site-packages'
[11.500s] Level 1:colcon.colcon_core.shell:create_environment_hook('trover_communication', 'pythonpath')
[11.501s] INFO:colcon.colcon_core.shell:Creating environment hook '/home/elizabeth/MREN203_Trover/install/trover_communication/share/trover_communication/hook/pythonpath.ps1'
[11.505s] INFO:colcon.colcon_core.shell:Creating environment descriptor '/home/elizabeth/MREN203_Trover/install/trover_communication/share/trover_communication/hook/pythonpath.dsv'
[11.508s] INFO:colcon.colcon_core.shell:Creating environment hook '/home/elizabeth/MREN203_Trover/install/trover_communication/share/trover_communication/hook/pythonpath.sh'
[11.511s] Level 1:colcon.colcon_core.environment:checking '/home/elizabeth/MREN203_Trover/install/trover_communication/bin'
[11.511s] Level 1:colcon.colcon_core.environment:create_environment_scripts_only(trover_communication)
[11.512s] INFO:colcon.colcon_core.shell:Creating package script '/home/elizabeth/MREN203_Trover/install/trover_communication/share/trover_communication/package.ps1'
[11.515s] INFO:colcon.colcon_core.shell:Creating package descriptor '/home/elizabeth/MREN203_Trover/install/trover_communication/share/trover_communication/package.dsv'
[11.518s] INFO:colcon.colcon_core.shell:Creating package script '/home/elizabeth/MREN203_Trover/install/trover_communication/share/trover_communication/package.sh'
[11.522s] INFO:colcon.colcon_core.shell:Creating package script '/home/elizabeth/MREN203_Trover/install/trover_communication/share/trover_communication/package.bash'
[11.525s] INFO:colcon.colcon_core.shell:Creating package script '/home/elizabeth/MREN203_Trover/install/trover_communication/share/trover_communication/package.zsh'
[11.527s] Level 1:colcon.colcon_core.environment:create_file_with_runtime_dependencies(/home/elizabeth/MREN203_Trover/install/trover_communication/share/colcon-core/packages/trover_communication)
[11.530s] DEBUG:colcon.colcon_parallel_executor.executor.parallel:closing loop
[11.532s] DEBUG:colcon.colcon_parallel_executor.executor.parallel:loop closed
[11.532s] DEBUG:colcon.colcon_parallel_executor.executor.parallel:run_until_complete finished with '0'
[11.532s] DEBUG:colcon.colcon_core.event_reactor:joining thread
[11.573s] INFO:colcon.colcon_core.plugin_system:Skipping extension 'colcon_notification.desktop_notification.terminal_notifier': Not used on non-Darwin systems
[11.574s] INFO:colcon.colcon_core.plugin_system:Skipping extension 'colcon_notification.desktop_notification.win32': Not used on non-Windows systems
[11.576s] INFO:colcon.colcon_notification.desktop_notification:Sending desktop notification using 'notify2'
[11.694s] DEBUG:colcon.colcon_core.event_reactor:joined thread
[11.695s] INFO:colcon.colcon_core.shell:Creating prefix script '/home/elizabeth/MREN203_Trover/install/local_setup.ps1'
[11.700s] INFO:colcon.colcon_core.shell:Creating prefix util module '/home/elizabeth/MREN203_Trover/install/_local_setup_util_ps1.py'
[11.707s] INFO:colcon.colcon_core.shell:Creating prefix chain script '/home/elizabeth/MREN203_Trover/install/setup.ps1'
[11.715s] INFO:colcon.colcon_core.shell:Creating prefix script '/home/elizabeth/MREN203_Trover/install/local_setup.sh'
[11.720s] INFO:colcon.colcon_core.shell:Creating prefix util module '/home/elizabeth/MREN203_Trover/install/_local_setup_util_sh.py'
[11.722s] INFO:colcon.colcon_core.shell:Creating prefix chain script '/home/elizabeth/MREN203_Trover/install/setup.sh'
[11.729s] INFO:colcon.colcon_core.shell:Creating prefix script '/home/elizabeth/MREN203_Trover/install/local_setup.bash'
[11.734s] INFO:colcon.colcon_core.shell:Creating prefix chain script '/home/elizabeth/MREN203_Trover/install/setup.bash'
[11.740s] INFO:colcon.colcon_core.shell:Creating prefix script '/home/elizabeth/MREN203_Trover/install/local_setup.zsh'
[11.744s] INFO:colcon.colcon_core.shell:Creating prefix chain script '/home/elizabeth/MREN203_Trover/install/setup.zsh'
