running egg_info
creating ../../build/trover_slam/trover_slam.egg-info
writing ../../build/trover_slam/trover_slam.egg-info/PKG-INFO
writing dependency_links to ../../build/trover_slam/trover_slam.egg-info/dependency_links.txt
writing entry points to ../../build/trover_slam/trover_slam.egg-info/entry_points.txt
writing requirements to ../../build/trover_slam/trover_slam.egg-info/requires.txt
writing top-level names to ../../build/trover_slam/trover_slam.egg-info/top_level.txt
writing manifest file '../../build/trover_slam/trover_slam.egg-info/SOURCES.txt'
reading manifest file '../../build/trover_slam/trover_slam.egg-info/SOURCES.txt'
writing manifest file '../../build/trover_slam/trover_slam.egg-info/SOURCES.txt'
running build
running build_py
creating /home/elizabeth/MREN203_Trover/build/trover_slam/build
creating /home/elizabeth/MREN203_Trover/build/trover_slam/build/lib
creating /home/elizabeth/MREN203_Trover/build/trover_slam/build/lib/trover_slam
copying trover_slam/__init__.py -> /home/elizabeth/MREN203_Trover/build/trover_slam/build/lib/trover_slam
running install
running install_lib
creating /home/elizabeth/MREN203_Trover/install/trover_slam/lib/python3.10/site-packages/trover_slam
copying /home/elizabeth/MREN203_Trover/build/trover_slam/build/lib/trover_slam/__init__.py -> /home/elizabeth/MREN203_Trover/install/trover_slam/lib/python3.10/site-packages/trover_slam
byte-compiling /home/elizabeth/MREN203_Trover/install/trover_slam/lib/python3.10/site-packages/trover_slam/__init__.py to __init__.cpython-310.pyc
running install_data
creating /home/elizabeth/MREN203_Trover/install/trover_slam/share/ament_index
creating /home/elizabeth/MREN203_Trover/install/trover_slam/share/ament_index/resource_index
creating /home/elizabeth/MREN203_Trover/install/trover_slam/share/ament_index/resource_index/packages
copying resource/trover_slam -> /home/elizabeth/MREN203_Trover/install/trover_slam/share/ament_index/resource_index/packages
copying package.xml -> /home/elizabeth/MREN203_Trover/install/trover_slam/share/trover_slam
creating /home/elizabeth/MREN203_Trover/install/trover_slam/share/trover_slam/launch
copying launch/slam.launch.py -> /home/elizabeth/MREN203_Trover/install/trover_slam/share/trover_slam/launch
creating /home/elizabeth/MREN203_Trover/install/trover_slam/share/trover_slam/config
copying config/slam_toolbox.yaml -> /home/elizabeth/MREN203_Trover/install/trover_slam/share/trover_slam/config
running install_egg_info
Copying ../../build/trover_slam/trover_slam.egg-info to /home/elizabeth/MREN203_Trover/install/trover_slam/lib/python3.10/site-packages/trover_slam-0.0.0-py3.10.egg-info
running install_scripts
writing list of installed files to '/home/elizabeth/MREN203_Trover/build/trover_slam/install.log'
