[1.851s] Invoking command in '/home/elizabeth/MREN203_Trover/src/trover_slam': PYTHONPATH=/home/elizabeth/MREN203_Trover/build/trover_slam/prefix_override:/usr/lib/python3/dist-packages/colcon_core/task/python/colcon_distutils_commands:/home/elizabeth/MREN203_Trover/install/trover_slam/lib/python3.10/site-packages:${PYTHONPATH} /usr/bin/python3 -W ignore:setup.py install is deprecated -W ignore:easy_install command is deprecated setup.py egg_info --egg-base ../../build/trover_slam build --build-base /home/elizabeth/MREN203_Trover/build/trover_slam/build install --record /home/elizabeth/MREN203_Trover/build/trover_slam/install.log --single-version-externally-managed install_data
[2.636s] running egg_info
[2.637s] creating ../../build/trover_slam/trover_slam.egg-info
[2.637s] writing ../../build/trover_slam/trover_slam.egg-info/PKG-INFO
[2.637s] writing dependency_links to ../../build/trover_slam/trover_slam.egg-info/dependency_links.txt
[2.637s] writing entry points to ../../build/trover_slam/trover_slam.egg-info/entry_points.txt
[2.637s] writing requirements to ../../build/trover_slam/trover_slam.egg-info/requires.txt
[2.638s] writing top-level names to ../../build/trover_slam/trover_slam.egg-info/top_level.txt
[2.638s] writing manifest file '../../build/trover_slam/trover_slam.egg-info/SOURCES.txt'
[2.648s] reading manifest file '../../build/trover_slam/trover_slam.egg-info/SOURCES.txt'
[2.648s] writing manifest file '../../build/trover_slam/trover_slam.egg-info/SOURCES.txt'
[2.697s] running build
[2.697s] running build_py
[2.697s] creating /home/elizabeth/MREN203_Trover/build/trover_slam/build
[2.697s] creating /home/elizabeth/MREN203_Trover/build/trover_slam/build/lib
[2.697s] creating /home/elizabeth/MREN203_Trover/build/trover_slam/build/lib/trover_slam
[2.697s] copying trover_slam/__init__.py -> /home/elizabeth/MREN203_Trover/build/trover_slam/build/lib/trover_slam
[2.698s] running install
[2.698s] running install_lib
[2.698s] creating /home/elizabeth/MREN203_Trover/install/trover_slam/lib/python3.10/site-packages/trover_slam
[2.698s] copying /home/elizabeth/MREN203_Trover/build/trover_slam/build/lib/trover_slam/__init__.py -> /home/elizabeth/MREN203_Trover/install/trover_slam/lib/python3.10/site-packages/trover_slam
[2.698s] byte-compiling /home/elizabeth/MREN203_Trover/install/trover_slam/lib/python3.10/site-packages/trover_slam/__init__.py to __init__.cpython-310.pyc
[2.698s] running install_data
[2.701s] creating /home/elizabeth/MREN203_Trover/install/trover_slam/share/ament_index
[2.701s] creating /home/elizabeth/MREN203_Trover/install/trover_slam/share/ament_index/resource_index
[2.703s] creating /home/elizabeth/MREN203_Trover/install/trover_slam/share/ament_index/resource_index/packages
[2.703s] copying resource/trover_slam -> /home/elizabeth/MREN203_Trover/install/trover_slam/share/ament_index/resource_index/packages
[2.703s] copying package.xml -> /home/elizabeth/MREN203_Trover/install/trover_slam/share/trover_slam
[2.710s] creating /home/elizabeth/MREN203_Trover/install/trover_slam/share/trover_slam/launch
[2.710s] copying launch/slam.launch.py -> /home/elizabeth/MREN203_Trover/install/trover_slam/share/trover_slam/launch
[2.710s] creating /home/elizabeth/MREN203_Trover/install/trover_slam/share/trover_slam/config
[2.710s] copying config/slam_toolbox.yaml -> /home/elizabeth/MREN203_Trover/install/trover_slam/share/trover_slam/config
[2.711s] running install_egg_info
[2.711s] Copying ../../build/trover_slam/trover_slam.egg-info to /home/elizabeth/MREN203_Trover/install/trover_slam/lib/python3.10/site-packages/trover_slam-0.0.0-py3.10.egg-info
[2.711s] running install_scripts
[2.792s] writing list of installed files to '/home/elizabeth/MREN203_Trover/build/trover_slam/install.log'
[3.028s] Invoked command in '/home/elizabeth/MREN203_Trover/src/trover_slam' returned '0': PYTHONPATH=/home/elizabeth/MREN203_Trover/build/trover_slam/prefix_override:/usr/lib/python3/dist-packages/colcon_core/task/python/colcon_distutils_commands:/home/elizabeth/MREN203_Trover/install/trover_slam/lib/python3.10/site-packages:${PYTHONPATH} /usr/bin/python3 -W ignore:setup.py install is deprecated -W ignore:easy_install command is deprecated setup.py egg_info --egg-base ../../build/trover_slam build --build-base /home/elizabeth/MREN203_Trover/build/trover_slam/build install --record /home/elizabeth/MREN203_Trover/build/trover_slam/install.log --single-version-externally-managed install_data
