[1.181s] Invoking command in '/home/elizabeth/MREN203_Trover/src/trover_communication': PYTHONPATH=/home/elizabeth/MREN203_Trover/build/trover_communication/prefix_override:/usr/lib/python3/dist-packages/colcon_core/task/python/colcon_distutils_commands:/home/elizabeth/MREN203_Trover/install/trover_communication/lib/python3.10/site-packages:${PYTHONPATH} /usr/bin/python3 -W ignore:setup.py install is deprecated -W ignore:easy_install command is deprecated setup.py egg_info --egg-base ../../build/trover_communication build --build-base /home/elizabeth/MREN203_Trover/build/trover_communication/build install --record /home/elizabeth/MREN203_Trover/build/trover_communication/install.log --single-version-externally-managed install_data
[1.741s] running egg_info
[1.743s] writing ../../build/trover_communication/trover_communication.egg-info/PKG-INFO
[1.743s] writing dependency_links to ../../build/trover_communication/trover_communication.egg-info/dependency_links.txt
[1.743s] writing entry points to ../../build/trover_communication/trover_communication.egg-info/entry_points.txt
[1.751s] writing requirements to ../../build/trover_communication/trover_communication.egg-info/requires.txt
[1.751s] writing top-level names to ../../build/trover_communication/trover_communication.egg-info/top_level.txt
[1.754s] reading manifest file '../../build/trover_communication/trover_communication.egg-info/SOURCES.txt'
[1.763s] writing manifest file '../../build/trover_communication/trover_communication.egg-info/SOURCES.txt'
[1.763s] running build
[1.763s] running build_py
[1.763s] running install
[1.764s] running install_lib
[1.771s] running install_data
[1.771s] running install_egg_info
[1.774s] removing '/home/elizabeth/MREN203_Trover/install/trover_communication/lib/python3.10/site-packages/trover_communication-0.0.0-py3.10.egg-info' (and everything under it)
[1.774s] Copying ../../build/trover_communication/trover_communication.egg-info to /home/elizabeth/MREN203_Trover/install/trover_communication/lib/python3.10/site-packages/trover_communication-0.0.0-py3.10.egg-info
[1.779s] running install_scripts
[1.826s] Installing trover_serial_comm script to /home/elizabeth/MREN203_Trover/install/trover_communication/lib/trover_communication
[1.827s] writing list of installed files to '/home/elizabeth/MREN203_Trover/build/trover_communication/install.log'
[1.895s] Invoked command in '/home/elizabeth/MREN203_Trover/src/trover_communication' returned '0': PYTHONPATH=/home/elizabeth/MREN203_Trover/build/trover_communication/prefix_override:/usr/lib/python3/dist-packages/colcon_core/task/python/colcon_distutils_commands:/home/elizabeth/MREN203_Trover/install/trover_communication/lib/python3.10/site-packages:${PYTHONPATH} /usr/bin/python3 -W ignore:setup.py install is deprecated -W ignore:easy_install command is deprecated setup.py egg_info --egg-base ../../build/trover_communication build --build-base /home/elizabeth/MREN203_Trover/build/trover_communication/build install --record /home/elizabeth/MREN203_Trover/build/trover_communication/install.log --single-version-externally-managed install_data
