[1.608s] Invoking command in '/home/elizabeth/MREN203_Trover/src/trover_communication': PYTHONPATH=/home/elizabeth/MREN203_Trover/build/trover_communication/prefix_override:/usr/lib/python3/dist-packages/colcon_core/task/python/colcon_distutils_commands:/home/elizabeth/MREN203_Trover/install/trover_communication/lib/python3.10/site-packages:${PYTHONPATH} /usr/bin/python3 -W ignore:setup.py install is deprecated -W ignore:easy_install command is deprecated setup.py egg_info --egg-base ../../build/trover_communication build --build-base /home/elizabeth/MREN203_Trover/build/trover_communication/build install --record /home/elizabeth/MREN203_Trover/build/trover_communication/install.log --single-version-externally-managed install_data
[2.115s] running egg_info
[2.119s] writing ../../build/trover_communication/trover_communication.egg-info/PKG-INFO
[2.122s] writing dependency_links to ../../build/trover_communication/trover_communication.egg-info/dependency_links.txt
[2.125s] writing entry points to ../../build/trover_communication/trover_communication.egg-info/entry_points.txt
[2.131s] writing requirements to ../../build/trover_communication/trover_communication.egg-info/requires.txt
[2.132s] writing top-level names to ../../build/trover_communication/trover_communication.egg-info/top_level.txt
[2.139s] reading manifest file '../../build/trover_communication/trover_communication.egg-info/SOURCES.txt'
[2.142s] writing manifest file '../../build/trover_communication/trover_communication.egg-info/SOURCES.txt'
[2.143s] running build
[2.143s] running build_py
[2.150s] running install
[2.151s] running install_lib
[2.155s] running install_data
[2.161s] running install_egg_info
[2.167s] removing '/home/elizabeth/MREN203_Trover/install/trover_communication/lib/python3.10/site-packages/trover_communication-0.0.0-py3.10.egg-info' (and everything under it)
[2.168s] Copying ../../build/trover_communication/trover_communication.egg-info to /home/elizabeth/MREN203_Trover/install/trover_communication/lib/python3.10/site-packages/trover_communication-0.0.0-py3.10.egg-info
[2.179s] running install_scripts
[2.226s] Installing trover_serial_comm script to /home/elizabeth/MREN203_Trover/install/trover_communication/lib/trover_communication
[2.233s] writing list of installed files to '/home/elizabeth/MREN203_Trover/build/trover_communication/install.log'
