[1.367s] Invoking command in '/home/elizabeth/MREN203_Trover/src/trover_communication': PYTHONPATH=/home/elizabeth/MREN203_Trover/build/trover_communication/prefix_override:/usr/lib/python3/dist-packages/colcon_core/task/python/colcon_distutils_commands:/home/elizabeth/MREN203_Trover/install/trover_communication/lib/python3.10/site-packages:${PYTHONPATH} /usr/bin/python3 -W ignore:setup.py install is deprecated -W ignore:easy_install command is deprecated setup.py egg_info --egg-base ../../build/trover_communication build --build-base /home/elizabeth/MREN203_Trover/build/trover_communication/build install --record /home/elizabeth/MREN203_Trover/build/trover_communication/install.log --single-version-externally-managed install_data
[2.174s] running egg_info
[2.178s] writing ../../build/trover_communication/trover_communication.egg-info/PKG-INFO
[2.183s] writing dependency_links to ../../build/trover_communication/trover_communication.egg-info/dependency_links.txt
[2.189s] writing entry points to ../../build/trover_communication/trover_communication.egg-info/entry_points.txt
[2.207s] writing requirements to ../../build/trover_communication/trover_communication.egg-info/requires.txt
[2.208s] writing top-level names to ../../build/trover_communication/trover_communication.egg-info/top_level.txt
[2.216s] reading manifest file '../../build/trover_communication/trover_communication.egg-info/SOURCES.txt'
[2.218s] writing manifest file '../../build/trover_communication/trover_communication.egg-info/SOURCES.txt'
[2.225s] running build
[2.225s] running build_py
[2.227s] running install
[2.227s] running install_lib
[2.242s] running install_data
[2.254s] running install_egg_info
[2.260s] removing '/home/elizabeth/MREN203_Trover/install/trover_communication/lib/python3.10/site-packages/trover_communication-0.0.0-py3.10.egg-info' (and everything under it)
[2.261s] Copying ../../build/trover_communication/trover_communication.egg-info to /home/elizabeth/MREN203_Trover/install/trover_communication/lib/python3.10/site-packages/trover_communication-0.0.0-py3.10.egg-info
[2.269s] running install_scripts
[2.421s] Installing trover_serial_comm script to /home/elizabeth/MREN203_Trover/install/trover_communication/lib/trover_communication
[2.424s] writing list of installed files to '/home/elizabeth/MREN203_Trover/build/trover_communication/install.log'
[2.654s] Invoked command in '/home/elizabeth/MREN203_Trover/src/trover_communication' returned '0': PYTHONPATH=/home/elizabeth/MREN203_Trover/build/trover_communication/prefix_override:/usr/lib/python3/dist-packages/colcon_core/task/python/colcon_distutils_commands:/home/elizabeth/MREN203_Trover/install/trover_communication/lib/python3.10/site-packages:${PYTHONPATH} /usr/bin/python3 -W ignore:setup.py install is deprecated -W ignore:easy_install command is deprecated setup.py egg_info --egg-base ../../build/trover_communication build --build-base /home/elizabeth/MREN203_Trover/build/trover_communication/build install --record /home/elizabeth/MREN203_Trover/build/trover_communication/install.log --single-version-externally-managed install_data
