[1.271s] Invoking command in '/home/elizabeth/MREN203_Trover/src/trover_navigation': PYTHONPATH=/home/elizabeth/MREN203_Trover/build/trover_navigation/prefix_override:/usr/lib/python3/dist-packages/colcon_core/task/python/colcon_distutils_commands:/home/elizabeth/MREN203_Trover/install/trover_navigation/lib/python3.10/site-packages:${PYTHONPATH} /usr/bin/python3 -W ignore:setup.py install is deprecated -W ignore:easy_install command is deprecated setup.py egg_info --egg-base ../../build/trover_navigation build --build-base /home/elizabeth/MREN203_Trover/build/trover_navigation/build install --record /home/elizabeth/MREN203_Trover/build/trover_navigation/install.log --single-version-externally-managed install_data
[2.092s] running egg_info
[2.095s] creating ../../build/trover_navigation/trover_navigation.egg-info
[2.095s] writing ../../build/trover_navigation/trover_navigation.egg-info/PKG-INFO
[2.101s] writing dependency_links to ../../build/trover_navigation/trover_navigation.egg-info/dependency_links.txt
[2.101s] writing entry points to ../../build/trover_navigation/trover_navigation.egg-info/entry_points.txt
[2.103s] writing requirements to ../../build/trover_navigation/trover_navigation.egg-info/requires.txt
[2.104s] writing top-level names to ../../build/trover_navigation/trover_navigation.egg-info/top_level.txt
[2.105s] writing manifest file '../../build/trover_navigation/trover_navigation.egg-info/SOURCES.txt'
[2.116s] reading manifest file '../../build/trover_navigation/trover_navigation.egg-info/SOURCES.txt'
[2.116s] writing manifest file '../../build/trover_navigation/trover_navigation.egg-info/SOURCES.txt'
[2.116s] running build
[2.116s] running build_py
[2.117s] creating /home/elizabeth/MREN203_Trover/build/trover_navigation/build
[2.120s] creating /home/elizabeth/MREN203_Trover/build/trover_navigation/build/lib
[2.120s] creating /home/elizabeth/MREN203_Trover/build/trover_navigation/build/lib/trover_navigation
[2.120s] copying trover_navigation/nav2_action_proxy.py -> /home/elizabeth/MREN203_Trover/build/trover_navigation/build/lib/trover_navigation
[2.127s] copying trover_navigation/__init__.py -> /home/elizabeth/MREN203_Trover/build/trover_navigation/build/lib/trover_navigation
[2.127s] running install
[2.131s] running install_lib
[2.147s] creating /home/elizabeth/MREN203_Trover/install/trover_navigation/lib/python3.10/site-packages/trover_navigation
[2.149s] copying /home/elizabeth/MREN203_Trover/build/trover_navigation/build/lib/trover_navigation/nav2_action_proxy.py -> /home/elizabeth/MREN203_Trover/install/trover_navigation/lib/python3.10/site-packages/trover_navigation
[2.152s] copying /home/elizabeth/MREN203_Trover/build/trover_navigation/build/lib/trover_navigation/__init__.py -> /home/elizabeth/MREN203_Trover/install/trover_navigation/lib/python3.10/site-packages/trover_navigation
[2.152s] byte-compiling /home/elizabeth/MREN203_Trover/install/trover_navigation/lib/python3.10/site-packages/trover_navigation/nav2_action_proxy.py to nav2_action_proxy.cpython-310.pyc
[2.158s] byte-compiling /home/elizabeth/MREN203_Trover/install/trover_navigation/lib/python3.10/site-packages/trover_navigation/__init__.py to __init__.cpython-310.pyc
[2.165s] running install_data
[2.166s] creating /home/elizabeth/MREN203_Trover/install/trover_navigation/share/ament_index
[2.166s] creating /home/elizabeth/MREN203_Trover/install/trover_navigation/share/ament_index/resource_index
[2.166s] creating /home/elizabeth/MREN203_Trover/install/trover_navigation/share/ament_index/resource_index/packages
[2.168s] copying resource/trover_navigation -> /home/elizabeth/MREN203_Trover/install/trover_navigation/share/ament_index/resource_index/packages
[2.169s] copying package.xml -> /home/elizabeth/MREN203_Trover/install/trover_navigation/share/trover_navigation
[2.169s] creating /home/elizabeth/MREN203_Trover/install/trover_navigation/share/trover_navigation/launch
[2.169s] copying launch/navigation.launch.py -> /home/elizabeth/MREN203_Trover/install/trover_navigation/share/trover_navigation/launch
[2.173s] creating /home/elizabeth/MREN203_Trover/install/trover_navigation/share/trover_navigation/config
[2.183s] copying config/behavior_server.yaml -> /home/elizabeth/MREN203_Trover/install/trover_navigation/share/trover_navigation/config
[2.184s] copying config/controller_server.yaml -> /home/elizabeth/MREN203_Trover/install/trover_navigation/share/trover_navigation/config
[2.184s] copying config/planner_server.yaml -> /home/elizabeth/MREN203_Trover/install/trover_navigation/share/trover_navigation/config
[2.184s] copying config/bt_navigator.yaml -> /home/elizabeth/MREN203_Trover/install/trover_navigation/share/trover_navigation/config
[2.184s] copying config/smoother_server.yaml -> /home/elizabeth/MREN203_Trover/install/trover_navigation/share/trover_navigation/config
[2.190s] creating /home/elizabeth/MREN203_Trover/install/trover_navigation/share/trover_navigation/behavior_tree
[2.192s] copying behavior_tree/simple_navigation.xml -> /home/elizabeth/MREN203_Trover/install/trover_navigation/share/trover_navigation/behavior_tree
[2.196s] running install_egg_info
[2.206s] Copying ../../build/trover_navigation/trover_navigation.egg-info to /home/elizabeth/MREN203_Trover/install/trover_navigation/lib/python3.10/site-packages/trover_navigation-0.0.0-py3.10.egg-info
[2.210s] running install_scripts
[2.314s] writing list of installed files to '/home/elizabeth/MREN203_Trover/build/trover_navigation/install.log'
[2.405s] Invoked command in '/home/elizabeth/MREN203_Trover/src/trover_navigation' returned '0': PYTHONPATH=/home/elizabeth/MREN203_Trover/build/trover_navigation/prefix_override:/usr/lib/python3/dist-packages/colcon_core/task/python/colcon_distutils_commands:/home/elizabeth/MREN203_Trover/install/trover_navigation/lib/python3.10/site-packages:${PYTHONPATH} /usr/bin/python3 -W ignore:setup.py install is deprecated -W ignore:easy_install command is deprecated setup.py egg_info --egg-base ../../build/trover_navigation build --build-base /home/elizabeth/MREN203_Trover/build/trover_navigation/build install --record /home/elizabeth/MREN203_Trover/build/trover_navigation/install.log --single-version-externally-managed install_data
