[0.064s] Invoking command in '/home/elizabeth/MREN203_Trover/build/trover_bringup': AMENT_PREFIX_PATH=/home/elizabeth/MREN203_Trover/install/trover_state_estimation:/home/elizabeth/MREN203_Trover/install/trover_slam:/home/elizabeth/MREN203_Trover/install/trover_navigation:/home/elizabeth/MREN203_Trover/install/trover_description:${AMENT_PREFIX_PATH} CMAKE_PREFIX_PATH=/home/elizabeth/MREN203_Trover/install/trover_description:/opt/ros/humble PYTHONPATH=/home/elizabeth/MREN203_Trover/install/trover_state_estimation/lib/python3.10/site-packages:/home/elizabeth/MREN203_Trover/install/trover_slam/lib/python3.10/site-packages:/home/elizabeth/MREN203_Trover/install/trover_navigation/lib/python3.10/site-packages:${PYTHONPATH} /usr/bin/cmake --build /home/elizabeth/MREN203_Trover/build/trover_bringup -- -j2 -l2
[0.196s] Invoked command in '/home/elizabeth/MREN203_Trover/build/trover_bringup' returned '0': AMENT_PREFIX_PATH=/home/elizabeth/MREN203_Trover/install/trover_state_estimation:/home/elizabeth/MREN203_Trover/install/trover_slam:/home/elizabeth/MREN203_Trover/install/trover_navigation:/home/elizabeth/MREN203_Trover/install/trover_description:${AMENT_PREFIX_PATH} CMAKE_PREFIX_PATH=/home/elizabeth/MREN203_Trover/install/trover_description:/opt/ros/humble PYTHONPATH=/home/elizabeth/MREN203_Trover/install/trover_state_estimation/lib/python3.10/site-packages:/home/elizabeth/MREN203_Trover/install/trover_slam/lib/python3.10/site-packages:/home/elizabeth/MREN203_Trover/install/trover_navigation/lib/python3.10/site-packages:${PYTHONPATH} /usr/bin/cmake --build /home/elizabeth/MREN203_Trover/build/trover_bringup -- -j2 -l2
[0.208s] Invoking command in '/home/elizabeth/MREN203_Trover/build/trover_bringup': AMENT_PREFIX_PATH=/home/elizabeth/MREN203_Trover/install/trover_state_estimation:/home/elizabeth/MREN203_Trover/install/trover_slam:/home/elizabeth/MREN203_Trover/install/trover_navigation:/home/elizabeth/MREN203_Trover/install/trover_description:${AMENT_PREFIX_PATH} CMAKE_PREFIX_PATH=/home/elizabeth/MREN203_Trover/install/trover_description:/opt/ros/humble PYTHONPATH=/home/elizabeth/MREN203_Trover/install/trover_state_estimation/lib/python3.10/site-packages:/home/elizabeth/MREN203_Trover/install/trover_slam/lib/python3.10/site-packages:/home/elizabeth/MREN203_Trover/install/trover_navigation/lib/python3.10/site-packages:${PYTHONPATH} /usr/bin/cmake --install /home/elizabeth/MREN203_Trover/build/trover_bringup
[0.230s] -- Install configuration: ""
[0.234s] -- Up-to-date: /home/elizabeth/MREN203_Trover/install/trover_bringup/share/trover_bringup//launch
[0.238s] -- Up-to-date: /home/elizabeth/MREN203_Trover/install/trover_bringup/share/trover_bringup//launch/simulated_robot.launch.py
[0.239s] -- Up-to-date: /home/elizabeth/MREN203_Trover/install/trover_bringup/share/trover_bringup//launch/no_gazebo.launch.py
[0.239s] -- Up-to-date: /home/elizabeth/MREN203_Trover/install/trover_bringup/share/trover_bringup//launch/real_robot.launch.py
[0.255s] -- Up-to-date: /home/elizabeth/MREN203_Trover/install/trover_bringup/share/ament_index/resource_index/package_run_dependencies/trover_bringup
[0.261s] -- Up-to-date: /home/elizabeth/MREN203_Trover/install/trover_bringup/share/ament_index/resource_index/parent_prefix_path/trover_bringup
[0.261s] -- Up-to-date: /home/elizabeth/MREN203_Trover/install/trover_bringup/share/trover_bringup/environment/ament_prefix_path.sh
[0.261s] -- Up-to-date: /home/elizabeth/MREN203_Trover/install/trover_bringup/share/trover_bringup/environment/ament_prefix_path.dsv
[0.261s] -- Up-to-date: /home/elizabeth/MREN203_Trover/install/trover_bringup/share/trover_bringup/environment/path.sh
[0.261s] -- Up-to-date: /home/elizabeth/MREN203_Trover/install/trover_bringup/share/trover_bringup/environment/path.dsv
[0.261s] -- Up-to-date: /home/elizabeth/MREN203_Trover/install/trover_bringup/share/trover_bringup/local_setup.bash
[0.261s] -- Up-to-date: /home/elizabeth/MREN203_Trover/install/trover_bringup/share/trover_bringup/local_setup.sh
[0.261s] -- Up-to-date: /home/elizabeth/MREN203_Trover/install/trover_bringup/share/trover_bringup/local_setup.zsh
[0.262s] -- Up-to-date: /home/elizabeth/MREN203_Trover/install/trover_bringup/share/trover_bringup/local_setup.dsv
[0.262s] -- Installing: /home/elizabeth/MREN203_Trover/install/trover_bringup/share/trover_bringup/package.dsv
[0.265s] -- Up-to-date: /home/elizabeth/MREN203_Trover/install/trover_bringup/share/ament_index/resource_index/packages/trover_bringup
[0.268s] -- Up-to-date: /home/elizabeth/MREN203_Trover/install/trover_bringup/share/trover_bringup/cmake/trover_bringupConfig.cmake
[0.269s] -- Up-to-date: /home/elizabeth/MREN203_Trover/install/trover_bringup/share/trover_bringup/cmake/trover_bringupConfig-version.cmake
[0.269s] -- Up-to-date: /home/elizabeth/MREN203_Trover/install/trover_bringup/share/trover_bringup/package.xml
[0.279s] Invoked command in '/home/elizabeth/MREN203_Trover/build/trover_bringup' returned '0': AMENT_PREFIX_PATH=/home/elizabeth/MREN203_Trover/install/trover_state_estimation:/home/elizabeth/MREN203_Trover/install/trover_slam:/home/elizabeth/MREN203_Trover/install/trover_navigation:/home/elizabeth/MREN203_Trover/install/trover_description:${AMENT_PREFIX_PATH} CMAKE_PREFIX_PATH=/home/elizabeth/MREN203_Trover/install/trover_description:/opt/ros/humble PYTHONPATH=/home/elizabeth/MREN203_Trover/install/trover_state_estimation/lib/python3.10/site-packages:/home/elizabeth/MREN203_Trover/install/trover_slam/lib/python3.10/site-packages:/home/elizabeth/MREN203_Trover/install/trover_navigation/lib/python3.10/site-packages:${PYTHONPATH} /usr/bin/cmake --install /home/elizabeth/MREN203_Trover/build/trover_bringup
