[0.038s] Invoking command in '/home/elizabeth/MREN203_Trover/build/trover_drivers': CMAKE_PREFIX_PATH=/opt/ros/humble /usr/bin/cmake /home/elizabeth/MREN203_Trover/src/trover_drivers -DCMAKE_INSTALL_PREFIX=/home/elizabeth/MREN203_Trover/install/trover_drivers
[0.343s] -- The C compiler identification is GNU 11.4.0
[0.676s] -- The CXX compiler identification is GNU 11.4.0
[0.677s] -- Detecting C compiler ABI info
[1.119s] -- Detecting C compiler ABI info - done
[1.132s] -- Check for working C compiler: /usr/bin/cc - skipped
[1.133s] -- Detecting C compile features
[1.135s] -- Detecting C compile features - done
[1.193s] -- Detecting CXX compiler ABI info
[1.539s] -- Detecting CXX compiler ABI info - done
[1.577s] -- Check for working CXX compiler: /usr/bin/c++ - skipped
[1.577s] -- Detecting CXX compile features
[1.577s] -- Detecting CXX compile features - done
[1.680s] -- Found ament_cmake: 1.3.13 (/opt/ros/humble/share/ament_cmake/cmake)
[2.146s] -- Found Python3: /usr/bin/python3 (found version "3.10.12") found components: Interpreter 
[2.399s] -- Found ament_lint_auto: 0.12.15 (/opt/ros/humble/share/ament_lint_auto/cmake)
[2.742s] -- Added test 'lint_cmake' to check CMake code style
[2.748s] -- Added test 'xmllint' to check XML markup files
[2.752s] -- Configuring done
[2.761s] -- Generating done
[2.770s] -- Build files have been written to: /home/elizabeth/MREN203_Trover/build/trover_drivers
