[1.364s] Invoking command in '/home/elizabeth/MREN203_Trover/src/trover_communication': PYTHONPATH=/home/elizabeth/MREN203_Trover/build/trover_communication/prefix_override:/usr/lib/python3/dist-packages/colcon_core/task/python/colcon_distutils_commands:/home/elizabeth/MREN203_Trover/install/trover_communication/lib/python3.10/site-packages:${PYTHONPATH} /usr/bin/python3 -W ignore:setup.py install is deprecated -W ignore:easy_install command is deprecated setup.py egg_info --egg-base ../../build/trover_communication build --build-base /home/elizabeth/MREN203_Trover/build/trover_communication/build install --record /home/elizabeth/MREN203_Trover/build/trover_communication/install.log --single-version-externally-managed install_data
[1.648s] running egg_info
[1.650s] writing ../../build/trover_communication/trover_communication.egg-info/PKG-INFO
[1.657s] writing dependency_links to ../../build/trover_communication/trover_communication.egg-info/dependency_links.txt
[1.671s] writing entry points to ../../build/trover_communication/trover_communication.egg-info/entry_points.txt
[1.676s] writing requirements to ../../build/trover_communication/trover_communication.egg-info/requires.txt
[1.680s] writing top-level names to ../../build/trover_communication/trover_communication.egg-info/top_level.txt
[1.689s] reading manifest file '../../build/trover_communication/trover_communication.egg-info/SOURCES.txt'
[1.732s] writing manifest file '../../build/trover_communication/trover_communication.egg-info/SOURCES.txt'
[1.732s] running build
[1.733s] running build_py
[1.733s] running install
[1.740s] running install_lib
[1.755s] running install_data
[1.761s] running install_egg_info
[1.763s] removing '/home/elizabeth/MREN203_Trover/install/trover_communication/lib/python3.10/site-packages/trover_communication-0.0.0-py3.10.egg-info' (and everything under it)
[1.766s] Copying ../../build/trover_communication/trover_communication.egg-info to /home/elizabeth/MREN203_Trover/install/trover_communication/lib/python3.10/site-packages/trover_communication-0.0.0-py3.10.egg-info
[1.776s] running install_scripts
[1.810s] Installing trover_serial_comm script to /home/elizabeth/MREN203_Trover/install/trover_communication/lib/trover_communication
[1.816s] writing list of installed files to '/home/elizabeth/MREN203_Trover/build/trover_communication/install.log'
[1.891s] Invoked command in '/home/elizabeth/MREN203_Trover/src/trover_communication' returned '0': PYTHONPATH=/home/elizabeth/MREN203_Trover/build/trover_communication/prefix_override:/usr/lib/python3/dist-packages/colcon_core/task/python/colcon_distutils_commands:/home/elizabeth/MREN203_Trover/install/trover_communication/lib/python3.10/site-packages:${PYTHONPATH} /usr/bin/python3 -W ignore:setup.py install is deprecated -W ignore:easy_install command is deprecated setup.py egg_info --egg-base ../../build/trover_communication build --build-base /home/elizabeth/MREN203_Trover/build/trover_communication/build install --record /home/elizabeth/MREN203_Trover/build/trover_communication/install.log --single-version-externally-managed install_data
