[1.769s] Invoking command in '/home/elizabeth/MREN203_Trover/src/trover_communication': PYTHONPATH=/home/elizabeth/MREN203_Trover/build/trover_communication/prefix_override:/usr/lib/python3/dist-packages/colcon_core/task/python/colcon_distutils_commands:/home/elizabeth/MREN203_Trover/install/trover_communication/lib/python3.10/site-packages:${PYTHONPATH} /usr/bin/python3 -W ignore:setup.py install is deprecated -W ignore:easy_install command is deprecated setup.py egg_info --egg-base ../../build/trover_communication build --build-base /home/elizabeth/MREN203_Trover/build/trover_communication/build install --record /home/elizabeth/MREN203_Trover/build/trover_communication/install.log --single-version-externally-managed install_data
[2.361s] running egg_info
[2.364s] creating ../../build/trover_communication/trover_communication.egg-info
[2.364s] writing ../../build/trover_communication/trover_communication.egg-info/PKG-INFO
[2.365s] writing dependency_links to ../../build/trover_communication/trover_communication.egg-info/dependency_links.txt
[2.365s] writing entry points to ../../build/trover_communication/trover_communication.egg-info/entry_points.txt
[2.366s] writing requirements to ../../build/trover_communication/trover_communication.egg-info/requires.txt
[2.366s] writing top-level names to ../../build/trover_communication/trover_communication.egg-info/top_level.txt
[2.369s] writing manifest file '../../build/trover_communication/trover_communication.egg-info/SOURCES.txt'
[2.369s] reading manifest file '../../build/trover_communication/trover_communication.egg-info/SOURCES.txt'
[2.370s] writing manifest file '../../build/trover_communication/trover_communication.egg-info/SOURCES.txt'
[2.372s] running build
[2.372s] running build_py
[2.373s] creating /home/elizabeth/MREN203_Trover/build/trover_communication/build
[2.374s] creating /home/elizabeth/MREN203_Trover/build/trover_communication/build/lib
[2.374s] creating /home/elizabeth/MREN203_Trover/build/trover_communication/build/lib/trover_communication
[2.375s] copying trover_communication/trover_serial_comm.py -> /home/elizabeth/MREN203_Trover/build/trover_communication/build/lib/trover_communication
[2.376s] copying trover_communication/__init__.py -> /home/elizabeth/MREN203_Trover/build/trover_communication/build/lib/trover_communication
[2.376s] running install
[2.377s] running install_lib
[2.380s] creating /home/elizabeth/MREN203_Trover/install/trover_communication/lib/python3.10/site-packages/trover_communication
[2.382s] copying /home/elizabeth/MREN203_Trover/build/trover_communication/build/lib/trover_communication/trover_serial_comm.py -> /home/elizabeth/MREN203_Trover/install/trover_communication/lib/python3.10/site-packages/trover_communication
[2.383s] copying /home/elizabeth/MREN203_Trover/build/trover_communication/build/lib/trover_communication/__init__.py -> /home/elizabeth/MREN203_Trover/install/trover_communication/lib/python3.10/site-packages/trover_communication
[2.384s] byte-compiling /home/elizabeth/MREN203_Trover/install/trover_communication/lib/python3.10/site-packages/trover_communication/trover_serial_comm.py to trover_serial_comm.cpython-310.pyc
[2.386s] byte-compiling /home/elizabeth/MREN203_Trover/install/trover_communication/lib/python3.10/site-packages/trover_communication/__init__.py to __init__.cpython-310.pyc
[2.387s] running install_data
[2.387s] creating /home/elizabeth/MREN203_Trover/install/trover_communication/share/ament_index
[2.387s] creating /home/elizabeth/MREN203_Trover/install/trover_communication/share/ament_index/resource_index
[2.388s] creating /home/elizabeth/MREN203_Trover/install/trover_communication/share/ament_index/resource_index/packages
[2.388s] copying resource/trover_communication -> /home/elizabeth/MREN203_Trover/install/trover_communication/share/ament_index/resource_index/packages
[2.388s] copying package.xml -> /home/elizabeth/MREN203_Trover/install/trover_communication/share/trover_communication
[2.389s] running install_egg_info
[2.393s] Copying ../../build/trover_communication/trover_communication.egg-info to /home/elizabeth/MREN203_Trover/install/trover_communication/lib/python3.10/site-packages/trover_communication-0.0.0-py3.10.egg-info
[2.394s] running install_scripts
[2.458s] Installing trover_serial_comm script to /home/elizabeth/MREN203_Trover/install/trover_communication/lib/trover_communication
[2.477s] writing list of installed files to '/home/elizabeth/MREN203_Trover/build/trover_communication/install.log'
[2.531s] Invoked command in '/home/elizabeth/MREN203_Trover/src/trover_communication' returned '0': PYTHONPATH=/home/elizabeth/MREN203_Trover/build/trover_communication/prefix_override:/usr/lib/python3/dist-packages/colcon_core/task/python/colcon_distutils_commands:/home/elizabeth/MREN203_Trover/install/trover_communication/lib/python3.10/site-packages:${PYTHONPATH} /usr/bin/python3 -W ignore:setup.py install is deprecated -W ignore:easy_install command is deprecated setup.py egg_info --egg-base ../../build/trover_communication build --build-base /home/elizabeth/MREN203_Trover/build/trover_communication/build install --record /home/elizabeth/MREN203_Trover/build/trover_communication/install.log --single-version-externally-managed install_data
