[4.200s] Invoking command in '/home/elizabeth/MREN203_Trover/src/trover_navigation': PYTHONPATH=/home/elizabeth/MREN203_Trover/build/trover_navigation/prefix_override:/usr/lib/python3/dist-packages/colcon_core/task/python/colcon_distutils_commands:/home/elizabeth/MREN203_Trover/install/trover_navigation/lib/python3.10/site-packages:${PYTHONPATH} /usr/bin/python3 -W ignore:setup.py install is deprecated -W ignore:easy_install command is deprecated setup.py egg_info --egg-base ../../build/trover_navigation build --build-base /home/elizabeth/MREN203_Trover/build/trover_navigation/build install --record /home/elizabeth/MREN203_Trover/build/trover_navigation/install.log --single-version-externally-managed install_data
[4.920s] running egg_info
[4.945s] writing ../../build/trover_navigation/trover_navigation.egg-info/PKG-INFO
[4.945s] writing dependency_links to ../../build/trover_navigation/trover_navigation.egg-info/dependency_links.txt
[4.945s] writing entry points to ../../build/trover_navigation/trover_navigation.egg-info/entry_points.txt
[4.945s] writing requirements to ../../build/trover_navigation/trover_navigation.egg-info/requires.txt
[4.945s] writing top-level names to ../../build/trover_navigation/trover_navigation.egg-info/top_level.txt
[5.000s] reading manifest file '../../build/trover_navigation/trover_navigation.egg-info/SOURCES.txt'
[5.037s] writing manifest file '../../build/trover_navigation/trover_navigation.egg-info/SOURCES.txt'
[5.047s] running build
[5.047s] running build_py
[5.047s] running install
[5.058s] running install_lib
[5.090s] running install_data
[5.095s] running install_egg_info
[5.114s] removing '/home/elizabeth/MREN203_Trover/install/trover_navigation/lib/python3.10/site-packages/trover_navigation-0.0.0-py3.10.egg-info' (and everything under it)
[5.116s] Copying ../../build/trover_navigation/trover_navigation.egg-info to /home/elizabeth/MREN203_Trover/install/trover_navigation/lib/python3.10/site-packages/trover_navigation-0.0.0-py3.10.egg-info
[5.155s] running install_scripts
[5.215s] writing list of installed files to '/home/elizabeth/MREN203_Trover/build/trover_navigation/install.log'
[5.309s] Invoked command in '/home/elizabeth/MREN203_Trover/src/trover_navigation' returned '0': PYTHONPATH=/home/elizabeth/MREN203_Trover/build/trover_navigation/prefix_override:/usr/lib/python3/dist-packages/colcon_core/task/python/colcon_distutils_commands:/home/elizabeth/MREN203_Trover/install/trover_navigation/lib/python3.10/site-packages:${PYTHONPATH} /usr/bin/python3 -W ignore:setup.py install is deprecated -W ignore:easy_install command is deprecated setup.py egg_info --egg-base ../../build/trover_navigation build --build-base /home/elizabeth/MREN203_Trover/build/trover_navigation/build install --record /home/elizabeth/MREN203_Trover/build/trover_navigation/install.log --single-version-externally-managed install_data
