[1.367s] Invoking command in '/home/elizabeth/MREN203_Trover/src/trover_slam': PYTHONPATH=/home/elizabeth/MREN203_Trover/build/trover_slam/prefix_override:/usr/lib/python3/dist-packages/colcon_core/task/python/colcon_distutils_commands:/home/elizabeth/MREN203_Trover/install/trover_slam/lib/python3.10/site-packages:${PYTHONPATH} /usr/bin/python3 -W ignore:setup.py install is deprecated -W ignore:easy_install command is deprecated setup.py egg_info --egg-base ../../build/trover_slam build --build-base /home/elizabeth/MREN203_Trover/build/trover_slam/build install --record /home/elizabeth/MREN203_Trover/build/trover_slam/install.log --single-version-externally-managed install_data
[1.779s] running egg_info
[1.781s] writing ../../build/trover_slam/trover_slam.egg-info/PKG-INFO
[1.793s] writing dependency_links to ../../build/trover_slam/trover_slam.egg-info/dependency_links.txt
[1.793s] writing entry points to ../../build/trover_slam/trover_slam.egg-info/entry_points.txt
[1.793s] writing requirements to ../../build/trover_slam/trover_slam.egg-info/requires.txt
[1.798s] writing top-level names to ../../build/trover_slam/trover_slam.egg-info/top_level.txt
[1.802s] reading manifest file '../../build/trover_slam/trover_slam.egg-info/SOURCES.txt'
[1.810s] writing manifest file '../../build/trover_slam/trover_slam.egg-info/SOURCES.txt'
[1.811s] running build
[1.811s] running build_py
[1.819s] running install
[1.819s] running install_lib
[1.826s] running install_data
[1.834s] running install_egg_info
[1.837s] removing '/home/elizabeth/MREN203_Trover/install/trover_slam/lib/python3.10/site-packages/trover_slam-0.0.0-py3.10.egg-info' (and everything under it)
[1.838s] Copying ../../build/trover_slam/trover_slam.egg-info to /home/elizabeth/MREN203_Trover/install/trover_slam/lib/python3.10/site-packages/trover_slam-0.0.0-py3.10.egg-info
[1.841s] running install_scripts
[1.870s] writing list of installed files to '/home/elizabeth/MREN203_Trover/build/trover_slam/install.log'
[1.943s] Invoked command in '/home/elizabeth/MREN203_Trover/src/trover_slam' returned '0': PYTHONPATH=/home/elizabeth/MREN203_Trover/build/trover_slam/prefix_override:/usr/lib/python3/dist-packages/colcon_core/task/python/colcon_distutils_commands:/home/elizabeth/MREN203_Trover/install/trover_slam/lib/python3.10/site-packages:${PYTHONPATH} /usr/bin/python3 -W ignore:setup.py install is deprecated -W ignore:easy_install command is deprecated setup.py egg_info --egg-base ../../build/trover_slam build --build-base /home/elizabeth/MREN203_Trover/build/trover_slam/build install --record /home/elizabeth/MREN203_Trover/build/trover_slam/install.log --single-version-externally-managed install_data
