[2.063s] Invoking command in '/home/elizabeth/MREN203_Trover/src/trover_communication': PYTHONPATH=/home/elizabeth/MREN203_Trover/build/trover_communication/prefix_override:/usr/lib/python3/dist-packages/colcon_core/task/python/colcon_distutils_commands:/home/elizabeth/MREN203_Trover/install/trover_communication/lib/python3.10/site-packages:${PYTHONPATH} /usr/bin/python3 -W ignore:setup.py install is deprecated -W ignore:easy_install command is deprecated setup.py egg_info --egg-base ../../build/trover_communication build --build-base /home/elizabeth/MREN203_Trover/build/trover_communication/build install --record /home/elizabeth/MREN203_Trover/build/trover_communication/install.log --single-version-externally-managed install_data
[3.028s] running egg_info
[3.054s] writing ../../build/trover_communication/trover_communication.egg-info/PKG-INFO
[3.056s] writing dependency_links to ../../build/trover_communication/trover_communication.egg-info/dependency_links.txt
[3.056s] writing entry points to ../../build/trover_communication/trover_communication.egg-info/entry_points.txt
[3.056s] writing requirements to ../../build/trover_communication/trover_communication.egg-info/requires.txt
[3.057s] writing top-level names to ../../build/trover_communication/trover_communication.egg-info/top_level.txt
[3.068s] reading manifest file '../../build/trover_communication/trover_communication.egg-info/SOURCES.txt'
[3.070s] writing manifest file '../../build/trover_communication/trover_communication.egg-info/SOURCES.txt'
[3.070s] running build
[3.074s] running build_py
[3.074s] running install
[3.075s] running install_lib
[3.089s] running install_data
[3.090s] running install_egg_info
[3.099s] removing '/home/elizabeth/MREN203_Trover/install/trover_communication/lib/python3.10/site-packages/trover_communication-0.0.0-py3.10.egg-info' (and everything under it)
[3.099s] Copying ../../build/trover_communication/trover_communication.egg-info to /home/elizabeth/MREN203_Trover/install/trover_communication/lib/python3.10/site-packages/trover_communication-0.0.0-py3.10.egg-info
[3.105s] running install_scripts
[3.192s] Installing trover_serial_comm script to /home/elizabeth/MREN203_Trover/install/trover_communication/lib/trover_communication
[3.194s] writing list of installed files to '/home/elizabeth/MREN203_Trover/build/trover_communication/install.log'
[3.299s] Invoked command in '/home/elizabeth/MREN203_Trover/src/trover_communication' returned '0': PYTHONPATH=/home/elizabeth/MREN203_Trover/build/trover_communication/prefix_override:/usr/lib/python3/dist-packages/colcon_core/task/python/colcon_distutils_commands:/home/elizabeth/MREN203_Trover/install/trover_communication/lib/python3.10/site-packages:${PYTHONPATH} /usr/bin/python3 -W ignore:setup.py install is deprecated -W ignore:easy_install command is deprecated setup.py egg_info --egg-base ../../build/trover_communication build --build-base /home/elizabeth/MREN203_Trover/build/trover_communication/build install --record /home/elizabeth/MREN203_Trover/build/trover_communication/install.log --single-version-externally-managed install_data
